03-07 18:28:45.853925   702  1724 W GraphicBufferSource: released unpopulated slots: [1, 2, 3, 4, 5, 6, 7, 8, 9, 10, 11, 12, 13, 14, 15, 16, 17, 18, 19, 20, 21, 22, 23, 24, 25, 26, 27, 28, 29, 30, 31, 32, 33, 34, 35, 36, 37, 38, 39, 40, 41, 42, 43, 44, 45, 46, 47, 48, 49, 50, 51, 52, 53, 54, 55, 56, 57, 58, 59, 60, 61, 62, 63]
03-07 18:28:45.854082   702   847 E media.codec: TWGraphicBufferProducer::detachNextBuffer - Invalid output buffer
03-07 18:28:45.878645  2784  3629 I SurfaceView: 91928240 Locking canvas... stopped=false, surfaceControl=Surface(name=SurfaceView - )/@0xfcae462
03-07 18:28:45.878911  2784  3629 I SurfaceView: 91928240 Returned canvas: android.view.Surface$CompatibleCanvas@5099929
03-07 18:28:45.888819   702  1724 W GraphicBufferSource: released unpopulated slots: [1, 2, 3, 4, 5, 6, 7, 8, 9, 10, 11, 12, 13, 14, 15, 16, 17, 18, 19, 20, 21, 22, 23, 24, 25, 26, 27, 28, 29, 30, 31, 32, 33, 34, 35, 36, 37, 38, 39, 40, 41, 42, 43, 44, 45, 46, 47, 48, 49, 50, 51, 52, 53, 54, 55, 56, 57, 58, 59, 60, 61, 62, 63]
03-07 18:28:45.888980   702  1724 E media.codec: TWGraphicBufferProducer::detachNextBuffer - Invalid output buffer
03-07 18:28:45.901416  1156  1270 E WifiVendorHal: getWifiLinkLayerStats(l.937) failed {.code = ERROR_NOT_AVAILABLE, .description = }
03-07 18:28:45.920022   702  1724 W GraphicBufferSource: released unpopulated slots: [1, 2, 3, 4, 5, 6, 7, 8, 9, 10, 11, 12, 13, 14, 15, 16, 17, 18, 19, 20, 21, 22, 23, 24, 25, 26, 27, 28, 29, 30, 31, 32, 33, 34, 35, 36, 37, 38, 39, 40, 41, 42, 43, 44, 45, 46, 47, 48, 49, 50, 51, 52, 53, 54, 55, 56, 57, 58, 59, 60, 61, 62, 63]
03-07 18:28:45.920186   702  1724 E media.codec: TWGraphicBufferProducer::detachNextBuffer - Invalid output buffer
03-07 18:28:45.927296  2891  2891 I CAR.VENDOR.AVM: onChange:newValue = CarPropertyValue{mPropertyId=0x21400470, mAreaId=0x0, mStatus=0, mTimestamp=1133110960190, mValue=0}
03-07 18:28:45.927378  1579  1579 I CAR.VENDOR.AVM: onChange:newValue = CarPropertyValue{mPropertyId=0x21400470, mAreaId=0x0, mStatus=0, mTimestamp=1133110960190, mValue=0}
03-07 18:28:45.930434  2784  3629 I SurfaceView: 91928240 Locking canvas... stopped=false, surfaceControl=Surface(name=SurfaceView - )/@0xfcae462
03-07 18:28:45.930628  2784  3629 I SurfaceView: 91928240 Returned canvas: android.view.Surface$CompatibleCanvas@5099929
03-07 18:28:45.982668  2784  3629 I SurfaceView: 91928240 Locking canvas... stopped=false, surfaceControl=Surface(name=SurfaceView - )/@0xfcae462
03-07 18:28:45.982890  2784  3629 I SurfaceView: 91928240 Returned canvas: android.view.Surface$CompatibleCanvas@5099929
03-07 18:28:45.988166   702  1724 W GraphicBufferSource: released unpopulated slots: [1, 2, 3, 4, 5, 6, 7, 8, 9, 10, 11, 12, 13, 14, 15, 16, 17, 18, 19, 20, 21, 22, 23, 24, 25, 26, 27, 28, 29, 30, 31, 32, 33, 34, 35, 36, 37, 38, 39, 40, 41, 42, 43, 44, 45, 46, 47, 48, 49, 50, 51, 52, 53, 54, 55, 56, 57, 58, 59, 60, 61, 62, 63]
03-07 18:28:45.988318   702  1724 E media.codec: TWGraphicBufferProducer::detachNextBuffer - Invalid output buffer
03-07 18:28:45.991532  1907  1907 I MXNavi-onNmeaMessage GPGGA = : s = $GPGGA,,,,,,0,,,,,,,,*66\r
03-07 18:28:45.991563  1907  1907 I MXNavi-onNmeaMessage GPRMC = : s = $GPRMC,,V,,,,,,,,,,N*53
03-07 18:28:45.993689  1057  1082 E u-blox  : ublox::CGnssMeasurementExtension::navMeasurementUpdate: GnssMeasurementExtension callback is not initialized
03-07 18:28:46.020292   702  1724 W GraphicBufferSource: released unpopulated slots: [1, 2, 3, 4, 5, 6, 7, 8, 9, 10, 11, 12, 13, 14, 15, 16, 17, 18, 19, 20, 21, 22, 23, 24, 25, 26, 27, 28, 29, 30, 31, 32, 33, 34, 35, 36, 37, 38, 39, 40, 41, 42, 43, 44, 45, 46, 47, 48, 49, 50, 51, 52, 53, 54, 55, 56, 57, 58, 59, 60, 61, 62, 63]
03-07 18:28:46.020453   702  1724 E media.codec: TWGraphicBufferProducer::detachNextBuffer - Invalid output buffer
03-07 18:28:46.034456  2784  3629 I SurfaceView: 91928240 Locking canvas... stopped=false, surfaceControl=Surface(name=SurfaceView - )/@0xfcae462
03-07 18:28:46.034682  2784  3629 I SurfaceView: 91928240 Returned canvas: android.view.Surface$CompatibleCanvas@5099929
03-07 18:28:46.038109  2891  2891 I CAR.VENDOR.AVM: onChange:newValue = CarPropertyValue{mPropertyId=0x21400470, mAreaId=0x0, mStatus=0, mTimestamp=1133221390763, mValue=0}
03-07 18:28:46.039014  1579  1579 I CAR.VENDOR.AVM: onChange:newValue = CarPropertyValue{mPropertyId=0x21400470, mAreaId=0x0, mStatus=0, mTimestamp=1133221390763, mValue=0}
03-07 18:28:46.057189   702  1724 W GraphicBufferSource: released unpopulated slots: [1, 2, 3, 4, 5, 6, 7, 8, 9, 10, 11, 12, 13, 14, 15, 16, 17, 18, 19, 20, 21, 22, 23, 24, 25, 26, 27, 28, 29, 30, 31, 32, 33, 34, 35, 36, 37, 38, 39, 40, 41, 42, 43, 44, 45, 46, 47, 48, 49, 50, 51, 52, 53, 54, 55, 56, 57, 58, 59, 60, 61, 62, 63]
03-07 18:28:46.057380   702  1724 E media.codec: TWGraphicBufferProducer::detachNextBuffer - Invalid output buffer
03-07 18:28:46.084782   509  3591 E OTA_TBOX_PROT: socket: 8, ip:192.168.225.1, port:8899,  connect tbox server fails, error: Connection timed out
03-07 18:28:46.086722  2784  3629 I SurfaceView: 91928240 Locking canvas... stopped=false, surfaceControl=Surface(name=SurfaceView - )/@0xfcae462
03-07 18:28:46.086906  2784  3629 I SurfaceView: 91928240 Returned canvas: android.view.Surface$CompatibleCanvas@5099929
03-07 18:28:46.090366   702  1724 W GraphicBufferSource: released unpopulated slots: [1, 2, 3, 4, 5, 6, 7, 8, 9, 10, 11, 12, 13, 14, 15, 16, 17, 18, 19, 20, 21, 22, 23, 24, 25, 26, 27, 28, 29, 30, 31, 32, 33, 34, 35, 36, 37, 38, 39, 40, 41, 42, 43, 44, 45, 46, 47, 48, 49, 50, 51, 52, 53, 54, 55, 56, 57, 58, 59, 60, 61, 62, 63]
03-07 18:28:46.090524   702  1724 E media.codec: TWGraphicBufferProducer::detachNextBuffer - Invalid output buffer
03-07 18:28:46.138431  2784  3629 I SurfaceView: 91928240 Locking canvas... stopped=false, surfaceControl=Surface(name=SurfaceView - )/@0xfcae462
03-07 18:28:46.138639  2784  3629 I SurfaceView: 91928240 Returned canvas: android.view.Surface$CompatibleCanvas@5099929
03-07 18:28:46.152225  2891  2891 I CAR.VENDOR.AVM: onChange:newValue = CarPropertyValue{mPropertyId=0x21400470, mAreaId=0x0, mStatus=0, mTimestamp=1133336780190, mValue=0}
03-07 18:28:46.152374  1579  1579 I CAR.VENDOR.AVM: onChange:newValue = CarPropertyValue{mPropertyId=0x21400470, mAreaId=0x0, mStatus=0, mTimestamp=1133336780190, mValue=0}
03-07 18:28:46.158198  1350  1364 E Property.service: getProperty: propId is not in config list:0x21600202
03-07 18:28:46.156820   702  1724 W GraphicBufferSource: released unpopulated slots: [1, 2, 3, 4, 5, 6, 7, 8, 9, 10, 11, 12, 13, 14, 15, 16, 17, 18, 19, 20, 21, 22, 23, 24, 25, 26, 27, 28, 29, 30, 31, 32, 33, 34, 35, 36, 37, 38, 39, 40, 41, 42, 43, 44, 45, 46, 47, 48, 49, 50, 51, 52, 53, 54, 55, 56, 57, 58, 59, 60, 61, 62, 63]
03-07 18:28:46.159861   702  1724 E media.codec: TWGraphicBufferProducer::detachNextBuffer - Invalid output buffer
03-07 18:28:46.187540   702  1724 W GraphicBufferSource: released unpopulated slots: [1, 2, 3, 4, 5, 6, 7, 8, 9, 10, 11, 12, 13, 14, 15, 16, 17, 18, 19, 20, 21, 22, 23, 24, 25, 26, 27, 28, 29, 30, 31, 32, 33, 34, 35, 36, 37, 38, 39, 40, 41, 42, 43, 44, 45, 46, 47, 48, 49, 50, 51, 52, 53, 54, 55, 56, 57, 58, 59, 60, 61, 62, 63]
03-07 18:28:46.187857   702  1724 E media.codec: TWGraphicBufferProducer::detachNextBuffer - Invalid output buffer
03-07 18:28:46.189564  2784  3629 I SurfaceView: 91928240 Locking canvas... stopped=false, surfaceControl=Surface(name=SurfaceView - )/@0xfcae462
03-07 18:28:46.189765  2784  3629 I SurfaceView: 91928240 Returned canvas: android.view.Surface$CompatibleCanvas@5099929
03-07 18:28:46.223029   702  1724 W GraphicBufferSource: released unpopulated slots: [1, 2, 3, 4, 5, 6, 7, 8, 9, 10, 11, 12, 13, 14, 15, 16, 17, 18, 19, 20, 21, 22, 23, 24, 25, 26, 27, 28, 29, 30, 31, 32, 33, 34, 35, 36, 37, 38, 39, 40, 41, 42, 43, 44, 45, 46, 47, 48, 49, 50, 51, 52, 53, 54, 55, 56, 57, 58, 59, 60, 61, 62, 63]
03-07 18:28:46.223341   702  1724 E media.codec: TWGraphicBufferProducer::detachNextBuffer - Invalid output buffer
03-07 18:28:46.241584  2784  3629 I SurfaceView: 91928240 Locking canvas... stopped=false, surfaceControl=Surface(name=SurfaceView - )/@0xfcae462
03-07 18:28:46.241800  2784  3629 I SurfaceView: 91928240 Returned canvas: android.view.Surface$CompatibleCanvas@5099929
03-07 18:28:46.257867   702  1724 W GraphicBufferSource: released unpopulated slots: [1, 2, 3, 4, 5, 6, 7, 8, 9, 10, 11, 12, 13, 14, 15, 16, 17, 18, 19, 20, 21, 22, 23, 24, 25, 26, 27, 28, 29, 30, 31, 32, 33, 34, 35, 36, 37, 38, 39, 40, 41, 42, 43, 44, 45, 46, 47, 48, 49, 50, 51, 52, 53, 54, 55, 56, 57, 58, 59, 60, 61, 62, 63]
03-07 18:28:46.258562   702  1724 E media.codec: TWGraphicBufferProducer::detachNextBuffer - Invalid output buffer
03-07 18:28:46.263998  2891  2891 I CAR.VENDOR.AVM: onChange:newValue = CarPropertyValue{mPropertyId=0x21400470, mAreaId=0x0, mStatus=0, mTimestamp=1133447000763, mValue=0}
03-07 18:28:46.264236  1579  1579 I CAR.VENDOR.AVM: onChange:newValue = CarPropertyValue{mPropertyId=0x21400470, mAreaId=0x0, mStatus=0, mTimestamp=1133447000763, mValue=0}
03-07 18:28:46.267268  2507  2507 I BootPresenter: (-$$Lambda$Qut1UVg1Gu75cdlDy9b5jeBJWaU.java:2)bootQuickLogin---->puid = 0
03-07 18:28:46.267811  2507  2507 I BootPresenter: (-$$Lambda$Qut1UVg1Gu75cdlDy9b5jeBJWaU.java:2)bootAutoLogin---->500ms后重试 puid = 0 , faceId = 0 , isNetInited = false
03-07 18:28:46.293465  2784  3629 I SurfaceView: 91928240 Locking canvas... stopped=false, surfaceControl=Surface(name=SurfaceView - )/@0xfcae462
03-07 18:28:46.293701  2784  3629 I SurfaceView: 91928240 Returned canvas: android.view.Surface$CompatibleCanvas@5099929
03-07 18:28:46.326368   702  1724 W GraphicBufferSource: released unpopulated slots: [1, 2, 3, 4, 5, 6, 7, 8, 9, 10, 11, 12, 13, 14, 15, 16, 17, 18, 19, 20, 21, 22, 23, 24, 25, 26, 27, 28, 29, 30, 31, 32, 33, 34, 35, 36, 37, 38, 39, 40, 41, 42, 43, 44, 45, 46, 47, 48, 49, 50, 51, 52, 53, 54, 55, 56, 57, 58, 59, 60, 61, 62, 63]
03-07 18:28:46.326692   702  1724 E media.codec: TWGraphicBufferProducer::detachNextBuffer - Invalid output buffer
03-07 18:28:46.345329  2784  3629 I SurfaceView: 91928240 Locking canvas... stopped=false, surfaceControl=Surface(name=SurfaceView - )/@0xfcae462
03-07 18:28:46.345638  2784  3629 I SurfaceView: 91928240 Returned canvas: android.view.Surface$CompatibleCanvas@5099929
03-07 18:28:46.356795   702  1724 W GraphicBufferSource: released unpopulated slots: [1, 2, 3, 4, 5, 6, 7, 8, 9, 10, 11, 12, 13, 14, 15, 16, 17, 18, 19, 20, 21, 22, 23, 24, 25, 26, 27, 28, 29, 30, 31, 32, 33, 34, 35, 36, 37, 38, 39, 40, 41, 42, 43, 44, 45, 46, 47, 48, 49, 50, 51, 52, 53, 54, 55, 56, 57, 58, 59, 60, 61, 62, 63]
03-07 18:28:46.356989   702  1724 E media.codec: TWGraphicBufferProducer::detachNextBuffer - Invalid output buffer
03-07 18:28:46.377096  2891  2891 I CAR.VENDOR.AVM: onChange:newValue = CarPropertyValue{mPropertyId=0x21400470, mAreaId=0x0, mStatus=0, mTimestamp=1133561821857, mValue=0}
03-07 18:28:46.377767  1579  1579 I CAR.VENDOR.AVM: onChange:newValue = CarPropertyValue{mPropertyId=0x21400470, mAreaId=0x0, mStatus=0, mTimestamp=1133561821857, mValue=0}
03-07 18:28:46.388224   702  1724 W GraphicBufferSource: released unpopulated slots: [1, 2, 3, 4, 5, 6, 7, 8, 9, 10, 11, 12, 13, 14, 15, 16, 17, 18, 19, 20, 21, 22, 23, 24, 25, 26, 27, 28, 29, 30, 31, 32, 33, 34, 35, 36, 37, 38, 39, 40, 41, 42, 43, 44, 45, 46, 47, 48, 49, 50, 51, 52, 53, 54, 55, 56, 57, 58, 59, 60, 61, 62, 63]
03-07 18:28:46.388411   702  1724 E media.codec: TWGraphicBufferProducer::detachNextBuffer - Invalid output buffer
03-07 18:28:46.397503  2784  3629 I SurfaceView: 91928240 Locking canvas... stopped=false, surfaceControl=Surface(name=SurfaceView - )/@0xfcae462
03-07 18:28:46.397723  2784  3629 I SurfaceView: 91928240 Returned canvas: android.view.Surface$CompatibleCanvas@5099929
03-07 18:28:46.421658   702  1724 W GraphicBufferSource: released unpopulated slots: [1, 2, 3, 4, 5, 6, 7, 8, 9, 10, 11, 12, 13, 14, 15, 16, 17, 18, 19, 20, 21, 22, 23, 24, 25, 26, 27, 28, 29, 30, 31, 32, 33, 34, 35, 36, 37, 38, 39, 40, 41, 42, 43, 44, 45, 46, 47, 48, 49, 50, 51, 52, 53, 54, 55, 56, 57, 58, 59, 60, 61, 62, 63]
03-07 18:28:46.421882   702  1724 E media.codec: TWGraphicBufferProducer::detachNextBuffer - Invalid output buffer
03-07 18:28:46.450443  2784  3629 I SurfaceView: 91928240 Locking canvas... stopped=false, surfaceControl=Surface(name=SurfaceView - )/@0xfcae462
03-07 18:28:46.450661  2784  3629 I SurfaceView: 91928240 Returned canvas: android.view.Surface$CompatibleCanvas@5099929
03-07 18:28:46.487525  1579  1579 I CAR.VENDOR.AVM: onChange:newValue = CarPropertyValue{mPropertyId=0x21400470, mAreaId=0x0, mStatus=0, mTimestamp=1133671299044, mValue=0}
03-07 18:28:46.487585  2891  2891 I CAR.VENDOR.AVM: onChange:newValue = CarPropertyValue{mPropertyId=0x21400470, mAreaId=0x0, mStatus=0, mTimestamp=1133671299044, mValue=0}
03-07 18:28:46.489838   702  1724 W GraphicBufferSource: released unpopulated slots: [1, 2, 3, 4, 5, 6, 7, 8, 9, 10, 11, 12, 13, 14, 15, 16, 17, 18, 19, 20, 21, 22, 23, 24, 25, 26, 27, 28, 29, 30, 31, 32, 33, 34, 35, 36, 37, 38, 39, 40, 41, 42, 43, 44, 45, 46, 47, 48, 49, 50, 51, 52, 53, 54, 55, 56, 57, 58, 59, 60, 61, 62, 63]
03-07 18:28:46.490056   702  1724 E media.codec: TWGraphicBufferProducer::detachNextBuffer - Invalid output buffer
03-07 18:28:46.502650  2784  3629 I SurfaceView: 91928240 Locking canvas... stopped=false, surfaceControl=Surface(name=SurfaceView - )/@0xfcae462
03-07 18:28:46.502868  2784  3629 I SurfaceView: 91928240 Returned canvas: android.view.Surface$CompatibleCanvas@5099929
03-07 18:28:46.524193   702  1724 W GraphicBufferSource: released unpopulated slots: [1, 2, 3, 4, 5, 6, 7, 8, 9, 10, 11, 12, 13, 14, 15, 16, 17, 18, 19, 20, 21, 22, 23, 24, 25, 26, 27, 28, 29, 30, 31, 32, 33, 34, 35, 36, 37, 38, 39, 40, 41, 42, 43, 44, 45, 46, 47, 48, 49, 50, 51, 52, 53, 54, 55, 56, 57, 58, 59, 60, 61, 62, 63]
03-07 18:28:46.525618   702   847 E media.codec: TWGraphicBufferProducer::detachNextBuffer - Invalid output buffer
03-07 18:28:46.554463  2784  3629 I SurfaceView: 91928240 Locking canvas... stopped=false, surfaceControl=Surface(name=SurfaceView - )/@0xfcae462
03-07 18:28:46.554669  2784  3629 I SurfaceView: 91928240 Returned canvas: android.view.Surface$CompatibleCanvas@5099929
03-07 18:28:46.557493   702  1724 W GraphicBufferSource: released unpopulated slots: [1, 2, 3, 4, 5, 6, 7, 8, 9, 10, 11, 12, 13, 14, 15, 16, 17, 18, 19, 20, 21, 22, 23, 24, 25, 26, 27, 28, 29, 30, 31, 32, 33, 34, 35, 36, 37, 38, 39, 40, 41, 42, 43, 44, 45, 46, 47, 48, 49, 50, 51, 52, 53, 54, 55, 56, 57, 58, 59, 60, 61, 62, 63]
03-07 18:28:46.557683   702   847 E media.codec: TWGraphicBufferProducer::detachNextBuffer - Invalid output buffer
03-07 18:28:46.600692   702  1724 W GraphicBufferSource: released unpopulated slots: [1, 2, 3, 4, 5, 6, 7, 8, 9, 10, 11, 12, 13, 14, 15, 16, 17, 18, 19, 20, 21, 22, 23, 24, 25, 26, 27, 28, 29, 30, 31, 32, 33, 34, 35, 36, 37, 38, 39, 40, 41, 42, 43, 44, 45, 46, 47, 48, 49, 50, 51, 52, 53, 54, 55, 56, 57, 58, 59, 60, 61, 62, 63]
03-07 18:28:46.600950   702   847 E media.codec: TWGraphicBufferProducer::detachNextBuffer - Invalid output buffer
03-07 18:28:46.604314  2891  2891 I CAR.VENDOR.AVM: onChange:newValue = CarPropertyValue{mPropertyId=0x21400470, mAreaId=0x0, mStatus=0, mTimestamp=1133788669096, mValue=0}
03-07 18:28:46.604315  1579  1579 I CAR.VENDOR.AVM: onChange:newValue = CarPropertyValue{mPropertyId=0x21400470, mAreaId=0x0, mStatus=0, mTimestamp=1133788669096, mValue=0}
03-07 18:28:46.605980  2784  3629 I SurfaceView: 91928240 Locking canvas... stopped=false, surfaceControl=Surface(name=SurfaceView - )/@0xfcae462
03-07 18:28:46.606524  2784  3629 I SurfaceView: 91928240 Returned canvas: android.view.Surface$CompatibleCanvas@5099929
03-07 18:28:46.655580   702  1724 W GraphicBufferSource: released unpopulated slots: [1, 2, 3, 4, 5, 6, 7, 8, 9, 10, 11, 12, 13, 14, 15, 16, 17, 18, 19, 20, 21, 22, 23, 24, 25, 26, 27, 28, 29, 30, 31, 32, 33, 34, 35, 36, 37, 38, 39, 40, 41, 42, 43, 44, 45, 46, 47, 48, 49, 50, 51, 52, 53, 54, 55, 56, 57, 58, 59, 60, 61, 62, 63]
03-07 18:28:46.655923   702   847 E media.codec: TWGraphicBufferProducer::detachNextBuffer - Invalid output buffer
03-07 18:28:46.658441  2784  3629 I SurfaceView: 91928240 Locking canvas... stopped=false, surfaceControl=Surface(name=SurfaceView - )/@0xfcae462
03-07 18:28:46.658664  2784  3629 I SurfaceView: 91928240 Returned canvas: android.view.Surface$CompatibleCanvas@5099929
03-07 18:28:46.689454   702  1724 W GraphicBufferSource: released unpopulated slots: [1, 2, 3, 4, 5, 6, 7, 8, 9, 10, 11, 12, 13, 14, 15, 16, 17, 18, 19, 20, 21, 22, 23, 24, 25, 26, 27, 28, 29, 30, 31, 32, 33, 34, 35, 36, 37, 38, 39, 40, 41, 42, 43, 44, 45, 46, 47, 48, 49, 50, 51, 52, 53, 54, 55, 56, 57, 58, 59, 60, 61, 62, 63]
03-07 18:28:46.689753   702   847 E media.codec: TWGraphicBufferProducer::detachNextBuffer - Invalid output buffer
03-07 18:28:46.710681  2784  3629 I SurfaceView: 91928240 Locking canvas... stopped=false, surfaceControl=Surface(name=SurfaceView - )/@0xfcae462
03-07 18:28:46.710865  2784  3629 I SurfaceView: 91928240 Returned canvas: android.view.Surface$CompatibleCanvas@5099929
03-07 18:28:46.711802  2891  2891 I CAR.VENDOR.AVM: onChange:newValue = CarPropertyValue{mPropertyId=0x21400470, mAreaId=0x0, mStatus=0, mTimestamp=1133895328836, mValue=0}
03-07 18:28:46.711886  1579  1579 I CAR.VENDOR.AVM: onChange:newValue = CarPropertyValue{mPropertyId=0x21400470, mAreaId=0x0, mStatus=0, mTimestamp=1133895328836, mValue=0}
03-07 18:28:46.724049   702  1724 W GraphicBufferSource: released unpopulated slots: [1, 2, 3, 4, 5, 6, 7, 8, 9, 10, 11, 12, 13, 14, 15, 16, 17, 18, 19, 20, 21, 22, 23, 24, 25, 26, 27, 28, 29, 30, 31, 32, 33, 34, 35, 36, 37, 38, 39, 40, 41, 42, 43, 44, 45, 46, 47, 48, 49, 50, 51, 52, 53, 54, 55, 56, 57, 58, 59, 60, 61, 62, 63]
03-07 18:28:46.724251   702   847 E media.codec: TWGraphicBufferProducer::detachNextBuffer - Invalid output buffer
03-07 18:28:46.755983   702  1724 W GraphicBufferSource: released unpopulated slots: [1, 2, 3, 4, 5, 6, 7, 8, 9, 10, 11, 12, 13, 14, 15, 16, 17, 18, 19, 20, 21, 22, 23, 24, 25, 26, 27, 28, 29, 30, 31, 32, 33, 34, 35, 36, 37, 38, 39, 40, 41, 42, 43, 44, 45, 46, 47, 48, 49, 50, 51, 52, 53, 54, 55, 56, 57, 58, 59, 60, 61, 62, 63]
03-07 18:28:46.756141   702   847 E media.codec: TWGraphicBufferProducer::detachNextBuffer - Invalid output buffer
03-07 18:28:46.762654  2784  3629 I SurfaceView: 91928240 Locking canvas... stopped=false, surfaceControl=Surface(name=SurfaceView - )/@0xfcae462
03-07 18:28:46.762902  2784  3629 I SurfaceView: 91928240 Returned canvas: android.view.Surface$CompatibleCanvas@5099929
03-07 18:28:46.770584  2507  2507 I BootPresenter: (-$$Lambda$Qut1UVg1Gu75cdlDy9b5jeBJWaU.java:2)bootQuickLogin---->puid = 0
03-07 18:28:46.771129  2507  2507 I BootPresenter: (-$$Lambda$Qut1UVg1Gu75cdlDy9b5jeBJWaU.java:2)bootAutoLogin---->500ms后重试 puid = 0 , faceId = 0 , isNetInited = false
03-07 18:28:46.813603  2784  3629 I SurfaceView: 91928240 Locking canvas... stopped=false, surfaceControl=Surface(name=SurfaceView - )/@0xfcae462
03-07 18:28:46.813792  2784  3629 I SurfaceView: 91928240 Returned canvas: android.view.Surface$CompatibleCanvas@5099929
03-07 18:28:46.824150   702  1724 W GraphicBufferSource: released unpopulated slots: [1, 2, 3, 4, 5, 6, 7, 8, 9, 10, 11, 12, 13, 14, 15, 16, 17, 18, 19, 20, 21, 22, 23, 24, 25, 26, 27, 28, 29, 30, 31, 32, 33, 34, 35, 36, 37, 38, 39, 40, 41, 42, 43, 44, 45, 46, 47, 48, 49, 50, 51, 52, 53, 54, 55, 56, 57, 58, 59, 60, 61, 62, 63]
03-07 18:28:46.824207  3159  3663 I LocationManager: Choose AMap.
03-07 18:28:46.824406   702   847 E media.codec: TWGraphicBufferProducer::detachNextBuffer - Invalid output buffer
03-07 18:28:46.825081  2891  2891 I CAR.VENDOR.AVM: onChange:newValue = CarPropertyValue{mPropertyId=0x21400470, mAreaId=0x0, mStatus=0, mTimestamp=1134008574252, mValue=0}
03-07 18:28:46.825842  1579  1579 I CAR.VENDOR.AVM: onChange:newValue = CarPropertyValue{mPropertyId=0x21400470, mAreaId=0x0, mStatus=0, mTimestamp=1134008574252, mValue=0}
03-07 18:28:46.856589   702  1724 W GraphicBufferSource: released unpopulated slots: [1, 2, 3, 4, 5, 6, 7, 8, 9, 10, 11, 12, 13, 14, 15, 16, 17, 18, 19, 20, 21, 22, 23, 24, 25, 26, 27, 28, 29, 30, 31, 32, 33, 34, 35, 36, 37, 38, 39, 40, 41, 42, 43, 44, 45, 46, 47, 48, 49, 50, 51, 52, 53, 54, 55, 56, 57, 58, 59, 60, 61, 62, 63]
03-07 18:28:46.856780   702   847 E media.codec: TWGraphicBufferProducer::detachNextBuffer - Invalid output buffer
03-07 18:28:46.865550  2784  3629 I SurfaceView: 91928240 Locking canvas... stopped=false, surfaceControl=Surface(name=SurfaceView - )/@0xfcae462
03-07 18:28:46.865805  2784  3629 I SurfaceView: 91928240 Returned canvas: android.view.Surface$CompatibleCanvas@5099929
03-07 18:28:46.890724   702  1724 W GraphicBufferSource: released unpopulated slots: [1, 2, 3, 4, 5, 6, 7, 8, 9, 10, 11, 12, 13, 14, 15, 16, 17, 18, 19, 20, 21, 22, 23, 24, 25, 26, 27, 28, 29, 30, 31, 32, 33, 34, 35, 36, 37, 38, 39, 40, 41, 42, 43, 44, 45, 46, 47, 48, 49, 50, 51, 52, 53, 54, 55, 56, 57, 58, 59, 60, 61, 62, 63]
03-07 18:28:46.890906   702   847 E media.codec: TWGraphicBufferProducer::detachNextBuffer - Invalid output buffer
03-07 18:28:46.917450  2784  3629 I SurfaceView: 91928240 Locking canvas... stopped=false, surfaceControl=Surface(name=SurfaceView - )/@0xfcae462
03-07 18:28:46.917658  2784  3629 I SurfaceView: 91928240 Returned canvas: android.view.Surface$CompatibleCanvas@5099929
03-07 18:28:46.925429   702  1724 W GraphicBufferSource: released unpopulated slots: [1, 2, 3, 4, 5, 6, 7, 8, 9, 10, 11, 12, 13, 14, 15, 16, 17, 18, 19, 20, 21, 22, 23, 24, 25, 26, 27, 28, 29, 30, 31, 32, 33, 34, 35, 36, 37, 38, 39, 40, 41, 42, 43, 44, 45, 46, 47, 48, 49, 50, 51, 52, 53, 54, 55, 56, 57, 58, 59, 60, 61, 62, 63]
03-07 18:28:46.925607   702   847 E media.codec: TWGraphicBufferProducer::detachNextBuffer - Invalid output buffer
03-07 18:28:46.936105  2891  2891 I CAR.VENDOR.AVM: onChange:newValue = CarPropertyValue{mPropertyId=0x21400470, mAreaId=0x0, mStatus=0, mTimestamp=1134120443888, mValue=0}
03-07 18:28:46.936338  1579  1579 I CAR.VENDOR.AVM: onChange:newValue = CarPropertyValue{mPropertyId=0x21400470, mAreaId=0x0, mStatus=0, mTimestamp=1134120443888, mValue=0}
03-07 18:28:46.969638  2784  3629 I SurfaceView: 91928240 Locking canvas... stopped=false, surfaceControl=Surface(name=SurfaceView - )/@0xfcae462
03-07 18:28:46.969898  2784  3629 I SurfaceView: 91928240 Returned canvas: android.view.Surface$CompatibleCanvas@5099929
03-07 18:28:46.989782   702  1724 W GraphicBufferSource: released unpopulated slots: [1, 2, 3, 4, 5, 6, 7, 8, 9, 10, 11, 12, 13, 14, 15, 16, 17, 18, 19, 20, 21, 22, 23, 24, 25, 26, 27, 28, 29, 30, 31, 32, 33, 34, 35, 36, 37, 38, 39, 40, 41, 42, 43, 44, 45, 46, 47, 48, 49, 50, 51, 52, 53, 54, 55, 56, 57, 58, 59, 60, 61, 62, 63]
03-07 18:28:46.990039   702   847 E media.codec: TWGraphicBufferProducer::detachNextBuffer - Invalid output buffer
03-07 18:28:46.993314  1057  1082 E u-blox  : ublox::CGnssMeasurementExtension::navMeasurementUpdate: GnssMeasurementExtension callback is not initialized
03-07 18:28:46.993649  1907  1907 I MXNavi-onNmeaMessage GPGGA = : s = $GPGGA,,,,,,0,,,,,,,,*66\r
03-07 18:28:46.993732  1907  1907 I MXNavi-onNmeaMessage GPRMC = : s = $GPRMC,,V,,,,,,,,,,N*53
03-07 18:28:47.020853  2784  3629 I SurfaceView: 91928240 Locking canvas... stopped=false, surfaceControl=Surface(name=SurfaceView - )/@0xfcae462
03-07 18:28:47.021258  2784  3629 I SurfaceView: 91928240 Returned canvas: android.view.Surface$CompatibleCanvas@5099929
03-07 18:28:47.022769   702  1724 W GraphicBufferSource: released unpopulated slots: [1, 2, 3, 4, 5, 6, 7, 8, 9, 10, 11, 12, 13, 14, 15, 16, 17, 18, 19, 20, 21, 22, 23, 24, 25, 26, 27, 28, 29, 30, 31, 32, 33, 34, 35, 36, 37, 38, 39, 40, 41, 42, 43, 44, 45, 46, 47, 48, 49, 50, 51, 52, 53, 54, 55, 56, 57, 58, 59, 60, 61, 62, 63]
03-07 18:28:47.023002   702   847 E media.codec: TWGraphicBufferProducer::detachNextBuffer - Invalid output buffer
03-07 18:28:47.051131  2891  2891 I CAR.VENDOR.AVM: onChange:newValue = CarPropertyValue{mPropertyId=0x21400470, mAreaId=0x0, mStatus=0, mTimestamp=1134235316648, mValue=0}
03-07 18:28:47.051256  1579  1579 I CAR.VENDOR.AVM: onChange:newValue = CarPropertyValue{mPropertyId=0x21400470, mAreaId=0x0, mStatus=0, mTimestamp=1134235316648, mValue=0}
03-07 18:28:47.057673   702  1724 W GraphicBufferSource: released unpopulated slots: [1, 2, 3, 4, 5, 6, 7, 8, 9, 10, 11, 12, 13, 14, 15, 16, 17, 18, 19, 20, 21, 22, 23, 24, 25, 26, 27, 28, 29, 30, 31, 32, 33, 34, 35, 36, 37, 38, 39, 40, 41, 42, 43, 44, 45, 46, 47, 48, 49, 50, 51, 52, 53, 54, 55, 56, 57, 58, 59, 60, 61, 62, 63]
03-07 18:28:47.057871   702   847 E media.codec: TWGraphicBufferProducer::detachNextBuffer - Invalid output buffer
03-07 18:28:47.073472  2784  3629 I SurfaceView: 91928240 Locking canvas... stopped=false, surfaceControl=Surface(name=SurfaceView - )/@0xfcae462
03-07 18:28:47.073711  2784  3629 I SurfaceView: 91928240 Returned canvas: android.view.Surface$CompatibleCanvas@5099929
03-07 18:28:47.092928   702  1724 W GraphicBufferSource: released unpopulated slots: [1, 2, 3, 4, 5, 6, 7, 8, 9, 10, 11, 12, 13, 14, 15, 16, 17, 18, 19, 20, 21, 22, 23, 24, 25, 26, 27, 28, 29, 30, 31, 32, 33, 34, 35, 36, 37, 38, 39, 40, 41, 42, 43, 44, 45, 46, 47, 48, 49, 50, 51, 52, 53, 54, 55, 56, 57, 58, 59, 60, 61, 62, 63]
03-07 18:28:47.093095   702   847 E media.codec: TWGraphicBufferProducer::detachNextBuffer - Invalid output buffer
03-07 18:28:47.124480  2784  3629 I SurfaceView: 91928240 Locking canvas... stopped=false, surfaceControl=Surface(name=SurfaceView - )/@0xfcae462
03-07 18:28:47.124767  2784  3629 I SurfaceView: 91928240 Returned canvas: android.view.Surface$CompatibleCanvas@5099929
03-07 18:28:47.155903   702  1724 W GraphicBufferSource: released unpopulated slots: [1, 2, 3, 4, 5, 6, 7, 8, 9, 10, 11, 12, 13, 14, 15, 16, 17, 18, 19, 20, 21, 22, 23, 24, 25, 26, 27, 28, 29, 30, 31, 32, 33, 34, 35, 36, 37, 38, 39, 40, 41, 42, 43, 44, 45, 46, 47, 48, 49, 50, 51, 52, 53, 54, 55, 56, 57, 58, 59, 60, 61, 62, 63]
03-07 18:28:47.156084   702   847 E media.codec: TWGraphicBufferProducer::detachNextBuffer - Invalid output buffer
03-07 18:28:47.158437  1350  1364 E Property.service: getProperty: propId is not in config list:0x21600202
03-07 18:28:47.162423  2891  2891 I CAR.VENDOR.AVM: onChange:newValue = CarPropertyValue{mPropertyId=0x21400470, mAreaId=0x0, mStatus=0, mTimestamp=1134347113836, mValue=0}
03-07 18:28:47.162517  1579  1579 I CAR.VENDOR.AVM: onChange:newValue = CarPropertyValue{mPropertyId=0x21400470, mAreaId=0x0, mStatus=0, mTimestamp=1134347113836, mValue=0}
03-07 18:28:47.176476  2784  3629 I SurfaceView: 91928240 Locking canvas... stopped=false, surfaceControl=Surface(name=SurfaceView - )/@0xfcae462
03-07 18:28:47.176773  2784  3629 I SurfaceView: 91928240 Returned canvas: android.view.Surface$CompatibleCanvas@5099929
03-07 18:28:47.188159   702  1724 W GraphicBufferSource: released unpopulated slots: [1, 2, 3, 4, 5, 6, 7, 8, 9, 10, 11, 12, 13, 14, 15, 16, 17, 18, 19, 20, 21, 22, 23, 24, 25, 26, 27, 28, 29, 30, 31, 32, 33, 34, 35, 36, 37, 38, 39, 40, 41, 42, 43, 44, 45, 46, 47, 48, 49, 50, 51, 52, 53, 54, 55, 56, 57, 58, 59, 60, 61, 62, 63]
03-07 18:28:47.188395   702   847 E media.codec: TWGraphicBufferProducer::detachNextBuffer - Invalid output buffer
03-07 18:28:47.224103   702   847 W GraphicBufferSource: released unpopulated slots: [1, 2, 3, 4, 5, 6, 7, 8, 9, 10, 11, 12, 13, 14, 15, 16, 17, 18, 19, 20, 21, 22, 23, 24, 25, 26, 27, 28, 29, 30, 31, 32, 33, 34, 35, 36, 37, 38, 39, 40, 41, 42, 43, 44, 45, 46, 47, 48, 49, 50, 51, 52, 53, 54, 55, 56, 57, 58, 59, 60, 61, 62, 63]
03-07 18:28:47.224410   702   847 E media.codec: TWGraphicBufferProducer::detachNextBuffer - Invalid output buffer
03-07 18:28:47.229108  2784  3629 I SurfaceView: 91928240 Locking canvas... stopped=false, surfaceControl=Surface(name=SurfaceView - )/@0xfcae462
03-07 18:28:47.229518  2784  3629 I SurfaceView: 91928240 Returned canvas: android.view.Surface$CompatibleCanvas@5099929
03-07 18:28:47.257926   702   847 W GraphicBufferSource: released unpopulated slots: [1, 2, 3, 4, 5, 6, 7, 8, 9, 10, 11, 12, 13, 14, 15, 16, 17, 18, 19, 20, 21, 22, 23, 24, 25, 26, 27, 28, 29, 30, 31, 32, 33, 34, 35, 36, 37, 38, 39, 40, 41, 42, 43, 44, 45, 46, 47, 48, 49, 50, 51, 52, 53, 54, 55, 56, 57, 58, 59, 60, 61, 62, 63]
03-07 18:28:47.258231   702   847 E media.codec: TWGraphicBufferProducer::detachNextBuffer - Invalid output buffer
03-07 18:28:47.272847  2507  2507 I BootPresenter: (-$$Lambda$Qut1UVg1Gu75cdlDy9b5jeBJWaU.java:2)bootQuickLogin---->puid = 0
03-07 18:28:47.272920  2891  2891 I CAR.VENDOR.AVM: onChange:newValue = CarPropertyValue{mPropertyId=0x21400470, mAreaId=0x0, mStatus=0, mTimestamp=1134456840554, mValue=0}
03-07 18:28:47.273077  1579  1579 I CAR.VENDOR.AVM: onChange:newValue = CarPropertyValue{mPropertyId=0x21400470, mAreaId=0x0, mStatus=0, mTimestamp=1134456840554, mValue=0}
03-07 18:28:47.273732  2507  2507 I BootPresenter: (-$$Lambda$Qut1UVg1Gu75cdlDy9b5jeBJWaU.java:2)bootAutoLogin---->500ms后重试 puid = 0 , faceId = 0 , isNetInited = false
03-07 18:28:47.282487  2784  3629 I SurfaceView: 91928240 Locking canvas... stopped=false, surfaceControl=Surface(name=SurfaceView - )/@0xfcae462
03-07 18:28:47.282719  2784  3629 I SurfaceView: 91928240 Returned canvas: android.view.Surface$CompatibleCanvas@5099929
03-07 18:28:47.322739   702   847 W GraphicBufferSource: released unpopulated slots: [1, 2, 3, 4, 5, 6, 7, 8, 9, 10, 11, 12, 13, 14, 15, 16, 17, 18, 19, 20, 21, 22, 23, 24, 25, 26, 27, 28, 29, 30, 31, 32, 33, 34, 35, 36, 37, 38, 39, 40, 41, 42, 43, 44, 45, 46, 47, 48, 49, 50, 51, 52, 53, 54, 55, 56, 57, 58, 59, 60, 61, 62, 63]
03-07 18:28:47.323054   702   847 E media.codec: TWGraphicBufferProducer::detachNextBuffer - Invalid output buffer
03-07 18:28:47.334866  2784  3629 I SurfaceView: 91928240 Locking canvas... stopped=false, surfaceControl=Surface(name=SurfaceView - )/@0xfcae462
03-07 18:28:47.335093  2784  3629 I SurfaceView: 91928240 Returned canvas: android.view.Surface$CompatibleCanvas@5099929
03-07 18:28:47.354772   702   847 W GraphicBufferSource: released unpopulated slots: [1, 2, 3, 4, 5, 6, 7, 8, 9, 10, 11, 12, 13, 14, 15, 16, 17, 18, 19, 20, 21, 22, 23, 24, 25, 26, 27, 28, 29, 30, 31, 32, 33, 34, 35, 36, 37, 38, 39, 40, 41, 42, 43, 44, 45, 46, 47, 48, 49, 50, 51, 52, 53, 54, 55, 56, 57, 58, 59, 60, 61, 62, 63]
03-07 18:28:47.355055   702   847 E media.codec: TWGraphicBufferProducer::detachNextBuffer - Invalid output buffer
03-07 18:28:47.382637  2891  2891 I CAR.VENDOR.AVM: onChange:newValue = CarPropertyValue{mPropertyId=0x21400470, mAreaId=0x0, mStatus=0, mTimestamp=1134566847117, mValue=0}
03-07 18:28:47.382766  1579  1579 I CAR.VENDOR.AVM: onChange:newValue = CarPropertyValue{mPropertyId=0x21400470, mAreaId=0x0, mStatus=0, mTimestamp=1134566847117, mValue=0}
03-07 18:28:47.386548  2784  3629 I SurfaceView: 91928240 Locking canvas... stopped=false, surfaceControl=Surface(name=SurfaceView - )/@0xfcae462
03-07 18:28:47.386818  2784  3629 I SurfaceView: 91928240 Returned canvas: android.view.Surface$CompatibleCanvas@5099929
03-07 18:28:47.389780   702   847 W GraphicBufferSource: released unpopulated slots: [1, 2, 3, 4, 5, 6, 7, 8, 9, 10, 11, 12, 13, 14, 15, 16, 17, 18, 19, 20, 21, 22, 23, 24, 25, 26, 27, 28, 29, 30, 31, 32, 33, 34, 35, 36, 37, 38, 39, 40, 41, 42, 43, 44, 45, 46, 47, 48, 49, 50, 51, 52, 53, 54, 55, 56, 57, 58, 59, 60, 61, 62, 63]
03-07 18:28:47.390474   702  1724 E media.codec: TWGraphicBufferProducer::detachNextBuffer - Invalid output buffer
03-07 18:28:47.420543   702  1724 W GraphicBufferSource: released unpopulated slots: [1, 2, 3, 4, 5, 6, 7, 8, 9, 10, 11, 12, 13, 14, 15, 16, 17, 18, 19, 20, 21, 22, 23, 24, 25, 26, 27, 28, 29, 30, 31, 32, 33, 34, 35, 36, 37, 38, 39, 40, 41, 42, 43, 44, 45, 46, 47, 48, 49, 50, 51, 52, 53, 54, 55, 56, 57, 58, 59, 60, 61, 62, 63]
03-07 18:28:47.420846   702   847 E media.codec: TWGraphicBufferProducer::detachNextBuffer - Invalid output buffer
03-07 18:28:47.439501  2784  3629 I SurfaceView: 91928240 Locking canvas... stopped=false, surfaceControl=Surface(name=SurfaceView - )/@0xfcae462
03-07 18:28:47.439711  2784  3629 I SurfaceView: 91928240 Returned canvas: android.view.Surface$CompatibleCanvas@5099929
03-07 18:28:47.477460  3340  3340 E IntelliSenseService: heartBeatRunnable requestEcu HandShake
03-07 18:28:47.477629  3340  3340 E TcpLibClient: 服务端端口: 10.0.0.34:5096, 指定服务端未连接
03-07 18:28:47.477664  3340  3340 E IntelliSenseService: connect server close-> address:10.0.0.34
03-07 18:28:47.477674  3340  3340 E TcpManager: 与服务器连接已断开
03-07 18:28:47.489675   702  1724 W GraphicBufferSource: released unpopulated slots: [1, 2, 3, 4, 5, 6, 7, 8, 9, 10, 11, 12, 13, 14, 15, 16, 17, 18, 19, 20, 21, 22, 23, 24, 25, 26, 27, 28, 29, 30, 31, 32, 33, 34, 35, 36, 37, 38, 39, 40, 41, 42, 43, 44, 45, 46, 47, 48, 49, 50, 51, 52, 53, 54, 55, 56, 57, 58, 59, 60, 61, 62, 63]
03-07 18:28:47.489975   702  1724 E media.codec: TWGraphicBufferProducer::detachNextBuffer - Invalid output buffer
03-07 18:28:47.491447  2784  3629 I SurfaceView: 91928240 Locking canvas... stopped=false, surfaceControl=Surface(name=SurfaceView - )/@0xfcae462
03-07 18:28:47.491637  2784  3629 I SurfaceView: 91928240 Returned canvas: android.view.Surface$CompatibleCanvas@5099929
03-07 18:28:47.496003  2891  2891 I CAR.VENDOR.AVM: onChange:newValue = CarPropertyValue{mPropertyId=0x21400470, mAreaId=0x0, mStatus=0, mTimestamp=1134680444565, mValue=0}
03-07 18:28:47.496610  1579  1579 I CAR.VENDOR.AVM: onChange:newValue = CarPropertyValue{mPropertyId=0x21400470, mAreaId=0x0, mStatus=0, mTimestamp=1134680444565, mValue=0}
03-07 18:28:47.521867   702  1724 W GraphicBufferSource: released unpopulated slots: [1, 2, 3, 4, 5, 6, 7, 8, 9, 10, 11, 12, 13, 14, 15, 16, 17, 18, 19, 20, 21, 22, 23, 24, 25, 26, 27, 28, 29, 30, 31, 32, 33, 34, 35, 36, 37, 38, 39, 40, 41, 42, 43, 44, 45, 46, 47, 48, 49, 50, 51, 52, 53, 54, 55, 56, 57, 58, 59, 60, 61, 62, 63]
03-07 18:28:47.522144   702  1724 E media.codec: TWGraphicBufferProducer::detachNextBuffer - Invalid output buffer
03-07 18:28:47.543597  2784  3629 I SurfaceView: 91928240 Locking canvas... stopped=false, surfaceControl=Surface(name=SurfaceView - )/@0xfcae462
03-07 18:28:47.543797  2784  3629 I SurfaceView: 91928240 Returned canvas: android.view.Surface$CompatibleCanvas@5099929
03-07 18:28:47.556297   702  1724 W GraphicBufferSource: released unpopulated slots: [1, 2, 3, 4, 5, 6, 7, 8, 9, 10, 11, 12, 13, 14, 15, 16, 17, 18, 19, 20, 21, 22, 23, 24, 25, 26, 27, 28, 29, 30, 31, 32, 33, 34, 35, 36, 37, 38, 39, 40, 41, 42, 43, 44, 45, 46, 47, 48, 49, 50, 51, 52, 53, 54, 55, 56, 57, 58, 59, 60, 61, 62, 63]
03-07 18:28:47.557082   702   847 E media.codec: TWGraphicBufferProducer::detachNextBuffer - Invalid output buffer
03-07 18:28:47.595156  2784  3629 I SurfaceView: 91928240 Locking canvas... stopped=false, surfaceControl=Surface(name=SurfaceView - )/@0xfcae462
03-07 18:28:47.595373  2784  3629 I SurfaceView: 91928240 Returned canvas: android.view.Surface$CompatibleCanvas@5099929
03-07 18:28:47.605534   702   847 W GraphicBufferSource: released unpopulated slots: [1, 2, 3, 4, 5, 6, 7, 8, 9, 10, 11, 12, 13, 14, 15, 16, 17, 18, 19, 20, 21, 22, 23, 24, 25, 26, 27, 28, 29, 30, 31, 32, 33, 34, 35, 36, 37, 38, 39, 40, 41, 42, 43, 44, 45, 46, 47, 48, 49, 50, 51, 52, 53, 54, 55, 56, 57, 58, 59, 60, 61, 62, 63]
03-07 18:28:47.606053   702   847 E media.codec: TWGraphicBufferProducer::detachNextBuffer - Invalid output buffer
03-07 18:28:47.620104  2891  2891 I CAR.VENDOR.AVM: onChange:newValue = CarPropertyValue{mPropertyId=0x21400470, mAreaId=0x0, mStatus=0, mTimestamp=1134803810606, mValue=0}
03-07 18:28:47.620298  1579  1579 I CAR.VENDOR.AVM: onChange:newValue = CarPropertyValue{mPropertyId=0x21400470, mAreaId=0x0, mStatus=0, mTimestamp=1134803810606, mValue=0}
03-07 18:28:47.646047  2784  3629 I SurfaceView: 91928240 Locking canvas... stopped=false, surfaceControl=Surface(name=SurfaceView - )/@0xfcae462
03-07 18:28:47.646249  2784  3629 I SurfaceView: 91928240 Returned canvas: android.view.Surface$CompatibleCanvas@5099929
03-07 18:28:47.655896   702   847 W GraphicBufferSource: released unpopulated slots: [1, 2, 3, 4, 5, 6, 7, 8, 9, 10, 11, 12, 13, 14, 15, 16, 17, 18, 19, 20, 21, 22, 23, 24, 25, 26, 27, 28, 29, 30, 31, 32, 33, 34, 35, 36, 37, 38, 39, 40, 41, 42, 43, 44, 45, 46, 47, 48, 49, 50, 51, 52, 53, 54, 55, 56, 57, 58, 59, 60, 61, 62, 63]
03-07 18:28:47.656072   702   847 E media.codec: TWGraphicBufferProducer::detachNextBuffer - Invalid output buffer
03-07 18:28:47.688977   702   847 W GraphicBufferSource: released unpopulated slots: [1, 2, 3, 4, 5, 6, 7, 8, 9, 10, 11, 12, 13, 14, 15, 16, 17, 18, 19, 20, 21, 22, 23, 24, 25, 26, 27, 28, 29, 30, 31, 32, 33, 34, 35, 36, 37, 38, 39, 40, 41, 42, 43, 44, 45, 46, 47, 48, 49, 50, 51, 52, 53, 54, 55, 56, 57, 58, 59, 60, 61, 62, 63]
03-07 18:28:47.689160   702   847 E media.codec: TWGraphicBufferProducer::detachNextBuffer - Invalid output buffer
03-07 18:28:47.697466  2784  3629 I SurfaceView: 91928240 Locking canvas... stopped=false, surfaceControl=Surface(name=SurfaceView - )/@0xfcae462
03-07 18:28:47.697701  2784  3629 I SurfaceView: 91928240 Returned canvas: android.view.Surface$CompatibleCanvas@5099929
03-07 18:28:47.717197  1579  1579 I CAR.VENDOR.AVM: onChange:newValue = CarPropertyValue{mPropertyId=0x21400470, mAreaId=0x0, mStatus=0, mTimestamp=1134902435919, mValue=0}
03-07 18:28:47.717305  2891  2891 I CAR.VENDOR.AVM: onChange:newValue = CarPropertyValue{mPropertyId=0x21400470, mAreaId=0x0, mStatus=0, mTimestamp=1134902435919, mValue=0}
03-07 18:28:47.722439   702   847 W GraphicBufferSource: released unpopulated slots: [1, 2, 3, 4, 5, 6, 7, 8, 9, 10, 11, 12, 13, 14, 15, 16, 17, 18, 19, 20, 21, 22, 23, 24, 25, 26, 27, 28, 29, 30, 31, 32, 33, 34, 35, 36, 37, 38, 39, 40, 41, 42, 43, 44, 45, 46, 47, 48, 49, 50, 51, 52, 53, 54, 55, 56, 57, 58, 59, 60, 61, 62, 63]
03-07 18:28:47.722658   702  1724 E media.codec: TWGraphicBufferProducer::detachNextBuffer - Invalid output buffer
03-07 18:28:47.749460  2784  3629 I SurfaceView: 91928240 Locking canvas... stopped=false, surfaceControl=Surface(name=SurfaceView - )/@0xfcae462
03-07 18:28:47.749648  2784  3629 I SurfaceView: 91928240 Returned canvas: android.view.Surface$CompatibleCanvas@5099929
03-07 18:28:47.756073   702   847 W GraphicBufferSource: released unpopulated slots: [1, 2, 3, 4, 5, 6, 7, 8, 9, 10, 11, 12, 13, 14, 15, 16, 17, 18, 19, 20, 21, 22, 23, 24, 25, 26, 27, 28, 29, 30, 31, 32, 33, 34, 35, 36, 37, 38, 39, 40, 41, 42, 43, 44, 45, 46, 47, 48, 49, 50, 51, 52, 53, 54, 55, 56, 57, 58, 59, 60, 61, 62, 63]
03-07 18:28:47.756230   702   847 E media.codec: TWGraphicBufferProducer::detachNextBuffer - Invalid output buffer
03-07 18:28:47.776427  2507  2507 I BootPresenter: (-$$Lambda$Qut1UVg1Gu75cdlDy9b5jeBJWaU.java:2)bootQuickLogin---->puid = 0
03-07 18:28:47.777045  2507  2507 I BootPresenter: (-$$Lambda$Qut1UVg1Gu75cdlDy9b5jeBJWaU.java:2)bootAutoLogin---->500ms后重试 puid = 0 , faceId = 0 , isNetInited = false
03-07 18:28:47.801558  2784  3629 I SurfaceView: 91928240 Locking canvas... stopped=false, surfaceControl=Surface(name=SurfaceView - )/@0xfcae462
03-07 18:28:47.801796  2784  3629 I SurfaceView: 91928240 Returned canvas: android.view.Surface$CompatibleCanvas@5099929
03-07 18:28:47.823607   702   847 W GraphicBufferSource: released unpopulated slots: [1, 2, 3, 4, 5, 6, 7, 8, 9, 10, 11, 12, 13, 14, 15, 16, 17, 18, 19, 20, 21, 22, 23, 24, 25, 26, 27, 28, 29, 30, 31, 32, 33, 34, 35, 36, 37, 38, 39, 40, 41, 42, 43, 44, 45, 46, 47, 48, 49, 50, 51, 52, 53, 54, 55, 56, 57, 58, 59, 60, 61, 62, 63]
03-07 18:28:47.823774   702  1724 E media.codec: TWGraphicBufferProducer::detachNextBuffer - Invalid output buffer
03-07 18:28:47.828092  2891  2891 I CAR.VENDOR.AVM: onChange:newValue = CarPropertyValue{mPropertyId=0x21400470, mAreaId=0x0, mStatus=0, mTimestamp=1135011879564, mValue=0}
03-07 18:28:47.828179  1579  1579 I CAR.VENDOR.AVM: onChange:newValue = CarPropertyValue{mPropertyId=0x21400470, mAreaId=0x0, mStatus=0, mTimestamp=1135011879564, mValue=0}
03-07 18:28:47.853046  2784  3629 I SurfaceView: 91928240 Locking canvas... stopped=false, surfaceControl=Surface(name=SurfaceView - )/@0xfcae462
03-07 18:28:47.853338  2784  3629 I SurfaceView: 91928240 Returned canvas: android.view.Surface$CompatibleCanvas@5099929
03-07 18:28:47.855804   702   847 W GraphicBufferSource: released unpopulated slots: [1, 2, 3, 4, 5, 6, 7, 8, 9, 10, 11, 12, 13, 14, 15, 16, 17, 18, 19, 20, 21, 22, 23, 24, 25, 26, 27, 28, 29, 30, 31, 32, 33, 34, 35, 36, 37, 38, 39, 40, 41, 42, 43, 44, 45, 46, 47, 48, 49, 50, 51, 52, 53, 54, 55, 56, 57, 58, 59, 60, 61, 62, 63]
03-07 18:28:47.855963   702  1724 E media.codec: TWGraphicBufferProducer::detachNextBuffer - Invalid output buffer
03-07 18:28:47.888627   702   847 W GraphicBufferSource: released unpopulated slots: [1, 2, 3, 4, 5, 6, 7, 8, 9, 10, 11, 12, 13, 14, 15, 16, 17, 18, 19, 20, 21, 22, 23, 24, 25, 26, 27, 28, 29, 30, 31, 32, 33, 34, 35, 36, 37, 38, 39, 40, 41, 42, 43, 44, 45, 46, 47, 48, 49, 50, 51, 52, 53, 54, 55, 56, 57, 58, 59, 60, 61, 62, 63]
03-07 18:28:47.888790   702  1724 E media.codec: TWGraphicBufferProducer::detachNextBuffer - Invalid output buffer
03-07 18:28:47.905745  2784  3629 I SurfaceView: 91928240 Locking canvas... stopped=false, surfaceControl=Surface(name=SurfaceView - )/@0xfcae462
03-07 18:28:47.906354  2784  3629 I SurfaceView: 91928240 Returned canvas: android.view.Surface$CompatibleCanvas@5099929
03-07 18:28:47.922826   702   847 W GraphicBufferSource: released unpopulated slots: [1, 2, 3, 4, 5, 6, 7, 8, 9, 10, 11, 12, 13, 14, 15, 16, 17, 18, 19, 20, 21, 22, 23, 24, 25, 26, 27, 28, 29, 30, 31, 32, 33, 34, 35, 36, 37, 38, 39, 40, 41, 42, 43, 44, 45, 46, 47, 48, 49, 50, 51, 52, 53, 54, 55, 56, 57, 58, 59, 60, 61, 62, 63]
03-07 18:28:47.922996   702  1724 E media.codec: TWGraphicBufferProducer::detachNextBuffer - Invalid output buffer
03-07 18:28:47.939480  1579  1579 I CAR.VENDOR.AVM: onChange:newValue = CarPropertyValue{mPropertyId=0x21400470, mAreaId=0x0, mStatus=0, mTimestamp=1135122407429, mValue=0}
03-07 18:28:47.939452  2891  2891 I CAR.VENDOR.AVM: onChange:newValue = CarPropertyValue{mPropertyId=0x21400470, mAreaId=0x0, mStatus=0, mTimestamp=1135122407429, mValue=0}
03-07 18:28:47.959602  2784  3629 I SurfaceView: 91928240 Locking canvas... stopped=false, surfaceControl=Surface(name=SurfaceView - )/@0xfcae462
03-07 18:28:47.959955  2784  3629 I SurfaceView: 91928240 Returned canvas: android.view.Surface$CompatibleCanvas@5099929
03-07 18:28:47.990424   702   847 W GraphicBufferSource: released unpopulated slots: [1, 2, 3, 4, 5, 6, 7, 8, 9, 10, 11, 12, 13, 14, 15, 16, 17, 18, 19, 20, 21, 22, 23, 24, 25, 26, 27, 28, 29, 30, 31, 32, 33, 34, 35, 36, 37, 38, 39, 40, 41, 42, 43, 44, 45, 46, 47, 48, 49, 50, 51, 52, 53, 54, 55, 56, 57, 58, 59, 60, 61, 62, 63]
03-07 18:28:47.990730   702  1724 E media.codec: TWGraphicBufferProducer::detachNextBuffer - Invalid output buffer
03-07 18:28:47.993746  1057  1082 E u-blox  : ublox::CGnssMeasurementExtension::navMeasurementUpdate: GnssMeasurementExtension callback is not initialized
03-07 18:28:47.993991  1907  1907 I MXNavi-onNmeaMessage GPGGA = : s = $GPGGA,,,,,,0,,,,,,,,*66\r
03-07 18:28:47.994031  1907  1907 I MXNavi-onNmeaMessage GPRMC = : s = $GPRMC,,V,,,,,,,,,,N*53
03-07 18:28:48.012481  2784  3629 I SurfaceView: 91928240 Locking canvas... stopped=false, surfaceControl=Surface(name=SurfaceView - )/@0xfcae462
03-07 18:28:48.013069  2784  3629 I SurfaceView: 91928240 Returned canvas: android.view.Surface$CompatibleCanvas@5099929
03-07 18:28:48.016043  3340 10948 W System.err: java.net.ConnectException: failed to connect to /10.0.0.34 (port 5096) from /:: (port 60050): connect failed: ETIMEDOUT (Connection timed out)
03-07 18:28:48.016105  3340 10948 W System.err: 	at libcore.io.IoBridge.connect(IoBridge.java:137)
03-07 18:28:48.016115  3340 10948 W System.err: 	at java.net.PlainSocketImpl.socketConnect(PlainSocketImpl.java:137)
03-07 18:28:48.016126  3340 10948 W System.err: 	at java.net.AbstractPlainSocketImpl.doConnect(AbstractPlainSocketImpl.java:390)
03-07 18:28:48.016135  3340 10948 W System.err: 	at java.net.AbstractPlainSocketImpl.connectToAddress(AbstractPlainSocketImpl.java:230)
03-07 18:28:48.016141  3340 10948 W System.err: 	at java.net.AbstractPlainSocketImpl.connect(AbstractPlainSocketImpl.java:212)
03-07 18:28:48.016145  3340 10948 W System.err: 	at java.net.SocksSocketImpl.connect(SocksSocketImpl.java:436)
03-07 18:28:48.016152  3340 10948 W System.err: 	at java.net.Socket.connect(Socket.java:621)
03-07 18:28:48.016159  3340 10948 W System.err: 	at java.net.Socket.connect(Socket.java:570)
03-07 18:28:48.016165  3340 10948 W System.err: 	at java.net.Socket.<init>(Socket.java:450)
03-07 18:28:48.016168  3340 10948 W System.err: 	at java.net.Socket.<init>(Socket.java:218)
03-07 18:28:48.016172  3340 10948 W System.err: 	at com.sense.tcplib.TcpLibClient.lambda$connect$0$TcpLibClient(TcpLibClient.java:77)
03-07 18:28:48.016180  3340 10948 W System.err: 	at com.sense.tcplib.-$$Lambda$TcpLibClient$QuXp6zdL1A2zAsKuNy5sLIrJHBg.run(Unknown Source:10)
03-07 18:28:48.016187  3340 10948 W System.err: 	at java.lang.Thread.run(Thread.java:764)
03-07 18:28:48.016222  3340 10948 W System.err: Caused by: android.system.ErrnoException: connect failed: ETIMEDOUT (Connection timed out)
03-07 18:28:48.016231  3340 10948 W System.err: 	at libcore.io.Linux.connect(Native Method)
03-07 18:28:48.016239  3340 10948 W System.err: 	at libcore.io.BlockGuardOs.connect(BlockGuardOs.java:118)
03-07 18:28:48.016243  3340 10948 W System.err: 	at libcore.io.IoBridge.connectErrno(IoBridge.java:151)
03-07 18:28:48.016247  3340 10948 W System.err: 	at libcore.io.IoBridge.connect(IoBridge.java:129)
03-07 18:28:48.016250  3340 10948 W System.err: 	... 12 more
03-07 18:28:48.016359  3340  3340 E IntelliSenseService: connect server failed-> address:10.0.0.34:5096
03-07 18:28:48.024353   702   847 W GraphicBufferSource: released unpopulated slots: [1, 2, 3, 4, 5, 6, 7, 8, 9, 10, 11, 12, 13, 14, 15, 16, 17, 18, 19, 20, 21, 22, 23, 24, 25, 26, 27, 28, 29, 30, 31, 32, 33, 34, 35, 36, 37, 38, 39, 40, 41, 42, 43, 44, 45, 46, 47, 48, 49, 50, 51, 52, 53, 54, 55, 56, 57, 58, 59, 60, 61, 62, 63]
03-07 18:28:48.024675   702  1724 E media.codec: TWGraphicBufferProducer::detachNextBuffer - Invalid output buffer
03-07 18:28:48.049157  2891  2891 I CAR.VENDOR.AVM: onChange:newValue = CarPropertyValue{mPropertyId=0x21400470, mAreaId=0x0, mStatus=0, mTimestamp=1135234169096, mValue=0}
03-07 18:28:48.049218  1579  1579 I CAR.VENDOR.AVM: onChange:newValue = CarPropertyValue{mPropertyId=0x21400470, mAreaId=0x0, mStatus=0, mTimestamp=1135234169096, mValue=0}
03-07 18:28:48.056987   702  1724 W GraphicBufferSource: released unpopulated slots: [1, 2, 3, 4, 5, 6, 7, 8, 9, 10, 11, 12, 13, 14, 15, 16, 17, 18, 19, 20, 21, 22, 23, 24, 25, 26, 27, 28, 29, 30, 31, 32, 33, 34, 35, 36, 37, 38, 39, 40, 41, 42, 43, 44, 45, 46, 47, 48, 49, 50, 51, 52, 53, 54, 55, 56, 57, 58, 59, 60, 61, 62, 63]
03-07 18:28:48.057167   702  1724 E media.codec: TWGraphicBufferProducer::detachNextBuffer - Invalid output buffer
03-07 18:28:48.065204  2784  3629 I SurfaceView: 91928240 Locking canvas... stopped=false, surfaceControl=Surface(name=SurfaceView - )/@0xfcae462
03-07 18:28:48.065694  2784  3629 I SurfaceView: 91928240 Returned canvas: android.view.Surface$CompatibleCanvas@5099929
03-07 18:28:48.090617   702  1724 W GraphicBufferSource: released unpopulated slots: [1, 2, 3, 4, 5, 6, 7, 8, 9, 10, 11, 12, 13, 14, 15, 16, 17, 18, 19, 20, 21, 22, 23, 24, 25, 26, 27, 28, 29, 30, 31, 32, 33, 34, 35, 36, 37, 38, 39, 40, 41, 42, 43, 44, 45, 46, 47, 48, 49, 50, 51, 52, 53, 54, 55, 56, 57, 58, 59, 60, 61, 62, 63]
03-07 18:28:48.090794   702  1724 E media.codec: TWGraphicBufferProducer::detachNextBuffer - Invalid output buffer
03-07 18:28:48.118685  2784  3629 I SurfaceView: 91928240 Locking canvas... stopped=false, surfaceControl=Surface(name=SurfaceView - )/@0xfcae462
03-07 18:28:48.119097  2784  3629 I SurfaceView: 91928240 Returned canvas: android.view.Surface$CompatibleCanvas@5099929
03-07 18:28:48.156254   702  1724 W GraphicBufferSource: released unpopulated slots: [1, 2, 3, 4, 5, 6, 7, 8, 9, 10, 11, 12, 13, 14, 15, 16, 17, 18, 19, 20, 21, 22, 23, 24, 25, 26, 27, 28, 29, 30, 31, 32, 33, 34, 35, 36, 37, 38, 39, 40, 41, 42, 43, 44, 45, 46, 47, 48, 49, 50, 51, 52, 53, 54, 55, 56, 57, 58, 59, 60, 61, 62, 63]
03-07 18:28:48.156439   702  1724 E media.codec: TWGraphicBufferProducer::detachNextBuffer - Invalid output buffer
03-07 18:28:48.159588  1350  1364 E Property.service: getProperty: propId is not in config list:0x21600202
03-07 18:28:48.160313  1579  1579 I CAR.VENDOR.AVM: onChange:newValue = CarPropertyValue{mPropertyId=0x21400470, mAreaId=0x0, mStatus=0, mTimestamp=1135343578002, mValue=0}
03-07 18:28:48.160328  2891  2891 I CAR.VENDOR.AVM: onChange:newValue = CarPropertyValue{mPropertyId=0x21400470, mAreaId=0x0, mStatus=0, mTimestamp=1135343578002, mValue=0}
03-07 18:28:48.171574  2784  3629 I SurfaceView: 91928240 Locking canvas... stopped=false, surfaceControl=Surface(name=SurfaceView - )/@0xfcae462
03-07 18:28:48.171986  2784  3629 I SurfaceView: 91928240 Returned canvas: android.view.Surface$CompatibleCanvas@5099929
