03-07 18:24:29.425332  1579  1579 I CAR.VENDOR.AVM: onChange:newValue = CarPropertyValue{mPropertyId=0x21400470, mAreaId=0x0, mStatus=0, mTimestamp=876609675080, mValue=0}
03-07 18:24:29.434478  2784  3629 I SurfaceView: 91928240 Locking canvas... stopped=false, surfaceControl=Surface(name=SurfaceView - )/@0xfcae462
03-07 18:24:29.434703  2784  3629 I SurfaceView: 91928240 Returned canvas: android.view.Surface$CompatibleCanvas@5099929
03-07 18:24:29.454278   702  1724 W GraphicBufferSource: released unpopulated slots: [1, 2, 3, 4, 5, 6, 7, 8, 9, 10, 11, 12, 13, 14, 15, 16, 17, 18, 19, 20, 21, 22, 23, 24, 25, 26, 27, 28, 29, 30, 31, 32, 33, 34, 35, 36, 37, 38, 39, 40, 41, 42, 43, 44, 45, 46, 47, 48, 49, 50, 51, 52, 53, 54, 55, 56, 57, 58, 59, 60, 61, 62, 63]
03-07 18:24:29.454498   702  1724 E media.codec: TWGraphicBufferProducer::detachNextBuffer - Invalid output buffer
03-07 18:24:29.485788   702  1724 W GraphicBufferSource: released unpopulated slots: [1, 2, 3, 4, 5, 6, 7, 8, 9, 10, 11, 12, 13, 14, 15, 16, 17, 18, 19, 20, 21, 22, 23, 24, 25, 26, 27, 28, 29, 30, 31, 32, 33, 34, 35, 36, 37, 38, 39, 40, 41, 42, 43, 44, 45, 46, 47, 48, 49, 50, 51, 52, 53, 54, 55, 56, 57, 58, 59, 60, 61, 62, 63]
03-07 18:24:29.485972   702  1724 E media.codec: TWGraphicBufferProducer::detachNextBuffer - Invalid output buffer
03-07 18:24:29.486540  2784  3629 I SurfaceView: 91928240 Locking canvas... stopped=false, surfaceControl=Surface(name=SurfaceView - )/@0xfcae462
03-07 18:24:29.486755  2784  3629 I SurfaceView: 91928240 Returned canvas: android.view.Surface$CompatibleCanvas@5099929
03-07 18:24:29.519652   702  1724 W GraphicBufferSource: released unpopulated slots: [1, 2, 3, 4, 5, 6, 7, 8, 9, 10, 11, 12, 13, 14, 15, 16, 17, 18, 19, 20, 21, 22, 23, 24, 25, 26, 27, 28, 29, 30, 31, 32, 33, 34, 35, 36, 37, 38, 39, 40, 41, 42, 43, 44, 45, 46, 47, 48, 49, 50, 51, 52, 53, 54, 55, 56, 57, 58, 59, 60, 61, 62, 63]
03-07 18:24:29.519873   702  1724 E media.codec: TWGraphicBufferProducer::detachNextBuffer - Invalid output buffer
03-07 18:24:29.538018  1579  1579 I CAR.VENDOR.AVM: onChange:newValue = CarPropertyValue{mPropertyId=0x21400470, mAreaId=0x0, mStatus=0, mTimestamp=876721240705, mValue=0}
03-07 18:24:29.538027  2891  2891 I CAR.VENDOR.AVM: onChange:newValue = CarPropertyValue{mPropertyId=0x21400470, mAreaId=0x0, mStatus=0, mTimestamp=876721240705, mValue=0}
03-07 18:24:29.538144  2784  3629 I SurfaceView: 91928240 Locking canvas... stopped=false, surfaceControl=Surface(name=SurfaceView - )/@0xfcae462
03-07 18:24:29.538453  2784  3629 I SurfaceView: 91928240 Returned canvas: android.view.Surface$CompatibleCanvas@5099929
03-07 18:24:29.546948  2507  2507 I BootPresenter: (-$$Lambda$Qut1UVg1Gu75cdlDy9b5jeBJWaU.java:2)bootQuickLogin---->puid = 0
03-07 18:24:29.547640  2507  2507 I BootPresenter: (-$$Lambda$Qut1UVg1Gu75cdlDy9b5jeBJWaU.java:2)bootAutoLogin---->500ms后重试 puid = 0 , faceId = 0 , isNetInited = false
03-07 18:24:29.556394   702  1724 W GraphicBufferSource: released unpopulated slots: [1, 2, 3, 4, 5, 6, 7, 8, 9, 10, 11, 12, 13, 14, 15, 16, 17, 18, 19, 20, 21, 22, 23, 24, 25, 26, 27, 28, 29, 30, 31, 32, 33, 34, 35, 36, 37, 38, 39, 40, 41, 42, 43, 44, 45, 46, 47, 48, 49, 50, 51, 52, 53, 54, 55, 56, 57, 58, 59, 60, 61, 62, 63]
03-07 18:24:29.556747   702  1724 E media.codec: TWGraphicBufferProducer::detachNextBuffer - Invalid output buffer
03-07 18:24:29.590698  2784  3629 I SurfaceView: 91928240 Locking canvas... stopped=false, surfaceControl=Surface(name=SurfaceView - )/@0xfcae462
03-07 18:24:29.590911  2784  3629 I SurfaceView: 91928240 Returned canvas: android.view.Surface$CompatibleCanvas@5099929
03-07 18:24:29.624720   702  1724 W GraphicBufferSource: released unpopulated slots: [1, 2, 3, 4, 5, 6, 7, 8, 9, 10, 11, 12, 13, 14, 15, 16, 17, 18, 19, 20, 21, 22, 23, 24, 25, 26, 27, 28, 29, 30, 31, 32, 33, 34, 35, 36, 37, 38, 39, 40, 41, 42, 43, 44, 45, 46, 47, 48, 49, 50, 51, 52, 53, 54, 55, 56, 57, 58, 59, 60, 61, 62, 63]
03-07 18:24:29.625011   702  1724 E media.codec: TWGraphicBufferProducer::detachNextBuffer - Invalid output buffer
03-07 18:24:29.639437  1907  1907 I MXNavi-onNmeaMessage GPGGA = : s = $GPGGA,,,,,,0,,,,,,,,*66\r
03-07 18:24:29.639487  1907  1907 I MXNavi-onNmeaMessage GPRMC = : s = $GPRMC,,V,,,,,,,,,,N*53
03-07 18:24:29.642458  2784  3629 I SurfaceView: 91928240 Locking canvas... stopped=false, surfaceControl=Surface(name=SurfaceView - )/@0xfcae462
03-07 18:24:29.642824  2784  3629 I SurfaceView: 91928240 Returned canvas: android.view.Surface$CompatibleCanvas@5099929
03-07 18:24:29.647055  1579  1579 I CAR.VENDOR.AVM: onChange:newValue = CarPropertyValue{mPropertyId=0x21400470, mAreaId=0x0, mStatus=0, mTimestamp=876829386017, mValue=0}
03-07 18:24:29.647068  2891  2891 I CAR.VENDOR.AVM: onChange:newValue = CarPropertyValue{mPropertyId=0x21400470, mAreaId=0x0, mStatus=0, mTimestamp=876829386017, mValue=0}
03-07 18:24:29.653641   702  1724 W GraphicBufferSource: released unpopulated slots: [1, 2, 3, 4, 5, 6, 7, 8, 9, 10, 11, 12, 13, 14, 15, 16, 17, 18, 19, 20, 21, 22, 23, 24, 25, 26, 27, 28, 29, 30, 31, 32, 33, 34, 35, 36, 37, 38, 39, 40, 41, 42, 43, 44, 45, 46, 47, 48, 49, 50, 51, 52, 53, 54, 55, 56, 57, 58, 59, 60, 61, 62, 63]
03-07 18:24:29.654097   702  1724 E media.codec: TWGraphicBufferProducer::detachNextBuffer - Invalid output buffer
03-07 18:24:29.687481   702  1724 W GraphicBufferSource: released unpopulated slots: [1, 2, 3, 4, 5, 6, 7, 8, 9, 10, 11, 12, 13, 14, 15, 16, 17, 18, 19, 20, 21, 22, 23, 24, 25, 26, 27, 28, 29, 30, 31, 32, 33, 34, 35, 36, 37, 38, 39, 40, 41, 42, 43, 44, 45, 46, 47, 48, 49, 50, 51, 52, 53, 54, 55, 56, 57, 58, 59, 60, 61, 62, 63]
03-07 18:24:29.687810   702  1724 E media.codec: TWGraphicBufferProducer::detachNextBuffer - Invalid output buffer
03-07 18:24:29.693635  2784  3629 I SurfaceView: 91928240 Locking canvas... stopped=false, surfaceControl=Surface(name=SurfaceView - )/@0xfcae462
03-07 18:24:29.693937  2784  3629 I SurfaceView: 91928240 Returned canvas: android.view.Surface$CompatibleCanvas@5099929
03-07 18:24:29.722568   702  1724 W GraphicBufferSource: released unpopulated slots: [1, 2, 3, 4, 5, 6, 7, 8, 9, 10, 11, 12, 13, 14, 15, 16, 17, 18, 19, 20, 21, 22, 23, 24, 25, 26, 27, 28, 29, 30, 31, 32, 33, 34, 35, 36, 37, 38, 39, 40, 41, 42, 43, 44, 45, 46, 47, 48, 49, 50, 51, 52, 53, 54, 55, 56, 57, 58, 59, 60, 61, 62, 63]
03-07 18:24:29.722871   702  1724 E media.codec: TWGraphicBufferProducer::detachNextBuffer - Invalid output buffer
03-07 18:24:29.745418  2784  3629 I SurfaceView: 91928240 Locking canvas... stopped=false, surfaceControl=Surface(name=SurfaceView - )/@0xfcae462
03-07 18:24:29.745662  2784  3629 I SurfaceView: 91928240 Returned canvas: android.view.Surface$CompatibleCanvas@5099929
03-07 18:24:29.757291  2891  2891 I CAR.VENDOR.AVM: onChange:newValue = CarPropertyValue{mPropertyId=0x21400470, mAreaId=0x0, mStatus=0, mTimestamp=876940931642, mValue=0}
03-07 18:24:29.757368  1579  1579 I CAR.VENDOR.AVM: onChange:newValue = CarPropertyValue{mPropertyId=0x21400470, mAreaId=0x0, mStatus=0, mTimestamp=876940931642, mValue=0}
03-07 18:24:29.788024   702  1724 W GraphicBufferSource: released unpopulated slots: [1, 2, 3, 4, 5, 6, 7, 8, 9, 10, 11, 12, 13, 14, 15, 16, 17, 18, 19, 20, 21, 22, 23, 24, 25, 26, 27, 28, 29, 30, 31, 32, 33, 34, 35, 36, 37, 38, 39, 40, 41, 42, 43, 44, 45, 46, 47, 48, 49, 50, 51, 52, 53, 54, 55, 56, 57, 58, 59, 60, 61, 62, 63]
03-07 18:24:29.788341   702  1724 E media.codec: TWGraphicBufferProducer::detachNextBuffer - Invalid output buffer
03-07 18:24:29.797426  2784  3629 I SurfaceView: 91928240 Locking canvas... stopped=false, surfaceControl=Surface(name=SurfaceView - )/@0xfcae462
03-07 18:24:29.797651  2784  3629 I SurfaceView: 91928240 Returned canvas: android.view.Surface$CompatibleCanvas@5099929
03-07 18:24:29.822308   702  1724 W GraphicBufferSource: released unpopulated slots: [1, 2, 3, 4, 5, 6, 7, 8, 9, 10, 11, 12, 13, 14, 15, 16, 17, 18, 19, 20, 21, 22, 23, 24, 25, 26, 27, 28, 29, 30, 31, 32, 33, 34, 35, 36, 37, 38, 39, 40, 41, 42, 43, 44, 45, 46, 47, 48, 49, 50, 51, 52, 53, 54, 55, 56, 57, 58, 59, 60, 61, 62, 63]
03-07 18:24:29.822606   702  1724 E media.codec: TWGraphicBufferProducer::detachNextBuffer - Invalid output buffer
03-07 18:24:29.849487  2784  3629 I SurfaceView: 91928240 Locking canvas... stopped=false, surfaceControl=Surface(name=SurfaceView - )/@0xfcae462
03-07 18:24:29.849991  2784  3629 I SurfaceView: 91928240 Returned canvas: android.view.Surface$CompatibleCanvas@5099929
03-07 18:24:29.856591   702  1724 W GraphicBufferSource: released unpopulated slots: [1, 2, 3, 4, 5, 6, 7, 8, 9, 10, 11, 12, 13, 14, 15, 16, 17, 18, 19, 20, 21, 22, 23, 24, 25, 26, 27, 28, 29, 30, 31, 32, 33, 34, 35, 36, 37, 38, 39, 40, 41, 42, 43, 44, 45, 46, 47, 48, 49, 50, 51, 52, 53, 54, 55, 56, 57, 58, 59, 60, 61, 62, 63]
03-07 18:24:29.856777   702  1724 E media.codec: TWGraphicBufferProducer::detachNextBuffer - Invalid output buffer
03-07 18:24:29.868158  1579  1579 I CAR.VENDOR.AVM: onChange:newValue = CarPropertyValue{mPropertyId=0x21400470, mAreaId=0x0, mStatus=0, mTimestamp=877051858725, mValue=0}
03-07 18:24:29.868164  2891  2891 I CAR.VENDOR.AVM: onChange:newValue = CarPropertyValue{mPropertyId=0x21400470, mAreaId=0x0, mStatus=0, mTimestamp=877051858725, mValue=0}
03-07 18:24:29.888533   702  1724 W GraphicBufferSource: released unpopulated slots: [1, 2, 3, 4, 5, 6, 7, 8, 9, 10, 11, 12, 13, 14, 15, 16, 17, 18, 19, 20, 21, 22, 23, 24, 25, 26, 27, 28, 29, 30, 31, 32, 33, 34, 35, 36, 37, 38, 39, 40, 41, 42, 43, 44, 45, 46, 47, 48, 49, 50, 51, 52, 53, 54, 55, 56, 57, 58, 59, 60, 61, 62, 63]
03-07 18:24:29.888727   702  1724 E media.codec: TWGraphicBufferProducer::detachNextBuffer - Invalid output buffer
03-07 18:24:29.902588  2784  3629 I SurfaceView: 91928240 Locking canvas... stopped=false, surfaceControl=Surface(name=SurfaceView - )/@0xfcae462
03-07 18:24:29.902788  2784  3629 I SurfaceView: 91928240 Returned canvas: android.view.Surface$CompatibleCanvas@5099929
03-07 18:24:29.954575  2784  3629 I SurfaceView: 91928240 Locking canvas... stopped=false, surfaceControl=Surface(name=SurfaceView - )/@0xfcae462
03-07 18:24:29.954836  2784  3629 I SurfaceView: 91928240 Returned canvas: android.view.Surface$CompatibleCanvas@5099929
03-07 18:24:29.955283   702  1724 W GraphicBufferSource: released unpopulated slots: [1, 2, 3, 4, 5, 6, 7, 8, 9, 10, 11, 12, 13, 14, 15, 16, 17, 18, 19, 20, 21, 22, 23, 24, 25, 26, 27, 28, 29, 30, 31, 32, 33, 34, 35, 36, 37, 38, 39, 40, 41, 42, 43, 44, 45, 46, 47, 48, 49, 50, 51, 52, 53, 54, 55, 56, 57, 58, 59, 60, 61, 62, 63]
03-07 18:24:29.955461   702  1724 E media.codec: TWGraphicBufferProducer::detachNextBuffer - Invalid output buffer
03-07 18:24:29.975499  2891  2891 I CAR.VENDOR.AVM: onChange:newValue = CarPropertyValue{mPropertyId=0x21400470, mAreaId=0x0, mStatus=0, mTimestamp=877158756329, mValue=0}
03-07 18:24:29.975707  1579  1579 I CAR.VENDOR.AVM: onChange:newValue = CarPropertyValue{mPropertyId=0x21400470, mAreaId=0x0, mStatus=0, mTimestamp=877158756329, mValue=0}
03-07 18:24:29.986117   702  1724 W GraphicBufferSource: released unpopulated slots: [1, 2, 3, 4, 5, 6, 7, 8, 9, 10, 11, 12, 13, 14, 15, 16, 17, 18, 19, 20, 21, 22, 23, 24, 25, 26, 27, 28, 29, 30, 31, 32, 33, 34, 35, 36, 37, 38, 39, 40, 41, 42, 43, 44, 45, 46, 47, 48, 49, 50, 51, 52, 53, 54, 55, 56, 57, 58, 59, 60, 61, 62, 63]
03-07 18:24:29.986299   702  1724 E media.codec: TWGraphicBufferProducer::detachNextBuffer - Invalid output buffer
03-07 18:24:29.986603  1057  1082 E u-blox  : ublox::CGnssMeasurementExtension::navMeasurementUpdate: GnssMeasurementExtension callback is not initialized
03-07 18:24:30.005974  2784  3629 I SurfaceView: 91928240 Locking canvas... stopped=false, surfaceControl=Surface(name=SurfaceView - )/@0xfcae462
03-07 18:24:30.006161  2784  3629 I SurfaceView: 91928240 Returned canvas: android.view.Surface$CompatibleCanvas@5099929
03-07 18:24:30.020023   702  1724 W GraphicBufferSource: released unpopulated slots: [1, 2, 3, 4, 5, 6, 7, 8, 9, 10, 11, 12, 13, 14, 15, 16, 17, 18, 19, 20, 21, 22, 23, 24, 25, 26, 27, 28, 29, 30, 31, 32, 33, 34, 35, 36, 37, 38, 39, 40, 41, 42, 43, 44, 45, 46, 47, 48, 49, 50, 51, 52, 53, 54, 55, 56, 57, 58, 59, 60, 61, 62, 63]
03-07 18:24:30.020208   702  1724 E media.codec: TWGraphicBufferProducer::detachNextBuffer - Invalid output buffer
03-07 18:24:30.050372  2507  2507 I BootPresenter: (-$$Lambda$Qut1UVg1Gu75cdlDy9b5jeBJWaU.java:2)bootQuickLogin---->puid = 0
03-07 18:24:30.050899  2507  2507 I BootPresenter: (-$$Lambda$Qut1UVg1Gu75cdlDy9b5jeBJWaU.java:2)bootAutoLogin---->500ms后重试 puid = 0 , faceId = 0 , isNetInited = false
03-07 18:24:30.053487   702  1724 W GraphicBufferSource: released unpopulated slots: [1, 2, 3, 4, 5, 6, 7, 8, 9, 10, 11, 12, 13, 14, 15, 16, 17, 18, 19, 20, 21, 22, 23, 24, 25, 26, 27, 28, 29, 30, 31, 32, 33, 34, 35, 36, 37, 38, 39, 40, 41, 42, 43, 44, 45, 46, 47, 48, 49, 50, 51, 52, 53, 54, 55, 56, 57, 58, 59, 60, 61, 62, 63]
03-07 18:24:30.053664   702  1724 E media.codec: TWGraphicBufferProducer::detachNextBuffer - Invalid output buffer
03-07 18:24:30.057428  2784  3629 I SurfaceView: 91928240 Locking canvas... stopped=false, surfaceControl=Surface(name=SurfaceView - )/@0xfcae462
03-07 18:24:30.057774  2784  3629 I SurfaceView: 91928240 Returned canvas: android.view.Surface$CompatibleCanvas@5099929
03-07 18:24:30.098333  2891  2891 I CAR.VENDOR.AVM: onChange:newValue = CarPropertyValue{mPropertyId=0x21400470, mAreaId=0x0, mStatus=0, mTimestamp=877282318621, mValue=0}
03-07 18:24:30.098470  1579  1579 I CAR.VENDOR.AVM: onChange:newValue = CarPropertyValue{mPropertyId=0x21400470, mAreaId=0x0, mStatus=0, mTimestamp=877282318621, mValue=0}
03-07 18:24:30.108620  2784  3629 I SurfaceView: 91928240 Locking canvas... stopped=false, surfaceControl=Surface(name=SurfaceView - )/@0xfcae462
03-07 18:24:30.109062  2784  3629 I SurfaceView: 91928240 Returned canvas: android.view.Surface$CompatibleCanvas@5099929
03-07 18:24:30.123614   702  1724 W GraphicBufferSource: released unpopulated slots: [1, 2, 3, 4, 5, 6, 7, 8, 9, 10, 11, 12, 13, 14, 15, 16, 17, 18, 19, 20, 21, 22, 23, 24, 25, 26, 27, 28, 29, 30, 31, 32, 33, 34, 35, 36, 37, 38, 39, 40, 41, 42, 43, 44, 45, 46, 47, 48, 49, 50, 51, 52, 53, 54, 55, 56, 57, 58, 59, 60, 61, 62, 63]
03-07 18:24:30.123911   702  1724 E media.codec: TWGraphicBufferProducer::detachNextBuffer - Invalid output buffer
03-07 18:24:30.155239   702  1724 W GraphicBufferSource: released unpopulated slots: [1, 2, 3, 4, 5, 6, 7, 8, 9, 10, 11, 12, 13, 14, 15, 16, 17, 18, 19, 20, 21, 22, 23, 24, 25, 26, 27, 28, 29, 30, 31, 32, 33, 34, 35, 36, 37, 38, 39, 40, 41, 42, 43, 44, 45, 46, 47, 48, 49, 50, 51, 52, 53, 54, 55, 56, 57, 58, 59, 60, 61, 62, 63]
03-07 18:24:30.155428   702  1724 E media.codec: TWGraphicBufferProducer::detachNextBuffer - Invalid output buffer
03-07 18:24:30.158541  1350  1364 E Property.service: getProperty: propId is not in config list:0x21600202
03-07 18:24:30.160435  2784  3629 I SurfaceView: 91928240 Locking canvas... stopped=false, surfaceControl=Surface(name=SurfaceView - )/@0xfcae462
03-07 18:24:30.160690  2784  3629 I SurfaceView: 91928240 Returned canvas: android.view.Surface$CompatibleCanvas@5099929
03-07 18:24:30.190809   702  1724 W GraphicBufferSource: released unpopulated slots: [1, 2, 3, 4, 5, 6, 7, 8, 9, 10, 11, 12, 13, 14, 15, 16, 17, 18, 19, 20, 21, 22, 23, 24, 25, 26, 27, 28, 29, 30, 31, 32, 33, 34, 35, 36, 37, 38, 39, 40, 41, 42, 43, 44, 45, 46, 47, 48, 49, 50, 51, 52, 53, 54, 55, 56, 57, 58, 59, 60, 61, 62, 63]
03-07 18:24:30.191080   702  1724 E media.codec: TWGraphicBufferProducer::detachNextBuffer - Invalid output buffer
03-07 18:24:30.196676  2891  2891 I CAR.VENDOR.AVM: onChange:newValue = CarPropertyValue{mPropertyId=0x21400470, mAreaId=0x0, mStatus=0, mTimestamp=877380509090, mValue=0}
03-07 18:24:30.196876  1579  1579 I CAR.VENDOR.AVM: onChange:newValue = CarPropertyValue{mPropertyId=0x21400470, mAreaId=0x0, mStatus=0, mTimestamp=877380509090, mValue=0}
03-07 18:24:30.213452  2784  3629 I SurfaceView: 91928240 Locking canvas... stopped=false, surfaceControl=Surface(name=SurfaceView - )/@0xfcae462
03-07 18:24:30.213676  2784  3629 I SurfaceView: 91928240 Returned canvas: android.view.Surface$CompatibleCanvas@5099929
03-07 18:24:30.220590   702  1724 W GraphicBufferSource: released unpopulated slots: [1, 2, 3, 4, 5, 6, 7, 8, 9, 10, 11, 12, 13, 14, 15, 16, 17, 18, 19, 20, 21, 22, 23, 24, 25, 26, 27, 28, 29, 30, 31, 32, 33, 34, 35, 36, 37, 38, 39, 40, 41, 42, 43, 44, 45, 46, 47, 48, 49, 50, 51, 52, 53, 54, 55, 56, 57, 58, 59, 60, 61, 62, 63]
03-07 18:24:30.221088   702  1724 E media.codec: TWGraphicBufferProducer::detachNextBuffer - Invalid output buffer
03-07 18:24:30.266413  2784  3629 I SurfaceView: 91928240 Locking canvas... stopped=false, surfaceControl=Surface(name=SurfaceView - )/@0xfcae462
03-07 18:24:30.266636  2784  3629 I SurfaceView: 91928240 Returned canvas: android.view.Surface$CompatibleCanvas@5099929
03-07 18:24:30.289151   702  1724 W GraphicBufferSource: released unpopulated slots: [1, 2, 3, 4, 5, 6, 7, 8, 9, 10, 11, 12, 13, 14, 15, 16, 17, 18, 19, 20, 21, 22, 23, 24, 25, 26, 27, 28, 29, 30, 31, 32, 33, 34, 35, 36, 37, 38, 39, 40, 41, 42, 43, 44, 45, 46, 47, 48, 49, 50, 51, 52, 53, 54, 55, 56, 57, 58, 59, 60, 61, 62, 63]
03-07 18:24:30.289644   702  1724 E media.codec: TWGraphicBufferProducer::detachNextBuffer - Invalid output buffer
03-07 18:24:30.307231  1579  1579 I CAR.VENDOR.AVM: onChange:newValue = CarPropertyValue{mPropertyId=0x21400470, mAreaId=0x0, mStatus=0, mTimestamp=877491892215, mValue=0}
03-07 18:24:30.307327  2891  2891 I CAR.VENDOR.AVM: onChange:newValue = CarPropertyValue{mPropertyId=0x21400470, mAreaId=0x0, mStatus=0, mTimestamp=877491892215, mValue=0}
03-07 18:24:30.317598  2784  3629 I SurfaceView: 91928240 Locking canvas... stopped=false, surfaceControl=Surface(name=SurfaceView - )/@0xfcae462
03-07 18:24:30.317907  2784  3629 I SurfaceView: 91928240 Returned canvas: android.view.Surface$CompatibleCanvas@5099929
03-07 18:24:30.319940   702  1724 W GraphicBufferSource: released unpopulated slots: [1, 2, 3, 4, 5, 6, 7, 8, 9, 10, 11, 12, 13, 14, 15, 16, 17, 18, 19, 20, 21, 22, 23, 24, 25, 26, 27, 28, 29, 30, 31, 32, 33, 34, 35, 36, 37, 38, 39, 40, 41, 42, 43, 44, 45, 46, 47, 48, 49, 50, 51, 52, 53, 54, 55, 56, 57, 58, 59, 60, 61, 62, 63]
03-07 18:24:30.320137   702  1724 E media.codec: TWGraphicBufferProducer::detachNextBuffer - Invalid output buffer
03-07 18:24:30.354931   702  1724 W GraphicBufferSource: released unpopulated slots: [1, 2, 3, 4, 5, 6, 7, 8, 9, 10, 11, 12, 13, 14, 15, 16, 17, 18, 19, 20, 21, 22, 23, 24, 25, 26, 27, 28, 29, 30, 31, 32, 33, 34, 35, 36, 37, 38, 39, 40, 41, 42, 43, 44, 45, 46, 47, 48, 49, 50, 51, 52, 53, 54, 55, 56, 57, 58, 59, 60, 61, 62, 63]
03-07 18:24:30.355117   702  1724 E media.codec: TWGraphicBufferProducer::detachNextBuffer - Invalid output buffer
03-07 18:24:30.369552  2784  3629 I SurfaceView: 91928240 Locking canvas... stopped=false, surfaceControl=Surface(name=SurfaceView - )/@0xfcae462
03-07 18:24:30.369758  2784  3629 I SurfaceView: 91928240 Returned canvas: android.view.Surface$CompatibleCanvas@5099929
03-07 18:24:30.388635   702  1724 W GraphicBufferSource: released unpopulated slots: [1, 2, 3, 4, 5, 6, 7, 8, 9, 10, 11, 12, 13, 14, 15, 16, 17, 18, 19, 20, 21, 22, 23, 24, 25, 26, 27, 28, 29, 30, 31, 32, 33, 34, 35, 36, 37, 38, 39, 40, 41, 42, 43, 44, 45, 46, 47, 48, 49, 50, 51, 52, 53, 54, 55, 56, 57, 58, 59, 60, 61, 62, 63]
03-07 18:24:30.388990   702  1724 E media.codec: TWGraphicBufferProducer::detachNextBuffer - Invalid output buffer
03-07 18:24:30.403749  1156  1270 E WifiVendorHal: getWifiLinkLayerStats(l.937) failed {.code = ERROR_NOT_AVAILABLE, .description = }
03-07 18:24:30.418284  1579  1579 I CAR.VENDOR.AVM: onChange:newValue = CarPropertyValue{mPropertyId=0x21400470, mAreaId=0x0, mStatus=0, mTimestamp=877601704350, mValue=0}
03-07 18:24:30.418400  2891  2891 I CAR.VENDOR.AVM: onChange:newValue = CarPropertyValue{mPropertyId=0x21400470, mAreaId=0x0, mStatus=0, mTimestamp=877601704350, mValue=0}
03-07 18:24:30.421429  2784  3629 I SurfaceView: 91928240 Locking canvas... stopped=false, surfaceControl=Surface(name=SurfaceView - )/@0xfcae462
03-07 18:24:30.421617  2784  3629 I SurfaceView: 91928240 Returned canvas: android.view.Surface$CompatibleCanvas@5099929
03-07 18:24:30.452433   702  1724 W GraphicBufferSource: released unpopulated slots: [1, 2, 3, 4, 5, 6, 7, 8, 9, 10, 11, 12, 13, 14, 15, 16, 17, 18, 19, 20, 21, 22, 23, 24, 25, 26, 27, 28, 29, 30, 31, 32, 33, 34, 35, 36, 37, 38, 39, 40, 41, 42, 43, 44, 45, 46, 47, 48, 49, 50, 51, 52, 53, 54, 55, 56, 57, 58, 59, 60, 61, 62, 63]
03-07 18:24:30.452742   702  1724 E media.codec: TWGraphicBufferProducer::detachNextBuffer - Invalid output buffer
03-07 18:24:30.473607  2784  3629 I SurfaceView: 91928240 Locking canvas... stopped=false, surfaceControl=Surface(name=SurfaceView - )/@0xfcae462
03-07 18:24:30.473807  2784  3629 I SurfaceView: 91928240 Returned canvas: android.view.Surface$CompatibleCanvas@5099929
03-07 18:24:30.490139   702  1724 W GraphicBufferSource: released unpopulated slots: [1, 2, 3, 4, 5, 6, 7, 8, 9, 10, 11, 12, 13, 14, 15, 16, 17, 18, 19, 20, 21, 22, 23, 24, 25, 26, 27, 28, 29, 30, 31, 32, 33, 34, 35, 36, 37, 38, 39, 40, 41, 42, 43, 44, 45, 46, 47, 48, 49, 50, 51, 52, 53, 54, 55, 56, 57, 58, 59, 60, 61, 62, 63]
03-07 18:24:30.490328   702  1724 E media.codec: TWGraphicBufferProducer::detachNextBuffer - Invalid output buffer
03-07 18:24:30.522812   702  1724 W GraphicBufferSource: released unpopulated slots: [1, 2, 3, 4, 5, 6, 7, 8, 9, 10, 11, 12, 13, 14, 15, 16, 17, 18, 19, 20, 21, 22, 23, 24, 25, 26, 27, 28, 29, 30, 31, 32, 33, 34, 35, 36, 37, 38, 39, 40, 41, 42, 43, 44, 45, 46, 47, 48, 49, 50, 51, 52, 53, 54, 55, 56, 57, 58, 59, 60, 61, 62, 63]
03-07 18:24:30.522999   702  1724 E media.codec: TWGraphicBufferProducer::detachNextBuffer - Invalid output buffer
03-07 18:24:30.525440  2784  3629 I SurfaceView: 91928240 Locking canvas... stopped=false, surfaceControl=Surface(name=SurfaceView - )/@0xfcae462
03-07 18:24:30.525640  2784  3629 I SurfaceView: 91928240 Returned canvas: android.view.Surface$CompatibleCanvas@5099929
03-07 18:24:30.531681  2891  2891 I CAR.VENDOR.AVM: onChange:newValue = CarPropertyValue{mPropertyId=0x21400470, mAreaId=0x0, mStatus=0, mTimestamp=877714585704, mValue=0}
03-07 18:24:30.531766  1579  1579 I CAR.VENDOR.AVM: onChange:newValue = CarPropertyValue{mPropertyId=0x21400470, mAreaId=0x0, mStatus=0, mTimestamp=877714585704, mValue=0}
03-07 18:24:30.554066  2507  2507 I BootPresenter: (-$$Lambda$Qut1UVg1Gu75cdlDy9b5jeBJWaU.java:2)bootQuickLogin---->puid = 0
03-07 18:24:30.554960  2507  2507 I BootPresenter: (-$$Lambda$Qut1UVg1Gu75cdlDy9b5jeBJWaU.java:2)bootAutoLogin---->500ms后重试 puid = 0 , faceId = 0 , isNetInited = false
03-07 18:24:30.557757   702  1724 W GraphicBufferSource: released unpopulated slots: [1, 2, 3, 4, 5, 6, 7, 8, 9, 10, 11, 12, 13, 14, 15, 16, 17, 18, 19, 20, 21, 22, 23, 24, 25, 26, 27, 28, 29, 30, 31, 32, 33, 34, 35, 36, 37, 38, 39, 40, 41, 42, 43, 44, 45, 46, 47, 48, 49, 50, 51, 52, 53, 54, 55, 56, 57, 58, 59, 60, 61, 62, 63]
03-07 18:24:30.557950   702  1724 E media.codec: TWGraphicBufferProducer::detachNextBuffer - Invalid output buffer
03-07 18:24:30.577447  2784  3629 I SurfaceView: 91928240 Locking canvas... stopped=false, surfaceControl=Surface(name=SurfaceView - )/@0xfcae462
03-07 18:24:30.577703  2784  3629 I SurfaceView: 91928240 Returned canvas: android.view.Surface$CompatibleCanvas@5099929
03-07 18:24:30.620233   805  3526 E gocserial: open usb serial err:No such device
03-07 18:24:30.624045   702  1724 W GraphicBufferSource: released unpopulated slots: [1, 2, 3, 4, 5, 6, 7, 8, 9, 10, 11, 12, 13, 14, 15, 16, 17, 18, 19, 20, 21, 22, 23, 24, 25, 26, 27, 28, 29, 30, 31, 32, 33, 34, 35, 36, 37, 38, 39, 40, 41, 42, 43, 44, 45, 46, 47, 48, 49, 50, 51, 52, 53, 54, 55, 56, 57, 58, 59, 60, 61, 62, 63]
03-07 18:24:30.624226   702  1724 E media.codec: TWGraphicBufferProducer::detachNextBuffer - Invalid output buffer
--------- switch to kernel
01-01 00:14:47.897803     0     0 I rtk_btusb: btchr_open: BT usb char device is opening
01-01 00:14:47.898620     0     0 E rtk_btusb: btchr_open: Device not probed
--------- switch to main
03-07 18:24:30.628413  2784  3629 I SurfaceView: 91928240 Locking canvas... stopped=false, surfaceControl=Surface(name=SurfaceView - )/@0xfcae462
03-07 18:24:30.628801  2784  3629 I SurfaceView: 91928240 Returned canvas: android.view.Surface$CompatibleCanvas@5099929
03-07 18:24:30.640046  1907  1907 I MXNavi-onNmeaMessage GPGGA = : s = $GPGGA,,,,,,0,,,,,,,,*66\r
03-07 18:24:30.640149  1907  1907 I MXNavi-onNmeaMessage GPRMC = : s = $GPRMC,,V,,,,,,,,,,N*53
03-07 18:24:30.644136  1579  1579 I CAR.VENDOR.AVM: onChange:newValue = CarPropertyValue{mPropertyId=0x21400470, mAreaId=0x0, mStatus=0, mTimestamp=877826111798, mValue=0}
03-07 18:24:30.644287  2891  2891 I CAR.VENDOR.AVM: onChange:newValue = CarPropertyValue{mPropertyId=0x21400470, mAreaId=0x0, mStatus=0, mTimestamp=877826111798, mValue=0}
03-07 18:24:30.655868   702  1724 W GraphicBufferSource: released unpopulated slots: [1, 2, 3, 4, 5, 6, 7, 8, 9, 10, 11, 12, 13, 14, 15, 16, 17, 18, 19, 20, 21, 22, 23, 24, 25, 26, 27, 28, 29, 30, 31, 32, 33, 34, 35, 36, 37, 38, 39, 40, 41, 42, 43, 44, 45, 46, 47, 48, 49, 50, 51, 52, 53, 54, 55, 56, 57, 58, 59, 60, 61, 62, 63]
03-07 18:24:30.656059   702  1724 E media.codec: TWGraphicBufferProducer::detachNextBuffer - Invalid output buffer
03-07 18:24:30.681701  2784  3629 I SurfaceView: 91928240 Locking canvas... stopped=false, surfaceControl=Surface(name=SurfaceView - )/@0xfcae462
03-07 18:24:30.681959  2784  3629 I SurfaceView: 91928240 Returned canvas: android.view.Surface$CompatibleCanvas@5099929
03-07 18:24:30.686226   702  1724 W GraphicBufferSource: released unpopulated slots: [1, 2, 3, 4, 5, 6, 7, 8, 9, 10, 11, 12, 13, 14, 15, 16, 17, 18, 19, 20, 21, 22, 23, 24, 25, 26, 27, 28, 29, 30, 31, 32, 33, 34, 35, 36, 37, 38, 39, 40, 41, 42, 43, 44, 45, 46, 47, 48, 49, 50, 51, 52, 53, 54, 55, 56, 57, 58, 59, 60, 61, 62, 63]
03-07 18:24:30.686452   702  1724 E media.codec: TWGraphicBufferProducer::detachNextBuffer - Invalid output buffer
03-07 18:24:30.720914   702  1724 W GraphicBufferSource: released unpopulated slots: [1, 2, 3, 4, 5, 6, 7, 8, 9, 10, 11, 12, 13, 14, 15, 16, 17, 18, 19, 20, 21, 22, 23, 24, 25, 26, 27, 28, 29, 30, 31, 32, 33, 34, 35, 36, 37, 38, 39, 40, 41, 42, 43, 44, 45, 46, 47, 48, 49, 50, 51, 52, 53, 54, 55, 56, 57, 58, 59, 60, 61, 62, 63]
03-07 18:24:30.721101   702  1724 E media.codec: TWGraphicBufferProducer::detachNextBuffer - Invalid output buffer
03-07 18:24:30.733444  2784  3629 I SurfaceView: 91928240 Locking canvas... stopped=false, surfaceControl=Surface(name=SurfaceView - )/@0xfcae462
03-07 18:24:30.734004  2784  3629 I SurfaceView: 91928240 Returned canvas: android.view.Surface$CompatibleCanvas@5099929
03-07 18:24:30.751166  2891  2891 I CAR.VENDOR.AVM: onChange:newValue = CarPropertyValue{mPropertyId=0x21400470, mAreaId=0x0, mStatus=0, mTimestamp=877935746485, mValue=0}
03-07 18:24:30.751435  1579  1579 I CAR.VENDOR.AVM: onChange:newValue = CarPropertyValue{mPropertyId=0x21400470, mAreaId=0x0, mStatus=0, mTimestamp=877935746485, mValue=0}
03-07 18:24:30.785178  2784  3629 I SurfaceView: 91928240 Locking canvas... stopped=false, surfaceControl=Surface(name=SurfaceView - )/@0xfcae462
03-07 18:24:30.785379  2784  3629 I SurfaceView: 91928240 Returned canvas: android.view.Surface$CompatibleCanvas@5099929
03-07 18:24:30.787315   702  1724 W GraphicBufferSource: released unpopulated slots: [1, 2, 3, 4, 5, 6, 7, 8, 9, 10, 11, 12, 13, 14, 15, 16, 17, 18, 19, 20, 21, 22, 23, 24, 25, 26, 27, 28, 29, 30, 31, 32, 33, 34, 35, 36, 37, 38, 39, 40, 41, 42, 43, 44, 45, 46, 47, 48, 49, 50, 51, 52, 53, 54, 55, 56, 57, 58, 59, 60, 61, 62, 63]
03-07 18:24:30.787883   702  1724 E media.codec: TWGraphicBufferProducer::detachNextBuffer - Invalid output buffer
03-07 18:24:30.823104   702  1724 W GraphicBufferSource: released unpopulated slots: [1, 2, 3, 4, 5, 6, 7, 8, 9, 10, 11, 12, 13, 14, 15, 16, 17, 18, 19, 20, 21, 22, 23, 24, 25, 26, 27, 28, 29, 30, 31, 32, 33, 34, 35, 36, 37, 38, 39, 40, 41, 42, 43, 44, 45, 46, 47, 48, 49, 50, 51, 52, 53, 54, 55, 56, 57, 58, 59, 60, 61, 62, 63]
03-07 18:24:30.823290   702  1724 E media.codec: TWGraphicBufferProducer::detachNextBuffer - Invalid output buffer
03-07 18:24:30.837452  2784  3629 I SurfaceView: 91928240 Locking canvas... stopped=false, surfaceControl=Surface(name=SurfaceView - )/@0xfcae462
03-07 18:24:30.837668  2784  3629 I SurfaceView: 91928240 Returned canvas: android.view.Surface$CompatibleCanvas@5099929
03-07 18:24:30.855235   702  1724 W GraphicBufferSource: released unpopulated slots: [1, 2, 3, 4, 5, 6, 7, 8, 9, 10, 11, 12, 13, 14, 15, 16, 17, 18, 19, 20, 21, 22, 23, 24, 25, 26, 27, 28, 29, 30, 31, 32, 33, 34, 35, 36, 37, 38, 39, 40, 41, 42, 43, 44, 45, 46, 47, 48, 49, 50, 51, 52, 53, 54, 55, 56, 57, 58, 59, 60, 61, 62, 63]
03-07 18:24:30.855656   702  1724 E media.codec: TWGraphicBufferProducer::detachNextBuffer - Invalid output buffer
03-07 18:24:30.861525  1579  1579 I CAR.VENDOR.AVM: onChange:newValue = CarPropertyValue{mPropertyId=0x21400470, mAreaId=0x0, mStatus=0, mTimestamp=878045525131, mValue=0}
03-07 18:24:30.861707  2891  2891 I CAR.VENDOR.AVM: onChange:newValue = CarPropertyValue{mPropertyId=0x21400470, mAreaId=0x0, mStatus=0, mTimestamp=878045525131, mValue=0}
03-07 18:24:30.886869   702  1724 W GraphicBufferSource: released unpopulated slots: [1, 2, 3, 4, 5, 6, 7, 8, 9, 10, 11, 12, 13, 14, 15, 16, 17, 18, 19, 20, 21, 22, 23, 24, 25, 26, 27, 28, 29, 30, 31, 32, 33, 34, 35, 36, 37, 38, 39, 40, 41, 42, 43, 44, 45, 46, 47, 48, 49, 50, 51, 52, 53, 54, 55, 56, 57, 58, 59, 60, 61, 62, 63]
03-07 18:24:30.887066   702  1724 E media.codec: TWGraphicBufferProducer::detachNextBuffer - Invalid output buffer
03-07 18:24:30.889558  2784  3629 I SurfaceView: 91928240 Locking canvas... stopped=false, surfaceControl=Surface(name=SurfaceView - )/@0xfcae462
03-07 18:24:30.889870  2784  3629 I SurfaceView: 91928240 Returned canvas: android.view.Surface$CompatibleCanvas@5099929
03-07 18:24:30.941587  2784  3629 I SurfaceView: 91928240 Locking canvas... stopped=false, surfaceControl=Surface(name=SurfaceView - )/@0xfcae462
03-07 18:24:30.941785  2784  3629 I SurfaceView: 91928240 Returned canvas: android.view.Surface$CompatibleCanvas@5099929
03-07 18:24:30.954207   702  1724 W GraphicBufferSource: released unpopulated slots: [1, 2, 3, 4, 5, 6, 7, 8, 9, 10, 11, 12, 13, 14, 15, 16, 17, 18, 19, 20, 21, 22, 23, 24, 25, 26, 27, 28, 29, 30, 31, 32, 33, 34, 35, 36, 37, 38, 39, 40, 41, 42, 43, 44, 45, 46, 47, 48, 49, 50, 51, 52, 53, 54, 55, 56, 57, 58, 59, 60, 61, 62, 63]
03-07 18:24:30.954398   702  1724 E media.codec: TWGraphicBufferProducer::detachNextBuffer - Invalid output buffer
03-07 18:24:30.972233  1579  1579 I CAR.VENDOR.AVM: onChange:newValue = CarPropertyValue{mPropertyId=0x21400470, mAreaId=0x0, mStatus=0, mTimestamp=878156393308, mValue=0}
03-07 18:24:30.972452  2891  2891 I CAR.VENDOR.AVM: onChange:newValue = CarPropertyValue{mPropertyId=0x21400470, mAreaId=0x0, mStatus=0, mTimestamp=878156393308, mValue=0}
03-07 18:24:30.986040   702  1724 W GraphicBufferSource: released unpopulated slots: [1, 2, 3, 4, 5, 6, 7, 8, 9, 10, 11, 12, 13, 14, 15, 16, 17, 18, 19, 20, 21, 22, 23, 24, 25, 26, 27, 28, 29, 30, 31, 32, 33, 34, 35, 36, 37, 38, 39, 40, 41, 42, 43, 44, 45, 46, 47, 48, 49, 50, 51, 52, 53, 54, 55, 56, 57, 58, 59, 60, 61, 62, 63]
03-07 18:24:30.986207   702  1724 E media.codec: TWGraphicBufferProducer::detachNextBuffer - Invalid output buffer
03-07 18:24:30.986524  1057  1082 E u-blox  : ublox::CGnssMeasurementExtension::navMeasurementUpdate: GnssMeasurementExtension callback is not initialized
03-07 18:24:30.993941  2784  3629 I SurfaceView: 91928240 Locking canvas... stopped=false, surfaceControl=Surface(name=SurfaceView - )/@0xfcae462
03-07 18:24:30.994180  2784  3629 I SurfaceView: 91928240 Returned canvas: android.view.Surface$CompatibleCanvas@5099929
03-07 18:24:31.020692   702  1724 W GraphicBufferSource: released unpopulated slots: [1, 2, 3, 4, 5, 6, 7, 8, 9, 10, 11, 12, 13, 14, 15, 16, 17, 18, 19, 20, 21, 22, 23, 24, 25, 26, 27, 28, 29, 30, 31, 32, 33, 34, 35, 36, 37, 38, 39, 40, 41, 42, 43, 44, 45, 46, 47, 48, 49, 50, 51, 52, 53, 54, 55, 56, 57, 58, 59, 60, 61, 62, 63]
03-07 18:24:31.020893   702  1724 E media.codec: TWGraphicBufferProducer::detachNextBuffer - Invalid output buffer
03-07 18:24:31.044948  2784  3629 I SurfaceView: 91928240 Locking canvas... stopped=false, surfaceControl=Surface(name=SurfaceView - )/@0xfcae462
03-07 18:24:31.045331  2784  3629 I SurfaceView: 91928240 Returned canvas: android.view.Surface$CompatibleCanvas@5099929
03-07 18:24:31.052362   702  1724 W GraphicBufferSource: released unpopulated slots: [1, 2, 3, 4, 5, 6, 7, 8, 9, 10, 11, 12, 13, 14, 15, 16, 17, 18, 19, 20, 21, 22, 23, 24, 25, 26, 27, 28, 29, 30, 31, 32, 33, 34, 35, 36, 37, 38, 39, 40, 41, 42, 43, 44, 45, 46, 47, 48, 49, 50, 51, 52, 53, 54, 55, 56, 57, 58, 59, 60, 61, 62, 63]
03-07 18:24:31.052554   702  1724 E media.codec: TWGraphicBufferProducer::detachNextBuffer - Invalid output buffer
03-07 18:24:31.056836  2507  2507 I BootPresenter: (-$$Lambda$Qut1UVg1Gu75cdlDy9b5jeBJWaU.java:2)bootQuickLogin---->puid = 0
03-07 18:24:31.057419  2507  2507 I BootPresenter: (-$$Lambda$Qut1UVg1Gu75cdlDy9b5jeBJWaU.java:2)bootAutoLogin---->500ms后重试 puid = 0 , faceId = 0 , isNetInited = false
03-07 18:24:31.096413  2784  3629 I SurfaceView: 91928240 Locking canvas... stopped=false, surfaceControl=Surface(name=SurfaceView - )/@0xfcae462
03-07 18:24:31.096611  2784  3629 I SurfaceView: 91928240 Returned canvas: android.view.Surface$CompatibleCanvas@5099929
03-07 18:24:31.112340  2891  2891 I CAR.VENDOR.AVM: onChange:newValue = CarPropertyValue{mPropertyId=0x21400470, mAreaId=0x0, mStatus=0, mTimestamp=878295224298, mValue=0}
03-07 18:24:31.112679  1579  1579 I CAR.VENDOR.AVM: onChange:newValue = CarPropertyValue{mPropertyId=0x21400470, mAreaId=0x0, mStatus=0, mTimestamp=878295224298, mValue=0}
03-07 18:24:31.122274   702  1724 W GraphicBufferSource: released unpopulated slots: [1, 2, 3, 4, 5, 6, 7, 8, 9, 10, 11, 12, 13, 14, 15, 16, 17, 18, 19, 20, 21, 22, 23, 24, 25, 26, 27, 28, 29, 30, 31, 32, 33, 34, 35, 36, 37, 38, 39, 40, 41, 42, 43, 44, 45, 46, 47, 48, 49, 50, 51, 52, 53, 54, 55, 56, 57, 58, 59, 60, 61, 62, 63]
03-07 18:24:31.122460   702  1724 E media.codec: TWGraphicBufferProducer::detachNextBuffer - Invalid output buffer
03-07 18:24:31.148482  2784  3629 I SurfaceView: 91928240 Locking canvas... stopped=false, surfaceControl=Surface(name=SurfaceView - )/@0xfcae462
03-07 18:24:31.148740  2784  3629 I SurfaceView: 91928240 Returned canvas: android.view.Surface$CompatibleCanvas@5099929
03-07 18:24:31.151995   702  1724 W GraphicBufferSource: released unpopulated slots: [1, 2, 3, 4, 5, 6, 7, 8, 9, 10, 11, 12, 13, 14, 15, 16, 17, 18, 19, 20, 21, 22, 23, 24, 25, 26, 27, 28, 29, 30, 31, 32, 33, 34, 35, 36, 37, 38, 39, 40, 41, 42, 43, 44, 45, 46, 47, 48, 49, 50, 51, 52, 53, 54, 55, 56, 57, 58, 59, 60, 61, 62, 63]
03-07 18:24:31.152183   702  1724 E media.codec: TWGraphicBufferProducer::detachNextBuffer - Invalid output buffer
03-07 18:24:31.159118  1350  1364 E Property.service: getProperty: propId is not in config list:0x21600202
03-07 18:24:31.187402   702  1724 W GraphicBufferSource: released unpopulated slots: [1, 2, 3, 4, 5, 6, 7, 8, 9, 10, 11, 12, 13, 14, 15, 16, 17, 18, 19, 20, 21, 22, 23, 24, 25, 26, 27, 28, 29, 30, 31, 32, 33, 34, 35, 36, 37, 38, 39, 40, 41, 42, 43, 44, 45, 46, 47, 48, 49, 50, 51, 52, 53, 54, 55, 56, 57, 58, 59, 60, 61, 62, 63]
03-07 18:24:31.187596   702  1724 E media.codec: TWGraphicBufferProducer::detachNextBuffer - Invalid output buffer
03-07 18:24:31.195618  2891  2891 I CAR.VENDOR.AVM: onChange:newValue = CarPropertyValue{mPropertyId=0x21400470, mAreaId=0x0, mStatus=0, mTimestamp=878378667110, mValue=0}
03-07 18:24:31.195834  1579  1579 I CAR.VENDOR.AVM: onChange:newValue = CarPropertyValue{mPropertyId=0x21400470, mAreaId=0x0, mStatus=0, mTimestamp=878378667110, mValue=0}
03-07 18:24:31.200441  2784  3629 I SurfaceView: 91928240 Locking canvas... stopped=false, surfaceControl=Surface(name=SurfaceView - )/@0xfcae462
03-07 18:24:31.200734  2784  3629 I SurfaceView: 91928240 Returned canvas: android.view.Surface$CompatibleCanvas@5099929
03-07 18:24:31.226905   702  1724 W GraphicBufferSource: released unpopulated slots: [1, 2, 3, 4, 5, 6, 7, 8, 9, 10, 11, 12, 13, 14, 15, 16, 17, 18, 19, 20, 21, 22, 23, 24, 25, 26, 27, 28, 29, 30, 31, 32, 33, 34, 35, 36, 37, 38, 39, 40, 41, 42, 43, 44, 45, 46, 47, 48, 49, 50, 51, 52, 53, 54, 55, 56, 57, 58, 59, 60, 61, 62, 63]
03-07 18:24:31.227079   702  1724 E media.codec: TWGraphicBufferProducer::detachNextBuffer - Invalid output buffer
03-07 18:24:31.252044  2784  3629 I SurfaceView: 91928240 Locking canvas... stopped=false, surfaceControl=Surface(name=SurfaceView - )/@0xfcae462
03-07 18:24:31.252247  2784  3629 I SurfaceView: 91928240 Returned canvas: android.view.Surface$CompatibleCanvas@5099929
03-07 18:24:31.287875   702  1724 W GraphicBufferSource: released unpopulated slots: [1, 2, 3, 4, 5, 6, 7, 8, 9, 10, 11, 12, 13, 14, 15, 16, 17, 18, 19, 20, 21, 22, 23, 24, 25, 26, 27, 28, 29, 30, 31, 32, 33, 34, 35, 36, 37, 38, 39, 40, 41, 42, 43, 44, 45, 46, 47, 48, 49, 50, 51, 52, 53, 54, 55, 56, 57, 58, 59, 60, 61, 62, 63]
03-07 18:24:31.288056   702  1724 E media.codec: TWGraphicBufferProducer::detachNextBuffer - Invalid output buffer
03-07 18:24:31.303430  2784  3629 I SurfaceView: 91928240 Locking canvas... stopped=false, surfaceControl=Surface(name=SurfaceView - )/@0xfcae462
03-07 18:24:31.303662  2784  3629 I SurfaceView: 91928240 Returned canvas: android.view.Surface$CompatibleCanvas@5099929
03-07 18:24:31.305110  1579  1579 I CAR.VENDOR.AVM: onChange:newValue = CarPropertyValue{mPropertyId=0x21400470, mAreaId=0x0, mStatus=0, mTimestamp=878489719454, mValue=0}
03-07 18:24:31.305226  2891  2891 I CAR.VENDOR.AVM: onChange:newValue = CarPropertyValue{mPropertyId=0x21400470, mAreaId=0x0, mStatus=0, mTimestamp=878489719454, mValue=0}
03-07 18:24:31.322933   702  1724 W GraphicBufferSource: released unpopulated slots: [1, 2, 3, 4, 5, 6, 7, 8, 9, 10, 11, 12, 13, 14, 15, 16, 17, 18, 19, 20, 21, 22, 23, 24, 25, 26, 27, 28, 29, 30, 31, 32, 33, 34, 35, 36, 37, 38, 39, 40, 41, 42, 43, 44, 45, 46, 47, 48, 49, 50, 51, 52, 53, 54, 55, 56, 57, 58, 59, 60, 61, 62, 63]
03-07 18:24:31.323117   702  1724 E media.codec: TWGraphicBufferProducer::detachNextBuffer - Invalid output buffer
03-07 18:24:31.352601   702  1724 W GraphicBufferSource: released unpopulated slots: [1, 2, 3, 4, 5, 6, 7, 8, 9, 10, 11, 12, 13, 14, 15, 16, 17, 18, 19, 20, 21, 22, 23, 24, 25, 26, 27, 28, 29, 30, 31, 32, 33, 34, 35, 36, 37, 38, 39, 40, 41, 42, 43, 44, 45, 46, 47, 48, 49, 50, 51, 52, 53, 54, 55, 56, 57, 58, 59, 60, 61, 62, 63]
03-07 18:24:31.352784   702  1724 E media.codec: TWGraphicBufferProducer::detachNextBuffer - Invalid output buffer
03-07 18:24:31.355476  2784  3629 I SurfaceView: 91928240 Locking canvas... stopped=false, surfaceControl=Surface(name=SurfaceView - )/@0xfcae462
03-07 18:24:31.355675  2784  3629 I SurfaceView: 91928240 Returned canvas: android.view.Surface$CompatibleCanvas@5099929
03-07 18:24:31.387020   702  1724 W GraphicBufferSource: released unpopulated slots: [1, 2, 3, 4, 5, 6, 7, 8, 9, 10, 11, 12, 13, 14, 15, 16, 17, 18, 19, 20, 21, 22, 23, 24, 25, 26, 27, 28, 29, 30, 31, 32, 33, 34, 35, 36, 37, 38, 39, 40, 41, 42, 43, 44, 45, 46, 47, 48, 49, 50, 51, 52, 53, 54, 55, 56, 57, 58, 59, 60, 61, 62, 63]
03-07 18:24:31.387206   702  1724 E media.codec: TWGraphicBufferProducer::detachNextBuffer - Invalid output buffer
03-07 18:24:31.407344  2784  3629 I SurfaceView: 91928240 Locking canvas... stopped=false, surfaceControl=Surface(name=SurfaceView - )/@0xfcae462
03-07 18:24:31.407537  2784  3629 I SurfaceView: 91928240 Returned canvas: android.view.Surface$CompatibleCanvas@5099929
03-07 18:24:31.415607   478  4695 W AudioHalHWBosch: in_read: 3072 bytes read in  in_read(). frame_size:24. frames_read:13593600. readOnce:13593600.out frame count:128. dataNum:106199. dataVal:106200. dataNormal:1289. dataExt:0.dataLastValue:0. dateSame:1770.                 SysAmpIntVariant:0. data_analysis :0:0:0:0 :0:0:0:0 :1:-1:-1:0.
03-07 18:24:31.416396  1579  1579 I CAR.VENDOR.AVM: onChange:newValue = CarPropertyValue{mPropertyId=0x21400470, mAreaId=0x0, mStatus=0, mTimestamp=878600427683, mValue=0}
03-07 18:24:31.416501  2891  2891 I CAR.VENDOR.AVM: onChange:newValue = CarPropertyValue{mPropertyId=0x21400470, mAreaId=0x0, mStatus=0, mTimestamp=878600427683, mValue=0}
03-07 18:24:31.453543   702  1724 W GraphicBufferSource: released unpopulated slots: [1, 2, 3, 4, 5, 6, 7, 8, 9, 10, 11, 12, 13, 14, 15, 16, 17, 18, 19, 20, 21, 22, 23, 24, 25, 26, 27, 28, 29, 30, 31, 32, 33, 34, 35, 36, 37, 38, 39, 40, 41, 42, 43, 44, 45, 46, 47, 48, 49, 50, 51, 52, 53, 54, 55, 56, 57, 58, 59, 60, 61, 62, 63]
03-07 18:24:31.454061   702   847 E media.codec: TWGraphicBufferProducer::detachNextBuffer - Invalid output buffer
03-07 18:24:31.458417  2784  3629 I SurfaceView: 91928240 Locking canvas... stopped=false, surfaceControl=Surface(name=SurfaceView - )/@0xfcae462
03-07 18:24:31.458697  2784  3629 I SurfaceView: 91928240 Returned canvas: android.view.Surface$CompatibleCanvas@5099929
03-07 18:24:31.486790   702  1724 W GraphicBufferSource: released unpopulated slots: [1, 2, 3, 4, 5, 6, 7, 8, 9, 10, 11, 12, 13, 14, 15, 16, 17, 18, 19, 20, 21, 22, 23, 24, 25, 26, 27, 28, 29, 30, 31, 32, 33, 34, 35, 36, 37, 38, 39, 40, 41, 42, 43, 44, 45, 46, 47, 48, 49, 50, 51, 52, 53, 54, 55, 56, 57, 58, 59, 60, 61, 62, 63]
03-07 18:24:31.487032   702   847 E media.codec: TWGraphicBufferProducer::detachNextBuffer - Invalid output buffer
03-07 18:24:31.510665  2784  3629 I SurfaceView: 91928240 Locking canvas... stopped=false, surfaceControl=Surface(name=SurfaceView - )/@0xfcae462
03-07 18:24:31.510960  2784  3629 I SurfaceView: 91928240 Returned canvas: android.view.Surface$CompatibleCanvas@5099929
03-07 18:24:31.520532   702  1724 W GraphicBufferSource: released unpopulated slots: [1, 2, 3, 4, 5, 6, 7, 8, 9, 10, 11, 12, 13, 14, 15, 16, 17, 18, 19, 20, 21, 22, 23, 24, 25, 26, 27, 28, 29, 30, 31, 32, 33, 34, 35, 36, 37, 38, 39, 40, 41, 42, 43, 44, 45, 46, 47, 48, 49, 50, 51, 52, 53, 54, 55, 56, 57, 58, 59, 60, 61, 62, 63]
03-07 18:24:31.520721   702  1724 E media.codec: TWGraphicBufferProducer::detachNextBuffer - Invalid output buffer
03-07 18:24:31.524698  2891  2891 I CAR.VENDOR.AVM: onChange:newValue = CarPropertyValue{mPropertyId=0x21400470, mAreaId=0x0, mStatus=0, mTimestamp=878708350287, mValue=0}
03-07 18:24:31.524908  1579  1579 I CAR.VENDOR.AVM: onChange:newValue = CarPropertyValue{mPropertyId=0x21400470, mAreaId=0x0, mStatus=0, mTimestamp=878708350287, mValue=0}
03-07 18:24:31.552116   702  1724 W GraphicBufferSource: released unpopulated slots: [1, 2, 3, 4, 5, 6, 7, 8, 9, 10, 11, 12, 13, 14, 15, 16, 17, 18, 19, 20, 21, 22, 23, 24, 25, 26, 27, 28, 29, 30, 31, 32, 33, 34, 35, 36, 37, 38, 39, 40, 41, 42, 43, 44, 45, 46, 47, 48, 49, 50, 51, 52, 53, 54, 55, 56, 57, 58, 59, 60, 61, 62, 63]
03-07 18:24:31.552297   702  1724 E media.codec: TWGraphicBufferProducer::detachNextBuffer - Invalid output buffer
03-07 18:24:31.559155  2507  2507 I BootPresenter: (-$$Lambda$Qut1UVg1Gu75cdlDy9b5jeBJWaU.java:2)bootQuickLogin---->puid = 0
03-07 18:24:31.560879  2507  2507 I BootPresenter: (-$$Lambda$Qut1UVg1Gu75cdlDy9b5jeBJWaU.java:2)bootAutoLogin---->500ms后重试 puid = 0 , faceId = 0 , isNetInited = false
03-07 18:24:31.562754  2784  3629 I SurfaceView: 91928240 Locking canvas... stopped=false, surfaceControl=Surface(name=SurfaceView - )/@0xfcae462
03-07 18:24:31.562992  2784  3629 I SurfaceView: 91928240 Returned canvas: android.view.Surface$CompatibleCanvas@5099929
03-07 18:24:31.614473  2784  3629 I SurfaceView: 91928240 Locking canvas... stopped=false, surfaceControl=Surface(name=SurfaceView - )/@0xfcae462
03-07 18:24:31.614651  2784  3629 I SurfaceView: 91928240 Returned canvas: android.view.Surface$CompatibleCanvas@5099929
03-07 18:24:31.619732   702  1724 W GraphicBufferSource: released unpopulated slots: [1, 2, 3, 4, 5, 6, 7, 8, 9, 10, 11, 12, 13, 14, 15, 16, 17, 18, 19, 20, 21, 22, 23, 24, 25, 26, 27, 28, 29, 30, 31, 32, 33, 34, 35, 36, 37, 38, 39, 40, 41, 42, 43, 44, 45, 46, 47, 48, 49, 50, 51, 52, 53, 54, 55, 56, 57, 58, 59, 60, 61, 62, 63]
03-07 18:24:31.619950   702  1724 E media.codec: TWGraphicBufferProducer::detachNextBuffer - Invalid output buffer
03-07 18:24:31.633523  1579  1579 I CAR.VENDOR.AVM: onChange:newValue = CarPropertyValue{mPropertyId=0x21400470, mAreaId=0x0, mStatus=0, mTimestamp=878817772162, mValue=0}
03-07 18:24:31.633727  2891  2891 I CAR.VENDOR.AVM: onChange:newValue = CarPropertyValue{mPropertyId=0x21400470, mAreaId=0x0, mStatus=0, mTimestamp=878817772162, mValue=0}
03-07 18:24:31.641786  1907  1907 I MXNavi-onNmeaMessage GPGGA = : s = $GPGGA,,,,,,0,,,,,,,,*66\r
03-07 18:24:31.641889  1907  1907 I MXNavi-onNmeaMessage GPRMC = : s = $GPRMC,,V,,,,,,,,,,N*53
03-07 18:24:31.653009   702  1724 W GraphicBufferSource: released unpopulated slots: [1, 2, 3, 4, 5, 6, 7, 8, 9, 10, 11, 12, 13, 14, 15, 16, 17, 18, 19, 20, 21, 22, 23, 24, 25, 26, 27, 28, 29, 30, 31, 32, 33, 34, 35, 36, 37, 38, 39, 40, 41, 42, 43, 44, 45, 46, 47, 48, 49, 50, 51, 52, 53, 54, 55, 56, 57, 58, 59, 60, 61, 62, 63]
03-07 18:24:31.653267   702  1724 E media.codec: TWGraphicBufferProducer::detachNextBuffer - Invalid output buffer
03-07 18:24:31.667478  2784  3629 I SurfaceView: 91928240 Locking canvas... stopped=false, surfaceControl=Surface(name=SurfaceView - )/@0xfcae462
03-07 18:24:31.668287  2784  3629 I SurfaceView: 91928240 Returned canvas: android.view.Surface$CompatibleCanvas@5099929
03-07 18:24:31.687286   702  1724 W GraphicBufferSource: released unpopulated slots: [1, 2, 3, 4, 5, 6, 7, 8, 9, 10, 11, 12, 13, 14, 15, 16, 17, 18, 19, 20, 21, 22, 23, 24, 25, 26, 27, 28, 29, 30, 31, 32, 33, 34, 35, 36, 37, 38, 39, 40, 41, 42, 43, 44, 45, 46, 47, 48, 49, 50, 51, 52, 53, 54, 55, 56, 57, 58, 59, 60, 61, 62, 63]
03-07 18:24:31.687979   702  1724 E media.codec: TWGraphicBufferProducer::detachNextBuffer - Invalid output buffer
03-07 18:24:31.719342   702  1724 W GraphicBufferSource: released unpopulated slots: [1, 2, 3, 4, 5, 6, 7, 8, 9, 10, 11, 12, 13, 14, 15, 16, 17, 18, 19, 20, 21, 22, 23, 24, 25, 26, 27, 28, 29, 30, 31, 32, 33, 34, 35, 36, 37, 38, 39, 40, 41, 42, 43, 44, 45, 46, 47, 48, 49, 50, 51, 52, 53, 54, 55, 56, 57, 58, 59, 60, 61, 62, 63]
03-07 18:24:31.719487  2784  3629 I SurfaceView: 91928240 Locking canvas... stopped=false, surfaceControl=Surface(name=SurfaceView - )/@0xfcae462
03-07 18:24:31.719685  2784  3629 I SurfaceView: 91928240 Returned canvas: android.view.Surface$CompatibleCanvas@5099929
03-07 18:24:31.719904   702  1724 E media.codec: TWGraphicBufferProducer::detachNextBuffer - Invalid output buffer
03-07 18:24:31.748210  1579  1579 I CAR.VENDOR.AVM: onChange:newValue = CarPropertyValue{mPropertyId=0x21400470, mAreaId=0x0, mStatus=0, mTimestamp=878931463725, mValue=0}
03-07 18:24:31.748323  2891  2891 I CAR.VENDOR.AVM: onChange:newValue = CarPropertyValue{mPropertyId=0x21400470, mAreaId=0x0, mStatus=0, mTimestamp=878931463725, mValue=0}
03-07 18:24:31.771599  2784  3629 I SurfaceView: 91928240 Locking canvas... stopped=false, surfaceControl=Surface(name=SurfaceView - )/@0xfcae462
03-07 18:24:31.771838  2784  3629 I SurfaceView: 91928240 Returned canvas: android.view.Surface$CompatibleCanvas@5099929
03-07 18:24:31.775299  3159  3663 I LocationManager: Choose AMap.
03-07 18:24:31.787928   702  1724 W GraphicBufferSource: released unpopulated slots: [1, 2, 3, 4, 5, 6, 7, 8, 9, 10, 11, 12, 13, 14, 15, 16, 17, 18, 19, 20, 21, 22, 23, 24, 25, 26, 27, 28, 29, 30, 31, 32, 33, 34, 35, 36, 37, 38, 39, 40, 41, 42, 43, 44, 45, 46, 47, 48, 49, 50, 51, 52, 53, 54, 55, 56, 57, 58, 59, 60, 61, 62, 63]
03-07 18:24:31.788111   702  1724 E media.codec: TWGraphicBufferProducer::detachNextBuffer - Invalid output buffer
03-07 18:24:31.820000   702  1724 W GraphicBufferSource: released unpopulated slots: [1, 2, 3, 4, 5, 6, 7, 8, 9, 10, 11, 12, 13, 14, 15, 16, 17, 18, 19, 20, 21, 22, 23, 24, 25, 26, 27, 28, 29, 30, 31, 32, 33, 34, 35, 36, 37, 38, 39, 40, 41, 42, 43, 44, 45, 46, 47, 48, 49, 50, 51, 52, 53, 54, 55, 56, 57, 58, 59, 60, 61, 62, 63]
03-07 18:24:31.820187   702  1724 E media.codec: TWGraphicBufferProducer::detachNextBuffer - Invalid output buffer
03-07 18:24:31.822528  2784  3629 I SurfaceView: 91928240 Locking canvas... stopped=false, surfaceControl=Surface(name=SurfaceView - )/@0xfcae462
03-07 18:24:31.822709  2784  3629 I SurfaceView: 91928240 Returned canvas: android.view.Surface$CompatibleCanvas@5099929
03-07 18:24:31.852613  1579  1579 I CAR.VENDOR.AVM: onChange:newValue = CarPropertyValue{mPropertyId=0x21400470, mAreaId=0x0, mStatus=0, mTimestamp=879036575131, mValue=0}
03-07 18:24:31.853089  2891  2891 I CAR.VENDOR.AVM: onChange:newValue = CarPropertyValue{mPropertyId=0x21400470, mAreaId=0x0, mStatus=0, mTimestamp=879036575131, mValue=0}
03-07 18:24:31.860634   702  1724 W GraphicBufferSource: released unpopulated slots: [1, 2, 3, 4, 5, 6, 7, 8, 9, 10, 11, 12, 13, 14, 15, 16, 17, 18, 19, 20, 21, 22, 23, 24, 25, 26, 27, 28, 29, 30, 31, 32, 33, 34, 35, 36, 37, 38, 39, 40, 41, 42, 43, 44, 45, 46, 47, 48, 49, 50, 51, 52, 53, 54, 55, 56, 57, 58, 59, 60, 61, 62, 63]
03-07 18:24:31.860849   702  1724 E media.codec: TWGraphicBufferProducer::detachNextBuffer - Invalid output buffer
