03-07 18:24:36.670542  2784  3629 I SurfaceView: 91928240 Locking canvas... stopped=false, surfaceControl=Surface(name=SurfaceView - )/@0xfcae462
03-07 18:24:36.670929  2784  3629 I SurfaceView: 91928240 Returned canvas: android.view.Surface$CompatibleCanvas@5099929
03-07 18:24:36.688170   702   847 W GraphicBufferSource: released unpopulated slots: [1, 2, 3, 4, 5, 6, 7, 8, 9, 10, 11, 12, 13, 14, 15, 16, 17, 18, 19, 20, 21, 22, 23, 24, 25, 26, 27, 28, 29, 30, 31, 32, 33, 34, 35, 36, 37, 38, 39, 40, 41, 42, 43, 44, 45, 46, 47, 48, 49, 50, 51, 52, 53, 54, 55, 56, 57, 58, 59, 60, 61, 62, 63]
03-07 18:24:36.688338   702   847 E media.codec: TWGraphicBufferProducer::detachNextBuffer - Invalid output buffer
03-07 18:24:36.718057  2891  2891 I CAR.VENDOR.AVM: onChange:newValue = CarPropertyValue{mPropertyId=0x21400470, mAreaId=0x0, mStatus=0, mTimestamp=883902541483, mValue=0}
03-07 18:24:36.718214  1579  1579 I CAR.VENDOR.AVM: onChange:newValue = CarPropertyValue{mPropertyId=0x21400470, mAreaId=0x0, mStatus=0, mTimestamp=883902541483, mValue=0}
03-07 18:24:36.718533   702   847 W GraphicBufferSource: released unpopulated slots: [1, 2, 3, 4, 5, 6, 7, 8, 9, 10, 11, 12, 13, 14, 15, 16, 17, 18, 19, 20, 21, 22, 23, 24, 25, 26, 27, 28, 29, 30, 31, 32, 33, 34, 35, 36, 37, 38, 39, 40, 41, 42, 43, 44, 45, 46, 47, 48, 49, 50, 51, 52, 53, 54, 55, 56, 57, 58, 59, 60, 61, 62, 63]
03-07 18:24:36.718876   702   847 E media.codec: TWGraphicBufferProducer::detachNextBuffer - Invalid output buffer
03-07 18:24:36.722311  2784  3629 I SurfaceView: 91928240 Locking canvas... stopped=false, surfaceControl=Surface(name=SurfaceView - )/@0xfcae462
03-07 18:24:36.722641  2784  3629 I SurfaceView: 91928240 Returned canvas: android.view.Surface$CompatibleCanvas@5099929
03-07 18:24:36.773741  2784  3629 I SurfaceView: 91928240 Locking canvas... stopped=false, surfaceControl=Surface(name=SurfaceView - )/@0xfcae462
03-07 18:24:36.774200  2784  3629 I SurfaceView: 91928240 Returned canvas: android.view.Surface$CompatibleCanvas@5099929
03-07 18:24:36.776497  3159  3663 I LocationManager: Choose AMap.
03-07 18:24:36.786135   702   847 W GraphicBufferSource: released unpopulated slots: [1, 2, 3, 4, 5, 6, 7, 8, 9, 10, 11, 12, 13, 14, 15, 16, 17, 18, 19, 20, 21, 22, 23, 24, 25, 26, 27, 28, 29, 30, 31, 32, 33, 34, 35, 36, 37, 38, 39, 40, 41, 42, 43, 44, 45, 46, 47, 48, 49, 50, 51, 52, 53, 54, 55, 56, 57, 58, 59, 60, 61, 62, 63]
03-07 18:24:36.786304   702   847 E media.codec: TWGraphicBufferProducer::detachNextBuffer - Invalid output buffer
03-07 18:24:36.819635   702   847 W GraphicBufferSource: released unpopulated slots: [1, 2, 3, 4, 5, 6, 7, 8, 9, 10, 11, 12, 13, 14, 15, 16, 17, 18, 19, 20, 21, 22, 23, 24, 25, 26, 27, 28, 29, 30, 31, 32, 33, 34, 35, 36, 37, 38, 39, 40, 41, 42, 43, 44, 45, 46, 47, 48, 49, 50, 51, 52, 53, 54, 55, 56, 57, 58, 59, 60, 61, 62, 63]
03-07 18:24:36.819798   702   847 E media.codec: TWGraphicBufferProducer::detachNextBuffer - Invalid output buffer
03-07 18:24:36.824867  2784  3629 I SurfaceView: 91928240 Locking canvas... stopped=false, surfaceControl=Surface(name=SurfaceView - )/@0xfcae462
03-07 18:24:36.825135  2784  3629 I SurfaceView: 91928240 Returned canvas: android.view.Surface$CompatibleCanvas@5099929
03-07 18:24:36.826706  2891  2891 I CAR.VENDOR.AVM: onChange:newValue = CarPropertyValue{mPropertyId=0x21400470, mAreaId=0x0, mStatus=0, mTimestamp=884011652316, mValue=0}
03-07 18:24:36.827896  1579  1579 I CAR.VENDOR.AVM: onChange:newValue = CarPropertyValue{mPropertyId=0x21400470, mAreaId=0x0, mStatus=0, mTimestamp=884011652316, mValue=0}
03-07 18:24:36.853529   702   847 W GraphicBufferSource: released unpopulated slots: [1, 2, 3, 4, 5, 6, 7, 8, 9, 10, 11, 12, 13, 14, 15, 16, 17, 18, 19, 20, 21, 22, 23, 24, 25, 26, 27, 28, 29, 30, 31, 32, 33, 34, 35, 36, 37, 38, 39, 40, 41, 42, 43, 44, 45, 46, 47, 48, 49, 50, 51, 52, 53, 54, 55, 56, 57, 58, 59, 60, 61, 62, 63]
03-07 18:24:36.853696   702   847 E media.codec: TWGraphicBufferProducer::detachNextBuffer - Invalid output buffer
03-07 18:24:36.877607  2784  3629 I SurfaceView: 91928240 Locking canvas... stopped=false, surfaceControl=Surface(name=SurfaceView - )/@0xfcae462
03-07 18:24:36.877821  2784  3629 I SurfaceView: 91928240 Returned canvas: android.view.Surface$CompatibleCanvas@5099929
03-07 18:24:36.887277   702   847 W GraphicBufferSource: released unpopulated slots: [1, 2, 3, 4, 5, 6, 7, 8, 9, 10, 11, 12, 13, 14, 15, 16, 17, 18, 19, 20, 21, 22, 23, 24, 25, 26, 27, 28, 29, 30, 31, 32, 33, 34, 35, 36, 37, 38, 39, 40, 41, 42, 43, 44, 45, 46, 47, 48, 49, 50, 51, 52, 53, 54, 55, 56, 57, 58, 59, 60, 61, 62, 63]
03-07 18:24:36.887690   702   847 E media.codec: TWGraphicBufferProducer::detachNextBuffer - Invalid output buffer
03-07 18:24:36.930501  2784  3629 I SurfaceView: 91928240 Locking canvas... stopped=false, surfaceControl=Surface(name=SurfaceView - )/@0xfcae462
03-07 18:24:36.930708  2784  3629 I SurfaceView: 91928240 Returned canvas: android.view.Surface$CompatibleCanvas@5099929
03-07 18:24:36.936312  2891  2891 I CAR.VENDOR.AVM: onChange:newValue = CarPropertyValue{mPropertyId=0x21400470, mAreaId=0x0, mStatus=0, mTimestamp=884121596118, mValue=0}
03-07 18:24:36.936399  1579  1579 I CAR.VENDOR.AVM: onChange:newValue = CarPropertyValue{mPropertyId=0x21400470, mAreaId=0x0, mStatus=0, mTimestamp=884121596118, mValue=0}
03-07 18:24:36.955309   702   847 W GraphicBufferSource: released unpopulated slots: [1, 2, 3, 4, 5, 6, 7, 8, 9, 10, 11, 12, 13, 14, 15, 16, 17, 18, 19, 20, 21, 22, 23, 24, 25, 26, 27, 28, 29, 30, 31, 32, 33, 34, 35, 36, 37, 38, 39, 40, 41, 42, 43, 44, 45, 46, 47, 48, 49, 50, 51, 52, 53, 54, 55, 56, 57, 58, 59, 60, 61, 62, 63]
03-07 18:24:36.955473   702   847 E media.codec: TWGraphicBufferProducer::detachNextBuffer - Invalid output buffer
03-07 18:24:36.982466  2784  3629 I SurfaceView: 91928240 Locking canvas... stopped=false, surfaceControl=Surface(name=SurfaceView - )/@0xfcae462
03-07 18:24:36.982730  2784  3629 I SurfaceView: 91928240 Returned canvas: android.view.Surface$CompatibleCanvas@5099929
03-07 18:24:36.986740  1057  1082 E u-blox  : ublox::CGnssMeasurementExtension::navMeasurementUpdate: GnssMeasurementExtension callback is not initialized
03-07 18:24:36.988290   702   847 W GraphicBufferSource: released unpopulated slots: [1, 2, 3, 4, 5, 6, 7, 8, 9, 10, 11, 12, 13, 14, 15, 16, 17, 18, 19, 20, 21, 22, 23, 24, 25, 26, 27, 28, 29, 30, 31, 32, 33, 34, 35, 36, 37, 38, 39, 40, 41, 42, 43, 44, 45, 46, 47, 48, 49, 50, 51, 52, 53, 54, 55, 56, 57, 58, 59, 60, 61, 62, 63]
03-07 18:24:36.988443   702   847 E media.codec: TWGraphicBufferProducer::detachNextBuffer - Invalid output buffer
03-07 18:24:37.020189   702   847 W GraphicBufferSource: released unpopulated slots: [1, 2, 3, 4, 5, 6, 7, 8, 9, 10, 11, 12, 13, 14, 15, 16, 17, 18, 19, 20, 21, 22, 23, 24, 25, 26, 27, 28, 29, 30, 31, 32, 33, 34, 35, 36, 37, 38, 39, 40, 41, 42, 43, 44, 45, 46, 47, 48, 49, 50, 51, 52, 53, 54, 55, 56, 57, 58, 59, 60, 61, 62, 63]
03-07 18:24:37.020501   702   847 E media.codec: TWGraphicBufferProducer::detachNextBuffer - Invalid output buffer
03-07 18:24:37.033502  2784  3629 I SurfaceView: 91928240 Locking canvas... stopped=false, surfaceControl=Surface(name=SurfaceView - )/@0xfcae462
03-07 18:24:37.033713  2784  3629 I SurfaceView: 91928240 Returned canvas: android.view.Surface$CompatibleCanvas@5099929
03-07 18:24:37.049864  2891  2891 I CAR.VENDOR.AVM: onChange:newValue = CarPropertyValue{mPropertyId=0x21400470, mAreaId=0x0, mStatus=0, mTimestamp=884233908306, mValue=0}
03-07 18:24:37.050097  1579  1579 I CAR.VENDOR.AVM: onChange:newValue = CarPropertyValue{mPropertyId=0x21400470, mAreaId=0x0, mStatus=0, mTimestamp=884233908306, mValue=0}
03-07 18:24:37.056001   702   847 W GraphicBufferSource: released unpopulated slots: [1, 2, 3, 4, 5, 6, 7, 8, 9, 10, 11, 12, 13, 14, 15, 16, 17, 18, 19, 20, 21, 22, 23, 24, 25, 26, 27, 28, 29, 30, 31, 32, 33, 34, 35, 36, 37, 38, 39, 40, 41, 42, 43, 44, 45, 46, 47, 48, 49, 50, 51, 52, 53, 54, 55, 56, 57, 58, 59, 60, 61, 62, 63]
03-07 18:24:37.056198   702   847 E media.codec: TWGraphicBufferProducer::detachNextBuffer - Invalid output buffer
03-07 18:24:37.084426  2784  3629 I SurfaceView: 91928240 Locking canvas... stopped=false, surfaceControl=Surface(name=SurfaceView - )/@0xfcae462
03-07 18:24:37.084651  2784  3629 I SurfaceView: 91928240 Returned canvas: android.view.Surface$CompatibleCanvas@5099929
03-07 18:24:37.117475  2507  2507 I BootPresenter: (-$$Lambda$Qut1UVg1Gu75cdlDy9b5jeBJWaU.java:2)bootQuickLogin---->puid = 0
03-07 18:24:37.118529  2507  2507 I BootPresenter: (-$$Lambda$Qut1UVg1Gu75cdlDy9b5jeBJWaU.java:2)bootAutoLogin---->500ms后重试 puid = 0 , faceId = 0 , isNetInited = false
03-07 18:24:37.129904   702   847 W GraphicBufferSource: released unpopulated slots: [1, 2, 3, 4, 5, 6, 7, 8, 9, 10, 11, 12, 13, 14, 15, 16, 17, 18, 19, 20, 21, 22, 23, 24, 25, 26, 27, 28, 29, 30, 31, 32, 33, 34, 35, 36, 37, 38, 39, 40, 41, 42, 43, 44, 45, 46, 47, 48, 49, 50, 51, 52, 53, 54, 55, 56, 57, 58, 59, 60, 61, 62, 63]
03-07 18:24:37.130090   702   847 E media.codec: TWGraphicBufferProducer::detachNextBuffer - Invalid output buffer
03-07 18:24:37.135675  2784  3629 I SurfaceView: 91928240 Locking canvas... stopped=false, surfaceControl=Surface(name=SurfaceView - )/@0xfcae462
03-07 18:24:37.135887  2784  3629 I SurfaceView: 91928240 Returned canvas: android.view.Surface$CompatibleCanvas@5099929
03-07 18:24:37.157054   702   847 W GraphicBufferSource: released unpopulated slots: [1, 2, 3, 4, 5, 6, 7, 8, 9, 10, 11, 12, 13, 14, 15, 16, 17, 18, 19, 20, 21, 22, 23, 24, 25, 26, 27, 28, 29, 30, 31, 32, 33, 34, 35, 36, 37, 38, 39, 40, 41, 42, 43, 44, 45, 46, 47, 48, 49, 50, 51, 52, 53, 54, 55, 56, 57, 58, 59, 60, 61, 62, 63]
03-07 18:24:37.157213   702   847 E media.codec: TWGraphicBufferProducer::detachNextBuffer - Invalid output buffer
03-07 18:24:37.159535  2891  2891 I CAR.VENDOR.AVM: onChange:newValue = CarPropertyValue{mPropertyId=0x21400470, mAreaId=0x0, mStatus=0, mTimestamp=884343334400, mValue=0}
03-07 18:24:37.159650  1579  1579 I CAR.VENDOR.AVM: onChange:newValue = CarPropertyValue{mPropertyId=0x21400470, mAreaId=0x0, mStatus=0, mTimestamp=884343334400, mValue=0}
03-07 18:24:37.159858  1350  1364 E Property.service: getProperty: propId is not in config list:0x21600202
03-07 18:24:37.187712  2784  3629 I SurfaceView: 91928240 Locking canvas... stopped=false, surfaceControl=Surface(name=SurfaceView - )/@0xfcae462
03-07 18:24:37.187994  2784  3629 I SurfaceView: 91928240 Returned canvas: android.view.Surface$CompatibleCanvas@5099929
03-07 18:24:37.189436   702   847 W GraphicBufferSource: released unpopulated slots: [1, 2, 3, 4, 5, 6, 7, 8, 9, 10, 11, 12, 13, 14, 15, 16, 17, 18, 19, 20, 21, 22, 23, 24, 25, 26, 27, 28, 29, 30, 31, 32, 33, 34, 35, 36, 37, 38, 39, 40, 41, 42, 43, 44, 45, 46, 47, 48, 49, 50, 51, 52, 53, 54, 55, 56, 57, 58, 59, 60, 61, 62, 63]
03-07 18:24:37.189572   702   847 E media.codec: TWGraphicBufferProducer::detachNextBuffer - Invalid output buffer
03-07 18:24:37.224305   702   847 W GraphicBufferSource: released unpopulated slots: [1, 2, 3, 4, 5, 6, 7, 8, 9, 10, 11, 12, 13, 14, 15, 16, 17, 18, 19, 20, 21, 22, 23, 24, 25, 26, 27, 28, 29, 30, 31, 32, 33, 34, 35, 36, 37, 38, 39, 40, 41, 42, 43, 44, 45, 46, 47, 48, 49, 50, 51, 52, 53, 54, 55, 56, 57, 58, 59, 60, 61, 62, 63]
03-07 18:24:37.224529   702   847 E media.codec: TWGraphicBufferProducer::detachNextBuffer - Invalid output buffer
03-07 18:24:37.240495  2784  3629 I SurfaceView: 91928240 Locking canvas... stopped=false, surfaceControl=Surface(name=SurfaceView - )/@0xfcae462
03-07 18:24:37.240720  2784  3629 I SurfaceView: 91928240 Returned canvas: android.view.Surface$CompatibleCanvas@5099929
03-07 18:24:37.268020  2891  2891 I CAR.VENDOR.AVM: onChange:newValue = CarPropertyValue{mPropertyId=0x21400470, mAreaId=0x0, mStatus=0, mTimestamp=884452409243, mValue=0}
03-07 18:24:37.268287  1579  1579 I CAR.VENDOR.AVM: onChange:newValue = CarPropertyValue{mPropertyId=0x21400470, mAreaId=0x0, mStatus=0, mTimestamp=884452409243, mValue=0}
03-07 18:24:37.284577   509   618 E TBOX_PROTOCOL: socket: 6, ip:192.168.225.1, port:7788,  connect tbox server fails, error: Connection timed out
03-07 18:24:37.292533  2784  3629 I SurfaceView: 91928240 Locking canvas... stopped=false, surfaceControl=Surface(name=SurfaceView - )/@0xfcae462
03-07 18:24:37.292872  2784  3629 I SurfaceView: 91928240 Returned canvas: android.view.Surface$CompatibleCanvas@5099929
03-07 18:24:37.293742   702   847 W GraphicBufferSource: released unpopulated slots: [1, 2, 3, 4, 5, 6, 7, 8, 9, 10, 11, 12, 13, 14, 15, 16, 17, 18, 19, 20, 21, 22, 23, 24, 25, 26, 27, 28, 29, 30, 31, 32, 33, 34, 35, 36, 37, 38, 39, 40, 41, 42, 43, 44, 45, 46, 47, 48, 49, 50, 51, 52, 53, 54, 55, 56, 57, 58, 59, 60, 61, 62, 63]
03-07 18:24:37.293945   702   847 E media.codec: TWGraphicBufferProducer::detachNextBuffer - Invalid output buffer
03-07 18:24:37.326717   702   847 W GraphicBufferSource: released unpopulated slots: [1, 2, 3, 4, 5, 6, 7, 8, 9, 10, 11, 12, 13, 14, 15, 16, 17, 18, 19, 20, 21, 22, 23, 24, 25, 26, 27, 28, 29, 30, 31, 32, 33, 34, 35, 36, 37, 38, 39, 40, 41, 42, 43, 44, 45, 46, 47, 48, 49, 50, 51, 52, 53, 54, 55, 56, 57, 58, 59, 60, 61, 62, 63]
03-07 18:24:37.326877   702   847 E media.codec: TWGraphicBufferProducer::detachNextBuffer - Invalid output buffer
03-07 18:24:37.334594  3340  3340 E IntelliSenseService: heartBeatRunnable requestEcu HandShake
03-07 18:24:37.335016  3340  3340 E TcpLibClient: 服务端端口: 10.0.0.34:5096, 指定服务端未连接
03-07 18:24:37.335137  3340  3340 E IntelliSenseService: connect server close-> address:10.0.0.34
03-07 18:24:37.335157  3340  3340 E TcpManager: 与服务器连接已断开
03-07 18:24:37.344549  2784  3629 I SurfaceView: 91928240 Locking canvas... stopped=false, surfaceControl=Surface(name=SurfaceView - )/@0xfcae462
03-07 18:24:37.344857  2784  3629 I SurfaceView: 91928240 Returned canvas: android.view.Surface$CompatibleCanvas@5099929
03-07 18:24:37.357803   702   847 W GraphicBufferSource: released unpopulated slots: [1, 2, 3, 4, 5, 6, 7, 8, 9, 10, 11, 12, 13, 14, 15, 16, 17, 18, 19, 20, 21, 22, 23, 24, 25, 26, 27, 28, 29, 30, 31, 32, 33, 34, 35, 36, 37, 38, 39, 40, 41, 42, 43, 44, 45, 46, 47, 48, 49, 50, 51, 52, 53, 54, 55, 56, 57, 58, 59, 60, 61, 62, 63]
03-07 18:24:37.358264   702   847 E media.codec: TWGraphicBufferProducer::detachNextBuffer - Invalid output buffer
03-07 18:24:37.377646  2891  2891 I CAR.VENDOR.AVM: onChange:newValue = CarPropertyValue{mPropertyId=0x21400470, mAreaId=0x0, mStatus=0, mTimestamp=884562692525, mValue=0}
03-07 18:24:37.377725  1579  1579 I CAR.VENDOR.AVM: onChange:newValue = CarPropertyValue{mPropertyId=0x21400470, mAreaId=0x0, mStatus=0, mTimestamp=884562692525, mValue=0}
03-07 18:24:37.392805   702   847 W GraphicBufferSource: released unpopulated slots: [1, 2, 3, 4, 5, 6, 7, 8, 9, 10, 11, 12, 13, 14, 15, 16, 17, 18, 19, 20, 21, 22, 23, 24, 25, 26, 27, 28, 29, 30, 31, 32, 33, 34, 35, 36, 37, 38, 39, 40, 41, 42, 43, 44, 45, 46, 47, 48, 49, 50, 51, 52, 53, 54, 55, 56, 57, 58, 59, 60, 61, 62, 63]
03-07 18:24:37.392974   702   847 E media.codec: TWGraphicBufferProducer::detachNextBuffer - Invalid output buffer
03-07 18:24:37.397496  2784  3629 I SurfaceView: 91928240 Locking canvas... stopped=false, surfaceControl=Surface(name=SurfaceView - )/@0xfcae462
03-07 18:24:37.397714  2784  3629 I SurfaceView: 91928240 Returned canvas: android.view.Surface$CompatibleCanvas@5099929
03-07 18:24:37.448471  2784  3629 I SurfaceView: 91928240 Locking canvas... stopped=false, surfaceControl=Surface(name=SurfaceView - )/@0xfcae462
03-07 18:24:37.448690  2784  3629 I SurfaceView: 91928240 Returned canvas: android.view.Surface$CompatibleCanvas@5099929
03-07 18:24:37.453413   702   847 W GraphicBufferSource: released unpopulated slots: [1, 2, 3, 4, 5, 6, 7, 8, 9, 10, 11, 12, 13, 14, 15, 16, 17, 18, 19, 20, 21, 22, 23, 24, 25, 26, 27, 28, 29, 30, 31, 32, 33, 34, 35, 36, 37, 38, 39, 40, 41, 42, 43, 44, 45, 46, 47, 48, 49, 50, 51, 52, 53, 54, 55, 56, 57, 58, 59, 60, 61, 62, 63]
03-07 18:24:37.453574   702   847 E media.codec: TWGraphicBufferProducer::detachNextBuffer - Invalid output buffer
03-07 18:24:37.487977  2891  2891 I CAR.VENDOR.AVM: onChange:newValue = CarPropertyValue{mPropertyId=0x21400470, mAreaId=0x0, mStatus=0, mTimestamp=884673000702, mValue=0}
03-07 18:24:37.488008  1579  1579 I CAR.VENDOR.AVM: onChange:newValue = CarPropertyValue{mPropertyId=0x21400470, mAreaId=0x0, mStatus=0, mTimestamp=884673000702, mValue=0}
03-07 18:24:37.488973   702   847 W GraphicBufferSource: released unpopulated slots: [1, 2, 3, 4, 5, 6, 7, 8, 9, 10, 11, 12, 13, 14, 15, 16, 17, 18, 19, 20, 21, 22, 23, 24, 25, 26, 27, 28, 29, 30, 31, 32, 33, 34, 35, 36, 37, 38, 39, 40, 41, 42, 43, 44, 45, 46, 47, 48, 49, 50, 51, 52, 53, 54, 55, 56, 57, 58, 59, 60, 61, 62, 63]
03-07 18:24:37.489161   702   847 E media.codec: TWGraphicBufferProducer::detachNextBuffer - Invalid output buffer
03-07 18:24:37.501741  2784  3629 I SurfaceView: 91928240 Locking canvas... stopped=false, surfaceControl=Surface(name=SurfaceView - )/@0xfcae462
03-07 18:24:37.501990  2784  3629 I SurfaceView: 91928240 Returned canvas: android.view.Surface$CompatibleCanvas@5099929
03-07 18:24:37.524196   702   847 W GraphicBufferSource: released unpopulated slots: [1, 2, 3, 4, 5, 6, 7, 8, 9, 10, 11, 12, 13, 14, 15, 16, 17, 18, 19, 20, 21, 22, 23, 24, 25, 26, 27, 28, 29, 30, 31, 32, 33, 34, 35, 36, 37, 38, 39, 40, 41, 42, 43, 44, 45, 46, 47, 48, 49, 50, 51, 52, 53, 54, 55, 56, 57, 58, 59, 60, 61, 62, 63]
03-07 18:24:37.524362   702   847 E media.codec: TWGraphicBufferProducer::detachNextBuffer - Invalid output buffer
03-07 18:24:37.553489  2784  3629 I SurfaceView: 91928240 Locking canvas... stopped=false, surfaceControl=Surface(name=SurfaceView - )/@0xfcae462
03-07 18:24:37.553667   702   847 W GraphicBufferSource: released unpopulated slots: [1, 2, 3, 4, 5, 6, 7, 8, 9, 10, 11, 12, 13, 14, 15, 16, 17, 18, 19, 20, 21, 22, 23, 24, 25, 26, 27, 28, 29, 30, 31, 32, 33, 34, 35, 36, 37, 38, 39, 40, 41, 42, 43, 44, 45, 46, 47, 48, 49, 50, 51, 52, 53, 54, 55, 56, 57, 58, 59, 60, 61, 62, 63]
03-07 18:24:37.553783  2784  3629 I SurfaceView: 91928240 Returned canvas: android.view.Surface$CompatibleCanvas@5099929
03-07 18:24:37.553950   702   847 E media.codec: TWGraphicBufferProducer::detachNextBuffer - Invalid output buffer
03-07 18:24:37.599267  2891  2891 I CAR.VENDOR.AVM: onChange:newValue = CarPropertyValue{mPropertyId=0x21400470, mAreaId=0x0, mStatus=0, mTimestamp=884783440597, mValue=0}
03-07 18:24:37.599302  1579  1579 I CAR.VENDOR.AVM: onChange:newValue = CarPropertyValue{mPropertyId=0x21400470, mAreaId=0x0, mStatus=0, mTimestamp=884783440597, mValue=0}
03-07 18:24:37.605597  2784  3629 I SurfaceView: 91928240 Locking canvas... stopped=false, surfaceControl=Surface(name=SurfaceView - )/@0xfcae462
03-07 18:24:37.606231  2784  3629 I SurfaceView: 91928240 Returned canvas: android.view.Surface$CompatibleCanvas@5099929
03-07 18:24:37.622479  2507  2507 I BootPresenter: (-$$Lambda$Qut1UVg1Gu75cdlDy9b5jeBJWaU.java:2)bootQuickLogin---->puid = 0
03-07 18:24:37.623323   702   847 W GraphicBufferSource: released unpopulated slots: [1, 2, 3, 4, 5, 6, 7, 8, 9, 10, 11, 12, 13, 14, 15, 16, 17, 18, 19, 20, 21, 22, 23, 24, 25, 26, 27, 28, 29, 30, 31, 32, 33, 34, 35, 36, 37, 38, 39, 40, 41, 42, 43, 44, 45, 46, 47, 48, 49, 50, 51, 52, 53, 54, 55, 56, 57, 58, 59, 60, 61, 62, 63]
03-07 18:24:37.623475  2507  2507 I BootPresenter: (-$$Lambda$Qut1UVg1Gu75cdlDy9b5jeBJWaU.java:2)bootAutoLogin---->500ms后重试 puid = 0 , faceId = 0 , isNetInited = false
03-07 18:24:37.623505   702   847 E media.codec: TWGraphicBufferProducer::detachNextBuffer - Invalid output buffer
03-07 18:24:37.629091   702  4245 I OMX-VENC: venc_dev: stats: avg. fps 24.20, bitrate 1173953
03-07 18:24:37.647758  1907  1907 I MXNavi-onNmeaMessage GPGGA = : s = $GPGGA,,,,,,0,,,,,,,,*66\r
03-07 18:24:37.647806  1907  1907 I MXNavi-onNmeaMessage GPRMC = : s = $GPRMC,,V,,,,,,,,,,N*53
03-07 18:24:37.653473   702   847 W GraphicBufferSource: released unpopulated slots: [1, 2, 3, 4, 5, 6, 7, 8, 9, 10, 11, 12, 13, 14, 15, 16, 17, 18, 19, 20, 21, 22, 23, 24, 25, 26, 27, 28, 29, 30, 31, 32, 33, 34, 35, 36, 37, 38, 39, 40, 41, 42, 43, 44, 45, 46, 47, 48, 49, 50, 51, 52, 53, 54, 55, 56, 57, 58, 59, 60, 61, 62, 63]
03-07 18:24:37.653678   702   847 E media.codec: TWGraphicBufferProducer::detachNextBuffer - Invalid output buffer
03-07 18:24:37.659195  2784  3629 I SurfaceView: 91928240 Locking canvas... stopped=false, surfaceControl=Surface(name=SurfaceView - )/@0xfcae462
03-07 18:24:37.659588  2784  3629 I SurfaceView: 91928240 Returned canvas: android.view.Surface$CompatibleCanvas@5099929
03-07 18:24:37.689919   702   847 W GraphicBufferSource: released unpopulated slots: [1, 2, 3, 4, 5, 6, 7, 8, 9, 10, 11, 12, 13, 14, 15, 16, 17, 18, 19, 20, 21, 22, 23, 24, 25, 26, 27, 28, 29, 30, 31, 32, 33, 34, 35, 36, 37, 38, 39, 40, 41, 42, 43, 44, 45, 46, 47, 48, 49, 50, 51, 52, 53, 54, 55, 56, 57, 58, 59, 60, 61, 62, 63]
03-07 18:24:37.690082   702   847 E media.codec: TWGraphicBufferProducer::detachNextBuffer - Invalid output buffer
03-07 18:24:37.708078  2891  2891 I CAR.VENDOR.AVM: onChange:newValue = CarPropertyValue{mPropertyId=0x21400470, mAreaId=0x0, mStatus=0, mTimestamp=884892516118, mValue=0}
03-07 18:24:37.708152  1579  1579 I CAR.VENDOR.AVM: onChange:newValue = CarPropertyValue{mPropertyId=0x21400470, mAreaId=0x0, mStatus=0, mTimestamp=884892516118, mValue=0}
03-07 18:24:37.710541  2784  3629 I SurfaceView: 91928240 Locking canvas... stopped=false, surfaceControl=Surface(name=SurfaceView - )/@0xfcae462
03-07 18:24:37.710845  2784  3629 I SurfaceView: 91928240 Returned canvas: android.view.Surface$CompatibleCanvas@5099929
03-07 18:24:37.722222   702   847 W GraphicBufferSource: released unpopulated slots: [1, 2, 3, 4, 5, 6, 7, 8, 9, 10, 11, 12, 13, 14, 15, 16, 17, 18, 19, 20, 21, 22, 23, 24, 25, 26, 27, 28, 29, 30, 31, 32, 33, 34, 35, 36, 37, 38, 39, 40, 41, 42, 43, 44, 45, 46, 47, 48, 49, 50, 51, 52, 53, 54, 55, 56, 57, 58, 59, 60, 61, 62, 63]
03-07 18:24:37.722409   702   847 E media.codec: TWGraphicBufferProducer::detachNextBuffer - Invalid output buffer
03-07 18:24:37.763448  2784  3629 I SurfaceView: 91928240 Locking canvas... stopped=false, surfaceControl=Surface(name=SurfaceView - )/@0xfcae462
03-07 18:24:37.763690  2784  3629 I SurfaceView: 91928240 Returned canvas: android.view.Surface$CompatibleCanvas@5099929
03-07 18:24:37.788967   702   847 W GraphicBufferSource: released unpopulated slots: [1, 2, 3, 4, 5, 6, 7, 8, 9, 10, 11, 12, 13, 14, 15, 16, 17, 18, 19, 20, 21, 22, 23, 24, 25, 26, 27, 28, 29, 30, 31, 32, 33, 34, 35, 36, 37, 38, 39, 40, 41, 42, 43, 44, 45, 46, 47, 48, 49, 50, 51, 52, 53, 54, 55, 56, 57, 58, 59, 60, 61, 62, 63]
03-07 18:24:37.789130   702   847 E media.codec: TWGraphicBufferProducer::detachNextBuffer - Invalid output buffer
03-07 18:24:37.815578  2784  3629 I SurfaceView: 91928240 Locking canvas... stopped=false, surfaceControl=Surface(name=SurfaceView - )/@0xfcae462
03-07 18:24:37.815779  2784  3629 I SurfaceView: 91928240 Returned canvas: android.view.Surface$CompatibleCanvas@5099929
03-07 18:24:37.821220   702   847 W GraphicBufferSource: released unpopulated slots: [1, 2, 3, 4, 5, 6, 7, 8, 9, 10, 11, 12, 13, 14, 15, 16, 17, 18, 19, 20, 21, 22, 23, 24, 25, 26, 27, 28, 29, 30, 31, 32, 33, 34, 35, 36, 37, 38, 39, 40, 41, 42, 43, 44, 45, 46, 47, 48, 49, 50, 51, 52, 53, 54, 55, 56, 57, 58, 59, 60, 61, 62, 63]
03-07 18:24:37.821293  2891  2891 I CAR.VENDOR.AVM: onChange:newValue = CarPropertyValue{mPropertyId=0x21400470, mAreaId=0x0, mStatus=0, mTimestamp=885006138670, mValue=0}
03-07 18:24:37.821500  1579  1579 I CAR.VENDOR.AVM: onChange:newValue = CarPropertyValue{mPropertyId=0x21400470, mAreaId=0x0, mStatus=0, mTimestamp=885006138670, mValue=0}
03-07 18:24:37.821608   702   847 E media.codec: TWGraphicBufferProducer::detachNextBuffer - Invalid output buffer
03-07 18:24:37.852607   702   847 W GraphicBufferSource: released unpopulated slots: [1, 2, 3, 4, 5, 6, 7, 8, 9, 10, 11, 12, 13, 14, 15, 16, 17, 18, 19, 20, 21, 22, 23, 24, 25, 26, 27, 28, 29, 30, 31, 32, 33, 34, 35, 36, 37, 38, 39, 40, 41, 42, 43, 44, 45, 46, 47, 48, 49, 50, 51, 52, 53, 54, 55, 56, 57, 58, 59, 60, 61, 62, 63]
03-07 18:24:37.852769   702   847 E media.codec: TWGraphicBufferProducer::detachNextBuffer - Invalid output buffer
03-07 18:24:37.866502  2784  3629 I SurfaceView: 91928240 Locking canvas... stopped=false, surfaceControl=Surface(name=SurfaceView - )/@0xfcae462
03-07 18:24:37.866711  2784  3629 I SurfaceView: 91928240 Returned canvas: android.view.Surface$CompatibleCanvas@5099929
03-07 18:24:37.887422   702   847 W GraphicBufferSource: released unpopulated slots: [1, 2, 3, 4, 5, 6, 7, 8, 9, 10, 11, 12, 13, 14, 15, 16, 17, 18, 19, 20, 21, 22, 23, 24, 25, 26, 27, 28, 29, 30, 31, 32, 33, 34, 35, 36, 37, 38, 39, 40, 41, 42, 43, 44, 45, 46, 47, 48, 49, 50, 51, 52, 53, 54, 55, 56, 57, 58, 59, 60, 61, 62, 63]
03-07 18:24:37.887583   702   847 E media.codec: TWGraphicBufferProducer::detachNextBuffer - Invalid output buffer
03-07 18:24:37.917468  2784  3629 I SurfaceView: 91928240 Locking canvas... stopped=false, surfaceControl=Surface(name=SurfaceView - )/@0xfcae462
03-07 18:24:37.917743  2784  3629 I SurfaceView: 91928240 Returned canvas: android.view.Surface$CompatibleCanvas@5099929
03-07 18:24:37.932975  2891  2891 I CAR.VENDOR.AVM: onChange:newValue = CarPropertyValue{mPropertyId=0x21400470, mAreaId=0x0, mStatus=0, mTimestamp=885116493358, mValue=0}
03-07 18:24:37.933044  1579  1579 I CAR.VENDOR.AVM: onChange:newValue = CarPropertyValue{mPropertyId=0x21400470, mAreaId=0x0, mStatus=0, mTimestamp=885116493358, mValue=0}
03-07 18:24:37.952921   702   847 W GraphicBufferSource: released unpopulated slots: [1, 2, 3, 4, 5, 6, 7, 8, 9, 10, 11, 12, 13, 14, 15, 16, 17, 18, 19, 20, 21, 22, 23, 24, 25, 26, 27, 28, 29, 30, 31, 32, 33, 34, 35, 36, 37, 38, 39, 40, 41, 42, 43, 44, 45, 46, 47, 48, 49, 50, 51, 52, 53, 54, 55, 56, 57, 58, 59, 60, 61, 62, 63]
03-07 18:24:37.953071   702   847 E media.codec: TWGraphicBufferProducer::detachNextBuffer - Invalid output buffer
03-07 18:24:37.969646  2784  3629 I SurfaceView: 91928240 Locking canvas... stopped=false, surfaceControl=Surface(name=SurfaceView - )/@0xfcae462
03-07 18:24:37.969861  2784  3629 I SurfaceView: 91928240 Returned canvas: android.view.Surface$CompatibleCanvas@5099929
03-07 18:24:37.986738  1057  1082 E u-blox  : ublox::CGnssMeasurementExtension::navMeasurementUpdate: GnssMeasurementExtension callback is not initialized
03-07 18:24:37.990017   702   847 W GraphicBufferSource: released unpopulated slots: [1, 2, 3, 4, 5, 6, 7, 8, 9, 10, 11, 12, 13, 14, 15, 16, 17, 18, 19, 20, 21, 22, 23, 24, 25, 26, 27, 28, 29, 30, 31, 32, 33, 34, 35, 36, 37, 38, 39, 40, 41, 42, 43, 44, 45, 46, 47, 48, 49, 50, 51, 52, 53, 54, 55, 56, 57, 58, 59, 60, 61, 62, 63]
03-07 18:24:37.990184   702   847 E media.codec: TWGraphicBufferProducer::detachNextBuffer - Invalid output buffer
03-07 18:24:38.019816   702   847 W GraphicBufferSource: released unpopulated slots: [1, 2, 3, 4, 5, 6, 7, 8, 9, 10, 11, 12, 13, 14, 15, 16, 17, 18, 19, 20, 21, 22, 23, 24, 25, 26, 27, 28, 29, 30, 31, 32, 33, 34, 35, 36, 37, 38, 39, 40, 41, 42, 43, 44, 45, 46, 47, 48, 49, 50, 51, 52, 53, 54, 55, 56, 57, 58, 59, 60, 61, 62, 63]
03-07 18:24:38.020014   702   847 E media.codec: TWGraphicBufferProducer::detachNextBuffer - Invalid output buffer
03-07 18:24:38.021451  2784  3629 I SurfaceView: 91928240 Locking canvas... stopped=false, surfaceControl=Surface(name=SurfaceView - )/@0xfcae462
03-07 18:24:38.021680  2784  3629 I SurfaceView: 91928240 Returned canvas: android.view.Surface$CompatibleCanvas@5099929
03-07 18:24:38.043261  2891  2891 I CAR.VENDOR.AVM: onChange:newValue = CarPropertyValue{mPropertyId=0x21400470, mAreaId=0x0, mStatus=0, mTimestamp=885226564660, mValue=0}
03-07 18:24:38.043357  1579  1579 I CAR.VENDOR.AVM: onChange:newValue = CarPropertyValue{mPropertyId=0x21400470, mAreaId=0x0, mStatus=0, mTimestamp=885226564660, mValue=0}
03-07 18:24:38.053566   702   847 W GraphicBufferSource: released unpopulated slots: [1, 2, 3, 4, 5, 6, 7, 8, 9, 10, 11, 12, 13, 14, 15, 16, 17, 18, 19, 20, 21, 22, 23, 24, 25, 26, 27, 28, 29, 30, 31, 32, 33, 34, 35, 36, 37, 38, 39, 40, 41, 42, 43, 44, 45, 46, 47, 48, 49, 50, 51, 52, 53, 54, 55, 56, 57, 58, 59, 60, 61, 62, 63]
03-07 18:24:38.053728   702   847 E media.codec: TWGraphicBufferProducer::detachNextBuffer - Invalid output buffer
03-07 18:24:38.072716  2784  3629 I SurfaceView: 91928240 Locking canvas... stopped=false, surfaceControl=Surface(name=SurfaceView - )/@0xfcae462
03-07 18:24:38.072955  2784  3629 I SurfaceView: 91928240 Returned canvas: android.view.Surface$CompatibleCanvas@5099929
03-07 18:24:38.125206  2784  3629 I SurfaceView: 91928240 Locking canvas... stopped=false, surfaceControl=Surface(name=SurfaceView - )/@0xfcae462
03-07 18:24:38.125407  2784  3629 I SurfaceView: 91928240 Returned canvas: android.view.Surface$CompatibleCanvas@5099929
03-07 18:24:38.127009  2507  2507 I BootPresenter: (-$$Lambda$Qut1UVg1Gu75cdlDy9b5jeBJWaU.java:2)bootQuickLogin---->puid = 0
03-07 18:24:38.128146  2507  2507 I BootPresenter: (-$$Lambda$Qut1UVg1Gu75cdlDy9b5jeBJWaU.java:2)bootAutoLogin---->500ms后重试 puid = 0 , faceId = 0 , isNetInited = false
03-07 18:24:38.138375   702   847 W GraphicBufferSource: released unpopulated slots: [1, 2, 3, 4, 5, 6, 7, 8, 9, 10, 11, 12, 13, 14, 15, 16, 17, 18, 19, 20, 21, 22, 23, 24, 25, 26, 27, 28, 29, 30, 31, 32, 33, 34, 35, 36, 37, 38, 39, 40, 41, 42, 43, 44, 45, 46, 47, 48, 49, 50, 51, 52, 53, 54, 55, 56, 57, 58, 59, 60, 61, 62, 63]
03-07 18:24:38.138703   702   847 E media.codec: TWGraphicBufferProducer::detachNextBuffer - Invalid output buffer
03-07 18:24:38.152433  1579  1579 I CAR.VENDOR.AVM: onChange:newValue = CarPropertyValue{mPropertyId=0x21400470, mAreaId=0x0, mStatus=0, mTimestamp=885335918878, mValue=0}
03-07 18:24:38.152443  2891  2891 I CAR.VENDOR.AVM: onChange:newValue = CarPropertyValue{mPropertyId=0x21400470, mAreaId=0x0, mStatus=0, mTimestamp=885335918878, mValue=0}
03-07 18:24:38.156683   702   847 W GraphicBufferSource: released unpopulated slots: [1, 2, 3, 4, 5, 6, 7, 8, 9, 10, 11, 12, 13, 14, 15, 16, 17, 18, 19, 20, 21, 22, 23, 24, 25, 26, 27, 28, 29, 30, 31, 32, 33, 34, 35, 36, 37, 38, 39, 40, 41, 42, 43, 44, 45, 46, 47, 48, 49, 50, 51, 52, 53, 54, 55, 56, 57, 58, 59, 60, 61, 62, 63]
03-07 18:24:38.156958   702   847 E media.codec: TWGraphicBufferProducer::detachNextBuffer - Invalid output buffer
03-07 18:24:38.160423  1350  1364 E Property.service: getProperty: propId is not in config list:0x21600202
03-07 18:24:38.177498  2784  3629 I SurfaceView: 91928240 Locking canvas... stopped=false, surfaceControl=Surface(name=SurfaceView - )/@0xfcae462
03-07 18:24:38.177750  2784  3629 I SurfaceView: 91928240 Returned canvas: android.view.Surface$CompatibleCanvas@5099929
03-07 18:24:38.191961   702   847 W GraphicBufferSource: released unpopulated slots: [1, 2, 3, 4, 5, 6, 7, 8, 9, 10, 11, 12, 13, 14, 15, 16, 17, 18, 19, 20, 21, 22, 23, 24, 25, 26, 27, 28, 29, 30, 31, 32, 33, 34, 35, 36, 37, 38, 39, 40, 41, 42, 43, 44, 45, 46, 47, 48, 49, 50, 51, 52, 53, 54, 55, 56, 57, 58, 59, 60, 61, 62, 63]
03-07 18:24:38.192248   702   847 E media.codec: TWGraphicBufferProducer::detachNextBuffer - Invalid output buffer
03-07 18:24:38.220056   702   847 W GraphicBufferSource: released unpopulated slots: [1, 2, 3, 4, 5, 6, 7, 8, 9, 10, 11, 12, 13, 14, 15, 16, 17, 18, 19, 20, 21, 22, 23, 24, 25, 26, 27, 28, 29, 30, 31, 32, 33, 34, 35, 36, 37, 38, 39, 40, 41, 42, 43, 44, 45, 46, 47, 48, 49, 50, 51, 52, 53, 54, 55, 56, 57, 58, 59, 60, 61, 62, 63]
03-07 18:24:38.220350   702   847 E media.codec: TWGraphicBufferProducer::detachNextBuffer - Invalid output buffer
03-07 18:24:38.229431  2784  3629 I SurfaceView: 91928240 Locking canvas... stopped=false, surfaceControl=Surface(name=SurfaceView - )/@0xfcae462
03-07 18:24:38.229629  2784  3629 I SurfaceView: 91928240 Returned canvas: android.view.Surface$CompatibleCanvas@5099929
03-07 18:24:38.263127  2891  2891 I CAR.VENDOR.AVM: onChange:newValue = CarPropertyValue{mPropertyId=0x21400470, mAreaId=0x0, mStatus=0, mTimestamp=885446647316, mValue=0}
03-07 18:24:38.263263  1579  1579 I CAR.VENDOR.AVM: onChange:newValue = CarPropertyValue{mPropertyId=0x21400470, mAreaId=0x0, mStatus=0, mTimestamp=885446647316, mValue=0}
03-07 18:24:38.280863  2784  3629 I SurfaceView: 91928240 Locking canvas... stopped=false, surfaceControl=Surface(name=SurfaceView - )/@0xfcae462
03-07 18:24:38.281064  2784  3629 I SurfaceView: 91928240 Returned canvas: android.view.Surface$CompatibleCanvas@5099929
03-07 18:24:38.288684   702   847 W GraphicBufferSource: released unpopulated slots: [1, 2, 3, 4, 5, 6, 7, 8, 9, 10, 11, 12, 13, 14, 15, 16, 17, 18, 19, 20, 21, 22, 23, 24, 25, 26, 27, 28, 29, 30, 31, 32, 33, 34, 35, 36, 37, 38, 39, 40, 41, 42, 43, 44, 45, 46, 47, 48, 49, 50, 51, 52, 53, 54, 55, 56, 57, 58, 59, 60, 61, 62, 63]
03-07 18:24:38.288887   702   847 E media.codec: TWGraphicBufferProducer::detachNextBuffer - Invalid output buffer
03-07 18:24:38.320563   702   847 W GraphicBufferSource: released unpopulated slots: [1, 2, 3, 4, 5, 6, 7, 8, 9, 10, 11, 12, 13, 14, 15, 16, 17, 18, 19, 20, 21, 22, 23, 24, 25, 26, 27, 28, 29, 30, 31, 32, 33, 34, 35, 36, 37, 38, 39, 40, 41, 42, 43, 44, 45, 46, 47, 48, 49, 50, 51, 52, 53, 54, 55, 56, 57, 58, 59, 60, 61, 62, 63]
03-07 18:24:38.320726   702   847 E media.codec: TWGraphicBufferProducer::detachNextBuffer - Invalid output buffer
03-07 18:24:38.332415  2784  3629 I SurfaceView: 91928240 Locking canvas... stopped=false, surfaceControl=Surface(name=SurfaceView - )/@0xfcae462
03-07 18:24:38.332621  2784  3629 I SurfaceView: 91928240 Returned canvas: android.view.Surface$CompatibleCanvas@5099929
03-07 18:24:38.354264   702   847 W GraphicBufferSource: released unpopulated slots: [1, 2, 3, 4, 5, 6, 7, 8, 9, 10, 11, 12, 13, 14, 15, 16, 17, 18, 19, 20, 21, 22, 23, 24, 25, 26, 27, 28, 29, 30, 31, 32, 33, 34, 35, 36, 37, 38, 39, 40, 41, 42, 43, 44, 45, 46, 47, 48, 49, 50, 51, 52, 53, 54, 55, 56, 57, 58, 59, 60, 61, 62, 63]
03-07 18:24:38.354446   702   847 E media.codec: TWGraphicBufferProducer::detachNextBuffer - Invalid output buffer
03-07 18:24:38.373235  2891  2891 I CAR.VENDOR.AVM: onChange:newValue = CarPropertyValue{mPropertyId=0x21400470, mAreaId=0x0, mStatus=0, mTimestamp=885557621847, mValue=0}
03-07 18:24:38.373306  1579  1579 I CAR.VENDOR.AVM: onChange:newValue = CarPropertyValue{mPropertyId=0x21400470, mAreaId=0x0, mStatus=0, mTimestamp=885557621847, mValue=0}
03-07 18:24:38.381467  1907  2320 W Settings: Setting android_id has moved from android.provider.Settings.System to android.provider.Settings.Secure, returning read-only value.
03-07 18:24:38.382065  1907  2320 I chatty  : uid=1000(system) GNaviMap-0 identical 1 line
03-07 18:24:38.382504  1907  2320 W Settings: Setting android_id has moved from android.provider.Settings.System to android.provider.Settings.Secure, returning read-only value.
03-07 18:24:38.383348  2784  3629 I SurfaceView: 91928240 Locking canvas... stopped=false, surfaceControl=Surface(name=SurfaceView - )/@0xfcae462
03-07 18:24:38.383621  2784  3629 I SurfaceView: 91928240 Returned canvas: android.view.Surface$CompatibleCanvas@5099929
03-07 18:24:38.384097  1907  2320 W Settings: Setting android_id has moved from android.provider.Settings.System to android.provider.Settings.Secure, returning read-only value.
03-07 18:24:38.384613  1907  2320 I chatty  : uid=1000(system) GNaviMap-0 identical 1 line
03-07 18:24:38.385075  1907  2320 W Settings: Setting android_id has moved from android.provider.Settings.System to android.provider.Settings.Secure, returning read-only value.
03-07 18:24:38.388436   702   847 W GraphicBufferSource: released unpopulated slots: [1, 2, 3, 4, 5, 6, 7, 8, 9, 10, 11, 12, 13, 14, 15, 16, 17, 18, 19, 20, 21, 22, 23, 24, 25, 26, 27, 28, 29, 30, 31, 32, 33, 34, 35, 36, 37, 38, 39, 40, 41, 42, 43, 44, 45, 46, 47, 48, 49, 50, 51, 52, 53, 54, 55, 56, 57, 58, 59, 60, 61, 62, 63]
03-07 18:24:38.388614   702   847 E media.codec: TWGraphicBufferProducer::detachNextBuffer - Invalid output buffer
03-07 18:24:38.435407  2784  3629 I SurfaceView: 91928240 Locking canvas... stopped=false, surfaceControl=Surface(name=SurfaceView - )/@0xfcae462
03-07 18:24:38.435625  2784  3629 I SurfaceView: 91928240 Returned canvas: android.view.Surface$CompatibleCanvas@5099929
03-07 18:24:38.454915   702   847 W GraphicBufferSource: released unpopulated slots: [1, 2, 3, 4, 5, 6, 7, 8, 9, 10, 11, 12, 13, 14, 15, 16, 17, 18, 19, 20, 21, 22, 23, 24, 25, 26, 27, 28, 29, 30, 31, 32, 33, 34, 35, 36, 37, 38, 39, 40, 41, 42, 43, 44, 45, 46, 47, 48, 49, 50, 51, 52, 53, 54, 55, 56, 57, 58, 59, 60, 61, 62, 63]
03-07 18:24:38.455085   702  1724 E media.codec: TWGraphicBufferProducer::detachNextBuffer - Invalid output buffer
03-07 18:24:38.486101  2891  2891 I CAR.VENDOR.AVM: onChange:newValue = CarPropertyValue{mPropertyId=0x21400470, mAreaId=0x0, mStatus=0, mTimestamp=885669624764, mValue=0}
03-07 18:24:38.486138  1579  1579 I CAR.VENDOR.AVM: onChange:newValue = CarPropertyValue{mPropertyId=0x21400470, mAreaId=0x0, mStatus=0, mTimestamp=885669624764, mValue=0}
03-07 18:24:38.486905   702   847 W GraphicBufferSource: released unpopulated slots: [1, 2, 3, 4, 5, 6, 7, 8, 9, 10, 11, 12, 13, 14, 15, 16, 17, 18, 19, 20, 21, 22, 23, 24, 25, 26, 27, 28, 29, 30, 31, 32, 33, 34, 35, 36, 37, 38, 39, 40, 41, 42, 43, 44, 45, 46, 47, 48, 49, 50, 51, 52, 53, 54, 55, 56, 57, 58, 59, 60, 61, 62, 63]
03-07 18:24:38.487092   702  1724 E media.codec: TWGraphicBufferProducer::detachNextBuffer - Invalid output buffer
03-07 18:24:38.487480  2784  3629 I SurfaceView: 91928240 Locking canvas... stopped=false, surfaceControl=Surface(name=SurfaceView - )/@0xfcae462
03-07 18:24:38.487767  2784  3629 I SurfaceView: 91928240 Returned canvas: android.view.Surface$CompatibleCanvas@5099929
03-07 18:24:38.519785   702   847 W GraphicBufferSource: released unpopulated slots: [1, 2, 3, 4, 5, 6, 7, 8, 9, 10, 11, 12, 13, 14, 15, 16, 17, 18, 19, 20, 21, 22, 23, 24, 25, 26, 27, 28, 29, 30, 31, 32, 33, 34, 35, 36, 37, 38, 39, 40, 41, 42, 43, 44, 45, 46, 47, 48, 49, 50, 51, 52, 53, 54, 55, 56, 57, 58, 59, 60, 61, 62, 63]
03-07 18:24:38.519970   702   847 E media.codec: TWGraphicBufferProducer::detachNextBuffer - Invalid output buffer
03-07 18:24:38.539421  2784  3629 I SurfaceView: 91928240 Locking canvas... stopped=false, surfaceControl=Surface(name=SurfaceView - )/@0xfcae462
03-07 18:24:38.539644  2784  3629 I SurfaceView: 91928240 Returned canvas: android.view.Surface$CompatibleCanvas@5099929
03-07 18:24:38.556251   702   847 W GraphicBufferSource: released unpopulated slots: [1, 2, 3, 4, 5, 6, 7, 8, 9, 10, 11, 12, 13, 14, 15, 16, 17, 18, 19, 20, 21, 22, 23, 24, 25, 26, 27, 28, 29, 30, 31, 32, 33, 34, 35, 36, 37, 38, 39, 40, 41, 42, 43, 44, 45, 46, 47, 48, 49, 50, 51, 52, 53, 54, 55, 56, 57, 58, 59, 60, 61, 62, 63]
03-07 18:24:38.556428   702   847 E media.codec: TWGraphicBufferProducer::detachNextBuffer - Invalid output buffer
03-07 18:24:38.591924  2784  3629 I SurfaceView: 91928240 Locking canvas... stopped=false, surfaceControl=Surface(name=SurfaceView - )/@0xfcae462
03-07 18:24:38.592151  2784  3629 I SurfaceView: 91928240 Returned canvas: android.view.Surface$CompatibleCanvas@5099929
03-07 18:24:38.596065  2891  2891 I CAR.VENDOR.AVM: onChange:newValue = CarPropertyValue{mPropertyId=0x21400470, mAreaId=0x0, mStatus=0, mTimestamp=885780652264, mValue=0}
03-07 18:24:38.596195  1579  1579 I CAR.VENDOR.AVM: onChange:newValue = CarPropertyValue{mPropertyId=0x21400470, mAreaId=0x0, mStatus=0, mTimestamp=885780652264, mValue=0}
03-07 18:24:38.615415   478  4695 W AudioHalHWBosch: in_read: 3072 bytes read in  in_read(). frame_size:24. frames_read:13708800. readOnce:13708800.out frame count:128. dataNum:107099. dataVal:107100. dataNormal:1298. dataExt:0.dataLastValue:0. dateSame:1785.                 SysAmpIntVariant:0. data_analysis :0:0:0:0 :0:0:0:0 :-9:-1:-1:2.
03-07 18:24:38.617505   499   576 I CBaseMonitor: [run-318] Enter monitor android
03-07 18:24:38.617977   499   576 I CBaseMonitor: [run-344]current cycle is the only one :/mnt/user/log_android/cycle_49
03-07 18:24:38.618151   499   576 W CBaseMonitor: [run-347]get info failed
03-07 18:24:38.621209   702   847 W GraphicBufferSource: released unpopulated slots: [1, 2, 3, 4, 5, 6, 7, 8, 9, 10, 11, 12, 13, 14, 15, 16, 17, 18, 19, 20, 21, 22, 23, 24, 25, 26, 27, 28, 29, 30, 31, 32, 33, 34, 35, 36, 37, 38, 39, 40, 41, 42, 43, 44, 45, 46, 47, 48, 49, 50, 51, 52, 53, 54, 55, 56, 57, 58, 59, 60, 61, 62, 63]
03-07 18:24:38.621387   702   847 E media.codec: TWGraphicBufferProducer::detachNextBuffer - Invalid output buffer
03-07 18:24:38.630335  2507  2507 I BootPresenter: (-$$Lambda$Qut1UVg1Gu75cdlDy9b5jeBJWaU.java:2)bootQuickLogin---->puid = 0
03-07 18:24:38.631154  2507  2507 I BootPresenter: (-$$Lambda$Qut1UVg1Gu75cdlDy9b5jeBJWaU.java:2)bootAutoLogin---->500ms后重试 puid = 0 , faceId = 0 , isNetInited = false
03-07 18:24:38.644365  2784  3629 I SurfaceView: 91928240 Locking canvas... stopped=false, surfaceControl=Surface(name=SurfaceView - )/@0xfcae462
03-07 18:24:38.644586  2784  3629 I SurfaceView: 91928240 Returned canvas: android.view.Surface$CompatibleCanvas@5099929
03-07 18:24:38.649788  1907  1907 I MXNavi-onNmeaMessage GPGGA = : s = $GPGGA,,,,,,0,,,,,,,,*66\r
03-07 18:24:38.649882  1907  1907 I MXNavi-onNmeaMessage GPRMC = : s = $GPRMC,,V,,,,,,,,,,N*53
03-07 18:24:38.653914   702   847 W GraphicBufferSource: released unpopulated slots: [1, 2, 3, 4, 5, 6, 7, 8, 9, 10, 11, 12, 13, 14, 15, 16, 17, 18, 19, 20, 21, 22, 23, 24, 25, 26, 27, 28, 29, 30, 31, 32, 33, 34, 35, 36, 37, 38, 39, 40, 41, 42, 43, 44, 45, 46, 47, 48, 49, 50, 51, 52, 53, 54, 55, 56, 57, 58, 59, 60, 61, 62, 63]
03-07 18:24:38.654088   702   847 E media.codec: TWGraphicBufferProducer::detachNextBuffer - Invalid output buffer
03-07 18:24:38.687087   702   847 W GraphicBufferSource: released unpopulated slots: [1, 2, 3, 4, 5, 6, 7, 8, 9, 10, 11, 12, 13, 14, 15, 16, 17, 18, 19, 20, 21, 22, 23, 24, 25, 26, 27, 28, 29, 30, 31, 32, 33, 34, 35, 36, 37, 38, 39, 40, 41, 42, 43, 44, 45, 46, 47, 48, 49, 50, 51, 52, 53, 54, 55, 56, 57, 58, 59, 60, 61, 62, 63]
03-07 18:24:38.687314   702   847 E media.codec: TWGraphicBufferProducer::detachNextBuffer - Invalid output buffer
03-07 18:24:38.695445  2784  3629 I SurfaceView: 91928240 Locking canvas... stopped=false, surfaceControl=Surface(name=SurfaceView - )/@0xfcae462
03-07 18:24:38.695731  2784  3629 I SurfaceView: 91928240 Returned canvas: android.view.Surface$CompatibleCanvas@5099929
03-07 18:24:38.704100  2891  2891 I CAR.VENDOR.AVM: onChange:newValue = CarPropertyValue{mPropertyId=0x21400470, mAreaId=0x0, mStatus=0, mTimestamp=885888648149, mValue=0}
03-07 18:24:38.704306  1579  1579 I CAR.VENDOR.AVM: onChange:newValue = CarPropertyValue{mPropertyId=0x21400470, mAreaId=0x0, mStatus=0, mTimestamp=885888648149, mValue=0}
03-07 18:24:38.722616   702   847 W GraphicBufferSource: released unpopulated slots: [1, 2, 3, 4, 5, 6, 7, 8, 9, 10, 11, 12, 13, 14, 15, 16, 17, 18, 19, 20, 21, 22, 23, 24, 25, 26, 27, 28, 29, 30, 31, 32, 33, 34, 35, 36, 37, 38, 39, 40, 41, 42, 43, 44, 45, 46, 47, 48, 49, 50, 51, 52, 53, 54, 55, 56, 57, 58, 59, 60, 61, 62, 63]
03-07 18:24:38.722800   702   847 E media.codec: TWGraphicBufferProducer::detachNextBuffer - Invalid output buffer
03-07 18:24:38.747485  2784  3629 I SurfaceView: 91928240 Locking canvas... stopped=false, surfaceControl=Surface(name=SurfaceView - )/@0xfcae462
03-07 18:24:38.747688  2784  3629 I SurfaceView: 91928240 Returned canvas: android.view.Surface$CompatibleCanvas@5099929
03-07 18:24:38.787549   702   847 W GraphicBufferSource: released unpopulated slots: [1, 2, 3, 4, 5, 6, 7, 8, 9, 10, 11, 12, 13, 14, 15, 16, 17, 18, 19, 20, 21, 22, 23, 24, 25, 26, 27, 28, 29, 30, 31, 32, 33, 34, 35, 36, 37, 38, 39, 40, 41, 42, 43, 44, 45, 46, 47, 48, 49, 50, 51, 52, 53, 54, 55, 56, 57, 58, 59, 60, 61, 62, 63]
03-07 18:24:38.787801   702   847 E media.codec: TWGraphicBufferProducer::detachNextBuffer - Invalid output buffer
03-07 18:24:38.799448  2784  3629 I SurfaceView: 91928240 Locking canvas... stopped=false, surfaceControl=Surface(name=SurfaceView - )/@0xfcae462
03-07 18:24:38.799664  2784  3629 I SurfaceView: 91928240 Returned canvas: android.view.Surface$CompatibleCanvas@5099929
03-07 18:24:38.817795  2891  2891 I CAR.VENDOR.AVM: onChange:newValue = CarPropertyValue{mPropertyId=0x21400470, mAreaId=0x0, mStatus=0, mTimestamp=886000724087, mValue=0}
03-07 18:24:38.818026  1579  1579 I CAR.VENDOR.AVM: onChange:newValue = CarPropertyValue{mPropertyId=0x21400470, mAreaId=0x0, mStatus=0, mTimestamp=886000724087, mValue=0}
03-07 18:24:38.823378   702   847 W GraphicBufferSource: released unpopulated slots: [1, 2, 3, 4, 5, 6, 7, 8, 9, 10, 11, 12, 13, 14, 15, 16, 17, 18, 19, 20, 21, 22, 23, 24, 25, 26, 27, 28, 29, 30, 31, 32, 33, 34, 35, 36, 37, 38, 39, 40, 41, 42, 43, 44, 45, 46, 47, 48, 49, 50, 51, 52, 53, 54, 55, 56, 57, 58, 59, 60, 61, 62, 63]
03-07 18:24:38.823564   702   847 E media.codec: TWGraphicBufferProducer::detachNextBuffer - Invalid output buffer
03-07 18:24:38.850496  2784  3629 I SurfaceView: 91928240 Locking canvas... stopped=false, surfaceControl=Surface(name=SurfaceView - )/@0xfcae462
03-07 18:24:38.850746  2784  3629 I SurfaceView: 91928240 Returned canvas: android.view.Surface$CompatibleCanvas@5099929
03-07 18:24:38.854274   702   847 W GraphicBufferSource: released unpopulated slots: [1, 2, 3, 4, 5, 6, 7, 8, 9, 10, 11, 12, 13, 14, 15, 16, 17, 18, 19, 20, 21, 22, 23, 24, 25, 26, 27, 28, 29, 30, 31, 32, 33, 34, 35, 36, 37, 38, 39, 40, 41, 42, 43, 44, 45, 46, 47, 48, 49, 50, 51, 52, 53, 54, 55, 56, 57, 58, 59, 60, 61, 62, 63]
03-07 18:24:38.854479   702   847 E media.codec: TWGraphicBufferProducer::detachNextBuffer - Invalid output buffer
03-07 18:24:38.887782   702   847 W GraphicBufferSource: released unpopulated slots: [1, 2, 3, 4, 5, 6, 7, 8, 9, 10, 11, 12, 13, 14, 15, 16, 17, 18, 19, 20, 21, 22, 23, 24, 25, 26, 27, 28, 29, 30, 31, 32, 33, 34, 35, 36, 37, 38, 39, 40, 41, 42, 43, 44, 45, 46, 47, 48, 49, 50, 51, 52, 53, 54, 55, 56, 57, 58, 59, 60, 61, 62, 63]
03-07 18:24:38.888277   702   847 E media.codec: TWGraphicBufferProducer::detachNextBuffer - Invalid output buffer
03-07 18:24:38.902496  2784  3629 I SurfaceView: 91928240 Locking canvas... stopped=false, surfaceControl=Surface(name=SurfaceView - )/@0xfcae462
03-07 18:24:38.902759  2784  3629 I SurfaceView: 91928240 Returned canvas: android.view.Surface$CompatibleCanvas@5099929
03-07 18:24:38.924101  2891  2891 I CAR.VENDOR.AVM: onChange:newValue = CarPropertyValue{mPropertyId=0x21400470, mAreaId=0x0, mStatus=0, mTimestamp=886108282159, mValue=0}
03-07 18:24:38.924232  1579  1579 I CAR.VENDOR.AVM: onChange:newValue = CarPropertyValue{mPropertyId=0x21400470, mAreaId=0x0, mStatus=0, mTimestamp=886108282159, mValue=0}
03-07 18:24:38.929454  3015  4175 W DVRStreamSplitt: splitter index=0[video-encoder] fps=24.000000 own_buffers:
03-07 18:24:38.954453  2784  3629 I SurfaceView: 91928240 Locking canvas... stopped=false, surfaceControl=Surface(name=SurfaceView - )/@0xfcae462
03-07 18:24:38.954729  2784  3629 I SurfaceView: 91928240 Returned canvas: android.view.Surface$CompatibleCanvas@5099929
03-07 18:24:38.955345   702   847 W GraphicBufferSource: released unpopulated slots: [1, 2, 3, 4, 5, 6, 7, 8, 9, 10, 11, 12, 13, 14, 15, 16, 17, 18, 19, 20, 21, 22, 23, 24, 25, 26, 27, 28, 29, 30, 31, 32, 33, 34, 35, 36, 37, 38, 39, 40, 41, 42, 43, 44, 45, 46, 47, 48, 49, 50, 51, 52, 53, 54, 55, 56, 57, 58, 59, 60, 61, 62, 63]
03-07 18:24:38.955520   702   847 E media.codec: TWGraphicBufferProducer::detachNextBuffer - Invalid output buffer
03-07 18:24:38.986845  1057  1082 E u-blox  : ublox::CGnssMeasurementExtension::navMeasurementUpdate: GnssMeasurementExtension callback is not initialized
03-07 18:24:38.989710   702   847 W GraphicBufferSource: released unpopulated slots: [1, 2, 3, 4, 5, 6, 7, 8, 9, 10, 11, 12, 13, 14, 15, 16, 17, 18, 19, 20, 21, 22, 23, 24, 25, 26, 27, 28, 29, 30, 31, 32, 33, 34, 35, 36, 37, 38, 39, 40, 41, 42, 43, 44, 45, 46, 47, 48, 49, 50, 51, 52, 53, 54, 55, 56, 57, 58, 59, 60, 61, 62, 63]
03-07 18:24:38.990096   702   847 E media.codec: TWGraphicBufferProducer::detachNextBuffer - Invalid output buffer
03-07 18:24:39.006496  2784  3629 I SurfaceView: 91928240 Locking canvas... stopped=false, surfaceControl=Surface(name=SurfaceView - )/@0xfcae462
03-07 18:24:39.006708  2784  3629 I SurfaceView: 91928240 Returned canvas: android.view.Surface$CompatibleCanvas@5099929
03-07 18:24:39.021951   702   847 W GraphicBufferSource: released unpopulated slots: [1, 2, 3, 4, 5, 6, 7, 8, 9, 10, 11, 12, 13, 14, 15, 16, 17, 18, 19, 20, 21, 22, 23, 24, 25, 26, 27, 28, 29, 30, 31, 32, 33, 34, 35, 36, 37, 38, 39, 40, 41, 42, 43, 44, 45, 46, 47, 48, 49, 50, 51, 52, 53, 54, 55, 56, 57, 58, 59, 60, 61, 62, 63]
03-07 18:24:39.022241   702   847 E media.codec: TWGraphicBufferProducer::detachNextBuffer - Invalid output buffer
--------- switch to system
03-07 18:24:38.198369  2747  5007 I chatty  : uid=1000(system) ReverseManagerA identical 8 lines
03-07 18:24:38.700673  2747  5007 W ContextImpl: Calling a method in the system process without a qualified user: android.app.ContextImpl.bindService:1611 android.content.ContextWrapper.bindService:698 com.gxa.service.camera.ReverseManager.connectCameraService:352 com.gxa.service.camera.ReverseManager.asyncHandleMessage:276 com.gxa.service.camera.ReverseManager.access$100:44 
