04-15 18:20:37.885538  2814  2814 I CAR.VENDOR.AVM: onChange:newValue = CarPropertyValue{mPropertyId=0x21400470, mAreaId=0x0, mStatus=0, mTimestamp=4928037007228, mValue=0}
04-15 18:20:37.885653  1587  1587 I CAR.VENDOR.AVM: onChange:newValue = CarPropertyValue{mPropertyId=0x21400470, mAreaId=0x0, mStatus=0, mTimestamp=4928037007228, mValue=0}
04-15 18:20:37.925664  2824  3668 I SurfaceView: 111912830 Locking canvas... stopped=false, surfaceControl=Surface(name=SurfaceView - )/@0xd56e900
04-15 18:20:37.925958  2824  3668 I SurfaceView: 111912830 Returned canvas: android.view.Surface$CompatibleCanvas@d92e4df
04-15 18:20:37.929383   507  3514 E OTA_TBOX_PROT: socket: 8, ip:192.168.225.1, port:8899,  connect tbox server fails, error: Connection timed out
04-15 18:20:37.976905  2824  3668 I SurfaceView: 111912830 Locking canvas... stopped=false, surfaceControl=Surface(name=SurfaceView - )/@0xd56e900
04-15 18:20:37.977135  2824  3668 I SurfaceView: 111912830 Returned canvas: android.view.Surface$CompatibleCanvas@d92e4df
04-15 18:20:37.995348  1587  1587 I CAR.VENDOR.AVM: onChange:newValue = CarPropertyValue{mPropertyId=0x21400470, mAreaId=0x0, mStatus=0, mTimestamp=4928147108686, mValue=0}
04-15 18:20:37.995449  2814  2814 I CAR.VENDOR.AVM: onChange:newValue = CarPropertyValue{mPropertyId=0x21400470, mAreaId=0x0, mStatus=0, mTimestamp=4928147108686, mValue=0}
04-15 18:20:38.026408  2533  2533 I BootPresenter: (-$$Lambda$Qut1UVg1Gu75cdlDy9b5jeBJWaU.java:2)bootQuickLogin---->puid = 0
04-15 18:20:38.027036  2533  2533 I BootPresenter: (-$$Lambda$Qut1UVg1Gu75cdlDy9b5jeBJWaU.java:2)bootAutoLogin---->500ms后重试 puid = 0 , faceId = 0 , isNetInited = false
04-15 18:20:38.029594  2824  3668 I SurfaceView: 111912830 Locking canvas... stopped=false, surfaceControl=Surface(name=SurfaceView - )/@0xd56e900
04-15 18:20:38.029882  2824  3668 I SurfaceView: 111912830 Returned canvas: android.view.Surface$CompatibleCanvas@d92e4df
04-15 18:20:38.081598  2824  3668 I SurfaceView: 111912830 Locking canvas... stopped=false, surfaceControl=Surface(name=SurfaceView - )/@0xd56e900
04-15 18:20:38.082117  2824  3668 I SurfaceView: 111912830 Returned canvas: android.view.Surface$CompatibleCanvas@d92e4df
04-15 18:20:38.104599  2814  2814 I CAR.VENDOR.AVM: onChange:newValue = CarPropertyValue{mPropertyId=0x21400470, mAreaId=0x0, mStatus=0, mTimestamp=4928255558738, mValue=0}
04-15 18:20:38.104912  1587  1587 I CAR.VENDOR.AVM: onChange:newValue = CarPropertyValue{mPropertyId=0x21400470, mAreaId=0x0, mStatus=0, mTimestamp=4928255558738, mValue=0}
04-15 18:20:38.134042  2824  3668 I SurfaceView: 111912830 Locking canvas... stopped=false, surfaceControl=Surface(name=SurfaceView - )/@0xd56e900
04-15 18:20:38.134352  2824  3668 I SurfaceView: 111912830 Returned canvas: android.view.Surface$CompatibleCanvas@d92e4df
04-15 18:20:38.185572  2824  3668 I SurfaceView: 111912830 Locking canvas... stopped=false, surfaceControl=Surface(name=SurfaceView - )/@0xd56e900
04-15 18:20:38.185786  2824  3668 I SurfaceView: 111912830 Returned canvas: android.view.Surface$CompatibleCanvas@d92e4df
04-15 18:20:38.215104  2814  2814 I CAR.VENDOR.AVM: onChange:newValue = CarPropertyValue{mPropertyId=0x21400470, mAreaId=0x0, mStatus=0, mTimestamp=4928365759415, mValue=0}
04-15 18:20:38.215209  1587  1587 I CAR.VENDOR.AVM: onChange:newValue = CarPropertyValue{mPropertyId=0x21400470, mAreaId=0x0, mStatus=0, mTimestamp=4928365759415, mValue=0}
04-15 18:20:38.237619  2824  3668 I SurfaceView: 111912830 Locking canvas... stopped=false, surfaceControl=Surface(name=SurfaceView - )/@0xd56e900
04-15 18:20:38.237928  2824  3668 I SurfaceView: 111912830 Returned canvas: android.view.Surface$CompatibleCanvas@d92e4df
04-15 18:20:38.289611  2824  3668 I SurfaceView: 111912830 Locking canvas... stopped=false, surfaceControl=Surface(name=SurfaceView - )/@0xd56e900
04-15 18:20:38.290026  2824  3668 I SurfaceView: 111912830 Returned canvas: android.view.Surface$CompatibleCanvas@d92e4df
04-15 18:20:38.326598  2814  2814 I CAR.VENDOR.AVM: onChange:newValue = CarPropertyValue{mPropertyId=0x21400470, mAreaId=0x0, mStatus=0, mTimestamp=4928476979102, mValue=0}
04-15 18:20:38.326598  1587  1587 I CAR.VENDOR.AVM: onChange:newValue = CarPropertyValue{mPropertyId=0x21400470, mAreaId=0x0, mStatus=0, mTimestamp=4928476979102, mValue=0}
04-15 18:20:38.341663  2824  3668 I SurfaceView: 111912830 Locking canvas... stopped=false, surfaceControl=Surface(name=SurfaceView - )/@0xd56e900
04-15 18:20:38.341835  2824  3668 I SurfaceView: 111912830 Returned canvas: android.view.Surface$CompatibleCanvas@d92e4df
04-15 18:20:38.393761  2824  3668 I SurfaceView: 111912830 Locking canvas... stopped=false, surfaceControl=Surface(name=SurfaceView - )/@0xd56e900
04-15 18:20:38.394183  2824  3668 I SurfaceView: 111912830 Returned canvas: android.view.Surface$CompatibleCanvas@d92e4df
04-15 18:20:38.437694  2814  2814 I CAR.VENDOR.AVM: onChange:newValue = CarPropertyValue{mPropertyId=0x21400470, mAreaId=0x0, mStatus=0, mTimestamp=4928588119415, mValue=0}
04-15 18:20:38.438047  1587  1587 I CAR.VENDOR.AVM: onChange:newValue = CarPropertyValue{mPropertyId=0x21400470, mAreaId=0x0, mStatus=0, mTimestamp=4928588119415, mValue=0}
04-15 18:20:38.445579  2824  3668 I SurfaceView: 111912830 Locking canvas... stopped=false, surfaceControl=Surface(name=SurfaceView - )/@0xd56e900
04-15 18:20:38.445831  2824  3668 I SurfaceView: 111912830 Returned canvas: android.view.Surface$CompatibleCanvas@d92e4df
04-15 18:20:38.488006  1133  1137 E u-blox  : ublox::CGnssMeasurementExtension::navMeasurementUpdate: GnssMeasurementExtension callback is not initialized
04-15 18:20:38.497779  2824  3668 I SurfaceView: 111912830 Locking canvas... stopped=false, surfaceControl=Surface(name=SurfaceView - )/@0xd56e900
04-15 18:20:38.498210  2824  3668 I SurfaceView: 111912830 Returned canvas: android.view.Surface$CompatibleCanvas@d92e4df
04-15 18:20:38.529961  2533  2533 I BootPresenter: (-$$Lambda$Qut1UVg1Gu75cdlDy9b5jeBJWaU.java:2)bootQuickLogin---->puid = 0
04-15 18:20:38.530464  2533  2533 I BootPresenter: (-$$Lambda$Qut1UVg1Gu75cdlDy9b5jeBJWaU.java:2)bootAutoLogin---->500ms后重试 puid = 0 , faceId = 0 , isNetInited = false
04-15 18:20:38.538293  1349  1911 E Property.service: getProperty: propId is not in config list:0x21600202
04-15 18:20:38.545624  1587  1587 I CAR.VENDOR.AVM: onChange:newValue = CarPropertyValue{mPropertyId=0x21400470, mAreaId=0x0, mStatus=0, mTimestamp=4928697178529, mValue=0}
04-15 18:20:38.545751  2814  2814 I CAR.VENDOR.AVM: onChange:newValue = CarPropertyValue{mPropertyId=0x21400470, mAreaId=0x0, mStatus=0, mTimestamp=4928697178529, mValue=0}
04-15 18:20:38.549762  2824  3668 I SurfaceView: 111912830 Locking canvas... stopped=false, surfaceControl=Surface(name=SurfaceView - )/@0xd56e900
04-15 18:20:38.549929  2824  3668 I SurfaceView: 111912830 Returned canvas: android.view.Surface$CompatibleCanvas@d92e4df
04-15 18:20:38.598853  1133  1137 I u-blox  : CAndroidDatabase::CommitSvStatus: reportSvStatus
04-15 18:20:38.601163  2824  3668 I SurfaceView: 111912830 Locking canvas... stopped=false, surfaceControl=Surface(name=SurfaceView - )/@0xd56e900
04-15 18:20:38.601483  1160  1229 I GnssLocationProvider: WakeLock acquired by sendMessage(REPORT_SV_STATUS, 0, com.android.server.location.GnssLocationProvider$SvStatusInfo@152b130)
04-15 18:20:38.601833  2824  3668 I SurfaceView: 111912830 Returned canvas: android.view.Surface$CompatibleCanvas@d92e4df
04-15 18:20:38.602042  1160  1174 I GnssLocationProvider: WakeLock released by handleMessage(REPORT_SV_STATUS, 0, com.android.server.location.GnssLocationProvider$SvStatusInfo@152b130)
04-15 18:20:38.602719  1913  2438 I MXNavi-PosManager: GpsSatellite num is 5
04-15 18:20:38.604031  3091  3091 I AccountServiceManager: (IndexDownloadPresenter$1.java:284)isServiceConnected***true
04-15 18:20:38.604081  3091  3091 I AccountHmiManager: (AccountHmiModel.java:121)request**811****null
04-15 18:20:38.604266  2533  3726 E NetworkUtil: (NetworkUtil.java:837)check account manager is null
04-15 18:20:38.604308  2533  3726 I NetworkUtil: (NetworkUtil.java:302)checkErrorCode  code = 12045
04-15 18:20:38.604340  2533  3726 I NetworkUtil: (NetworkUtil.java:521)checkErrorCode  code = 100001
04-15 18:20:38.604545  3091  3103 I AccountHmiManager: (ICallback$Stub.java:68)callback******812
04-15 18:20:38.619381  3091  3091 I AccountHmiModel: (BaseManager$4$1.java:105)callback:812
04-15 18:20:38.637209  3091  3091 I AccountHmiModel: (Handler.java:106)handleMessage success:-1
04-15 18:20:38.637255  3091  3091 I AccountHmiModel: (Handler.java:106)handleMessage extra:100001
04-15 18:20:38.637284  3091  3091 I AccountHmiModel: (Handler.java:106)handleMessage message:服务请求失败，请检查网络
04-15 18:20:38.653334  2824  3668 I SurfaceView: 111912830 Locking canvas... stopped=false, surfaceControl=Surface(name=SurfaceView - )/@0xd56e900
04-15 18:20:38.653395  2814  2814 I CAR.VENDOR.AVM: onChange:newValue = CarPropertyValue{mPropertyId=0x21400470, mAreaId=0x0, mStatus=0, mTimestamp=4928805420925, mValue=0}
04-15 18:20:38.653498  2824  3668 I SurfaceView: 111912830 Returned canvas: android.view.Surface$CompatibleCanvas@d92e4df
04-15 18:20:38.653528  1587  1587 I CAR.VENDOR.AVM: onChange:newValue = CarPropertyValue{mPropertyId=0x21400470, mAreaId=0x0, mStatus=0, mTimestamp=4928805420925, mValue=0}
04-15 18:20:38.706288  2824  3668 I SurfaceView: 111912830 Locking canvas... stopped=false, surfaceControl=Surface(name=SurfaceView - )/@0xd56e900
04-15 18:20:38.706487  2824  3668 I SurfaceView: 111912830 Returned canvas: android.view.Surface$CompatibleCanvas@d92e4df
04-15 18:20:38.750899  1913  1913 I MXNavi-onNmeaMessage GPGGA = : s = $GPGGA,,,,,,0,,,,,,,,*66\r
04-15 18:20:38.751071  1913  1913 I MXNavi-onNmeaMessage GPRMC = : s = $GPRMC,,V,,,,,,,,,,N*53
04-15 18:20:38.758795  2824  3668 I SurfaceView: 111912830 Locking canvas... stopped=false, surfaceControl=Surface(name=SurfaceView - )/@0xd56e900
04-15 18:20:38.758982  2824  3668 I SurfaceView: 111912830 Returned canvas: android.view.Surface$CompatibleCanvas@d92e4df
04-15 18:20:38.764578  1587  1587 I CAR.VENDOR.AVM: onChange:newValue = CarPropertyValue{mPropertyId=0x21400470, mAreaId=0x0, mStatus=0, mTimestamp=4928915101446, mValue=0}
04-15 18:20:38.764742  2814  2814 I CAR.VENDOR.AVM: onChange:newValue = CarPropertyValue{mPropertyId=0x21400470, mAreaId=0x0, mStatus=0, mTimestamp=4928915101446, mValue=0}
04-15 18:20:38.809860  2824  3668 I SurfaceView: 111912830 Locking canvas... stopped=false, surfaceControl=Surface(name=SurfaceView - )/@0xd56e900
04-15 18:20:38.810060  2824  3668 I SurfaceView: 111912830 Returned canvas: android.view.Surface$CompatibleCanvas@d92e4df
04-15 18:20:38.861552  2824  3668 I SurfaceView: 111912830 Locking canvas... stopped=false, surfaceControl=Surface(name=SurfaceView - )/@0xd56e900
04-15 18:20:38.861768  2824  3668 I SurfaceView: 111912830 Returned canvas: android.view.Surface$CompatibleCanvas@d92e4df
04-15 18:20:38.875229  2814  2814 I CAR.VENDOR.AVM: onChange:newValue = CarPropertyValue{mPropertyId=0x21400470, mAreaId=0x0, mStatus=0, mTimestamp=4929024737540, mValue=0}
04-15 18:20:38.875230  1587  1587 I CAR.VENDOR.AVM: onChange:newValue = CarPropertyValue{mPropertyId=0x21400470, mAreaId=0x0, mStatus=0, mTimestamp=4929024737540, mValue=0}
04-15 18:20:38.913824  2824  3668 I SurfaceView: 111912830 Locking canvas... stopped=false, surfaceControl=Surface(name=SurfaceView - )/@0xd56e900
04-15 18:20:38.914370  2824  3668 I SurfaceView: 111912830 Returned canvas: android.view.Surface$CompatibleCanvas@d92e4df
04-15 18:20:38.965645  2824  3668 I SurfaceView: 111912830 Locking canvas... stopped=false, surfaceControl=Surface(name=SurfaceView - )/@0xd56e900
04-15 18:20:38.966611  2824  3668 I SurfaceView: 111912830 Returned canvas: android.view.Surface$CompatibleCanvas@d92e4df
04-15 18:20:38.982402  2814  2814 I CAR.VENDOR.AVM: onChange:newValue = CarPropertyValue{mPropertyId=0x21400470, mAreaId=0x0, mStatus=0, mTimestamp=4929133903060, mValue=0}
04-15 18:20:38.982514  1587  1587 I CAR.VENDOR.AVM: onChange:newValue = CarPropertyValue{mPropertyId=0x21400470, mAreaId=0x0, mStatus=0, mTimestamp=4929133903060, mValue=0}
04-15 18:20:39.017756  2824  3668 I SurfaceView: 111912830 Locking canvas... stopped=false, surfaceControl=Surface(name=SurfaceView - )/@0xd56e900
04-15 18:20:39.017987  2824  3668 I SurfaceView: 111912830 Returned canvas: android.view.Surface$CompatibleCanvas@d92e4df
04-15 18:20:39.034755  2533  2533 I BootPresenter: (-$$Lambda$Qut1UVg1Gu75cdlDy9b5jeBJWaU.java:2)bootQuickLogin---->puid = 0
04-15 18:20:39.035457  2533  2533 I BootPresenter: (-$$Lambda$Qut1UVg1Gu75cdlDy9b5jeBJWaU.java:2)bootAutoLogin---->500ms后重试 puid = 0 , faceId = 0 , isNetInited = false
04-15 18:20:39.068888  2824  3668 I SurfaceView: 111912830 Locking canvas... stopped=false, surfaceControl=Surface(name=SurfaceView - )/@0xd56e900
04-15 18:20:39.069145  2824  3668 I SurfaceView: 111912830 Returned canvas: android.view.Surface$CompatibleCanvas@d92e4df
04-15 18:20:39.092336  2814  2814 I CAR.VENDOR.AVM: onChange:newValue = CarPropertyValue{mPropertyId=0x21400470, mAreaId=0x0, mStatus=0, mTimestamp=4929243554571, mValue=0}
04-15 18:20:39.092414  1587  1587 I CAR.VENDOR.AVM: onChange:newValue = CarPropertyValue{mPropertyId=0x21400470, mAreaId=0x0, mStatus=0, mTimestamp=4929243554571, mValue=0}
04-15 18:20:39.120786  2824  3668 I SurfaceView: 111912830 Locking canvas... stopped=false, surfaceControl=Surface(name=SurfaceView - )/@0xd56e900
04-15 18:20:39.121032  2824  3668 I SurfaceView: 111912830 Returned canvas: android.view.Surface$CompatibleCanvas@d92e4df
04-15 18:20:39.172621  2824  3668 I SurfaceView: 111912830 Locking canvas... stopped=false, surfaceControl=Surface(name=SurfaceView - )/@0xd56e900
04-15 18:20:39.172831  2824  3668 I SurfaceView: 111912830 Returned canvas: android.view.Surface$CompatibleCanvas@d92e4df
04-15 18:20:39.205555  1587  1587 I CAR.VENDOR.AVM: onChange:newValue = CarPropertyValue{mPropertyId=0x21400470, mAreaId=0x0, mStatus=0, mTimestamp=4929355509362, mValue=0}
04-15 18:20:39.205669  2814  2814 I CAR.VENDOR.AVM: onChange:newValue = CarPropertyValue{mPropertyId=0x21400470, mAreaId=0x0, mStatus=0, mTimestamp=4929355509362, mValue=0}
04-15 18:20:39.217992   477  4410 W AudioHalHWBosch: in_read: 3072 bytes read in  in_read(). frame_size:24. frames_read:78412800. readOnce:78412800.out frame count:128. dataNum:612599. dataVal:612600. dataNormal:0. dataExt:0.dataLastValue:0. dateSame:10210.                 SysAmpIntVariant:0. data_analysis :0:0:0:0 :0:0:0:0 :-1:-1:-2:-1.
04-15 18:20:39.224114  2824  3668 I SurfaceView: 111912830 Locking canvas... stopped=false, surfaceControl=Surface(name=SurfaceView - )/@0xd56e900
04-15 18:20:39.224294  2824  3668 I SurfaceView: 111912830 Returned canvas: android.view.Surface$CompatibleCanvas@d92e4df
04-15 18:20:39.276153  2824  3668 I SurfaceView: 111912830 Locking canvas... stopped=false, surfaceControl=Surface(name=SurfaceView - )/@0xd56e900
04-15 18:20:39.276346  2824  3668 I SurfaceView: 111912830 Returned canvas: android.view.Surface$CompatibleCanvas@d92e4df
04-15 18:20:39.315424  2814  2814 I CAR.VENDOR.AVM: onChange:newValue = CarPropertyValue{mPropertyId=0x21400470, mAreaId=0x0, mStatus=0, mTimestamp=4929467583842, mValue=0}
04-15 18:20:39.315490  1587  1587 I CAR.VENDOR.AVM: onChange:newValue = CarPropertyValue{mPropertyId=0x21400470, mAreaId=0x0, mStatus=0, mTimestamp=4929467583842, mValue=0}
04-15 18:20:39.328591  2824  3668 I SurfaceView: 111912830 Locking canvas... stopped=false, surfaceControl=Surface(name=SurfaceView - )/@0xd56e900
04-15 18:20:39.328916  2824  3668 I SurfaceView: 111912830 Returned canvas: android.view.Surface$CompatibleCanvas@d92e4df
04-15 18:20:39.380614  2824  3668 I SurfaceView: 111912830 Locking canvas... stopped=false, surfaceControl=Surface(name=SurfaceView - )/@0xd56e900
04-15 18:20:39.380849  2824  3668 I SurfaceView: 111912830 Returned canvas: android.view.Surface$CompatibleCanvas@d92e4df
04-15 18:20:39.427501  2814  2814 I CAR.VENDOR.AVM: onChange:newValue = CarPropertyValue{mPropertyId=0x21400470, mAreaId=0x0, mStatus=0, mTimestamp=4929577711550, mValue=0}
04-15 18:20:39.427492  1587  1587 I CAR.VENDOR.AVM: onChange:newValue = CarPropertyValue{mPropertyId=0x21400470, mAreaId=0x0, mStatus=0, mTimestamp=4929577711550, mValue=0}
04-15 18:20:39.432578  2824  3668 I SurfaceView: 111912830 Locking canvas... stopped=false, surfaceControl=Surface(name=SurfaceView - )/@0xd56e900
04-15 18:20:39.432787  2824  3668 I SurfaceView: 111912830 Returned canvas: android.view.Surface$CompatibleCanvas@d92e4df
04-15 18:20:39.484229  2824  3668 I SurfaceView: 111912830 Locking canvas... stopped=false, surfaceControl=Surface(name=SurfaceView - )/@0xd56e900
04-15 18:20:39.484420  2824  3668 I SurfaceView: 111912830 Returned canvas: android.view.Surface$CompatibleCanvas@d92e4df
04-15 18:20:39.488062  1133  1137 E u-blox  : ublox::CGnssMeasurementExtension::navMeasurementUpdate: GnssMeasurementExtension callback is not initialized
04-15 18:20:39.535883  2814  2814 I CAR.VENDOR.AVM: onChange:newValue = CarPropertyValue{mPropertyId=0x21400470, mAreaId=0x0, mStatus=0, mTimestamp=4929685811133, mValue=0}
04-15 18:20:39.536281  1587  1587 I CAR.VENDOR.AVM: onChange:newValue = CarPropertyValue{mPropertyId=0x21400470, mAreaId=0x0, mStatus=0, mTimestamp=4929685811133, mValue=0}
04-15 18:20:39.537059  1349  1911 E Property.service: getProperty: propId is not in config list:0x21600202
04-15 18:20:39.538348  2533  2533 I BootPresenter: (-$$Lambda$Qut1UVg1Gu75cdlDy9b5jeBJWaU.java:2)bootQuickLogin---->puid = 0
04-15 18:20:39.539315  2824  3668 I SurfaceView: 111912830 Locking canvas... stopped=false, surfaceControl=Surface(name=SurfaceView - )/@0xd56e900
04-15 18:20:39.539603  2824  3668 I SurfaceView: 111912830 Returned canvas: android.view.Surface$CompatibleCanvas@d92e4df
04-15 18:20:39.540627  2533  2533 I BootPresenter: (-$$Lambda$Qut1UVg1Gu75cdlDy9b5jeBJWaU.java:2)bootAutoLogin---->500ms后重试 puid = 0 , faceId = 0 , isNetInited = false
04-15 18:20:39.590907  2824  3668 I SurfaceView: 111912830 Locking canvas... stopped=false, surfaceControl=Surface(name=SurfaceView - )/@0xd56e900
04-15 18:20:39.591232  2824  3668 I SurfaceView: 111912830 Returned canvas: android.view.Surface$CompatibleCanvas@d92e4df
04-15 18:20:39.601319  1133  1137 I u-blox  : CAndroidDatabase::CommitSvStatus: reportSvStatus
04-15 18:20:39.603061  1160  1229 I GnssLocationProvider: WakeLock acquired by sendMessage(REPORT_SV_STATUS, 0, com.android.server.location.GnssLocationProvider$SvStatusInfo@d5241a9)
04-15 18:20:39.603578  1160  1174 I GnssLocationProvider: WakeLock released by handleMessage(REPORT_SV_STATUS, 0, com.android.server.location.GnssLocationProvider$SvStatusInfo@d5241a9)
04-15 18:20:39.604619  1913  2438 I MXNavi-PosManager: GpsSatellite num is 5
04-15 18:20:39.642427  2824  3668 I SurfaceView: 111912830 Locking canvas... stopped=false, surfaceControl=Surface(name=SurfaceView - )/@0xd56e900
04-15 18:20:39.642716  2824  3668 I SurfaceView: 111912830 Returned canvas: android.view.Surface$CompatibleCanvas@d92e4df
04-15 18:20:39.647451  2814  2814 I CAR.VENDOR.AVM: onChange:newValue = CarPropertyValue{mPropertyId=0x21400470, mAreaId=0x0, mStatus=0, mTimestamp=4929798037644, mValue=0}
04-15 18:20:39.647846  1587  1587 I CAR.VENDOR.AVM: onChange:newValue = CarPropertyValue{mPropertyId=0x21400470, mAreaId=0x0, mStatus=0, mTimestamp=4929798037644, mValue=0}
04-15 18:20:39.655709  3091  3091 I AccountServiceManager: (IndexDownloadPresenter$1.java:284)isServiceConnected***true
04-15 18:20:39.655826  3091  3091 I AccountHmiManager: (AccountHmiModel.java:121)request**811****null
04-15 18:20:39.656067  2533  3726 E NetworkUtil: (NetworkUtil.java:837)check account manager is null
04-15 18:20:39.656100  2533  3726 I NetworkUtil: (NetworkUtil.java:302)checkErrorCode  code = 12045
04-15 18:20:39.656125  2533  3726 I NetworkUtil: (NetworkUtil.java:521)checkErrorCode  code = 100001
04-15 18:20:39.656345  3091  3103 I AccountHmiManager: (ICallback$Stub.java:68)callback******812
04-15 18:20:39.671530  3091  3091 I AccountHmiModel: (BaseManager$4$1.java:105)callback:812
04-15 18:20:39.688260  3091  3091 I AccountHmiModel: (Handler.java:106)handleMessage success:-1
04-15 18:20:39.688313  3091  3091 I AccountHmiModel: (Handler.java:106)handleMessage extra:100001
04-15 18:20:39.688340  3091  3091 I AccountHmiModel: (Handler.java:106)handleMessage message:服务请求失败，请检查网络
04-15 18:20:39.694546  2824  3668 I SurfaceView: 111912830 Locking canvas... stopped=false, surfaceControl=Surface(name=SurfaceView - )/@0xd56e900
04-15 18:20:39.694728  2824  3668 I SurfaceView: 111912830 Returned canvas: android.view.Surface$CompatibleCanvas@d92e4df
04-15 18:20:39.745353  2824  3668 I SurfaceView: 111912830 Locking canvas... stopped=false, surfaceControl=Surface(name=SurfaceView - )/@0xd56e900
04-15 18:20:39.745816  2824  3668 I SurfaceView: 111912830 Returned canvas: android.view.Surface$CompatibleCanvas@d92e4df
04-15 18:20:39.751978  1913  1913 I MXNavi-onNmeaMessage GPGGA = : s = $GPGGA,,,,,,0,,,,,,,,*66\r
04-15 18:20:39.752018  1913  1913 I MXNavi-onNmeaMessage GPRMC = : s = $GPRMC,,V,,,,,,,,,,N*53
04-15 18:20:39.757740  2814  2814 I CAR.VENDOR.AVM: onChange:newValue = CarPropertyValue{mPropertyId=0x21400470, mAreaId=0x0, mStatus=0, mTimestamp=4929908594362, mValue=0}
04-15 18:20:39.758245  1587  1587 I CAR.VENDOR.AVM: onChange:newValue = CarPropertyValue{mPropertyId=0x21400470, mAreaId=0x0, mStatus=0, mTimestamp=4929908594362, mValue=0}
04-15 18:20:39.798355  2824  3668 I SurfaceView: 111912830 Locking canvas... stopped=false, surfaceControl=Surface(name=SurfaceView - )/@0xd56e900
04-15 18:20:39.798554  2824  3668 I SurfaceView: 111912830 Returned canvas: android.view.Surface$CompatibleCanvas@d92e4df
04-15 18:20:39.849744  2824  3668 I SurfaceView: 111912830 Locking canvas... stopped=false, surfaceControl=Surface(name=SurfaceView - )/@0xd56e900
04-15 18:20:39.849953  2824  3668 I SurfaceView: 111912830 Returned canvas: android.view.Surface$CompatibleCanvas@d92e4df
04-15 18:20:39.866327  2814  2814 I CAR.VENDOR.AVM: onChange:newValue = CarPropertyValue{mPropertyId=0x21400470, mAreaId=0x0, mStatus=0, mTimestamp=4930018195768, mValue=0}
04-15 18:20:39.866461  1587  1587 I CAR.VENDOR.AVM: onChange:newValue = CarPropertyValue{mPropertyId=0x21400470, mAreaId=0x0, mStatus=0, mTimestamp=4930018195768, mValue=0}
04-15 18:20:39.901457  2824  3668 I SurfaceView: 111912830 Locking canvas... stopped=false, surfaceControl=Surface(name=SurfaceView - )/@0xd56e900
04-15 18:20:39.901671  2824  3668 I SurfaceView: 111912830 Returned canvas: android.view.Surface$CompatibleCanvas@d92e4df
04-15 18:20:39.954077  2824  3668 I SurfaceView: 111912830 Locking canvas... stopped=false, surfaceControl=Surface(name=SurfaceView - )/@0xd56e900
04-15 18:20:39.954487  2824  3668 I SurfaceView: 111912830 Returned canvas: android.view.Surface$CompatibleCanvas@d92e4df
04-15 18:20:39.966959  1160  1270 E WifiVendorHal: getWifiLinkLayerStats(l.937) failed {.code = ERROR_NOT_AVAILABLE, .description = }
04-15 18:20:39.978406  2814  2814 I CAR.VENDOR.AVM: onChange:newValue = CarPropertyValue{mPropertyId=0x21400470, mAreaId=0x0, mStatus=0, mTimestamp=4930128566029, mValue=0}
04-15 18:20:39.978655  1587  1587 I CAR.VENDOR.AVM: onChange:newValue = CarPropertyValue{mPropertyId=0x21400470, mAreaId=0x0, mStatus=0, mTimestamp=4930128566029, mValue=0}
04-15 18:20:40.005689  2824  3668 I SurfaceView: 111912830 Locking canvas... stopped=false, surfaceControl=Surface(name=SurfaceView - )/@0xd56e900
04-15 18:20:40.006286  2824  3668 I SurfaceView: 111912830 Returned canvas: android.view.Surface$CompatibleCanvas@d92e4df
04-15 18:20:40.042119  2533  2533 I BootPresenter: (-$$Lambda$Qut1UVg1Gu75cdlDy9b5jeBJWaU.java:2)bootQuickLogin---->puid = 0
04-15 18:20:40.042738  2533  2533 I BootPresenter: (-$$Lambda$Qut1UVg1Gu75cdlDy9b5jeBJWaU.java:2)bootAutoLogin---->500ms后重试 puid = 0 , faceId = 0 , isNetInited = false
04-15 18:20:40.057792  2824  3668 I SurfaceView: 111912830 Locking canvas... stopped=false, surfaceControl=Surface(name=SurfaceView - )/@0xd56e900
04-15 18:20:40.057973  2824  3668 I SurfaceView: 111912830 Returned canvas: android.view.Surface$CompatibleCanvas@d92e4df
04-15 18:20:40.090824  1587  1587 I CAR.VENDOR.AVM: onChange:newValue = CarPropertyValue{mPropertyId=0x21400470, mAreaId=0x0, mStatus=0, mTimestamp=4930240729518, mValue=0}
04-15 18:20:40.091074  2814  2814 I CAR.VENDOR.AVM: onChange:newValue = CarPropertyValue{mPropertyId=0x21400470, mAreaId=0x0, mStatus=0, mTimestamp=4930240729518, mValue=0}
04-15 18:20:40.108640  2824  3668 I SurfaceView: 111912830 Locking canvas... stopped=false, surfaceControl=Surface(name=SurfaceView - )/@0xd56e900
04-15 18:20:40.108794  2824  3668 I SurfaceView: 111912830 Returned canvas: android.view.Surface$CompatibleCanvas@d92e4df
04-15 18:20:40.159392  2824  3668 I SurfaceView: 111912830 Locking canvas... stopped=false, surfaceControl=Surface(name=SurfaceView - )/@0xd56e900
04-15 18:20:40.159570  2824  3668 I SurfaceView: 111912830 Returned canvas: android.view.Surface$CompatibleCanvas@d92e4df
04-15 18:20:40.198310  1587  1587 I CAR.VENDOR.AVM: onChange:newValue = CarPropertyValue{mPropertyId=0x21400470, mAreaId=0x0, mStatus=0, mTimestamp=4930350517279, mValue=0}
04-15 18:20:40.198760  2814  2814 I CAR.VENDOR.AVM: onChange:newValue = CarPropertyValue{mPropertyId=0x21400470, mAreaId=0x0, mStatus=0, mTimestamp=4930350517279, mValue=0}
04-15 18:20:40.210647  2824  3668 I SurfaceView: 111912830 Locking canvas... stopped=false, surfaceControl=Surface(name=SurfaceView - )/@0xd56e900
04-15 18:20:40.210894  2824  3668 I SurfaceView: 111912830 Returned canvas: android.view.Surface$CompatibleCanvas@d92e4df
04-15 18:20:40.237465   507   604 E TBOX_PROTOCOL: socket: 7, ip:192.168.225.1, port:7788,  connect tbox server fails, error: Connection timed out
04-15 18:20:40.261803  2824  3668 I SurfaceView: 111912830 Locking canvas... stopped=false, surfaceControl=Surface(name=SurfaceView - )/@0xd56e900
04-15 18:20:40.262247  2824  3668 I SurfaceView: 111912830 Returned canvas: android.view.Surface$CompatibleCanvas@d92e4df
04-15 18:20:40.309491  1587  1587 I CAR.VENDOR.AVM: onChange:newValue = CarPropertyValue{mPropertyId=0x21400470, mAreaId=0x0, mStatus=0, mTimestamp=4930459075872, mValue=0}
04-15 18:20:40.309622  2814  2814 I CAR.VENDOR.AVM: onChange:newValue = CarPropertyValue{mPropertyId=0x21400470, mAreaId=0x0, mStatus=0, mTimestamp=4930459075872, mValue=0}
04-15 18:20:40.313616  2824  3668 I SurfaceView: 111912830 Locking canvas... stopped=false, surfaceControl=Surface(name=SurfaceView - )/@0xd56e900
04-15 18:20:40.314506  2824  3668 I SurfaceView: 111912830 Returned canvas: android.view.Surface$CompatibleCanvas@d92e4df
04-15 18:20:40.366570  2824  3668 I SurfaceView: 111912830 Locking canvas... stopped=false, surfaceControl=Surface(name=SurfaceView - )/@0xd56e900
04-15 18:20:40.366760  2824  3668 I SurfaceView: 111912830 Returned canvas: android.view.Surface$CompatibleCanvas@d92e4df
04-15 18:20:40.418652  1587  1587 I CAR.VENDOR.AVM: onChange:newValue = CarPropertyValue{mPropertyId=0x21400470, mAreaId=0x0, mStatus=0, mTimestamp=4930569093633, mValue=0}
04-15 18:20:40.418776  2814  2814 I CAR.VENDOR.AVM: onChange:newValue = CarPropertyValue{mPropertyId=0x21400470, mAreaId=0x0, mStatus=0, mTimestamp=4930569093633, mValue=0}
04-15 18:20:40.419170  2824  3668 I SurfaceView: 111912830 Locking canvas... stopped=false, surfaceControl=Surface(name=SurfaceView - )/@0xd56e900
04-15 18:20:40.419540  2824  3668 I SurfaceView: 111912830 Returned canvas: android.view.Surface$CompatibleCanvas@d92e4df
04-15 18:20:40.470647  2824  3668 I SurfaceView: 111912830 Locking canvas... stopped=false, surfaceControl=Surface(name=SurfaceView - )/@0xd56e900
04-15 18:20:40.470879  2824  3668 I SurfaceView: 111912830 Returned canvas: android.view.Surface$CompatibleCanvas@d92e4df
04-15 18:20:40.487874  1133  1137 E u-blox  : ublox::CGnssMeasurementExtension::navMeasurementUpdate: GnssMeasurementExtension callback is not initialized
04-15 18:20:40.522570  2824  3668 I SurfaceView: 111912830 Locking canvas... stopped=false, surfaceControl=Surface(name=SurfaceView - )/@0xd56e900
04-15 18:20:40.522780  2824  3668 I SurfaceView: 111912830 Returned canvas: android.view.Surface$CompatibleCanvas@d92e4df
04-15 18:20:40.532477  1587  1587 I CAR.VENDOR.AVM: onChange:newValue = CarPropertyValue{mPropertyId=0x21400470, mAreaId=0x0, mStatus=0, mTimestamp=4930683242487, mValue=0}
04-15 18:20:40.532485  2814  2814 I CAR.VENDOR.AVM: onChange:newValue = CarPropertyValue{mPropertyId=0x21400470, mAreaId=0x0, mStatus=0, mTimestamp=4930683242487, mValue=0}
04-15 18:20:40.538423  1349  1384 E Property.service: getProperty: propId is not in config list:0x21600202
04-15 18:20:40.546151  2533  2533 I BootPresenter: (-$$Lambda$Qut1UVg1Gu75cdlDy9b5jeBJWaU.java:2)bootQuickLogin---->puid = 0
04-15 18:20:40.546742  2533  2533 I BootPresenter: (-$$Lambda$Qut1UVg1Gu75cdlDy9b5jeBJWaU.java:2)bootAutoLogin---->500ms后重试 puid = 0 , faceId = 0 , isNetInited = false
04-15 18:20:40.574615  2824  3668 I SurfaceView: 111912830 Locking canvas... stopped=false, surfaceControl=Surface(name=SurfaceView - )/@0xd56e900
04-15 18:20:40.574844  2824  3668 I SurfaceView: 111912830 Returned canvas: android.view.Surface$CompatibleCanvas@d92e4df
04-15 18:20:40.591952   829  3441 E gocserial: open usb serial err:No such device
--------- switch to kernel
01-01 01:22:19.851218     0     0 I rtk_btusb: btchr_open: BT usb char device is opening
01-01 01:22:19.853857     0     0 E rtk_btusb: btchr_open: Device not probed
--------- switch to main
04-15 18:20:40.600471  1133  1137 I u-blox  : CAndroidDatabase::CommitSvStatus: reportSvStatus
04-15 18:20:40.601140  1160  1229 I GnssLocationProvider: WakeLock acquired by sendMessage(REPORT_SV_STATUS, 0, com.android.server.location.GnssLocationProvider$SvStatusInfo@dbda32e)
04-15 18:20:40.603803  1160  1174 I GnssLocationProvider: WakeLock released by handleMessage(REPORT_SV_STATUS, 0, com.android.server.location.GnssLocationProvider$SvStatusInfo@dbda32e)
04-15 18:20:40.605500  1913  2438 I MXNavi-PosManager: GpsSatellite num is 6
04-15 18:20:40.625624  2824  3668 I SurfaceView: 111912830 Locking canvas... stopped=false, surfaceControl=Surface(name=SurfaceView - )/@0xd56e900
04-15 18:20:40.625816  2824  3668 I SurfaceView: 111912830 Returned canvas: android.view.Surface$CompatibleCanvas@d92e4df
04-15 18:20:40.645569  1587  1587 I CAR.VENDOR.AVM: onChange:newValue = CarPropertyValue{mPropertyId=0x21400470, mAreaId=0x0, mStatus=0, mTimestamp=4930794989727, mValue=0}
04-15 18:20:40.645644  2814  2814 I CAR.VENDOR.AVM: onChange:newValue = CarPropertyValue{mPropertyId=0x21400470, mAreaId=0x0, mStatus=0, mTimestamp=4930794989727, mValue=0}
04-15 18:20:40.676649  2824  3668 I SurfaceView: 111912830 Locking canvas... stopped=false, surfaceControl=Surface(name=SurfaceView - )/@0xd56e900
04-15 18:20:40.676907  2824  3668 I SurfaceView: 111912830 Returned canvas: android.view.Surface$CompatibleCanvas@d92e4df
04-15 18:20:40.707950  3091  3091 I AccountServiceManager: (IndexDownloadPresenter$1.java:284)isServiceConnected***true
04-15 18:20:40.708015  3091  3091 I AccountHmiManager: (AccountHmiModel.java:121)request**811****null
04-15 18:20:40.708233  2533  3726 E NetworkUtil: (NetworkUtil.java:837)check account manager is null
04-15 18:20:40.708270  2533  3726 I NetworkUtil: (NetworkUtil.java:302)checkErrorCode  code = 12045
04-15 18:20:40.708300  2533  3726 I NetworkUtil: (NetworkUtil.java:521)checkErrorCode  code = 100001
04-15 18:20:40.708530  3091  3103 I AccountHmiManager: (ICallback$Stub.java:68)callback******812
04-15 18:20:40.723823  3091  3091 I AccountHmiModel: (BaseManager$4$1.java:105)callback:812
04-15 18:20:40.728771  2824  3668 I SurfaceView: 111912830 Locking canvas... stopped=false, surfaceControl=Surface(name=SurfaceView - )/@0xd56e900
04-15 18:20:40.729009  2824  3668 I SurfaceView: 111912830 Returned canvas: android.view.Surface$CompatibleCanvas@d92e4df
04-15 18:20:40.740783  3091  3091 I AccountHmiModel: (Handler.java:106)handleMessage success:-1
04-15 18:20:40.740856  3091  3091 I AccountHmiModel: (Handler.java:106)handleMessage extra:100001
04-15 18:20:40.740885  3091  3091 I AccountHmiModel: (Handler.java:106)handleMessage message:服务请求失败，请检查网络
04-15 18:20:40.753787  1913  1913 I MXNavi-onNmeaMessage GPGGA = : s = $GPGGA,,,,,,0,,,,,,,,*66\r
04-15 18:20:40.753817  1913  1913 I MXNavi-onNmeaMessage GPRMC = : s = $GPRMC,,V,,,,,,,,,,N*53
04-15 18:20:40.755404  1587  1587 I CAR.VENDOR.AVM: onChange:newValue = CarPropertyValue{mPropertyId=0x21400470, mAreaId=0x0, mStatus=0, mTimestamp=4930906511862, mValue=0}
04-15 18:20:40.755502  2814  2814 I CAR.VENDOR.AVM: onChange:newValue = CarPropertyValue{mPropertyId=0x21400470, mAreaId=0x0, mStatus=0, mTimestamp=4930906511862, mValue=0}
04-15 18:20:40.780069  2824  3668 I SurfaceView: 111912830 Locking canvas... stopped=false, surfaceControl=Surface(name=SurfaceView - )/@0xd56e900
04-15 18:20:40.780272  2824  3668 I SurfaceView: 111912830 Returned canvas: android.view.Surface$CompatibleCanvas@d92e4df
04-15 18:20:40.831761  2824  3668 I SurfaceView: 111912830 Locking canvas... stopped=false, surfaceControl=Surface(name=SurfaceView - )/@0xd56e900
04-15 18:20:40.831945  2824  3668 I SurfaceView: 111912830 Returned canvas: android.view.Surface$CompatibleCanvas@d92e4df
04-15 18:20:40.864021  1587  1587 I CAR.VENDOR.AVM: onChange:newValue = CarPropertyValue{mPropertyId=0x21400470, mAreaId=0x0, mStatus=0, mTimestamp=4931014691393, mValue=0}
04-15 18:20:40.864185  2814  2814 I CAR.VENDOR.AVM: onChange:newValue = CarPropertyValue{mPropertyId=0x21400470, mAreaId=0x0, mStatus=0, mTimestamp=4931014691393, mValue=0}
04-15 18:20:40.883611  2824  3668 I SurfaceView: 111912830 Locking canvas... stopped=false, surfaceControl=Surface(name=SurfaceView - )/@0xd56e900
04-15 18:20:40.884082  2824  3668 I SurfaceView: 111912830 Returned canvas: android.view.Surface$CompatibleCanvas@d92e4df
--------- switch to system
04-15 18:20:36.985118  2753  3954 W ContextImpl: Calling a method in the system process without a qualified user: android.app.ContextImpl.sendBroadcast:1005 android.content.ContextWrapper.sendBroadcast:444 com.iflytek.auto.speechclient.sdk.guide.GuideManager.sendGuideBc:229 com.iflytek.auto.speechclient.sdk.guide.GuideManager.access$200:22 com.iflytek.auto.speechclient.sdk.guide.GuideManager$1.onTick:171 
04-15 18:20:40.930283   714   749 E storaged: getDiskStats failed with result NOT_SUPPORTED and size 0
--------- switch to main
04-15 18:20:40.935673  2824  3668 I SurfaceView: 111912830 Locking canvas... stopped=false, surfaceControl=Surface(name=SurfaceView - )/@0xd56e900
04-15 18:20:40.935858  2824  3668 I SurfaceView: 111912830 Returned canvas: android.view.Surface$CompatibleCanvas@d92e4df
04-15 18:20:40.971655  1587  1587 I CAR.VENDOR.AVM: onChange:newValue = CarPropertyValue{mPropertyId=0x21400470, mAreaId=0x0, mStatus=0, mTimestamp=4931123571445, mValue=0}
04-15 18:20:40.971837  2814  2814 I CAR.VENDOR.AVM: onChange:newValue = CarPropertyValue{mPropertyId=0x21400470, mAreaId=0x0, mStatus=0, mTimestamp=4931123571445, mValue=0}
04-15 18:20:40.987087  2824  3668 I SurfaceView: 111912830 Locking canvas... stopped=false, surfaceControl=Surface(name=SurfaceView - )/@0xd56e900
04-15 18:20:40.987296  2824  3668 I SurfaceView: 111912830 Returned canvas: android.view.Surface$CompatibleCanvas@d92e4df
04-15 18:20:41.040193  2824  3668 I SurfaceView: 111912830 Locking canvas... stopped=false, surfaceControl=Surface(name=SurfaceView - )/@0xd56e900
04-15 18:20:41.040456  2824  3668 I SurfaceView: 111912830 Returned canvas: android.view.Surface$CompatibleCanvas@d92e4df
04-15 18:20:41.047443  2533  2533 I BootPresenter: (-$$Lambda$Qut1UVg1Gu75cdlDy9b5jeBJWaU.java:2)bootQuickLogin---->puid = 0
04-15 18:20:41.048257  2533  2533 I BootPresenter: (-$$Lambda$Qut1UVg1Gu75cdlDy9b5jeBJWaU.java:2)bootAutoLogin---->500ms后重试 puid = 0 , faceId = 0 , isNetInited = false
04-15 18:20:41.079838  2814  2814 I CAR.VENDOR.AVM: onChange:newValue = CarPropertyValue{mPropertyId=0x21400470, mAreaId=0x0, mStatus=0, mTimestamp=4931231365143, mValue=0}
04-15 18:20:41.080119  1587  1587 I CAR.VENDOR.AVM: onChange:newValue = CarPropertyValue{mPropertyId=0x21400470, mAreaId=0x0, mStatus=0, mTimestamp=4931231365143, mValue=0}
04-15 18:20:41.091586  2824  3668 I SurfaceView: 111912830 Locking canvas... stopped=false, surfaceControl=Surface(name=SurfaceView - )/@0xd56e900
04-15 18:20:41.091787  2824  3668 I SurfaceView: 111912830 Returned canvas: android.view.Surface$CompatibleCanvas@d92e4df
04-15 18:20:41.101659  3164  3633 I LocationManager: Choose AMap.
04-15 18:20:41.143688  2824  3668 I SurfaceView: 111912830 Locking canvas... stopped=false, surfaceControl=Surface(name=SurfaceView - )/@0xd56e900
04-15 18:20:41.143986  2824  3668 I SurfaceView: 111912830 Returned canvas: android.view.Surface$CompatibleCanvas@d92e4df
04-15 18:20:41.192383  1587  1587 I CAR.VENDOR.AVM: onChange:newValue = CarPropertyValue{mPropertyId=0x21400470, mAreaId=0x0, mStatus=0, mTimestamp=4931342521289, mValue=0}
04-15 18:20:41.192959  2814  2814 I CAR.VENDOR.AVM: onChange:newValue = CarPropertyValue{mPropertyId=0x21400470, mAreaId=0x0, mStatus=0, mTimestamp=4931342521289, mValue=0}
04-15 18:20:41.195680  2824  3668 I SurfaceView: 111912830 Locking canvas... stopped=false, surfaceControl=Surface(name=SurfaceView - )/@0xd56e900
04-15 18:20:41.195868  2824  3668 I SurfaceView: 111912830 Returned canvas: android.view.Surface$CompatibleCanvas@d92e4df
04-15 18:20:41.247669  2824  3668 I SurfaceView: 111912830 Locking canvas... stopped=false, surfaceControl=Surface(name=SurfaceView - )/@0xd56e900
04-15 18:20:41.247866  2824  3668 I SurfaceView: 111912830 Returned canvas: android.view.Surface$CompatibleCanvas@d92e4df
04-15 18:20:41.298973  2824  3668 I SurfaceView: 111912830 Locking canvas... stopped=false, surfaceControl=Surface(name=SurfaceView - )/@0xd56e900
04-15 18:20:41.299187  2824  3668 I SurfaceView: 111912830 Returned canvas: android.view.Surface$CompatibleCanvas@d92e4df
04-15 18:20:41.305901  1587  1587 I CAR.VENDOR.AVM: onChange:newValue = CarPropertyValue{mPropertyId=0x21400470, mAreaId=0x0, mStatus=0, mTimestamp=4931455336914, mValue=0}
04-15 18:20:41.306771  2814  2814 I CAR.VENDOR.AVM: onChange:newValue = CarPropertyValue{mPropertyId=0x21400470, mAreaId=0x0, mStatus=0, mTimestamp=4931455336914, mValue=0}
04-15 18:20:41.351625  2824  3668 I SurfaceView: 111912830 Locking canvas... stopped=false, surfaceControl=Surface(name=SurfaceView - )/@0xd56e900
04-15 18:20:41.351914  2824  3668 I SurfaceView: 111912830 Returned canvas: android.view.Surface$CompatibleCanvas@d92e4df
04-15 18:20:41.403566  2824  3668 I SurfaceView: 111912830 Locking canvas... stopped=false, surfaceControl=Surface(name=SurfaceView - )/@0xd56e900
04-15 18:20:41.403794  2824  3668 I SurfaceView: 111912830 Returned canvas: android.view.Surface$CompatibleCanvas@d92e4df
04-15 18:20:41.415357  1587  1587 I CAR.VENDOR.AVM: onChange:newValue = CarPropertyValue{mPropertyId=0x21400470, mAreaId=0x0, mStatus=0, mTimestamp=4931566386289, mValue=0}
04-15 18:20:41.415411  2814  2814 I CAR.VENDOR.AVM: onChange:newValue = CarPropertyValue{mPropertyId=0x21400470, mAreaId=0x0, mStatus=0, mTimestamp=4931566386289, mValue=0}
04-15 18:20:41.455066  2824  3668 I SurfaceView: 111912830 Locking canvas... stopped=false, surfaceControl=Surface(name=SurfaceView - )/@0xd56e900
04-15 18:20:41.455309  2824  3668 I SurfaceView: 111912830 Returned canvas: android.view.Surface$CompatibleCanvas@d92e4df
04-15 18:20:41.487914  1133  1137 E u-blox  : ublox::CGnssMeasurementExtension::navMeasurementUpdate: GnssMeasurementExtension callback is not initialized
04-15 18:20:41.507590  2824  3668 I SurfaceView: 111912830 Locking canvas... stopped=false, surfaceControl=Surface(name=SurfaceView - )/@0xd56e900
04-15 18:20:41.508114  2824  3668 I SurfaceView: 111912830 Returned canvas: android.view.Surface$CompatibleCanvas@d92e4df
04-15 18:20:41.527041  2814  2814 I CAR.VENDOR.AVM: onChange:newValue = CarPropertyValue{mPropertyId=0x21400470, mAreaId=0x0, mStatus=0, mTimestamp=4931677558945, mValue=0}
04-15 18:20:41.529484  1587  1587 I CAR.VENDOR.AVM: onChange:newValue = CarPropertyValue{mPropertyId=0x21400470, mAreaId=0x0, mStatus=0, mTimestamp=4931677558945, mValue=0}
04-15 18:20:41.536703  1349  1384 E Property.service: getProperty: propId is not in config list:0x21600202
04-15 18:20:41.550434  2533  2533 I BootPresenter: (-$$Lambda$Qut1UVg1Gu75cdlDy9b5jeBJWaU.java:2)bootQuickLogin---->puid = 0
04-15 18:20:41.550967  2533  2533 I BootPresenter: (-$$Lambda$Qut1UVg1Gu75cdlDy9b5jeBJWaU.java:2)bootAutoLogin---->500ms后重试 puid = 0 , faceId = 0 , isNetInited = false
04-15 18:20:41.558835  2824  3668 I SurfaceView: 111912830 Locking canvas... stopped=false, surfaceControl=Surface(name=SurfaceView - )/@0xd56e900
04-15 18:20:41.559020  2824  3668 I SurfaceView: 111912830 Returned canvas: android.view.Surface$CompatibleCanvas@d92e4df
04-15 18:20:41.601165  1133  1137 I u-blox  : CAndroidDatabase::CommitSvStatus: reportSvStatus
04-15 18:20:41.601608  1160  1229 I GnssLocationProvider: WakeLock acquired by sendMessage(REPORT_SV_STATUS, 0, com.android.server.location.GnssLocationProvider$SvStatusInfo@50aaecf)
04-15 18:20:41.602585  1160  1174 I GnssLocationProvider: WakeLock released by handleMessage(REPORT_SV_STATUS, 0, com.android.server.location.GnssLocationProvider$SvStatusInfo@50aaecf)
04-15 18:20:41.603622  1913  2438 I MXNavi-PosManager: GpsSatellite num is 4
04-15 18:20:41.611611  2824  3668 I SurfaceView: 111912830 Locking canvas... stopped=false, surfaceControl=Surface(name=SurfaceView - )/@0xd56e900
04-15 18:20:41.611844  2824  3668 I SurfaceView: 111912830 Returned canvas: android.view.Surface$CompatibleCanvas@d92e4df
04-15 18:20:41.617778   477  4410 W AudioHalHWBosch: in_read: 3072 bytes read in  in_read(). frame_size:24. frames_read:78451200. readOnce:78451200.out frame count:128. dataNum:612899. dataVal:612900. dataNormal:0. dataExt:0.dataLastValue:0. dateSame:10215.                 SysAmpIntVariant:0. data_analysis :0:0:0:0 :0:0:0:0 :0:-2:0:-1.
04-15 18:20:41.638992  1587  1587 I CAR.VENDOR.AVM: onChange:newValue = CarPropertyValue{mPropertyId=0x21400470, mAreaId=0x0, mStatus=0, mTimestamp=4931790419674, mValue=0}
04-15 18:20:41.639067  2814  2814 I CAR.VENDOR.AVM: onChange:newValue = CarPropertyValue{mPropertyId=0x21400470, mAreaId=0x0, mStatus=0, mTimestamp=4931790419674, mValue=0}
04-15 18:20:41.663620  2824  3668 I SurfaceView: 111912830 Locking canvas... stopped=false, surfaceControl=Surface(name=SurfaceView - )/@0xd56e900
04-15 18:20:41.663919  2824  3668 I SurfaceView: 111912830 Returned canvas: android.view.Surface$CompatibleCanvas@d92e4df
04-15 18:20:41.714980  2824  3668 I SurfaceView: 111912830 Locking canvas... stopped=false, surfaceControl=Surface(name=SurfaceView - )/@0xd56e900
04-15 18:20:41.715177  2824  3668 I SurfaceView: 111912830 Returned canvas: android.view.Surface$CompatibleCanvas@d92e4df
04-15 18:20:41.748606  2814  2814 I CAR.VENDOR.AVM: onChange:newValue = CarPropertyValue{mPropertyId=0x21400470, mAreaId=0x0, mStatus=0, mTimestamp=4931899253059, mValue=0}
04-15 18:20:41.748787  1587  1587 I CAR.VENDOR.AVM: onChange:newValue = CarPropertyValue{mPropertyId=0x21400470, mAreaId=0x0, mStatus=0, mTimestamp=4931899253059, mValue=0}
04-15 18:20:41.755688  1913  1913 I MXNavi-onNmeaMessage GPGGA = : s = $GPGGA,,,,,,0,,,,,,,,*66\r
04-15 18:20:41.755731  1913  1913 I MXNavi-onNmeaMessage GPRMC = : s = $GPRMC,,V,,,,,,,,,,N*53
04-15 18:20:41.759621  3091  3091 I AccountServiceManager: (IndexDownloadPresenter$1.java:284)isServiceConnected***true
04-15 18:20:41.759693  3091  3091 I AccountHmiManager: (AccountHmiModel.java:121)request**811****null
04-15 18:20:41.759866  2533  3726 E NetworkUtil: (NetworkUtil.java:837)check account manager is null
04-15 18:20:41.759909  2533  3726 I NetworkUtil: (NetworkUtil.java:302)checkErrorCode  code = 12045
04-15 18:20:41.759935  2533  3726 I NetworkUtil: (NetworkUtil.java:521)checkErrorCode  code = 100001
04-15 18:20:41.760248  3091  3103 I AccountHmiManager: (ICallback$Stub.java:68)callback******812
04-15 18:20:41.767696  2824  3668 I SurfaceView: 111912830 Locking canvas... stopped=false, surfaceControl=Surface(name=SurfaceView - )/@0xd56e900
04-15 18:20:41.767911  2824  3668 I SurfaceView: 111912830 Returned canvas: android.view.Surface$CompatibleCanvas@d92e4df
04-15 18:20:41.776204  3091  3091 I AccountHmiModel: (BaseManager$4$1.java:105)callback:812
04-15 18:20:41.792579  3091  3091 I AccountHmiModel: (Handler.java:106)handleMessage success:-1
04-15 18:20:41.792628  3091  3091 I AccountHmiModel: (Handler.java:106)handleMessage extra:100001
04-15 18:20:41.792654  3091  3091 I AccountHmiModel: (Handler.java:106)handleMessage message:服务请求失败，请检查网络
04-15 18:20:41.819573  2824  3668 I SurfaceView: 111912830 Locking canvas... stopped=false, surfaceControl=Surface(name=SurfaceView - )/@0xd56e900
04-15 18:20:41.819855  2824  3668 I SurfaceView: 111912830 Returned canvas: android.view.Surface$CompatibleCanvas@d92e4df
04-15 18:20:41.859008  1587  1587 I CAR.VENDOR.AVM: onChange:newValue = CarPropertyValue{mPropertyId=0x21400470, mAreaId=0x0, mStatus=0, mTimestamp=4932010124309, mValue=0}
04-15 18:20:41.859238  2814  2814 I CAR.VENDOR.AVM: onChange:newValue = CarPropertyValue{mPropertyId=0x21400470, mAreaId=0x0, mStatus=0, mTimestamp=4932010124309, mValue=0}
04-15 18:20:41.871841  2824  3668 I SurfaceView: 111912830 Locking canvas... stopped=false, surfaceControl=Surface(name=SurfaceView - )/@0xd56e900
04-15 18:20:41.872056  2824  3668 I SurfaceView: 111912830 Returned canvas: android.view.Surface$CompatibleCanvas@d92e4df
04-15 18:20:41.923646  2824  3668 I SurfaceView: 111912830 Locking canvas... stopped=false, surfaceControl=Surface(name=SurfaceView - )/@0xd56e900
04-15 18:20:41.924028  2824  3668 I SurfaceView: 111912830 Returned canvas: android.view.Surface$CompatibleCanvas@d92e4df
04-15 18:20:41.969637  2814  2814 I CAR.VENDOR.AVM: onChange:newValue = CarPropertyValue{mPropertyId=0x21400470, mAreaId=0x0, mStatus=0, mTimestamp=4932120088580, mValue=0}
04-15 18:20:41.969942  1587  1587 I CAR.VENDOR.AVM: onChange:newValue = CarPropertyValue{mPropertyId=0x21400470, mAreaId=0x0, mStatus=0, mTimestamp=4932120088580, mValue=0}
04-15 18:20:41.976943  2824  3668 I SurfaceView: 111912830 Locking canvas... stopped=false, surfaceControl=Surface(name=SurfaceView - )/@0xd56e900
04-15 18:20:41.977369  2824  3668 I SurfaceView: 111912830 Returned canvas: android.view.Surface$CompatibleCanvas@d92e4df
04-15 18:20:41.987574  2753  3954 E RuleLoader: getRuleByStatus() ruleId is null,add default tips
--------- switch to system
04-15 18:20:41.987764  2753  3954 W ContextImpl: Calling a method in the system process without a qualified user: android.app.ContextImpl.sendBroadcast:1005 android.content.ContextWrapper.sendBroadcast:444 com.iflytek.auto.speechclient.sdk.guide.GuideManager.sendGuideBc:229 com.iflytek.auto.speechclient.sdk.guide.GuideManager.access$200:22 com.iflytek.auto.speechclient.sdk.guide.GuideManager$1.onTick:171 
--------- switch to main
04-15 18:20:41.994133  2824  2824 I LdwWindowT60: needShow: result = true
04-15 18:20:42.029606  2824  3668 I SurfaceView: 111912830 Locking canvas... stopped=false, surfaceControl=Surface(name=SurfaceView - )/@0xd56e900
04-15 18:20:42.029803  2824  3668 I SurfaceView: 111912830 Returned canvas: android.view.Surface$CompatibleCanvas@d92e4df
04-15 18:20:42.053432  2533  2533 I BootPresenter: (-$$Lambda$Qut1UVg1Gu75cdlDy9b5jeBJWaU.java:2)bootQuickLogin---->puid = 0
04-15 18:20:42.053962  2533  2533 I BootPresenter: (-$$Lambda$Qut1UVg1Gu75cdlDy9b5jeBJWaU.java:2)bootAutoLogin---->500ms后重试 puid = 0 , faceId = 0 , isNetInited = false
04-15 18:20:42.077512  2814  2814 I CAR.VENDOR.AVM: onChange:newValue = CarPropertyValue{mPropertyId=0x21400470, mAreaId=0x0, mStatus=0, mTimestamp=4932228048268, mValue=0}
04-15 18:20:42.077490  1587  1587 I CAR.VENDOR.AVM: onChange:newValue = CarPropertyValue{mPropertyId=0x21400470, mAreaId=0x0, mStatus=0, mTimestamp=4932228048268, mValue=0}
04-15 18:20:42.080580  2824  3668 I SurfaceView: 111912830 Locking canvas... stopped=false, surfaceControl=Surface(name=SurfaceView - )/@0xd56e900
04-15 18:20:42.080797  2824  3668 I SurfaceView: 111912830 Returned canvas: android.view.Surface$CompatibleCanvas@d92e4df
04-15 18:20:42.132593  2824  3668 I SurfaceView: 111912830 Locking canvas... stopped=false, surfaceControl=Surface(name=SurfaceView - )/@0xd56e900
04-15 18:20:42.132862  2824  3668 I SurfaceView: 111912830 Returned canvas: android.view.Surface$CompatibleCanvas@d92e4df
04-15 18:20:42.184896  2824  3668 I SurfaceView: 111912830 Locking canvas... stopped=false, surfaceControl=Surface(name=SurfaceView - )/@0xd56e900
04-15 18:20:42.185267  2824  3668 I SurfaceView: 111912830 Returned canvas: android.view.Surface$CompatibleCanvas@d92e4df
04-15 18:20:42.186266  1587  1587 I CAR.VENDOR.AVM: onChange:newValue = CarPropertyValue{mPropertyId=0x21400470, mAreaId=0x0, mStatus=0, mTimestamp=4932338450611, mValue=0}
04-15 18:20:42.186298  2814  2814 I CAR.VENDOR.AVM: onChange:newValue = CarPropertyValue{mPropertyId=0x21400470, mAreaId=0x0, mStatus=0, mTimestamp=4932338450611, mValue=0}
04-15 18:20:42.236487  2824  3668 I SurfaceView: 111912830 Locking canvas... stopped=false, surfaceControl=Surface(name=SurfaceView - )/@0xd56e900
04-15 18:20:42.236730  2824  3668 I SurfaceView: 111912830 Returned canvas: android.view.Surface$CompatibleCanvas@d92e4df
04-15 18:20:42.287628  2824  3668 I SurfaceView: 111912830 Locking canvas... stopped=false, surfaceControl=Surface(name=SurfaceView - )/@0xd56e900
