04-15 18:20:59.561914  2824  3668 I SurfaceView: 111912830 Returned canvas: android.view.Surface$CompatibleCanvas@d92e4df
04-15 18:20:59.582375  1133  1137 I u-blox  : CAndroidDatabase::CommitSvStatus: reportSvStatus
04-15 18:20:59.583187  1160  1229 I GnssLocationProvider: WakeLock acquired by sendMessage(REPORT_SV_STATUS, 0, com.android.server.location.GnssLocationProvider$SvStatusInfo@2a0dbd5)
04-15 18:20:59.584832  1160  1174 I GnssLocationProvider: WakeLock released by handleMessage(REPORT_SV_STATUS, 0, com.android.server.location.GnssLocationProvider$SvStatusInfo@2a0dbd5)
04-15 18:20:59.586971  1913  2438 I MXNavi-PosManager: GpsSatellite num is 2
04-15 18:20:59.612797  2824  3668 I SurfaceView: 111912830 Locking canvas... stopped=false, surfaceControl=Surface(name=SurfaceView - )/@0xd56e900
04-15 18:20:59.612978  2824  3668 I SurfaceView: 111912830 Returned canvas: android.view.Surface$CompatibleCanvas@d92e4df
04-15 18:20:59.613442  1587  1587 I CAR.VENDOR.AVM: onChange:newValue = CarPropertyValue{mPropertyId=0x21400470, mAreaId=0x0, mStatus=0, mTimestamp=4949765595917, mValue=0}
04-15 18:20:59.613546  2814  2814 I CAR.VENDOR.AVM: onChange:newValue = CarPropertyValue{mPropertyId=0x21400470, mAreaId=0x0, mStatus=0, mTimestamp=4949765595917, mValue=0}
04-15 18:20:59.633605  3091  3091 I AccountServiceManager: (IndexDownloadPresenter$1.java:284)isServiceConnected***true
04-15 18:20:59.633676  3091  3091 I AccountHmiManager: (AccountHmiModel.java:121)request**811****null
04-15 18:20:59.633861  2533  3726 E NetworkUtil: (NetworkUtil.java:837)check account manager is null
04-15 18:20:59.633896  2533  3726 I NetworkUtil: (NetworkUtil.java:302)checkErrorCode  code = 12045
04-15 18:20:59.633929  2533  3726 I NetworkUtil: (NetworkUtil.java:521)checkErrorCode  code = 100001
04-15 18:20:59.634930  3091  3103 I AccountHmiManager: (ICallback$Stub.java:68)callback******812
04-15 18:20:59.650355  3091  3091 I AccountHmiModel: (BaseManager$4$1.java:105)callback:812
04-15 18:20:59.665138  2824  3668 I SurfaceView: 111912830 Locking canvas... stopped=false, surfaceControl=Surface(name=SurfaceView - )/@0xd56e900
04-15 18:20:59.665463  2824  3668 I SurfaceView: 111912830 Returned canvas: android.view.Surface$CompatibleCanvas@d92e4df
04-15 18:20:59.666874  3091  3091 I AccountHmiModel: (Handler.java:106)handleMessage success:-1
04-15 18:20:59.666923  3091  3091 I AccountHmiModel: (Handler.java:106)handleMessage extra:100001
04-15 18:20:59.666946  3091  3091 I AccountHmiModel: (Handler.java:106)handleMessage message:服务请求失败，请检查网络
04-15 18:20:59.672483  2533  2533 I BootPresenter: (-$$Lambda$Qut1UVg1Gu75cdlDy9b5jeBJWaU.java:2)bootQuickLogin---->puid = 0
04-15 18:20:59.673683  2533  2533 I BootPresenter: (-$$Lambda$Qut1UVg1Gu75cdlDy9b5jeBJWaU.java:2)bootAutoLogin---->500ms后重试 puid = 0 , faceId = 0 , isNetInited = false
04-15 18:20:59.716597  2824  3668 I SurfaceView: 111912830 Locking canvas... stopped=false, surfaceControl=Surface(name=SurfaceView - )/@0xd56e900
04-15 18:20:59.716905  2824  3668 I SurfaceView: 111912830 Returned canvas: android.view.Surface$CompatibleCanvas@d92e4df
04-15 18:20:59.717283  2814  2814 I CAR.VENDOR.AVM: onChange:newValue = CarPropertyValue{mPropertyId=0x21400470, mAreaId=0x0, mStatus=0, mTimestamp=4949868312532, mValue=0}
04-15 18:20:59.718261  1587  1587 I CAR.VENDOR.AVM: onChange:newValue = CarPropertyValue{mPropertyId=0x21400470, mAreaId=0x0, mStatus=0, mTimestamp=4949868312532, mValue=0}
04-15 18:20:59.769649  2824  3668 I SurfaceView: 111912830 Locking canvas... stopped=false, surfaceControl=Surface(name=SurfaceView - )/@0xd56e900
04-15 18:20:59.770053  2824  3668 I SurfaceView: 111912830 Returned canvas: android.view.Surface$CompatibleCanvas@d92e4df
04-15 18:20:59.781878  1913  1913 I MXNavi-onNmeaMessage GPGGA = : s = $GPGGA,,,,,,0,,,,,,,,*66\r
04-15 18:20:59.781921  1913  1913 I MXNavi-onNmeaMessage GPRMC = : s = $GPRMC,,V,,,,,,,,,,N*53
04-15 18:20:59.820721  2824  3668 I SurfaceView: 111912830 Locking canvas... stopped=false, surfaceControl=Surface(name=SurfaceView - )/@0xd56e900
04-15 18:20:59.820974  2824  3668 I SurfaceView: 111912830 Returned canvas: android.view.Surface$CompatibleCanvas@d92e4df
04-15 18:20:59.825663  1587  1587 I CAR.VENDOR.AVM: onChange:newValue = CarPropertyValue{mPropertyId=0x21400470, mAreaId=0x0, mStatus=0, mTimestamp=4949975403678, mValue=0}
04-15 18:20:59.825763  2814  2814 I CAR.VENDOR.AVM: onChange:newValue = CarPropertyValue{mPropertyId=0x21400470, mAreaId=0x0, mStatus=0, mTimestamp=4949975403678, mValue=0}
04-15 18:20:59.872616  2824  3668 I SurfaceView: 111912830 Locking canvas... stopped=false, surfaceControl=Surface(name=SurfaceView - )/@0xd56e900
04-15 18:20:59.872964  2824  3668 I SurfaceView: 111912830 Returned canvas: android.view.Surface$CompatibleCanvas@d92e4df
04-15 18:20:59.924868  2824  3668 I SurfaceView: 111912830 Locking canvas... stopped=false, surfaceControl=Surface(name=SurfaceView - )/@0xd56e900
04-15 18:20:59.925111  2824  3668 I SurfaceView: 111912830 Returned canvas: android.view.Surface$CompatibleCanvas@d92e4df
04-15 18:20:59.935554  1587  1587 I CAR.VENDOR.AVM: onChange:newValue = CarPropertyValue{mPropertyId=0x21400470, mAreaId=0x0, mStatus=0, mTimestamp=4950086550396, mValue=0}
04-15 18:20:59.935826  2814  2814 I CAR.VENDOR.AVM: onChange:newValue = CarPropertyValue{mPropertyId=0x21400470, mAreaId=0x0, mStatus=0, mTimestamp=4950086550396, mValue=0}
04-15 18:20:59.976905  2824  3668 I SurfaceView: 111912830 Locking canvas... stopped=false, surfaceControl=Surface(name=SurfaceView - )/@0xd56e900
04-15 18:20:59.977132  2824  3668 I SurfaceView: 111912830 Returned canvas: android.view.Surface$CompatibleCanvas@d92e4df
04-15 18:21:00.002210  1854  1854 I TS.SETTINGS.SERVICE: IGeneralServiceBinder onReceive android.intent.action.TIME_TICK
04-15 18:21:00.002339  1854  2074 I TS.SETTINGS.SERVICE: IGeneralServiceBinder mTimeMode:12
04-15 18:21:00.002475  1854  2074 I TS.SETTINGS.SERVICE: IGeneralServiceBinder year:2024month:4day:15
04-15 18:21:00.002516  1854  2074 I TS.SETTINGS.SERVICE: IGeneralServiceBinder inthour ---> 6
04-15 18:21:00.002542  1854  2074 I TS.SETTINGS.SERVICE: IGeneralServiceBinder updateThemeChange=====>1
04-15 18:21:00.002577  1854  2074 I TS.SETTINGS.SERVICE: IGeneralServiceBinder time:2024-04-15  下午06:21
04-15 18:21:00.002605  1854  2074 I TS.SETTINGS.SERVICE: IGeneralServiceBinder updateDateTime：2024-04-15  下午06:21
04-15 18:21:00.002999  2893  2893 I TS.SETTINGS.SERVICE: GeneralAdapterManager callbackTimeChanged, time: 2024-04-15  下午06:21
04-15 18:21:00.003451  1913  1913 I TS.SETTINGS.SERVICE: GeneralAdapterManager callbackTimeChanged, time: 2024-04-15  下午06:21
04-15 18:21:00.003650  1602  1602 I TS.SETTINGS.SERVICE: GeneralAdapterManager callbackTimeChanged, time: 2024-04-15  下午06:21
04-15 18:21:00.003947  2983  2983 I TS.SETTINGS.SERVICE: GeneralAdapterManager callbackTimeChanged, time: 2024-04-15  下午06:21
04-15 18:21:00.006987  2003  2003 I CarViceLauncher: TimeChangeReceiver TimeChangeReceiver-onReceive-2:ACTION:android.intent.action.TIME_TICK , timeFormat:false
04-15 18:21:00.008993  2893  2893 I MSG_TAG_MessageListView: 时间更新
04-15 18:21:00.028663  2824  3668 I SurfaceView: 111912830 Locking canvas... stopped=false, surfaceControl=Surface(name=SurfaceView - )/@0xd56e900
04-15 18:21:00.028903  2824  3668 I SurfaceView: 111912830 Returned canvas: android.view.Surface$CompatibleCanvas@d92e4df
04-15 18:21:00.045219  1587  1587 I CAR.VENDOR.AVM: onChange:newValue = CarPropertyValue{mPropertyId=0x21400470, mAreaId=0x0, mStatus=0, mTimestamp=4950196277219, mValue=0}
04-15 18:21:00.045317  2814  2814 I CAR.VENDOR.AVM: onChange:newValue = CarPropertyValue{mPropertyId=0x21400470, mAreaId=0x0, mStatus=0, mTimestamp=4950196277219, mValue=0}
04-15 18:21:00.080730  2824  3668 I SurfaceView: 111912830 Locking canvas... stopped=false, surfaceControl=Surface(name=SurfaceView - )/@0xd56e900
04-15 18:21:00.080958  2824  3668 I SurfaceView: 111912830 Returned canvas: android.view.Surface$CompatibleCanvas@d92e4df
04-15 18:21:00.131898  2824  3668 I SurfaceView: 111912830 Locking canvas... stopped=false, surfaceControl=Surface(name=SurfaceView - )/@0xd56e900
04-15 18:21:00.132123  2824  3668 I SurfaceView: 111912830 Returned canvas: android.view.Surface$CompatibleCanvas@d92e4df
04-15 18:21:00.153087  1587  1587 I CAR.VENDOR.AVM: onChange:newValue = CarPropertyValue{mPropertyId=0x21400470, mAreaId=0x0, mStatus=0, mTimestamp=4950303692636, mValue=0}
04-15 18:21:00.153220  2814  2814 I CAR.VENDOR.AVM: onChange:newValue = CarPropertyValue{mPropertyId=0x21400470, mAreaId=0x0, mStatus=0, mTimestamp=4950303692636, mValue=0}
04-15 18:21:00.177404  2533  2533 I BootPresenter: (-$$Lambda$Qut1UVg1Gu75cdlDy9b5jeBJWaU.java:2)bootQuickLogin---->puid = 0
04-15 18:21:00.178429  2533  2533 I BootPresenter: (-$$Lambda$Qut1UVg1Gu75cdlDy9b5jeBJWaU.java:2)bootAutoLogin---->500ms后重试 puid = 0 , faceId = 0 , isNetInited = false
04-15 18:21:00.184927  2824  3668 I SurfaceView: 111912830 Locking canvas... stopped=false, surfaceControl=Surface(name=SurfaceView - )/@0xd56e900
04-15 18:21:00.185211  2824  3668 I SurfaceView: 111912830 Returned canvas: android.view.Surface$CompatibleCanvas@d92e4df
04-15 18:21:00.236685  2824  3668 I SurfaceView: 111912830 Locking canvas... stopped=false, surfaceControl=Surface(name=SurfaceView - )/@0xd56e900
04-15 18:21:00.237247  2824  3668 I SurfaceView: 111912830 Returned canvas: android.view.Surface$CompatibleCanvas@d92e4df
04-15 18:21:00.260249  1587  1587 I CAR.VENDOR.AVM: onChange:newValue = CarPropertyValue{mPropertyId=0x21400470, mAreaId=0x0, mStatus=0, mTimestamp=4950411976073, mValue=0}
04-15 18:21:00.260365  2814  2814 I CAR.VENDOR.AVM: onChange:newValue = CarPropertyValue{mPropertyId=0x21400470, mAreaId=0x0, mStatus=0, mTimestamp=4950411976073, mValue=0}
04-15 18:21:00.288770  2824  3668 I SurfaceView: 111912830 Locking canvas... stopped=false, surfaceControl=Surface(name=SurfaceView - )/@0xd56e900
04-15 18:21:00.288988  2824  3668 I SurfaceView: 111912830 Returned canvas: android.view.Surface$CompatibleCanvas@d92e4df
04-15 18:21:00.341582  2824  3668 I SurfaceView: 111912830 Locking canvas... stopped=false, surfaceControl=Surface(name=SurfaceView - )/@0xd56e900
04-15 18:21:00.341926  2824  3668 I SurfaceView: 111912830 Returned canvas: android.view.Surface$CompatibleCanvas@d92e4df
04-15 18:21:00.371459  1587  1587 I CAR.VENDOR.AVM: onChange:newValue = CarPropertyValue{mPropertyId=0x21400470, mAreaId=0x0, mStatus=0, mTimestamp=4950521843365, mValue=0}
04-15 18:21:00.371585  2814  2814 I CAR.VENDOR.AVM: onChange:newValue = CarPropertyValue{mPropertyId=0x21400470, mAreaId=0x0, mStatus=0, mTimestamp=4950521843365, mValue=0}
04-15 18:21:00.393952  2824  3668 I SurfaceView: 111912830 Locking canvas... stopped=false, surfaceControl=Surface(name=SurfaceView - )/@0xd56e900
04-15 18:21:00.394176  2824  3668 I SurfaceView: 111912830 Returned canvas: android.view.Surface$CompatibleCanvas@d92e4df
04-15 18:21:00.444858  2824  3668 I SurfaceView: 111912830 Locking canvas... stopped=false, surfaceControl=Surface(name=SurfaceView - )/@0xd56e900
04-15 18:21:00.445071  2824  3668 I SurfaceView: 111912830 Returned canvas: android.view.Surface$CompatibleCanvas@d92e4df
04-15 18:21:00.482288  2814  2814 I CAR.VENDOR.AVM: onChange:newValue = CarPropertyValue{mPropertyId=0x21400470, mAreaId=0x0, mStatus=0, mTimestamp=4950632865396, mValue=0}
04-15 18:21:00.484586  1587  1587 I CAR.VENDOR.AVM: onChange:newValue = CarPropertyValue{mPropertyId=0x21400470, mAreaId=0x0, mStatus=0, mTimestamp=4950632865396, mValue=0}
04-15 18:21:00.488181  1133  1137 E u-blox  : ublox::CGnssMeasurementExtension::navMeasurementUpdate: GnssMeasurementExtension callback is not initialized
04-15 18:21:00.496660  2824  3668 I SurfaceView: 111912830 Locking canvas... stopped=false, surfaceControl=Surface(name=SurfaceView - )/@0xd56e900
04-15 18:21:00.497193  2824  3668 I SurfaceView: 111912830 Returned canvas: android.view.Surface$CompatibleCanvas@d92e4df
04-15 18:21:00.535989  1349  1384 E Property.service: getProperty: propId is not in config list:0x21600202
04-15 18:21:00.549786  2824  3668 I SurfaceView: 111912830 Locking canvas... stopped=false, surfaceControl=Surface(name=SurfaceView - )/@0xd56e900
04-15 18:21:00.550105  2824  3668 I SurfaceView: 111912830 Returned canvas: android.view.Surface$CompatibleCanvas@d92e4df
04-15 18:21:00.586766  1133  1137 I u-blox  : CAndroidDatabase::CommitSvStatus: reportSvStatus
04-15 18:21:00.587082  1160  1229 I GnssLocationProvider: WakeLock acquired by sendMessage(REPORT_SV_STATUS, 0, com.android.server.location.GnssLocationProvider$SvStatusInfo@b310178)
04-15 18:21:00.587628  1160  1174 I GnssLocationProvider: WakeLock released by handleMessage(REPORT_SV_STATUS, 0, com.android.server.location.GnssLocationProvider$SvStatusInfo@b310178)
04-15 18:21:00.590691  1587  1587 I CAR.VENDOR.AVM: onChange:newValue = CarPropertyValue{mPropertyId=0x21400470, mAreaId=0x0, mStatus=0, mTimestamp=4950741542375, mValue=0}
04-15 18:21:00.590834  2814  2814 I CAR.VENDOR.AVM: onChange:newValue = CarPropertyValue{mPropertyId=0x21400470, mAreaId=0x0, mStatus=0, mTimestamp=4950741542375, mValue=0}
04-15 18:21:00.591876  1913  2438 I MXNavi-PosManager: GpsSatellite num is 2
04-15 18:21:00.601613  2824  3668 I SurfaceView: 111912830 Locking canvas... stopped=false, surfaceControl=Surface(name=SurfaceView - )/@0xd56e900
04-15 18:21:00.601873  2824  3668 I SurfaceView: 111912830 Returned canvas: android.view.Surface$CompatibleCanvas@d92e4df
04-15 18:21:00.603979   829  3441 E gocserial: open usb serial err:No such device
--------- switch to kernel
01-01 01:22:39.865157     0     0 I rtk_btusb: btchr_open: BT usb char device is opening
01-01 01:22:39.865957     0     0 E rtk_btusb: btchr_open: Device not probed
--------- switch to main
04-15 18:21:00.655791  2824  3668 I SurfaceView: 111912830 Locking canvas... stopped=false, surfaceControl=Surface(name=SurfaceView - )/@0xd56e900
04-15 18:21:00.656006  2824  3668 I SurfaceView: 111912830 Returned canvas: android.view.Surface$CompatibleCanvas@d92e4df
04-15 18:21:00.682551  2533  2533 I BootPresenter: (-$$Lambda$Qut1UVg1Gu75cdlDy9b5jeBJWaU.java:2)bootQuickLogin---->puid = 0
04-15 18:21:00.683944  2533  2533 I BootPresenter: (-$$Lambda$Qut1UVg1Gu75cdlDy9b5jeBJWaU.java:2)bootAutoLogin---->500ms后重试 puid = 0 , faceId = 0 , isNetInited = false
04-15 18:21:00.685287  3091  3091 I AccountServiceManager: (IndexDownloadPresenter$1.java:284)isServiceConnected***true
04-15 18:21:00.685373  3091  3091 I AccountHmiManager: (AccountHmiModel.java:121)request**811****null
04-15 18:21:00.685634  2533  3726 E NetworkUtil: (NetworkUtil.java:837)check account manager is null
04-15 18:21:00.685705  2533  3726 I NetworkUtil: (NetworkUtil.java:302)checkErrorCode  code = 12045
04-15 18:21:00.685735  2533  3726 I NetworkUtil: (NetworkUtil.java:521)checkErrorCode  code = 100001
04-15 18:21:00.686242  3091  3103 I AccountHmiManager: (ICallback$Stub.java:68)callback******812
04-15 18:21:00.702161  3091  3091 I AccountHmiModel: (BaseManager$4$1.java:105)callback:812
04-15 18:21:00.704299  1587  1587 I CAR.VENDOR.AVM: onChange:newValue = CarPropertyValue{mPropertyId=0x21400470, mAreaId=0x0, mStatus=0, mTimestamp=4950853835188, mValue=0}
04-15 18:21:00.704936  2814  2814 I CAR.VENDOR.AVM: onChange:newValue = CarPropertyValue{mPropertyId=0x21400470, mAreaId=0x0, mStatus=0, mTimestamp=4950853835188, mValue=0}
04-15 18:21:00.706893  2824  3668 I SurfaceView: 111912830 Locking canvas... stopped=false, surfaceControl=Surface(name=SurfaceView - )/@0xd56e900
04-15 18:21:00.707055  2824  3668 I SurfaceView: 111912830 Returned canvas: android.view.Surface$CompatibleCanvas@d92e4df
04-15 18:21:00.718895  3091  3091 I AccountHmiModel: (Handler.java:106)handleMessage success:-1
04-15 18:21:00.718969  3091  3091 I AccountHmiModel: (Handler.java:106)handleMessage extra:100001
04-15 18:21:00.719000  3091  3091 I AccountHmiModel: (Handler.java:106)handleMessage message:服务请求失败，请检查网络
04-15 18:21:00.758570  2824  3668 I SurfaceView: 111912830 Locking canvas... stopped=false, surfaceControl=Surface(name=SurfaceView - )/@0xd56e900
04-15 18:21:00.758843  2824  3668 I SurfaceView: 111912830 Returned canvas: android.view.Surface$CompatibleCanvas@d92e4df
04-15 18:21:00.784014  1913  1913 I MXNavi-onNmeaMessage GPGGA = : s = $GPGGA,,,,,,0,,,,,,,,*66\r
04-15 18:21:00.784062  1913  1913 I MXNavi-onNmeaMessage GPRMC = : s = $GPRMC,,V,,,,,,,,,,N*53
04-15 18:21:00.810669  2824  3668 I SurfaceView: 111912830 Locking canvas... stopped=false, surfaceControl=Surface(name=SurfaceView - )/@0xd56e900
04-15 18:21:00.810855  2824  3668 I SurfaceView: 111912830 Returned canvas: android.view.Surface$CompatibleCanvas@d92e4df
04-15 18:21:00.811201  1587  1587 I CAR.VENDOR.AVM: onChange:newValue = CarPropertyValue{mPropertyId=0x21400470, mAreaId=0x0, mStatus=0, mTimestamp=4950962292896, mValue=0}
04-15 18:21:00.811281  2814  2814 I CAR.VENDOR.AVM: onChange:newValue = CarPropertyValue{mPropertyId=0x21400470, mAreaId=0x0, mStatus=0, mTimestamp=4950962292896, mValue=0}
04-15 18:21:00.817868   477  4410 W AudioHalHWBosch: in_read: 3072 bytes read in  in_read(). frame_size:24. frames_read:78758400. readOnce:78758400.out frame count:128. dataNum:615299. dataVal:615300. dataNormal:0. dataExt:0.dataLastValue:0. dateSame:10255.                 SysAmpIntVariant:0. data_analysis :0:0:0:0 :0:0:0:0 :-1:-1:-2:-2.
04-15 18:21:00.863892  2824  3668 I SurfaceView: 111912830 Locking canvas... stopped=false, surfaceControl=Surface(name=SurfaceView - )/@0xd56e900
04-15 18:21:00.864126  2824  3668 I SurfaceView: 111912830 Returned canvas: android.view.Surface$CompatibleCanvas@d92e4df
04-15 18:21:00.915623  2824  3668 I SurfaceView: 111912830 Locking canvas... stopped=false, surfaceControl=Surface(name=SurfaceView - )/@0xd56e900
04-15 18:21:00.915826  2824  3668 I SurfaceView: 111912830 Returned canvas: android.view.Surface$CompatibleCanvas@d92e4df
04-15 18:21:00.920779  2814  2814 I CAR.VENDOR.AVM: onChange:newValue = CarPropertyValue{mPropertyId=0x21400470, mAreaId=0x0, mStatus=0, mTimestamp=4951070636542, mValue=0}
04-15 18:21:00.922099  1587  1587 I CAR.VENDOR.AVM: onChange:newValue = CarPropertyValue{mPropertyId=0x21400470, mAreaId=0x0, mStatus=0, mTimestamp=4951070636542, mValue=0}
04-15 18:21:00.967856  2824  3668 I SurfaceView: 111912830 Locking canvas... stopped=false, surfaceControl=Surface(name=SurfaceView - )/@0xd56e900
04-15 18:21:00.968171  2824  3668 I SurfaceView: 111912830 Returned canvas: android.view.Surface$CompatibleCanvas@d92e4df
04-15 18:21:01.012042  1160  1270 E WifiVendorHal: getWifiLinkLayerStats(l.937) failed {.code = ERROR_NOT_AVAILABLE, .description = }
04-15 18:21:01.020803  2824  3668 I SurfaceView: 111912830 Locking canvas... stopped=false, surfaceControl=Surface(name=SurfaceView - )/@0xd56e900
04-15 18:21:01.021019  2824  3668 I SurfaceView: 111912830 Returned canvas: android.view.Surface$CompatibleCanvas@d92e4df
04-15 18:21:01.027281  2814  2814 I CAR.VENDOR.AVM: onChange:newValue = CarPropertyValue{mPropertyId=0x21400470, mAreaId=0x0, mStatus=0, mTimestamp=4951178142271, mValue=0}
04-15 18:21:01.027389  1587  1587 I CAR.VENDOR.AVM: onChange:newValue = CarPropertyValue{mPropertyId=0x21400470, mAreaId=0x0, mStatus=0, mTimestamp=4951178142271, mValue=0}
04-15 18:21:01.072584  2824  3668 I SurfaceView: 111912830 Locking canvas... stopped=false, surfaceControl=Surface(name=SurfaceView - )/@0xd56e900
04-15 18:21:01.072737  2824  3668 I SurfaceView: 111912830 Returned canvas: android.view.Surface$CompatibleCanvas@d92e4df
04-15 18:21:01.106628  3164  3633 I LocationManager: Choose AMap.
04-15 18:21:01.125063  2824  3668 I SurfaceView: 111912830 Locking canvas... stopped=false, surfaceControl=Surface(name=SurfaceView - )/@0xd56e900
04-15 18:21:01.125231  2824  3668 I SurfaceView: 111912830 Returned canvas: android.view.Surface$CompatibleCanvas@d92e4df
04-15 18:21:01.134895  1587  1587 I CAR.VENDOR.AVM: onChange:newValue = CarPropertyValue{mPropertyId=0x21400470, mAreaId=0x0, mStatus=0, mTimestamp=4951284846177, mValue=0}
04-15 18:21:01.134996  2814  2814 I CAR.VENDOR.AVM: onChange:newValue = CarPropertyValue{mPropertyId=0x21400470, mAreaId=0x0, mStatus=0, mTimestamp=4951284846177, mValue=0}
04-15 18:21:01.177580  2824  3668 I SurfaceView: 111912830 Locking canvas... stopped=false, surfaceControl=Surface(name=SurfaceView - )/@0xd56e900
04-15 18:21:01.178069  2824  3668 I SurfaceView: 111912830 Returned canvas: android.view.Surface$CompatibleCanvas@d92e4df
04-15 18:21:01.189539  2533  2533 I BootPresenter: (-$$Lambda$Qut1UVg1Gu75cdlDy9b5jeBJWaU.java:2)bootQuickLogin---->puid = 0
04-15 18:21:01.191318  2533  2533 I BootPresenter: (-$$Lambda$Qut1UVg1Gu75cdlDy9b5jeBJWaU.java:2)bootAutoLogin---->500ms后重试 puid = 0 , faceId = 0 , isNetInited = false
04-15 18:21:01.228717  2824  3668 I SurfaceView: 111912830 Locking canvas... stopped=false, surfaceControl=Surface(name=SurfaceView - )/@0xd56e900
04-15 18:21:01.228910  2824  3668 I SurfaceView: 111912830 Returned canvas: android.view.Surface$CompatibleCanvas@d92e4df
04-15 18:21:01.243331  1587  1587 I CAR.VENDOR.AVM: onChange:newValue = CarPropertyValue{mPropertyId=0x21400470, mAreaId=0x0, mStatus=0, mTimestamp=4951394401021, mValue=0}
04-15 18:21:01.243420  2814  2814 I CAR.VENDOR.AVM: onChange:newValue = CarPropertyValue{mPropertyId=0x21400470, mAreaId=0x0, mStatus=0, mTimestamp=4951394401021, mValue=0}
04-15 18:21:01.280610  2824  3668 I SurfaceView: 111912830 Locking canvas... stopped=false, surfaceControl=Surface(name=SurfaceView - )/@0xd56e900
04-15 18:21:01.280909  2824  3668 I SurfaceView: 111912830 Returned canvas: android.view.Surface$CompatibleCanvas@d92e4df
04-15 18:21:01.332562  2824  3668 I SurfaceView: 111912830 Locking canvas... stopped=false, surfaceControl=Surface(name=SurfaceView - )/@0xd56e900
04-15 18:21:01.332775  2824  3668 I SurfaceView: 111912830 Returned canvas: android.view.Surface$CompatibleCanvas@d92e4df
04-15 18:21:01.352666  1587  1587 I CAR.VENDOR.AVM: onChange:newValue = CarPropertyValue{mPropertyId=0x21400470, mAreaId=0x0, mStatus=0, mTimestamp=4951503619302, mValue=0}
04-15 18:21:01.353132  2814  2814 I CAR.VENDOR.AVM: onChange:newValue = CarPropertyValue{mPropertyId=0x21400470, mAreaId=0x0, mStatus=0, mTimestamp=4951503619302, mValue=0}
04-15 18:21:01.384696  2824  3668 I SurfaceView: 111912830 Locking canvas... stopped=false, surfaceControl=Surface(name=SurfaceView - )/@0xd56e900
04-15 18:21:01.384864  2824  3668 I SurfaceView: 111912830 Returned canvas: android.view.Surface$CompatibleCanvas@d92e4df
04-15 18:21:01.436677  2824  3668 I SurfaceView: 111912830 Locking canvas... stopped=false, surfaceControl=Surface(name=SurfaceView - )/@0xd56e900
04-15 18:21:01.437048  2824  3668 I SurfaceView: 111912830 Returned canvas: android.view.Surface$CompatibleCanvas@d92e4df
04-15 18:21:01.465588  1587  1587 I CAR.VENDOR.AVM: onChange:newValue = CarPropertyValue{mPropertyId=0x21400470, mAreaId=0x0, mStatus=0, mTimestamp=4951616155760, mValue=0}
04-15 18:21:01.466141  2814  2814 I CAR.VENDOR.AVM: onChange:newValue = CarPropertyValue{mPropertyId=0x21400470, mAreaId=0x0, mStatus=0, mTimestamp=4951616155760, mValue=0}
04-15 18:21:01.488346  1133  1137 E u-blox  : ublox::CGnssMeasurementExtension::navMeasurementUpdate: GnssMeasurementExtension callback is not initialized
04-15 18:21:01.489155  2824  3668 I SurfaceView: 111912830 Locking canvas... stopped=false, surfaceControl=Surface(name=SurfaceView - )/@0xd56e900
04-15 18:21:01.489686  2824  3668 I SurfaceView: 111912830 Returned canvas: android.view.Surface$CompatibleCanvas@d92e4df
04-15 18:21:01.538383  1349  1384 E Property.service: getProperty: propId is not in config list:0x21600202
04-15 18:21:01.540639  2824  3668 I SurfaceView: 111912830 Locking canvas... stopped=false, surfaceControl=Surface(name=SurfaceView - )/@0xd56e900
04-15 18:21:01.540891  2824  3668 I SurfaceView: 111912830 Returned canvas: android.view.Surface$CompatibleCanvas@d92e4df
04-15 18:21:01.570262  1587  1587 I CAR.VENDOR.AVM: onChange:newValue = CarPropertyValue{mPropertyId=0x21400470, mAreaId=0x0, mStatus=0, mTimestamp=4951721662010, mValue=0}
04-15 18:21:01.570372  2814  2814 I CAR.VENDOR.AVM: onChange:newValue = CarPropertyValue{mPropertyId=0x21400470, mAreaId=0x0, mStatus=0, mTimestamp=4951721662010, mValue=0}
04-15 18:21:01.590480  1133  1137 I u-blox  : CAndroidDatabase::CommitSvStatus: reportSvStatus
04-15 18:21:01.591313  1160  1229 I GnssLocationProvider: WakeLock acquired by sendMessage(REPORT_SV_STATUS, 0, com.android.server.location.GnssLocationProvider$SvStatusInfo@d206051)
04-15 18:21:01.591561  1160  1174 I GnssLocationProvider: WakeLock released by handleMessage(REPORT_SV_STATUS, 0, com.android.server.location.GnssLocationProvider$SvStatusInfo@d206051)
04-15 18:21:01.592303  1913  2438 I MXNavi-PosManager: GpsSatellite num is 2
04-15 18:21:01.593759  2824  3668 I SurfaceView: 111912830 Locking canvas... stopped=false, surfaceControl=Surface(name=SurfaceView - )/@0xd56e900
04-15 18:21:01.594021  2824  3668 I SurfaceView: 111912830 Returned canvas: android.view.Surface$CompatibleCanvas@d92e4df
04-15 18:21:01.645130  2824  3668 I SurfaceView: 111912830 Locking canvas... stopped=false, surfaceControl=Surface(name=SurfaceView - )/@0xd56e900
04-15 18:21:01.645346  2824  3668 I SurfaceView: 111912830 Returned canvas: android.view.Surface$CompatibleCanvas@d92e4df
04-15 18:21:01.684423  2814  2814 I CAR.VENDOR.AVM: onChange:newValue = CarPropertyValue{mPropertyId=0x21400470, mAreaId=0x0, mStatus=0, mTimestamp=4951835663052, mValue=0}
04-15 18:21:01.684638  1587  1587 I CAR.VENDOR.AVM: onChange:newValue = CarPropertyValue{mPropertyId=0x21400470, mAreaId=0x0, mStatus=0, mTimestamp=4951835663052, mValue=0}
04-15 18:21:01.695169  2533  2533 I BootPresenter: (-$$Lambda$Qut1UVg1Gu75cdlDy9b5jeBJWaU.java:2)bootQuickLogin---->puid = 0
04-15 18:21:01.696659  2533  2533 I BootPresenter: (-$$Lambda$Qut1UVg1Gu75cdlDy9b5jeBJWaU.java:2)bootAutoLogin---->500ms后重试 puid = 0 , faceId = 0 , isNetInited = false
04-15 18:21:01.697010  2824  3668 I SurfaceView: 111912830 Locking canvas... stopped=false, surfaceControl=Surface(name=SurfaceView - )/@0xd56e900
04-15 18:21:01.697189  2824  3668 I SurfaceView: 111912830 Returned canvas: android.view.Surface$CompatibleCanvas@d92e4df
04-15 18:21:01.738884  3091  3091 I AccountServiceManager: (IndexDownloadPresenter$1.java:284)isServiceConnected***true
04-15 18:21:01.738982  3091  3091 I AccountHmiManager: (AccountHmiModel.java:121)request**811****null
04-15 18:21:01.739215  2533  3726 E NetworkUtil: (NetworkUtil.java:837)check account manager is null
04-15 18:21:01.739256  2533  3726 I NetworkUtil: (NetworkUtil.java:302)checkErrorCode  code = 12045
04-15 18:21:01.739288  2533  3726 I NetworkUtil: (NetworkUtil.java:521)checkErrorCode  code = 100001
04-15 18:21:01.739832  3091  3103 I AccountHmiManager: (ICallback$Stub.java:68)callback******812
04-15 18:21:01.749598  2824  3668 I SurfaceView: 111912830 Locking canvas... stopped=false, surfaceControl=Surface(name=SurfaceView - )/@0xd56e900
04-15 18:21:01.749871  2824  3668 I SurfaceView: 111912830 Returned canvas: android.view.Surface$CompatibleCanvas@d92e4df
04-15 18:21:01.754684  3091  3091 I AccountHmiModel: (BaseManager$4$1.java:105)callback:812
04-15 18:21:01.772273  3091  3091 I AccountHmiModel: (Handler.java:106)handleMessage success:-1
04-15 18:21:01.772320  3091  3091 I AccountHmiModel: (Handler.java:106)handleMessage extra:100001
04-15 18:21:01.772354  3091  3091 I AccountHmiModel: (Handler.java:106)handleMessage message:服务请求失败，请检查网络
04-15 18:21:01.786100  1913  1913 I MXNavi-onNmeaMessage GPGGA = : s = $GPGGA,,,,,,0,,,,,,,,*66\r
04-15 18:21:01.786141  1913  1913 I MXNavi-onNmeaMessage GPRMC = : s = $GPRMC,,V,,,,,,,,,,N*53
04-15 18:21:01.792352  1587  1587 I CAR.VENDOR.AVM: onChange:newValue = CarPropertyValue{mPropertyId=0x21400470, mAreaId=0x0, mStatus=0, mTimestamp=4951943842531, mValue=0}
04-15 18:21:01.792482  2814  2814 I CAR.VENDOR.AVM: onChange:newValue = CarPropertyValue{mPropertyId=0x21400470, mAreaId=0x0, mStatus=0, mTimestamp=4951943842531, mValue=0}
04-15 18:21:01.801067  2824  3668 I SurfaceView: 111912830 Locking canvas... stopped=false, surfaceControl=Surface(name=SurfaceView - )/@0xd56e900
04-15 18:21:01.801312  2824  3668 I SurfaceView: 111912830 Returned canvas: android.view.Surface$CompatibleCanvas@d92e4df
04-15 18:21:01.852116  2824  3668 I SurfaceView: 111912830 Locking canvas... stopped=false, surfaceControl=Surface(name=SurfaceView - )/@0xd56e900
04-15 18:21:01.852281  2824  3668 I SurfaceView: 111912830 Returned canvas: android.view.Surface$CompatibleCanvas@d92e4df
04-15 18:21:01.903321  2814  2814 I CAR.VENDOR.AVM: onChange:newValue = CarPropertyValue{mPropertyId=0x21400470, mAreaId=0x0, mStatus=0, mTimestamp=4952055073312, mValue=0}
04-15 18:21:01.903427  1587  1587 I CAR.VENDOR.AVM: onChange:newValue = CarPropertyValue{mPropertyId=0x21400470, mAreaId=0x0, mStatus=0, mTimestamp=4952055073312, mValue=0}
04-15 18:21:01.903612  2824  3668 I SurfaceView: 111912830 Locking canvas... stopped=false, surfaceControl=Surface(name=SurfaceView - )/@0xd56e900
04-15 18:21:01.904259  2824  3668 I SurfaceView: 111912830 Returned canvas: android.view.Surface$CompatibleCanvas@d92e4df
04-15 18:21:01.957548  2824  3668 I SurfaceView: 111912830 Locking canvas... stopped=false, surfaceControl=Surface(name=SurfaceView - )/@0xd56e900
04-15 18:21:01.958344  2824  3668 I SurfaceView: 111912830 Returned canvas: android.view.Surface$CompatibleCanvas@d92e4df
04-15 18:21:02.012994  2824  3668 I SurfaceView: 111912830 Locking canvas... stopped=false, surfaceControl=Surface(name=SurfaceView - )/@0xd56e900
04-15 18:21:02.013462  2824  3668 I SurfaceView: 111912830 Returned canvas: android.view.Surface$CompatibleCanvas@d92e4df
04-15 18:21:02.014536  2814  2814 I CAR.VENDOR.AVM: onChange:newValue = CarPropertyValue{mPropertyId=0x21400470, mAreaId=0x0, mStatus=0, mTimestamp=4952166071333, mValue=0}
04-15 18:21:02.014631  1587  1587 I CAR.VENDOR.AVM: onChange:newValue = CarPropertyValue{mPropertyId=0x21400470, mAreaId=0x0, mStatus=0, mTimestamp=4952166071333, mValue=0}
04-15 18:21:02.020117  2753  3954 E RuleLoader: getRuleByStatus() ruleId is null,add default tips
--------- switch to system
04-15 18:21:02.020307  2753  3954 W ContextImpl: Calling a method in the system process without a qualified user: android.app.ContextImpl.sendBroadcast:1005 android.content.ContextWrapper.sendBroadcast:444 com.iflytek.auto.speechclient.sdk.guide.GuideManager.sendGuideBc:229 com.iflytek.auto.speechclient.sdk.guide.GuideManager.access$200:22 com.iflytek.auto.speechclient.sdk.guide.GuideManager$1.onTick:171 
--------- switch to main
04-15 18:21:02.037661  2824  2824 I LdwWindowT60: needShow: result = true
04-15 18:21:02.064892  2824  3668 I SurfaceView: 111912830 Locking canvas... stopped=false, surfaceControl=Surface(name=SurfaceView - )/@0xd56e900
04-15 18:21:02.065314  2824  3668 I SurfaceView: 111912830 Returned canvas: android.view.Surface$CompatibleCanvas@d92e4df
04-15 18:21:02.117635  2824  3668 I SurfaceView: 111912830 Locking canvas... stopped=false, surfaceControl=Surface(name=SurfaceView - )/@0xd56e900
04-15 18:21:02.118031  2824  3668 I SurfaceView: 111912830 Returned canvas: android.view.Surface$CompatibleCanvas@d92e4df
04-15 18:21:02.122281  1587  1587 I CAR.VENDOR.AVM: onChange:newValue = CarPropertyValue{mPropertyId=0x21400470, mAreaId=0x0, mStatus=0, mTimestamp=4952274307322, mValue=0}
04-15 18:21:02.122379  2814  2814 I CAR.VENDOR.AVM: onChange:newValue = CarPropertyValue{mPropertyId=0x21400470, mAreaId=0x0, mStatus=0, mTimestamp=4952274307322, mValue=0}
04-15 18:21:02.134435  2579 25682 E SIGN    : d65c5bcdcarModelCode4aTraditionalCar2clientType0dId531728932packNamecom.gxatek.cockpit.scenesenginesysVn1082021070501userIddcfb1f149422495782a0dc6ccad9483fvn856
04-15 18:21:02.134478  2579 25682 E SIGN    : d65c5bcd
04-15 18:21:02.171210  2824  3668 I SurfaceView: 111912830 Locking canvas... stopped=false, surfaceControl=Surface(name=SurfaceView - )/@0xd56e900
04-15 18:21:02.172578  2824  3668 I SurfaceView: 111912830 Returned canvas: android.view.Surface$CompatibleCanvas@d92e4df
04-15 18:21:02.198602  2533  2533 I BootPresenter: (-$$Lambda$Qut1UVg1Gu75cdlDy9b5jeBJWaU.java:2)bootQuickLogin---->puid = 0
04-15 18:21:02.199159  2533  2533 I BootPresenter: (-$$Lambda$Qut1UVg1Gu75cdlDy9b5jeBJWaU.java:2)bootAutoLogin---->500ms后重试 puid = 0 , faceId = 0 , isNetInited = false
04-15 18:21:02.227637  2824  3668 I SurfaceView: 111912830 Locking canvas... stopped=false, surfaceControl=Surface(name=SurfaceView - )/@0xd56e900
04-15 18:21:02.227856  2824  3668 I SurfaceView: 111912830 Returned canvas: android.view.Surface$CompatibleCanvas@d92e4df
04-15 18:21:02.231464  2814  2814 I CAR.VENDOR.AVM: onChange:newValue = CarPropertyValue{mPropertyId=0x21400470, mAreaId=0x0, mStatus=0, mTimestamp=4952382499354, mValue=0}
04-15 18:21:02.231801  1587  1587 I CAR.VENDOR.AVM: onChange:newValue = CarPropertyValue{mPropertyId=0x21400470, mAreaId=0x0, mStatus=0, mTimestamp=4952382499354, mValue=0}
04-15 18:21:02.279581  2824  3668 I SurfaceView: 111912830 Locking canvas... stopped=false, surfaceControl=Surface(name=SurfaceView - )/@0xd56e900
04-15 18:21:02.279796  2824  3668 I SurfaceView: 111912830 Returned canvas: android.view.Surface$CompatibleCanvas@d92e4df
04-15 18:21:02.332344  2824  3668 I SurfaceView: 111912830 Locking canvas... stopped=false, surfaceControl=Surface(name=SurfaceView - )/@0xd56e900
04-15 18:21:02.332843  2824  3668 I SurfaceView: 111912830 Returned canvas: android.view.Surface$CompatibleCanvas@d92e4df
04-15 18:21:02.342439  2814  2814 I CAR.VENDOR.AVM: onChange:newValue = CarPropertyValue{mPropertyId=0x21400470, mAreaId=0x0, mStatus=0, mTimestamp=4952493144197, mValue=0}
04-15 18:21:02.342546  1587  1587 I CAR.VENDOR.AVM: onChange:newValue = CarPropertyValue{mPropertyId=0x21400470, mAreaId=0x0, mStatus=0, mTimestamp=4952493144197, mValue=0}
04-15 18:21:02.383660  2824  3668 I SurfaceView: 111912830 Locking canvas... stopped=false, surfaceControl=Surface(name=SurfaceView - )/@0xd56e900
04-15 18:21:02.383982  2824  3668 I SurfaceView: 111912830 Returned canvas: android.view.Surface$CompatibleCanvas@d92e4df
04-15 18:21:02.435608  2824  3668 I SurfaceView: 111912830 Locking canvas... stopped=false, surfaceControl=Surface(name=SurfaceView - )/@0xd56e900
04-15 18:21:02.435806  2824  3668 I SurfaceView: 111912830 Returned canvas: android.view.Surface$CompatibleCanvas@d92e4df
04-15 18:21:02.455374  2814  2814 I CAR.VENDOR.AVM: onChange:newValue = CarPropertyValue{mPropertyId=0x21400470, mAreaId=0x0, mStatus=0, mTimestamp=4952605918729, mValue=0}
04-15 18:21:02.455461  1587  1587 I CAR.VENDOR.AVM: onChange:newValue = CarPropertyValue{mPropertyId=0x21400470, mAreaId=0x0, mStatus=0, mTimestamp=4952605918729, mValue=0}
04-15 18:21:02.468797   498   580 I CBaseMonitor: [run-318] Enter monitor android
04-15 18:21:02.470604   498   580 I CBaseMonitor: [run-357]compress files,cur path is /mnt/user/log_android/cycle_195,last path is 
04-15 18:21:02.487930  2824  3668 I SurfaceView: 111912830 Locking canvas... stopped=false, surfaceControl=Surface(name=SurfaceView - )/@0xd56e900
04-15 18:21:02.488132  2824  3668 I SurfaceView: 111912830 Returned canvas: android.view.Surface$CompatibleCanvas@d92e4df
04-15 18:21:02.488878  1133  1137 E u-blox  : ublox::CGnssMeasurementExtension::navMeasurementUpdate: GnssMeasurementExtension callback is not initialized
04-15 18:21:02.520381  3186  4583 W q_h_c_d : HCDN_LOG: [T:4583]AsyncGet:1210,------> AsyncGet (reid: 51270141, requestUrl: http://127.0.0.1:1991/netinfo, connect timeout: 5000, read timeout: 8000, qtp enable: 0)\r
04-15 18:21:02.520579  3186  4582 W q_h_c_d : HCDN_LOG: [T:4582]SetEasyOpt:1320,curl_easy_setopt CURLOPT_IPRESOLVE success (reid: 51270141, ipresolve: 1)\r
04-15 18:21:02.520601  3186  4582 W q_h_c_d : HCDN_LOG: [T:4582]SetEasyOpt:1873,curl_easy_setopt CURLOPT_URL success: http://127.0.0.1:1991/netinfo?business=QTP (reid: 51270141)\r
04-15 18:21:02.520626  3186  4582 W q_h_c_d : HCDN_LOG: [T:4582]SetEasyOpt:2664,curl_easy_setopt CURLOPT_LOW_SPEED_LIMIT success for global (reid: 51270141, speed: 1)\r
04-15 18:21:02.520631  3186  4582 W q_h_c_d : HCDN_LOG: [T:4582]SetEasyOpt:2676,curl_easy_setopt CURLOPT_LOW_SPEED_TIME success for global (reid: 51270141, time: 10)\r
04-15 18:21:02.520635  3186  4582 W q_h_c_d : HCDN_LOG: [T:4582]SetEasyOpt:2881,curl_easy_setopt CURLOPT_CONNECTTIMEOUT_MS success (reid: 51270141, timeout: 5000)\r
04-15 18:21:02.520640  3186  4582 W q_h_c_d : HCDN_LOG: [T:4582]SetEasyOpt:2932,curl_easy_setopt CURLOPT_TIMEOUT_MS success (reid: 51270141, timeout: 8000)\r
04-15 18:21:02.520656  3186  4582 W q_h_c_d : HCDN_LOG: [T:4582]AddToMultiHandle:950,AddToMultiHandle: reid: 51270141, taskid(0), moduleId(14), offset(0), length(-1) , CURL(0x7bf19c1000) , m_mapRun(1), m_mapReqId2EasyHandle(1), m_vecModuleRun(0,0,1,0,0,0,0,0,0)\r
04-15 18:21:02.522407  3186  4582 W q_h_c_d : HCDN_LOG: [T:4582]ExecuteCallback:2460,HTTP time information: reid: 51270141, reqScheduleTime: 1713176462520, reqBeginTime: 1713176462520, qtpDnsEndTime: 1713176462520, startRecvHeaderTime: 1713176462522, startRecvBodyTime: 1713176462522, reqEndTime: 1713176462522\r
04-15 18:21:02.522477  3186  4582 W q_h_c_d : HCDN_LOG: [T:4582]ExecuteCallback:2666,HTTP finished, reid: 51270141, status: ownErrCode: 0 (MultiCurl HTTP request success), sysErrno: 0, transErrCode: 0, mCurlErrCode: 0, eCurlErrCode: 0, HTTP status code: 404, HTTP version: 1, trypath:\r
04-15 18:21:02.522509  3186  4582 W q_h_c_d : HCDN_LOG: [T:4582]ProcessCurlMsg:605,ProcessCurlMsg: reid: 51270141, taskid(0), moduleId(14), offset(0), length(-1) , CURL(0x0) , m_mapRun(0), m_mapReqId2EasyHandle(0), m_vecModuleRun(0,0,0,0,0,0,0,0,0)\r
04-15 18:21:02.522508  3186  4583 W q_h_c_d : HCDN_LOG: [T:4583]HcbOnFastDnsNetworkDetectRespEx:605,HcbOnFastDnsNetworkDetectRespEx get a 404 response, reid: 51270141\r
04-15 18:21:02.537797  1349  1384 E Property.service: getProperty: propId is not in config list:0x21600202
04-15 18:21:02.539823  2824  3668 I SurfaceView: 111912830 Locking canvas... stopped=false, surfaceControl=Surface(name=SurfaceView - )/@0xd56e900
04-15 18:21:02.540003  2824  3668 I SurfaceView: 111912830 Returned canvas: android.view.Surface$CompatibleCanvas@d92e4df
04-15 18:21:02.563157  2814  2814 I CAR.VENDOR.AVM: onChange:newValue = CarPropertyValue{mPropertyId=0x21400470, mAreaId=0x0, mStatus=0, mTimestamp=4952715312062, mValue=0}
04-15 18:21:02.563338  1587  1587 I CAR.VENDOR.AVM: onChange:newValue = CarPropertyValue{mPropertyId=0x21400470, mAreaId=0x0, mStatus=0, mTimestamp=4952715312062, mValue=0}
04-15 18:21:02.590971  2824  3668 I SurfaceView: 111912830 Locking canvas... stopped=false, surfaceControl=Surface(name=SurfaceView - )/@0xd56e900
04-15 18:21:02.591138  2824  3668 I SurfaceView: 111912830 Returned canvas: android.view.Surface$CompatibleCanvas@d92e4df
04-15 18:21:02.595021  1133  1137 I u-blox  : CAndroidDatabase::CommitSvStatus: reportSvStatus
04-15 18:21:02.596395  1160  1229 I GnssLocationProvider: WakeLock acquired by sendMessage(REPORT_SV_STATUS, 0, com.android.server.location.GnssLocationProvider$SvStatusInfo@3c7e0b6)
04-15 18:21:02.596671  1160  1174 I GnssLocationProvider: WakeLock released by handleMessage(REPORT_SV_STATUS, 0, com.android.server.location.GnssLocationProvider$SvStatusInfo@3c7e0b6)
04-15 18:21:02.597446  1913  2438 I MXNavi-PosManager: GpsSatellite num is 2
04-15 18:21:02.642478  2824  3668 I SurfaceView: 111912830 Locking canvas... stopped=false, surfaceControl=Surface(name=SurfaceView - )/@0xd56e900
04-15 18:21:02.642756  2824  3668 I SurfaceView: 111912830 Returned canvas: android.view.Surface$CompatibleCanvas@d92e4df
04-15 18:21:02.671367  2814  2814 I CAR.VENDOR.AVM: onChange:newValue = CarPropertyValue{mPropertyId=0x21400470, mAreaId=0x0, mStatus=0, mTimestamp=4952822859510, mValue=0}
04-15 18:21:02.671914  1587  1587 I CAR.VENDOR.AVM: onChange:newValue = CarPropertyValue{mPropertyId=0x21400470, mAreaId=0x0, mStatus=0, mTimestamp=4952822859510, mValue=0}
04-15 18:21:02.694648  2824  3668 I SurfaceView: 111912830 Locking canvas... stopped=false, surfaceControl=Surface(name=SurfaceView - )/@0xd56e900
04-15 18:21:02.694994  2824  3668 I SurfaceView: 111912830 Returned canvas: android.view.Surface$CompatibleCanvas@d92e4df
04-15 18:21:02.701450  2533  2533 I BootPresenter: (-$$Lambda$Qut1UVg1Gu75cdlDy9b5jeBJWaU.java:2)bootQuickLogin---->puid = 0
04-15 18:21:02.702033  2533  2533 I BootPresenter: (-$$Lambda$Qut1UVg1Gu75cdlDy9b5jeBJWaU.java:2)bootAutoLogin---->500ms后重试 puid = 0 , faceId = 0 , isNetInited = false
04-15 18:21:02.746316  2824  3668 I SurfaceView: 111912830 Locking canvas... stopped=false, surfaceControl=Surface(name=SurfaceView - )/@0xd56e900
04-15 18:21:02.746762  2824  3668 I SurfaceView: 111912830 Returned canvas: android.view.Surface$CompatibleCanvas@d92e4df
04-15 18:21:02.781169  1587  1587 I CAR.VENDOR.AVM: onChange:newValue = CarPropertyValue{mPropertyId=0x21400470, mAreaId=0x0, mStatus=0, mTimestamp=4952931671489, mValue=0}
04-15 18:21:02.781235  2814  2814 I CAR.VENDOR.AVM: onChange:newValue = CarPropertyValue{mPropertyId=0x21400470, mAreaId=0x0, mStatus=0, mTimestamp=4952931671489, mValue=0}
04-15 18:21:02.787398  1913  1913 I MXNavi-onNmeaMessage GPGGA = : s = $GPGGA,,,,,,0,,,,,,,,*66\r
04-15 18:21:02.787431  1913  1913 I MXNavi-onNmeaMessage GPRMC = : s = $GPRMC,,V,,,,,,,,,,N*53
04-15 18:21:02.790529  3091  3091 I AccountServiceManager: (IndexDownloadPresenter$1.java:284)isServiceConnected***true
04-15 18:21:02.790614  3091  3091 I AccountHmiManager: (AccountHmiModel.java:121)request**811****null
04-15 18:21:02.790840  2533  3726 E NetworkUtil: (NetworkUtil.java:837)check account manager is null
04-15 18:21:02.790886  2533  3726 I NetworkUtil: (NetworkUtil.java:302)checkErrorCode  code = 12045
04-15 18:21:02.790912  2533  3726 I NetworkUtil: (NetworkUtil.java:521)checkErrorCode  code = 100001
04-15 18:21:02.791327  3091  3103 I AccountHmiManager: (ICallback$Stub.java:68)callback******812
04-15 18:21:02.798594  2824  3668 I SurfaceView: 111912830 Locking canvas... stopped=false, surfaceControl=Surface(name=SurfaceView - )/@0xd56e900
04-15 18:21:02.798803  2824  3668 I SurfaceView: 111912830 Returned canvas: android.view.Surface$CompatibleCanvas@d92e4df
04-15 18:21:02.807517  3091  3091 I AccountHmiModel: (BaseManager$4$1.java:105)callback:812
04-15 18:21:02.824105  3091  3091 I AccountHmiModel: (Handler.java:106)handleMessage success:-1
04-15 18:21:02.824181  3091  3091 I AccountHmiModel: (Handler.java:106)handleMessage extra:100001
04-15 18:21:02.824220  3091  3091 I AccountHmiModel: (Handler.java:106)handleMessage message:服务请求失败，请检查网络
04-15 18:21:02.850121  2824  3668 I SurfaceView: 111912830 Locking canvas... stopped=false, surfaceControl=Surface(name=SurfaceView - )/@0xd56e900
04-15 18:21:02.850465  2824  3668 I SurfaceView: 111912830 Returned canvas: android.view.Surface$CompatibleCanvas@d92e4df
04-15 18:21:02.891382  1587  1587 I CAR.VENDOR.AVM: onChange:newValue = CarPropertyValue{mPropertyId=0x21400470, mAreaId=0x0, mStatus=0, mTimestamp=4953042453885, mValue=0}
04-15 18:21:02.892412  2814  2814 I CAR.VENDOR.AVM: onChange:newValue = CarPropertyValue{mPropertyId=0x21400470, mAreaId=0x0, mStatus=0, mTimestamp=4953042453885, mValue=0}
04-15 18:21:02.902601  2824  3668 I SurfaceView: 111912830 Locking canvas... stopped=false, surfaceControl=Surface(name=SurfaceView - )/@0xd56e900
04-15 18:21:02.902817  2824  3668 I SurfaceView: 111912830 Returned canvas: android.view.Surface$CompatibleCanvas@d92e4df
04-15 18:21:02.954192  2824  3668 I SurfaceView: 111912830 Locking canvas... stopped=false, surfaceControl=Surface(name=SurfaceView - )/@0xd56e900
04-15 18:21:02.954391  2824  3668 I SurfaceView: 111912830 Returned canvas: android.view.Surface$CompatibleCanvas@d92e4df
04-15 18:21:03.003181  1587  1587 I CAR.VENDOR.AVM: onChange:newValue = CarPropertyValue{mPropertyId=0x21400470, mAreaId=0x0, mStatus=0, mTimestamp=4953153784718, mValue=0}
04-15 18:21:03.003189  2814  2814 I CAR.VENDOR.AVM: onChange:newValue = CarPropertyValue{mPropertyId=0x21400470, mAreaId=0x0, mStatus=0, mTimestamp=4953153784718, mValue=0}
04-15 18:21:03.006606  2824  3668 I SurfaceView: 111912830 Locking canvas... stopped=false, surfaceControl=Surface(name=SurfaceView - )/@0xd56e900
04-15 18:21:03.006795  2824  3668 I SurfaceView: 111912830 Returned canvas: android.view.Surface$CompatibleCanvas@d92e4df
04-15 18:21:03.058006  2824  3668 I SurfaceView: 111912830 Locking canvas... stopped=false, surfaceControl=Surface(name=SurfaceView - )/@0xd56e900
04-15 18:21:03.058226  2824  3668 I SurfaceView: 111912830 Returned canvas: android.view.Surface$CompatibleCanvas@d92e4df
04-15 18:21:03.109598  2824  3668 I SurfaceView: 111912830 Locking canvas... stopped=false, surfaceControl=Surface(name=SurfaceView - )/@0xd56e900
04-15 18:21:03.109799  2824  3668 I SurfaceView: 111912830 Returned canvas: android.view.Surface$CompatibleCanvas@d92e4df
04-15 18:21:03.114272  1587  1587 I CAR.VENDOR.AVM: onChange:newValue = CarPropertyValue{mPropertyId=0x21400470, mAreaId=0x0, mStatus=0, mTimestamp=4953265731697, mValue=0}
04-15 18:21:03.114297  2814  2814 I CAR.VENDOR.AVM: onChange:newValue = CarPropertyValue{mPropertyId=0x21400470, mAreaId=0x0, mStatus=0, mTimestamp=4953265731697, mValue=0}
04-15 18:21:03.161664  2824  3668 I SurfaceView: 111912830 Locking canvas... stopped=false, surfaceControl=Surface(name=SurfaceView - )/@0xd56e900
04-15 18:21:03.161859  2824  3668 I SurfaceView: 111912830 Returned canvas: android.view.Surface$CompatibleCanvas@d92e4df
04-15 18:21:03.204687  2533  2533 I BootPresenter: (-$$Lambda$Qut1UVg1Gu75cdlDy9b5jeBJWaU.java:2)bootQuickLogin---->puid = 0
04-15 18:21:03.205257  2533  2533 I BootPresenter: (-$$Lambda$Qut1UVg1Gu75cdlDy9b5jeBJWaU.java:2)bootAutoLogin---->500ms后重试 puid = 0 , faceId = 0 , isNetInited = false
04-15 18:21:03.213572  2824  3668 I SurfaceView: 111912830 Locking canvas... stopped=false, surfaceControl=Surface(name=SurfaceView - )/@0xd56e900
04-15 18:21:03.213761  2824  3668 I SurfaceView: 111912830 Returned canvas: android.view.Surface$CompatibleCanvas@d92e4df
04-15 18:21:03.217510   477  4410 W AudioHalHWBosch: in_read: 3072 bytes read in  in_read(). frame_size:24. frames_read:78796800. readOnce:78796800.out frame count:128. dataNum:615599. dataVal:615600. dataNormal:0. dataExt:0.dataLastValue:0. dateSame:10260.                 SysAmpIntVariant:0. data_analysis :0:0:0:0 :0:0:0:0 :-1:0:-2:-2.
04-15 18:21:03.225773  2814  2814 I CAR.VENDOR.AVM: onChange:newValue = CarPropertyValue{mPropertyId=0x21400470, mAreaId=0x0, mStatus=0, mTimestamp=4953375536957, mValue=0}
04-15 18:21:03.226092  1587  1587 I CAR.VENDOR.AVM: onChange:newValue = CarPropertyValue{mPropertyId=0x21400470, mAreaId=0x0, mStatus=0, mTimestamp=4953375536957, mValue=0}
04-15 18:21:03.265579  2824  3668 I SurfaceView: 111912830 Locking canvas... stopped=false, surfaceControl=Surface(name=SurfaceView - )/@0xd56e900
04-15 18:21:03.265775  2824  3668 I SurfaceView: 111912830 Returned canvas: android.view.Surface$CompatibleCanvas@d92e4df
04-15 18:21:03.316930  2824  3668 I SurfaceView: 111912830 Locking canvas... stopped=false, surfaceControl=Surface(name=SurfaceView - )/@0xd56e900
04-15 18:21:03.317170  2824  3668 I SurfaceView: 111912830 Returned canvas: android.view.Surface$CompatibleCanvas@d92e4df
04-15 18:21:03.337777  1587  1587 I CAR.VENDOR.AVM: onChange:newValue = CarPropertyValue{mPropertyId=0x21400470, mAreaId=0x0, mStatus=0, mTimestamp=4953488570135, mValue=0}
04-15 18:21:03.338044  2814  2814 I CAR.VENDOR.AVM: onChange:newValue = CarPropertyValue{mPropertyId=0x21400470, mAreaId=0x0, mStatus=0, mTimestamp=4953488570135, mValue=0}
04-15 18:21:03.369701  2824  3668 I SurfaceView: 111912830 Locking canvas... stopped=false, surfaceControl=Surface(name=SurfaceView - )/@0xd56e900
04-15 18:21:03.370119  2824  3668 I SurfaceView: 111912830 Returned canvas: android.view.Surface$CompatibleCanvas@d92e4df
04-15 18:21:03.421249  2824  3668 I SurfaceView: 111912830 Locking canvas... stopped=false, surfaceControl=Surface(name=SurfaceView - )/@0xd56e900
04-15 18:21:03.421749  2824  3668 I SurfaceView: 111912830 Returned canvas: android.view.Surface$CompatibleCanvas@d92e4df
04-15 18:21:03.447292  1587  1587 I CAR.VENDOR.AVM: onChange:newValue = CarPropertyValue{mPropertyId=0x21400470, mAreaId=0x0, mStatus=0, mTimestamp=4953598485082, mValue=0}
04-15 18:21:03.447322  2814  2814 I CAR.VENDOR.AVM: onChange:newValue = CarPropertyValue{mPropertyId=0x21400470, mAreaId=0x0, mStatus=0, mTimestamp=4953598485082, mValue=0}
04-15 18:21:03.473021  2824  3668 I SurfaceView: 111912830 Locking canvas... stopped=false, surfaceControl=Surface(name=SurfaceView - )/@0xd56e900
04-15 18:21:03.473550  2824  3668 I SurfaceView: 111912830 Returned canvas: android.view.Surface$CompatibleCanvas@d92e4df
04-15 18:21:03.488510  1133  1137 E u-blox  : ublox::CGnssMeasurementExtension::navMeasurementUpdate: GnssMeasurementExtension callback is not initialized
04-15 18:21:03.525600  2824  3668 I SurfaceView: 111912830 Locking canvas... stopped=false, surfaceControl=Surface(name=SurfaceView - )/@0xd56e900
04-15 18:21:03.525814  2824  3668 I SurfaceView: 111912830 Returned canvas: android.view.Surface$CompatibleCanvas@d92e4df
04-15 18:21:03.537126  1349  1384 E Property.service: getProperty: propId is not in config list:0x21600202
04-15 18:21:03.557584  2814  2814 I CAR.VENDOR.AVM: onChange:newValue = CarPropertyValue{mPropertyId=0x21400470, mAreaId=0x0, mStatus=0, mTimestamp=4953708673416, mValue=0}
04-15 18:21:03.559027  1587  1587 I CAR.VENDOR.AVM: onChange:newValue = CarPropertyValue{mPropertyId=0x21400470, mAreaId=0x0, mStatus=0, mTimestamp=4953708673416, mValue=0}
