04-15 18:21:03.577515  2824  3668 I SurfaceView: 111912830 Locking canvas... stopped=false, surfaceControl=Surface(name=SurfaceView - )/@0xd56e900
04-15 18:21:03.577749  2824  3668 I SurfaceView: 111912830 Returned canvas: android.view.Surface$CompatibleCanvas@d92e4df
04-15 18:21:03.590458  1133  1137 I u-blox  : CAndroidDatabase::CommitSvStatus: reportSvStatus
04-15 18:21:03.590777  1160  1229 I GnssLocationProvider: WakeLock acquired by sendMessage(REPORT_SV_STATUS, 0, com.android.server.location.GnssLocationProvider$SvStatusInfo@55651b7)
04-15 18:21:03.591210  1160  1174 I GnssLocationProvider: WakeLock released by handleMessage(REPORT_SV_STATUS, 0, com.android.server.location.GnssLocationProvider$SvStatusInfo@55651b7)
04-15 18:21:03.595422  1913  2438 I MXNavi-PosManager: GpsSatellite num is 2
04-15 18:21:03.629880  2824  3668 I SurfaceView: 111912830 Locking canvas... stopped=false, surfaceControl=Surface(name=SurfaceView - )/@0xd56e900
04-15 18:21:03.630160  2824  3668 I SurfaceView: 111912830 Returned canvas: android.view.Surface$CompatibleCanvas@d92e4df
04-15 18:21:03.667431  2814  2814 I CAR.VENDOR.AVM: onChange:newValue = CarPropertyValue{mPropertyId=0x21400470, mAreaId=0x0, mStatus=0, mTimestamp=4953819127009, mValue=0}
04-15 18:21:03.667476  1587  1587 I CAR.VENDOR.AVM: onChange:newValue = CarPropertyValue{mPropertyId=0x21400470, mAreaId=0x0, mStatus=0, mTimestamp=4953819127009, mValue=0}
04-15 18:21:03.683582  2824  3668 I SurfaceView: 111912830 Locking canvas... stopped=false, surfaceControl=Surface(name=SurfaceView - )/@0xd56e900
04-15 18:21:03.683805  2824  3668 I SurfaceView: 111912830 Returned canvas: android.view.Surface$CompatibleCanvas@d92e4df
04-15 18:21:03.707550  2533  2533 I BootPresenter: (-$$Lambda$Qut1UVg1Gu75cdlDy9b5jeBJWaU.java:2)bootQuickLogin---->puid = 0
04-15 18:21:03.708194  2533  2533 I BootPresenter: (-$$Lambda$Qut1UVg1Gu75cdlDy9b5jeBJWaU.java:2)bootAutoLogin---->500ms后重试 puid = 0 , faceId = 0 , isNetInited = false
04-15 18:21:03.735591  2824  3668 I SurfaceView: 111912830 Locking canvas... stopped=false, surfaceControl=Surface(name=SurfaceView - )/@0xd56e900
04-15 18:21:03.735906  2824  3668 I SurfaceView: 111912830 Returned canvas: android.view.Surface$CompatibleCanvas@d92e4df
04-15 18:21:03.779786  2814  2814 I CAR.VENDOR.AVM: onChange:newValue = CarPropertyValue{mPropertyId=0x21400470, mAreaId=0x0, mStatus=0, mTimestamp=4953930492843, mValue=0}
04-15 18:21:03.779868  1587  1587 I CAR.VENDOR.AVM: onChange:newValue = CarPropertyValue{mPropertyId=0x21400470, mAreaId=0x0, mStatus=0, mTimestamp=4953930492843, mValue=0}
04-15 18:21:03.787636  2824  3668 I SurfaceView: 111912830 Locking canvas... stopped=false, surfaceControl=Surface(name=SurfaceView - )/@0xd56e900
04-15 18:21:03.787865  2824  3668 I SurfaceView: 111912830 Returned canvas: android.view.Surface$CompatibleCanvas@d92e4df
04-15 18:21:03.788573  1913  1913 I MXNavi-onNmeaMessage GPGGA = : s = $GPGGA,,,,,,0,,,,,,,,*66\r
04-15 18:21:03.788628  1913  1913 I MXNavi-onNmeaMessage GPRMC = : s = $GPRMC,,V,,,,,,,,,,N*53
04-15 18:21:03.839222  2824  3668 I SurfaceView: 111912830 Locking canvas... stopped=false, surfaceControl=Surface(name=SurfaceView - )/@0xd56e900
04-15 18:21:03.839435  2824  3668 I SurfaceView: 111912830 Returned canvas: android.view.Surface$CompatibleCanvas@d92e4df
04-15 18:21:03.843266  3091  3091 I AccountServiceManager: (IndexDownloadPresenter$1.java:284)isServiceConnected***true
04-15 18:21:03.843330  3091  3091 I AccountHmiManager: (AccountHmiModel.java:121)request**811****null
04-15 18:21:03.843502  2533  3726 E NetworkUtil: (NetworkUtil.java:837)check account manager is null
04-15 18:21:03.843543  2533  3726 I NetworkUtil: (NetworkUtil.java:302)checkErrorCode  code = 12045
04-15 18:21:03.843576  2533  3726 I NetworkUtil: (NetworkUtil.java:521)checkErrorCode  code = 100001
04-15 18:21:03.843858  3091  3103 I AccountHmiManager: (ICallback$Stub.java:68)callback******812
04-15 18:21:03.860692  3091  3091 I AccountHmiModel: (BaseManager$4$1.java:105)callback:812
04-15 18:21:03.877833  3091  3091 I AccountHmiModel: (Handler.java:106)handleMessage success:-1
04-15 18:21:03.877966  3091  3091 I AccountHmiModel: (Handler.java:106)handleMessage extra:100001
04-15 18:21:03.878009  3091  3091 I AccountHmiModel: (Handler.java:106)handleMessage message:服务请求失败，请检查网络
04-15 18:21:03.890311  2814  2814 I CAR.VENDOR.AVM: onChange:newValue = CarPropertyValue{mPropertyId=0x21400470, mAreaId=0x0, mStatus=0, mTimestamp=4954042456280, mValue=0}
04-15 18:21:03.890361  1587  1587 I CAR.VENDOR.AVM: onChange:newValue = CarPropertyValue{mPropertyId=0x21400470, mAreaId=0x0, mStatus=0, mTimestamp=4954042456280, mValue=0}
04-15 18:21:03.890464  2824  3668 I SurfaceView: 111912830 Locking canvas... stopped=false, surfaceControl=Surface(name=SurfaceView - )/@0xd56e900
04-15 18:21:03.890815  2824  3668 I SurfaceView: 111912830 Returned canvas: android.view.Surface$CompatibleCanvas@d92e4df
04-15 18:21:03.942607  2824  3668 I SurfaceView: 111912830 Locking canvas... stopped=false, surfaceControl=Surface(name=SurfaceView - )/@0xd56e900
04-15 18:21:03.942785  2824  3668 I SurfaceView: 111912830 Returned canvas: android.view.Surface$CompatibleCanvas@d92e4df
04-15 18:21:03.994650  2824  3668 I SurfaceView: 111912830 Locking canvas... stopped=false, surfaceControl=Surface(name=SurfaceView - )/@0xd56e900
04-15 18:21:03.994919  2824  3668 I SurfaceView: 111912830 Returned canvas: android.view.Surface$CompatibleCanvas@d92e4df
04-15 18:21:03.998295  2814  2814 I CAR.VENDOR.AVM: onChange:newValue = CarPropertyValue{mPropertyId=0x21400470, mAreaId=0x0, mStatus=0, mTimestamp=4954150506228, mValue=0}
04-15 18:21:03.998416  1587  1587 I CAR.VENDOR.AVM: onChange:newValue = CarPropertyValue{mPropertyId=0x21400470, mAreaId=0x0, mStatus=0, mTimestamp=4954150506228, mValue=0}
04-15 18:21:04.016023  1160  1270 E WifiVendorHal: getWifiLinkLayerStats(l.937) failed {.code = ERROR_NOT_AVAILABLE, .description = }
04-15 18:21:04.047688  2824  3668 I SurfaceView: 111912830 Locking canvas... stopped=false, surfaceControl=Surface(name=SurfaceView - )/@0xd56e900
04-15 18:21:04.047910  2824  3668 I SurfaceView: 111912830 Returned canvas: android.view.Surface$CompatibleCanvas@d92e4df
04-15 18:21:04.098802  2824  3668 I SurfaceView: 111912830 Locking canvas... stopped=false, surfaceControl=Surface(name=SurfaceView - )/@0xd56e900
04-15 18:21:04.099025  2824  3668 I SurfaceView: 111912830 Returned canvas: android.view.Surface$CompatibleCanvas@d92e4df
04-15 18:21:04.112282  1587  1587 I CAR.VENDOR.AVM: onChange:newValue = CarPropertyValue{mPropertyId=0x21400470, mAreaId=0x0, mStatus=0, mTimestamp=4954262709040, mValue=0}
04-15 18:21:04.112296  2814  2814 I CAR.VENDOR.AVM: onChange:newValue = CarPropertyValue{mPropertyId=0x21400470, mAreaId=0x0, mStatus=0, mTimestamp=4954262709040, mValue=0}
04-15 18:21:04.150612  2824  3668 I SurfaceView: 111912830 Locking canvas... stopped=false, surfaceControl=Surface(name=SurfaceView - )/@0xd56e900
04-15 18:21:04.150872  2824  3668 I SurfaceView: 111912830 Returned canvas: android.view.Surface$CompatibleCanvas@d92e4df
04-15 18:21:04.202626  2824  3668 I SurfaceView: 111912830 Locking canvas... stopped=false, surfaceControl=Surface(name=SurfaceView - )/@0xd56e900
04-15 18:21:04.202869  2824  3668 I SurfaceView: 111912830 Returned canvas: android.view.Surface$CompatibleCanvas@d92e4df
04-15 18:21:04.211903  2533  2533 I BootPresenter: (-$$Lambda$Qut1UVg1Gu75cdlDy9b5jeBJWaU.java:2)bootQuickLogin---->puid = 0
04-15 18:21:04.212899  2533  2533 I BootPresenter: (-$$Lambda$Qut1UVg1Gu75cdlDy9b5jeBJWaU.java:2)bootAutoLogin---->500ms后重试 puid = 0 , faceId = 0 , isNetInited = false
04-15 18:21:04.220289  2814  2814 I CAR.VENDOR.AVM: onChange:newValue = CarPropertyValue{mPropertyId=0x21400470, mAreaId=0x0, mStatus=0, mTimestamp=4954371431697, mValue=0}
04-15 18:21:04.220328  1587  1587 I CAR.VENDOR.AVM: onChange:newValue = CarPropertyValue{mPropertyId=0x21400470, mAreaId=0x0, mStatus=0, mTimestamp=4954371431697, mValue=0}
04-15 18:21:04.254902  2824  3668 I SurfaceView: 111912830 Locking canvas... stopped=false, surfaceControl=Surface(name=SurfaceView - )/@0xd56e900
04-15 18:21:04.255107  2824  3668 I SurfaceView: 111912830 Returned canvas: android.view.Surface$CompatibleCanvas@d92e4df
04-15 18:21:04.306262  2824  3668 I SurfaceView: 111912830 Locking canvas... stopped=false, surfaceControl=Surface(name=SurfaceView - )/@0xd56e900
04-15 18:21:04.306687  2824  3668 I SurfaceView: 111912830 Returned canvas: android.view.Surface$CompatibleCanvas@d92e4df
04-15 18:21:04.331742  2814  2814 I CAR.VENDOR.AVM: onChange:newValue = CarPropertyValue{mPropertyId=0x21400470, mAreaId=0x0, mStatus=0, mTimestamp=4954482420707, mValue=0}
04-15 18:21:04.331772  1587  1587 I CAR.VENDOR.AVM: onChange:newValue = CarPropertyValue{mPropertyId=0x21400470, mAreaId=0x0, mStatus=0, mTimestamp=4954482420707, mValue=0}
04-15 18:21:04.357584  2824  3668 I SurfaceView: 111912830 Locking canvas... stopped=false, surfaceControl=Surface(name=SurfaceView - )/@0xd56e900
04-15 18:21:04.357751  2824  3668 I SurfaceView: 111912830 Returned canvas: android.view.Surface$CompatibleCanvas@d92e4df
04-15 18:21:04.410039  2824  3668 I SurfaceView: 111912830 Locking canvas... stopped=false, surfaceControl=Surface(name=SurfaceView - )/@0xd56e900
04-15 18:21:04.410474  2824  3668 I SurfaceView: 111912830 Returned canvas: android.view.Surface$CompatibleCanvas@d92e4df
04-15 18:21:04.441761  1587  1587 I CAR.VENDOR.AVM: onChange:newValue = CarPropertyValue{mPropertyId=0x21400470, mAreaId=0x0, mStatus=0, mTimestamp=4954592575447, mValue=0}
04-15 18:21:04.442022  2814  2814 I CAR.VENDOR.AVM: onChange:newValue = CarPropertyValue{mPropertyId=0x21400470, mAreaId=0x0, mStatus=0, mTimestamp=4954592575447, mValue=0}
04-15 18:21:04.462589  2824  3668 I SurfaceView: 111912830 Locking canvas... stopped=false, surfaceControl=Surface(name=SurfaceView - )/@0xd56e900
04-15 18:21:04.462850  2824  3668 I SurfaceView: 111912830 Returned canvas: android.view.Surface$CompatibleCanvas@d92e4df
04-15 18:21:04.488261  1133  1137 E u-blox  : ublox::CGnssMeasurementExtension::navMeasurementUpdate: GnssMeasurementExtension callback is not initialized
04-15 18:21:04.513605  2824  3668 I SurfaceView: 111912830 Locking canvas... stopped=false, surfaceControl=Surface(name=SurfaceView - )/@0xd56e900
04-15 18:21:04.513779  2824  3668 I SurfaceView: 111912830 Returned canvas: android.view.Surface$CompatibleCanvas@d92e4df
04-15 18:21:04.537179  1349  1384 E Property.service: getProperty: propId is not in config list:0x21600202
04-15 18:21:04.548280  2814  2814 I CAR.VENDOR.AVM: onChange:newValue = CarPropertyValue{mPropertyId=0x21400470, mAreaId=0x0, mStatus=0, mTimestamp=4954699692217, mValue=0}
04-15 18:21:04.548307  1587  1587 I CAR.VENDOR.AVM: onChange:newValue = CarPropertyValue{mPropertyId=0x21400470, mAreaId=0x0, mStatus=0, mTimestamp=4954699692217, mValue=0}
04-15 18:21:04.564899  2824  3668 I SurfaceView: 111912830 Locking canvas... stopped=false, surfaceControl=Surface(name=SurfaceView - )/@0xd56e900
04-15 18:21:04.565599  2824  3668 I SurfaceView: 111912830 Returned canvas: android.view.Surface$CompatibleCanvas@d92e4df
04-15 18:21:04.582382  1133  1137 I u-blox  : CAndroidDatabase::CommitSvStatus: reportSvStatus
04-15 18:21:04.582674  1160  1229 I GnssLocationProvider: WakeLock acquired by sendMessage(REPORT_SV_STATUS, 0, com.android.server.location.GnssLocationProvider$SvStatusInfo@d30bd24)
04-15 18:21:04.586057  1160  1174 I GnssLocationProvider: WakeLock released by handleMessage(REPORT_SV_STATUS, 0, com.android.server.location.GnssLocationProvider$SvStatusInfo@d30bd24)
04-15 18:21:04.586979  1913  2438 I MXNavi-PosManager: GpsSatellite num is 2
04-15 18:21:04.617661  2824  3668 I SurfaceView: 111912830 Locking canvas... stopped=false, surfaceControl=Surface(name=SurfaceView - )/@0xd56e900
04-15 18:21:04.618006  2824  3668 I SurfaceView: 111912830 Returned canvas: android.view.Surface$CompatibleCanvas@d92e4df
04-15 18:21:04.658284  2814  2814 I CAR.VENDOR.AVM: onChange:newValue = CarPropertyValue{mPropertyId=0x21400470, mAreaId=0x0, mStatus=0, mTimestamp=4954809626540, mValue=0}
04-15 18:21:04.658448  1587  1587 I CAR.VENDOR.AVM: onChange:newValue = CarPropertyValue{mPropertyId=0x21400470, mAreaId=0x0, mStatus=0, mTimestamp=4954809626540, mValue=0}
04-15 18:21:04.669612  2824  3668 I SurfaceView: 111912830 Locking canvas... stopped=false, surfaceControl=Surface(name=SurfaceView - )/@0xd56e900
04-15 18:21:04.669984  2824  3668 I SurfaceView: 111912830 Returned canvas: android.view.Surface$CompatibleCanvas@d92e4df
04-15 18:21:04.714600  2533  2533 I BootPresenter: (-$$Lambda$Qut1UVg1Gu75cdlDy9b5jeBJWaU.java:2)bootQuickLogin---->puid = 0
04-15 18:21:04.715129  2533  2533 I BootPresenter: (-$$Lambda$Qut1UVg1Gu75cdlDy9b5jeBJWaU.java:2)bootAutoLogin---->500ms后重试 puid = 0 , faceId = 0 , isNetInited = false
04-15 18:21:04.722652  2824  3668 I SurfaceView: 111912830 Locking canvas... stopped=false, surfaceControl=Surface(name=SurfaceView - )/@0xd56e900
04-15 18:21:04.723031  2824  3668 I SurfaceView: 111912830 Returned canvas: android.view.Surface$CompatibleCanvas@d92e4df
04-15 18:21:04.767289  2814  2814 I CAR.VENDOR.AVM: onChange:newValue = CarPropertyValue{mPropertyId=0x21400470, mAreaId=0x0, mStatus=0, mTimestamp=4954918614874, mValue=0}
04-15 18:21:04.767383  1587  1587 I CAR.VENDOR.AVM: onChange:newValue = CarPropertyValue{mPropertyId=0x21400470, mAreaId=0x0, mStatus=0, mTimestamp=4954918614874, mValue=0}
04-15 18:21:04.775331  2824  3668 I SurfaceView: 111912830 Locking canvas... stopped=false, surfaceControl=Surface(name=SurfaceView - )/@0xd56e900
04-15 18:21:04.776170  2824  3668 I SurfaceView: 111912830 Returned canvas: android.view.Surface$CompatibleCanvas@d92e4df
04-15 18:21:04.789919  1913  1913 I MXNavi-onNmeaMessage GPGGA = : s = $GPGGA,,,,,,0,,,,,,,,*66\r
04-15 18:21:04.790092  1913  1913 I MXNavi-onNmeaMessage GPRMC = : s = $GPRMC,,V,,,,,,,,,,N*53
04-15 18:21:04.827350  2824  3668 I SurfaceView: 111912830 Locking canvas... stopped=false, surfaceControl=Surface(name=SurfaceView - )/@0xd56e900
04-15 18:21:04.828028  2824  3668 I SurfaceView: 111912830 Returned canvas: android.view.Surface$CompatibleCanvas@d92e4df
04-15 18:21:04.873352  2814  2814 I CAR.VENDOR.AVM: onChange:newValue = CarPropertyValue{mPropertyId=0x21400470, mAreaId=0x0, mStatus=0, mTimestamp=4955024484769, mValue=0}
04-15 18:21:04.873576  1587  1587 I CAR.VENDOR.AVM: onChange:newValue = CarPropertyValue{mPropertyId=0x21400470, mAreaId=0x0, mStatus=0, mTimestamp=4955024484769, mValue=0}
04-15 18:21:04.878989  2824  3668 I SurfaceView: 111912830 Locking canvas... stopped=false, surfaceControl=Surface(name=SurfaceView - )/@0xd56e900
04-15 18:21:04.880087  2824  3668 I SurfaceView: 111912830 Returned canvas: android.view.Surface$CompatibleCanvas@d92e4df
04-15 18:21:04.895913  3091  3091 I AccountServiceManager: (IndexDownloadPresenter$1.java:284)isServiceConnected***true
04-15 18:21:04.896063  3091  3091 I AccountHmiManager: (AccountHmiModel.java:121)request**811****null
04-15 18:21:04.896285  2533  3726 E NetworkUtil: (NetworkUtil.java:837)check account manager is null
04-15 18:21:04.896350  2533  3726 I NetworkUtil: (NetworkUtil.java:302)checkErrorCode  code = 12045
04-15 18:21:04.896381  2533  3726 I NetworkUtil: (NetworkUtil.java:521)checkErrorCode  code = 100001
04-15 18:21:04.896889  3091  3103 I AccountHmiManager: (ICallback$Stub.java:68)callback******812
04-15 18:21:04.912890  3091  3091 I AccountHmiModel: (BaseManager$4$1.java:105)callback:812
04-15 18:21:04.929069  3091  3091 I AccountHmiModel: (Handler.java:106)handleMessage success:-1
04-15 18:21:04.929202  3091  3091 I AccountHmiModel: (Handler.java:106)handleMessage extra:100001
04-15 18:21:04.929759  3091  3091 I AccountHmiModel: (Handler.java:106)handleMessage message:服务请求失败，请检查网络
04-15 18:21:04.931342  2824  3668 I SurfaceView: 111912830 Locking canvas... stopped=false, surfaceControl=Surface(name=SurfaceView - )/@0xd56e900
04-15 18:21:04.931495  2824  3668 I SurfaceView: 111912830 Returned canvas: android.view.Surface$CompatibleCanvas@d92e4df
04-15 18:21:04.982610  2824  3668 I SurfaceView: 111912830 Locking canvas... stopped=false, surfaceControl=Surface(name=SurfaceView - )/@0xd56e900
04-15 18:21:04.982802  2824  3668 I SurfaceView: 111912830 Returned canvas: android.view.Surface$CompatibleCanvas@d92e4df
04-15 18:21:04.987297  1587  1587 I CAR.VENDOR.AVM: onChange:newValue = CarPropertyValue{mPropertyId=0x21400470, mAreaId=0x0, mStatus=0, mTimestamp=4955138554248, mValue=0}
04-15 18:21:04.987348  2814  2814 I CAR.VENDOR.AVM: onChange:newValue = CarPropertyValue{mPropertyId=0x21400470, mAreaId=0x0, mStatus=0, mTimestamp=4955138554248, mValue=0}
04-15 18:21:05.033612  2824  3668 I SurfaceView: 111912830 Locking canvas... stopped=false, surfaceControl=Surface(name=SurfaceView - )/@0xd56e900
04-15 18:21:05.033794  2824  3668 I SurfaceView: 111912830 Returned canvas: android.view.Surface$CompatibleCanvas@d92e4df
04-15 18:21:05.084589  2824  3668 I SurfaceView: 111912830 Locking canvas... stopped=false, surfaceControl=Surface(name=SurfaceView - )/@0xd56e900
04-15 18:21:05.085038  2824  3668 I SurfaceView: 111912830 Returned canvas: android.view.Surface$CompatibleCanvas@d92e4df
04-15 18:21:05.095298  1587  1587 I CAR.VENDOR.AVM: onChange:newValue = CarPropertyValue{mPropertyId=0x21400470, mAreaId=0x0, mStatus=0, mTimestamp=4955246481748, mValue=0}
04-15 18:21:05.095332  2814  2814 I CAR.VENDOR.AVM: onChange:newValue = CarPropertyValue{mPropertyId=0x21400470, mAreaId=0x0, mStatus=0, mTimestamp=4955246481748, mValue=0}
04-15 18:21:05.137593  2824  3668 I SurfaceView: 111912830 Locking canvas... stopped=false, surfaceControl=Surface(name=SurfaceView - )/@0xd56e900
04-15 18:21:05.138116  2824  3668 I SurfaceView: 111912830 Returned canvas: android.view.Surface$CompatibleCanvas@d92e4df
04-15 18:21:05.189762  2824  3668 I SurfaceView: 111912830 Locking canvas... stopped=false, surfaceControl=Surface(name=SurfaceView - )/@0xd56e900
04-15 18:21:05.190050  2824  3668 I SurfaceView: 111912830 Returned canvas: android.view.Surface$CompatibleCanvas@d92e4df
04-15 18:21:05.197937   507  3514 E OTA_TBOX_PROT: socket: 8, ip:192.168.225.1, port:8899,  connect tbox server fails, error: Connection timed out
04-15 18:21:05.205411  1587  1587 I CAR.VENDOR.AVM: onChange:newValue = CarPropertyValue{mPropertyId=0x21400470, mAreaId=0x0, mStatus=0, mTimestamp=4955355837425, mValue=0}
04-15 18:21:05.205556  2814  2814 I CAR.VENDOR.AVM: onChange:newValue = CarPropertyValue{mPropertyId=0x21400470, mAreaId=0x0, mStatus=0, mTimestamp=4955355837425, mValue=0}
04-15 18:21:05.217500  2533  2533 I BootPresenter: (-$$Lambda$Qut1UVg1Gu75cdlDy9b5jeBJWaU.java:2)bootQuickLogin---->puid = 0
04-15 18:21:05.218404  2533  2533 I BootPresenter: (-$$Lambda$Qut1UVg1Gu75cdlDy9b5jeBJWaU.java:2)bootAutoLogin---->500ms后重试 puid = 0 , faceId = 0 , isNetInited = false
04-15 18:21:05.242756  2824  3668 I SurfaceView: 111912830 Locking canvas... stopped=false, surfaceControl=Surface(name=SurfaceView - )/@0xd56e900
04-15 18:21:05.243003  2824  3668 I SurfaceView: 111912830 Returned canvas: android.view.Surface$CompatibleCanvas@d92e4df
04-15 18:21:05.293815  2824  3668 I SurfaceView: 111912830 Locking canvas... stopped=false, surfaceControl=Surface(name=SurfaceView - )/@0xd56e900
04-15 18:21:05.293966  2824  3668 I SurfaceView: 111912830 Returned canvas: android.view.Surface$CompatibleCanvas@d92e4df
04-15 18:21:05.313404  1587  1587 I CAR.VENDOR.AVM: onChange:newValue = CarPropertyValue{mPropertyId=0x21400470, mAreaId=0x0, mStatus=0, mTimestamp=4955465762998, mValue=0}
04-15 18:21:05.313455  2814  2814 I CAR.VENDOR.AVM: onChange:newValue = CarPropertyValue{mPropertyId=0x21400470, mAreaId=0x0, mStatus=0, mTimestamp=4955465762998, mValue=0}
04-15 18:21:05.344830  2824  3668 I SurfaceView: 111912830 Locking canvas... stopped=false, surfaceControl=Surface(name=SurfaceView - )/@0xd56e900
04-15 18:21:05.345209  2824  3668 I SurfaceView: 111912830 Returned canvas: android.view.Surface$CompatibleCanvas@d92e4df
04-15 18:21:05.395841  2824  3668 I SurfaceView: 111912830 Locking canvas... stopped=false, surfaceControl=Surface(name=SurfaceView - )/@0xd56e900
04-15 18:21:05.396075  2824  3668 I SurfaceView: 111912830 Returned canvas: android.view.Surface$CompatibleCanvas@d92e4df
04-15 18:21:05.425347  2814  2814 I CAR.VENDOR.AVM: onChange:newValue = CarPropertyValue{mPropertyId=0x21400470, mAreaId=0x0, mStatus=0, mTimestamp=4955577017165, mValue=0}
04-15 18:21:05.425384  1587  1587 I CAR.VENDOR.AVM: onChange:newValue = CarPropertyValue{mPropertyId=0x21400470, mAreaId=0x0, mStatus=0, mTimestamp=4955577017165, mValue=0}
04-15 18:21:05.448598  2824  3668 I SurfaceView: 111912830 Locking canvas... stopped=false, surfaceControl=Surface(name=SurfaceView - )/@0xd56e900
04-15 18:21:05.448890  2824  3668 I SurfaceView: 111912830 Returned canvas: android.view.Surface$CompatibleCanvas@d92e4df
04-15 18:21:05.488258  1133  1137 E u-blox  : ublox::CGnssMeasurementExtension::navMeasurementUpdate: GnssMeasurementExtension callback is not initialized
04-15 18:21:05.500561  2824  3668 I SurfaceView: 111912830 Locking canvas... stopped=false, surfaceControl=Surface(name=SurfaceView - )/@0xd56e900
04-15 18:21:05.500815  2824  3668 I SurfaceView: 111912830 Returned canvas: android.view.Surface$CompatibleCanvas@d92e4df
04-15 18:21:05.536195  1587  1587 I CAR.VENDOR.AVM: onChange:newValue = CarPropertyValue{mPropertyId=0x21400470, mAreaId=0x0, mStatus=0, mTimestamp=4955688420394, mValue=0}
04-15 18:21:05.536283  2814  2814 I CAR.VENDOR.AVM: onChange:newValue = CarPropertyValue{mPropertyId=0x21400470, mAreaId=0x0, mStatus=0, mTimestamp=4955688420394, mValue=0}
04-15 18:21:05.536633  1349  1384 E Property.service: getProperty: propId is not in config list:0x21600202
04-15 18:21:05.552659  2824  3668 I SurfaceView: 111912830 Locking canvas... stopped=false, surfaceControl=Surface(name=SurfaceView - )/@0xd56e900
04-15 18:21:05.552877  2824  3668 I SurfaceView: 111912830 Returned canvas: android.view.Surface$CompatibleCanvas@d92e4df
04-15 18:21:05.587474  1133  1137 I u-blox  : CAndroidDatabase::CommitSvStatus: reportSvStatus
04-15 18:21:05.587982  1160  1229 I GnssLocationProvider: WakeLock acquired by sendMessage(REPORT_SV_STATUS, 0, com.android.server.location.GnssLocationProvider$SvStatusInfo@539b08d)
04-15 18:21:05.588228  1160  1174 I GnssLocationProvider: WakeLock released by handleMessage(REPORT_SV_STATUS, 0, com.android.server.location.GnssLocationProvider$SvStatusInfo@539b08d)
04-15 18:21:05.588589  1913  2438 I MXNavi-PosManager: GpsSatellite num is 1
--------- switch to kernel
01-01 01:22:44.867479     0     0 I rtk_btusb: btchr_open: BT usb char device is opening
01-01 01:22:44.868520     0     0 E rtk_btusb: btchr_open: Device not probed
--------- switch to main
04-15 18:21:05.606862   829  3441 E gocserial: open usb serial err:No such device
04-15 18:21:05.606976  2824  3668 I SurfaceView: 111912830 Locking canvas... stopped=false, surfaceControl=Surface(name=SurfaceView - )/@0xd56e900
04-15 18:21:05.607225  2824  3668 I SurfaceView: 111912830 Returned canvas: android.view.Surface$CompatibleCanvas@d92e4df
04-15 18:21:05.617785   477  4410 W AudioHalHWBosch: in_read: 3072 bytes read in  in_read(). frame_size:24. frames_read:78835200. readOnce:78835200.out frame count:128. dataNum:615899. dataVal:615900. dataNormal:0. dataExt:0.dataLastValue:0. dateSame:10265.                 SysAmpIntVariant:0. data_analysis :0:0:0:0 :0:0:0:0 :-2:-1:0:-1.
04-15 18:21:05.649990  2814  2814 I CAR.VENDOR.AVM: onChange:newValue = CarPropertyValue{mPropertyId=0x21400470, mAreaId=0x0, mStatus=0, mTimestamp=4955798715238, mValue=0}
04-15 18:21:05.650131  1587  1587 I CAR.VENDOR.AVM: onChange:newValue = CarPropertyValue{mPropertyId=0x21400470, mAreaId=0x0, mStatus=0, mTimestamp=4955798715238, mValue=0}
04-15 18:21:05.658632  2824  3668 I SurfaceView: 111912830 Locking canvas... stopped=false, surfaceControl=Surface(name=SurfaceView - )/@0xd56e900
04-15 18:21:05.658868  2824  3668 I SurfaceView: 111912830 Returned canvas: android.view.Surface$CompatibleCanvas@d92e4df
04-15 18:21:05.710622  2824  3668 I SurfaceView: 111912830 Locking canvas... stopped=false, surfaceControl=Surface(name=SurfaceView - )/@0xd56e900
04-15 18:21:05.710929  2824  3668 I SurfaceView: 111912830 Returned canvas: android.view.Surface$CompatibleCanvas@d92e4df
04-15 18:21:05.720332  2533  2533 I BootPresenter: (-$$Lambda$Qut1UVg1Gu75cdlDy9b5jeBJWaU.java:2)bootQuickLogin---->puid = 0
04-15 18:21:05.721104  2533  2533 I BootPresenter: (-$$Lambda$Qut1UVg1Gu75cdlDy9b5jeBJWaU.java:2)bootAutoLogin---->500ms后重试 puid = 0 , faceId = 0 , isNetInited = false
04-15 18:21:05.753505  2814  2814 I CAR.VENDOR.AVM: onChange:newValue = CarPropertyValue{mPropertyId=0x21400470, mAreaId=0x0, mStatus=0, mTimestamp=4955905683154, mValue=0}
04-15 18:21:05.753894  1587  1587 I CAR.VENDOR.AVM: onChange:newValue = CarPropertyValue{mPropertyId=0x21400470, mAreaId=0x0, mStatus=0, mTimestamp=4955905683154, mValue=0}
04-15 18:21:05.761907  2824  3668 I SurfaceView: 111912830 Locking canvas... stopped=false, surfaceControl=Surface(name=SurfaceView - )/@0xd56e900
04-15 18:21:05.762081  2824  3668 I SurfaceView: 111912830 Returned canvas: android.view.Surface$CompatibleCanvas@d92e4df
04-15 18:21:05.791792  1913  1913 I MXNavi-onNmeaMessage GPGGA = : s = $GPGGA,,,,,,0,,,,,,,,*66\r
04-15 18:21:05.791848  1913  1913 I MXNavi-onNmeaMessage GPRMC = : s = $GPRMC,,V,,,,,,,,,,N*53
04-15 18:21:05.812756  2824  3668 I SurfaceView: 111912830 Locking canvas... stopped=false, surfaceControl=Surface(name=SurfaceView - )/@0xd56e900
04-15 18:21:05.812995  2824  3668 I SurfaceView: 111912830 Returned canvas: android.view.Surface$CompatibleCanvas@d92e4df
04-15 18:21:05.863382  1587  1587 I CAR.VENDOR.AVM: onChange:newValue = CarPropertyValue{mPropertyId=0x21400470, mAreaId=0x0, mStatus=0, mTimestamp=4956015416852, mValue=0}
04-15 18:21:05.864431  2824  3668 I SurfaceView: 111912830 Locking canvas... stopped=false, surfaceControl=Surface(name=SurfaceView - )/@0xd56e900
04-15 18:21:05.864682  2824  3668 I SurfaceView: 111912830 Returned canvas: android.view.Surface$CompatibleCanvas@d92e4df
04-15 18:21:05.865634  2814  2814 I CAR.VENDOR.AVM: onChange:newValue = CarPropertyValue{mPropertyId=0x21400470, mAreaId=0x0, mStatus=0, mTimestamp=4956015416852, mValue=0}
04-15 18:21:05.917595  2824  3668 I SurfaceView: 111912830 Locking canvas... stopped=false, surfaceControl=Surface(name=SurfaceView - )/@0xd56e900
04-15 18:21:05.917888  2824  3668 I SurfaceView: 111912830 Returned canvas: android.view.Surface$CompatibleCanvas@d92e4df
04-15 18:21:05.950803  3091  3091 I AccountServiceManager: (IndexDownloadPresenter$1.java:284)isServiceConnected***true
04-15 18:21:05.950906  3091  3091 I AccountHmiManager: (AccountHmiModel.java:121)request**811****null
04-15 18:21:05.951207  2533  3726 E NetworkUtil: (NetworkUtil.java:837)check account manager is null
04-15 18:21:05.951277  2533  3726 I NetworkUtil: (NetworkUtil.java:302)checkErrorCode  code = 12045
04-15 18:21:05.951314  2533  3726 I NetworkUtil: (NetworkUtil.java:521)checkErrorCode  code = 100001
04-15 18:21:05.951860  3091  3103 I AccountHmiManager: (ICallback$Stub.java:68)callback******812
04-15 18:21:05.960105  1913  2316 W Settings: Setting android_id has moved from android.provider.Settings.System to android.provider.Settings.Secure, returning read-only value.
04-15 18:21:05.960925  1913  2316 I chatty  : uid=1000(system) GNaviMap-0 identical 1 line
04-15 18:21:05.963334  1913  2316 W Settings: Setting android_id has moved from android.provider.Settings.System to android.provider.Settings.Secure, returning read-only value.
04-15 18:21:05.965826  3091  3091 I AccountHmiModel: (BaseManager$4$1.java:105)callback:812
04-15 18:21:05.969577  2824  3668 I SurfaceView: 111912830 Locking canvas... stopped=false, surfaceControl=Surface(name=SurfaceView - )/@0xd56e900
04-15 18:21:05.969825  2824  3668 I SurfaceView: 111912830 Returned canvas: android.view.Surface$CompatibleCanvas@d92e4df
04-15 18:21:05.973107  2814  2814 I CAR.VENDOR.AVM: onChange:newValue = CarPropertyValue{mPropertyId=0x21400470, mAreaId=0x0, mStatus=0, mTimestamp=4956125515394, mValue=0}
04-15 18:21:05.973140  1587  1587 I CAR.VENDOR.AVM: onChange:newValue = CarPropertyValue{mPropertyId=0x21400470, mAreaId=0x0, mStatus=0, mTimestamp=4956125515394, mValue=0}
04-15 18:21:05.981501  3091  3091 I AccountHmiModel: (Handler.java:106)handleMessage success:-1
04-15 18:21:05.981547  3091  3091 I AccountHmiModel: (Handler.java:106)handleMessage extra:100001
04-15 18:21:05.981580  3091  3091 I AccountHmiModel: (Handler.java:106)handleMessage message:服务请求失败，请检查网络
04-15 18:21:06.021636  2824  3668 I SurfaceView: 111912830 Locking canvas... stopped=false, surfaceControl=Surface(name=SurfaceView - )/@0xd56e900
04-15 18:21:06.021856  2824  3668 I SurfaceView: 111912830 Returned canvas: android.view.Surface$CompatibleCanvas@d92e4df
04-15 18:21:06.072621  2824  3668 I SurfaceView: 111912830 Locking canvas... stopped=false, surfaceControl=Surface(name=SurfaceView - )/@0xd56e900
04-15 18:21:06.072957  2824  3668 I SurfaceView: 111912830 Returned canvas: android.view.Surface$CompatibleCanvas@d92e4df
04-15 18:21:06.081595  1587  1587 I CAR.VENDOR.AVM: onChange:newValue = CarPropertyValue{mPropertyId=0x21400470, mAreaId=0x0, mStatus=0, mTimestamp=4956233480081, mValue=0}
04-15 18:21:06.082996  2814  2814 I CAR.VENDOR.AVM: onChange:newValue = CarPropertyValue{mPropertyId=0x21400470, mAreaId=0x0, mStatus=0, mTimestamp=4956233480081, mValue=0}
04-15 18:21:06.108716  3164  3633 I LocationManager: Choose AMap.
04-15 18:21:06.124613  2824  3668 I SurfaceView: 111912830 Locking canvas... stopped=false, surfaceControl=Surface(name=SurfaceView - )/@0xd56e900
04-15 18:21:06.125201  2824  3668 I SurfaceView: 111912830 Returned canvas: android.view.Surface$CompatibleCanvas@d92e4df
04-15 18:21:06.177649  2824  3668 I SurfaceView: 111912830 Locking canvas... stopped=false, surfaceControl=Surface(name=SurfaceView - )/@0xd56e900
04-15 18:21:06.177897  2824  3668 I SurfaceView: 111912830 Returned canvas: android.view.Surface$CompatibleCanvas@d92e4df
04-15 18:21:06.193288  1587  1587 I CAR.VENDOR.AVM: onChange:newValue = CarPropertyValue{mPropertyId=0x21400470, mAreaId=0x0, mStatus=0, mTimestamp=4956343688258, mValue=0}
04-15 18:21:06.193282  2814  2814 I CAR.VENDOR.AVM: onChange:newValue = CarPropertyValue{mPropertyId=0x21400470, mAreaId=0x0, mStatus=0, mTimestamp=4956343688258, mValue=0}
04-15 18:21:06.224601  2533  2533 I BootPresenter: (-$$Lambda$Qut1UVg1Gu75cdlDy9b5jeBJWaU.java:2)bootQuickLogin---->puid = 0
04-15 18:21:06.225241  2533  2533 I BootPresenter: (-$$Lambda$Qut1UVg1Gu75cdlDy9b5jeBJWaU.java:2)bootAutoLogin---->500ms后重试 puid = 0 , faceId = 0 , isNetInited = false
04-15 18:21:06.228634  2824  3668 I SurfaceView: 111912830 Locking canvas... stopped=false, surfaceControl=Surface(name=SurfaceView - )/@0xd56e900
04-15 18:21:06.228847  2824  3668 I SurfaceView: 111912830 Returned canvas: android.view.Surface$CompatibleCanvas@d92e4df
04-15 18:21:06.280597  2824  3668 I SurfaceView: 111912830 Locking canvas... stopped=false, surfaceControl=Surface(name=SurfaceView - )/@0xd56e900
04-15 18:21:06.280884  2824  3668 I SurfaceView: 111912830 Returned canvas: android.view.Surface$CompatibleCanvas@d92e4df
04-15 18:21:06.302498  2814  2814 I CAR.VENDOR.AVM: onChange:newValue = CarPropertyValue{mPropertyId=0x21400470, mAreaId=0x0, mStatus=0, mTimestamp=4956454581123, mValue=0}
04-15 18:21:06.302639  1587  1587 I CAR.VENDOR.AVM: onChange:newValue = CarPropertyValue{mPropertyId=0x21400470, mAreaId=0x0, mStatus=0, mTimestamp=4956454581123, mValue=0}
04-15 18:21:06.313560  3264  3283 E ThirdAppManager: receiveSeriousDrowsiness:3333 {"autoStatus":12,"resultCode":0}
04-15 18:21:06.314281  1913  2266 I AiSceneCard: TravelModel autoStatus:12
04-15 18:21:06.314868  5191  5204 I naviselect_BlMapManager: |BlMapManager| protocolId: 300200
04-15 18:21:06.314989  5191  5204 I naviselect_BlMapManager: |BlMapManager| autoStatus: 12
04-15 18:21:06.315811  3221  3489 I MSG_TAG_BlApiManager: 地图接收到的：{"data":{"autoStatus":12,"resultCode":0},"message":null,"messageType":null,"needResponse":false,"needShowMap":0,"protocolId":300200,"requestAuthor":null,"requestCode":"","requestType":"operation","responseCode":null,"statusCode":0,"versionName":null}
04-15 18:21:06.316394  3221  3489 I MSG_TAG_BlApiManager: 地图状态：12
04-15 18:21:06.331482  2824  3668 I SurfaceView: 111912830 Locking canvas... stopped=false, surfaceControl=Surface(name=SurfaceView - )/@0xd56e900
04-15 18:21:06.331699  2824  3668 I SurfaceView: 111912830 Returned canvas: android.view.Surface$CompatibleCanvas@d92e4df
04-15 18:21:06.382362  2824  3668 I SurfaceView: 111912830 Locking canvas... stopped=false, surfaceControl=Surface(name=SurfaceView - )/@0xd56e900
04-15 18:21:06.382586  2824  3668 I SurfaceView: 111912830 Returned canvas: android.view.Surface$CompatibleCanvas@d92e4df
04-15 18:21:06.414812  2814  2814 I CAR.VENDOR.AVM: onChange:newValue = CarPropertyValue{mPropertyId=0x21400470, mAreaId=0x0, mStatus=0, mTimestamp=4956564890394, mValue=0}
04-15 18:21:06.414966  1587  1587 I CAR.VENDOR.AVM: onChange:newValue = CarPropertyValue{mPropertyId=0x21400470, mAreaId=0x0, mStatus=0, mTimestamp=4956564890394, mValue=0}
04-15 18:21:06.434570  2824  3668 I SurfaceView: 111912830 Locking canvas... stopped=false, surfaceControl=Surface(name=SurfaceView - )/@0xd56e900
04-15 18:21:06.434792  2824  3668 I SurfaceView: 111912830 Returned canvas: android.view.Surface$CompatibleCanvas@d92e4df
04-15 18:21:06.487865  2824  3668 I SurfaceView: 111912830 Locking canvas... stopped=false, surfaceControl=Surface(name=SurfaceView - )/@0xd56e900
04-15 18:21:06.488053  2824  3668 I SurfaceView: 111912830 Returned canvas: android.view.Surface$CompatibleCanvas@d92e4df
04-15 18:21:06.488437  1133  1137 E u-blox  : ublox::CGnssMeasurementExtension::navMeasurementUpdate: GnssMeasurementExtension callback is not initialized
04-15 18:21:06.524459  2814  2814 I CAR.VENDOR.AVM: onChange:newValue = CarPropertyValue{mPropertyId=0x21400470, mAreaId=0x0, mStatus=0, mTimestamp=4956676020706, mValue=0}
04-15 18:21:06.524636  1587  1587 I CAR.VENDOR.AVM: onChange:newValue = CarPropertyValue{mPropertyId=0x21400470, mAreaId=0x0, mStatus=0, mTimestamp=4956676020706, mValue=0}
04-15 18:21:06.536032  1349  1384 E Property.service: getProperty: propId is not in config list:0x21600202
04-15 18:21:06.539618  2824  3668 I SurfaceView: 111912830 Locking canvas... stopped=false, surfaceControl=Surface(name=SurfaceView - )/@0xd56e900
04-15 18:21:06.539865  2824  3668 I SurfaceView: 111912830 Returned canvas: android.view.Surface$CompatibleCanvas@d92e4df
04-15 18:21:06.587126  1133  1137 I u-blox  : CAndroidDatabase::CommitSvStatus: reportSvStatus
04-15 18:21:06.587670  1160  1229 I GnssLocationProvider: WakeLock acquired by sendMessage(REPORT_SV_STATUS, 0, com.android.server.location.GnssLocationProvider$SvStatusInfo@7695242)
04-15 18:21:06.588000  1160  1174 I GnssLocationProvider: WakeLock released by handleMessage(REPORT_SV_STATUS, 0, com.android.server.location.GnssLocationProvider$SvStatusInfo@7695242)
04-15 18:21:06.588926  1913  2438 I MXNavi-PosManager: GpsSatellite num is 1
04-15 18:21:06.590573  2824  3668 I SurfaceView: 111912830 Locking canvas... stopped=false, surfaceControl=Surface(name=SurfaceView - )/@0xd56e900
04-15 18:21:06.590812  2824  3668 I SurfaceView: 111912830 Returned canvas: android.view.Surface$CompatibleCanvas@d92e4df
04-15 18:21:06.641263  1587  1587 I CAR.VENDOR.AVM: onChange:newValue = CarPropertyValue{mPropertyId=0x21400470, mAreaId=0x0, mStatus=0, mTimestamp=4956792167790, mValue=0}
04-15 18:21:06.641474  2814  2814 I CAR.VENDOR.AVM: onChange:newValue = CarPropertyValue{mPropertyId=0x21400470, mAreaId=0x0, mStatus=0, mTimestamp=4956792167790, mValue=0}
04-15 18:21:06.641689  2824  3668 I SurfaceView: 111912830 Locking canvas... stopped=false, surfaceControl=Surface(name=SurfaceView - )/@0xd56e900
04-15 18:21:06.641971  2824  3668 I SurfaceView: 111912830 Returned canvas: android.view.Surface$CompatibleCanvas@d92e4df
04-15 18:21:06.692599  2824  3668 I SurfaceView: 111912830 Locking canvas... stopped=false, surfaceControl=Surface(name=SurfaceView - )/@0xd56e900
04-15 18:21:06.692935  2824  3668 I SurfaceView: 111912830 Returned canvas: android.view.Surface$CompatibleCanvas@d92e4df
04-15 18:21:06.728797  2533  2533 I BootPresenter: (-$$Lambda$Qut1UVg1Gu75cdlDy9b5jeBJWaU.java:2)bootQuickLogin---->puid = 0
04-15 18:21:06.729407  2533  2533 I BootPresenter: (-$$Lambda$Qut1UVg1Gu75cdlDy9b5jeBJWaU.java:2)bootAutoLogin---->500ms后重试 puid = 0 , faceId = 0 , isNetInited = false
04-15 18:21:06.743248  2814  2814 I CAR.VENDOR.AVM: onChange:newValue = CarPropertyValue{mPropertyId=0x21400470, mAreaId=0x0, mStatus=0, mTimestamp=4956894855914, mValue=0}
04-15 18:21:06.743407  1587  1587 I CAR.VENDOR.AVM: onChange:newValue = CarPropertyValue{mPropertyId=0x21400470, mAreaId=0x0, mStatus=0, mTimestamp=4956894855914, mValue=0}
04-15 18:21:06.744328  2824  3668 I SurfaceView: 111912830 Locking canvas... stopped=false, surfaceControl=Surface(name=SurfaceView - )/@0xd56e900
04-15 18:21:06.744614  2824  3668 I SurfaceView: 111912830 Returned canvas: android.view.Surface$CompatibleCanvas@d92e4df
04-15 18:21:06.793712  1913  1913 I MXNavi-onNmeaMessage GPGGA = : s = $GPGGA,,,,,,0,,,,,,,,*66\r
04-15 18:21:06.793771  1913  1913 I MXNavi-onNmeaMessage GPRMC = : s = $GPRMC,,V,,,,,,,,,,N*53
04-15 18:21:06.795669  2824  3668 I SurfaceView: 111912830 Locking canvas... stopped=false, surfaceControl=Surface(name=SurfaceView - )/@0xd56e900
04-15 18:21:06.795977  2824  3668 I SurfaceView: 111912830 Returned canvas: android.view.Surface$CompatibleCanvas@d92e4df
04-15 18:21:06.847134  2824  3668 I SurfaceView: 111912830 Locking canvas... stopped=false, surfaceControl=Surface(name=SurfaceView - )/@0xd56e900
04-15 18:21:06.847305  2824  3668 I SurfaceView: 111912830 Returned canvas: android.view.Surface$CompatibleCanvas@d92e4df
04-15 18:21:06.851575  1587  1587 I CAR.VENDOR.AVM: onChange:newValue = CarPropertyValue{mPropertyId=0x21400470, mAreaId=0x0, mStatus=0, mTimestamp=4957002964873, mValue=0}
04-15 18:21:06.851810  2814  2814 I CAR.VENDOR.AVM: onChange:newValue = CarPropertyValue{mPropertyId=0x21400470, mAreaId=0x0, mStatus=0, mTimestamp=4957002964873, mValue=0}
04-15 18:21:06.898380  2824  3668 I SurfaceView: 111912830 Locking canvas... stopped=false, surfaceControl=Surface(name=SurfaceView - )/@0xd56e900
04-15 18:21:06.898623  2824  3668 I SurfaceView: 111912830 Returned canvas: android.view.Surface$CompatibleCanvas@d92e4df
04-15 18:21:06.949833  2824  3668 I SurfaceView: 111912830 Locking canvas... stopped=false, surfaceControl=Surface(name=SurfaceView - )/@0xd56e900
04-15 18:21:06.950036  2824  3668 I SurfaceView: 111912830 Returned canvas: android.view.Surface$CompatibleCanvas@d92e4df
04-15 18:21:06.962761  2814  2814 I CAR.VENDOR.AVM: onChange:newValue = CarPropertyValue{mPropertyId=0x21400470, mAreaId=0x0, mStatus=0, mTimestamp=4957112580654, mValue=0}
04-15 18:21:06.962938  1587  1587 I CAR.VENDOR.AVM: onChange:newValue = CarPropertyValue{mPropertyId=0x21400470, mAreaId=0x0, mStatus=0, mTimestamp=4957112580654, mValue=0}
04-15 18:21:07.001040  3091  3091 I AccountServiceManager: (IndexDownloadPresenter$1.java:284)isServiceConnected***true
04-15 18:21:07.001197  3091  3091 I AccountHmiManager: (AccountHmiModel.java:121)request**811****null
04-15 18:21:07.001244  2824  3668 I SurfaceView: 111912830 Locking canvas... stopped=false, surfaceControl=Surface(name=SurfaceView - )/@0xd56e900
04-15 18:21:07.001404  2533  3726 E NetworkUtil: (NetworkUtil.java:837)check account manager is null
04-15 18:21:07.001474  2533  3726 I NetworkUtil: (NetworkUtil.java:302)checkErrorCode  code = 12045
04-15 18:21:07.001616  2533  3726 I NetworkUtil: (NetworkUtil.java:521)checkErrorCode  code = 100001
04-15 18:21:07.001817  3091  3103 I AccountHmiManager: (ICallback$Stub.java:68)callback******812
04-15 18:21:07.002524  2824  3668 I SurfaceView: 111912830 Returned canvas: android.view.Surface$CompatibleCanvas@d92e4df
04-15 18:21:07.016355  3091  3091 I AccountHmiModel: (BaseManager$4$1.java:105)callback:812
04-15 18:21:07.024137  1160  1270 E WifiVendorHal: getWifiLinkLayerStats(l.937) failed {.code = ERROR_NOT_AVAILABLE, .description = }
04-15 18:21:07.029822  2753  3954 E RuleLoader: getRuleByStatus() ruleId is null,add default tips
04-15 18:21:07.035808  3091  3091 I AccountHmiModel: (Handler.java:106)handleMessage success:-1
04-15 18:21:07.035854  3091  3091 I AccountHmiModel: (Handler.java:106)handleMessage extra:100001
04-15 18:21:07.035886  3091  3091 I AccountHmiModel: (Handler.java:106)handleMessage message:服务请求失败，请检查网络
04-15 18:21:07.048134  2824  2824 I LdwWindowT60: needShow: result = true
04-15 18:21:07.055015  2824  3668 I SurfaceView: 111912830 Locking canvas... stopped=false, surfaceControl=Surface(name=SurfaceView - )/@0xd56e900
04-15 18:21:07.055441  2824  3668 I SurfaceView: 111912830 Returned canvas: android.view.Surface$CompatibleCanvas@d92e4df
04-15 18:21:07.072411  2814  2814 I CAR.VENDOR.AVM: onChange:newValue = CarPropertyValue{mPropertyId=0x21400470, mAreaId=0x0, mStatus=0, mTimestamp=4957223497060, mValue=0}
04-15 18:21:07.072868  1587  1587 I CAR.VENDOR.AVM: onChange:newValue = CarPropertyValue{mPropertyId=0x21400470, mAreaId=0x0, mStatus=0, mTimestamp=4957223497060, mValue=0}
04-15 18:21:07.107627  2824  3668 I SurfaceView: 111912830 Locking canvas... stopped=false, surfaceControl=Surface(name=SurfaceView - )/@0xd56e900
04-15 18:21:07.108013  2824  3668 I SurfaceView: 111912830 Returned canvas: android.view.Surface$CompatibleCanvas@d92e4df
04-15 18:21:07.159992  2824  3668 I SurfaceView: 111912830 Locking canvas... stopped=false, surfaceControl=Surface(name=SurfaceView - )/@0xd56e900
04-15 18:21:07.160377  2824  3668 I SurfaceView: 111912830 Returned canvas: android.view.Surface$CompatibleCanvas@d92e4df
04-15 18:21:07.182673  2814  2814 I CAR.VENDOR.AVM: onChange:newValue = CarPropertyValue{mPropertyId=0x21400470, mAreaId=0x0, mStatus=0, mTimestamp=4957333457581, mValue=0}
04-15 18:21:07.182884  1587  1587 I CAR.VENDOR.AVM: onChange:newValue = CarPropertyValue{mPropertyId=0x21400470, mAreaId=0x0, mStatus=0, mTimestamp=4957333457581, mValue=0}
04-15 18:21:07.212686  2824  3668 I SurfaceView: 111912830 Locking canvas... stopped=false, surfaceControl=Surface(name=SurfaceView - )/@0xd56e900
04-15 18:21:07.213184  2824  3668 I SurfaceView: 111912830 Returned canvas: android.view.Surface$CompatibleCanvas@d92e4df
04-15 18:21:07.232533  2533  2533 I BootPresenter: (-$$Lambda$Qut1UVg1Gu75cdlDy9b5jeBJWaU.java:2)bootQuickLogin---->puid = 0
04-15 18:21:07.233061  2533  2533 I BootPresenter: (-$$Lambda$Qut1UVg1Gu75cdlDy9b5jeBJWaU.java:2)bootAutoLogin---->500ms后重试 puid = 0 , faceId = 0 , isNetInited = false
04-15 18:21:07.264839  2824  3668 I SurfaceView: 111912830 Locking canvas... stopped=false, surfaceControl=Surface(name=SurfaceView - )/@0xd56e900
04-15 18:21:07.265394  2824  3668 I SurfaceView: 111912830 Returned canvas: android.view.Surface$CompatibleCanvas@d92e4df
04-15 18:21:07.291262  2814  2814 I CAR.VENDOR.AVM: onChange:newValue = CarPropertyValue{mPropertyId=0x21400470, mAreaId=0x0, mStatus=0, mTimestamp=4957441741956, mValue=0}
04-15 18:21:07.291449  1587  1587 I CAR.VENDOR.AVM: onChange:newValue = CarPropertyValue{mPropertyId=0x21400470, mAreaId=0x0, mStatus=0, mTimestamp=4957441741956, mValue=0}
04-15 18:21:07.316447  2824  3668 I SurfaceView: 111912830 Locking canvas... stopped=false, surfaceControl=Surface(name=SurfaceView - )/@0xd56e900
04-15 18:21:07.316700  2824  3668 I SurfaceView: 111912830 Returned canvas: android.view.Surface$CompatibleCanvas@d92e4df
04-15 18:21:07.358735   507   604 E TBOX_PROTOCOL: socket: 7, ip:192.168.225.1, port:7788,  connect tbox server fails, error: Connection timed out
04-15 18:21:07.368901  2824  3668 I SurfaceView: 111912830 Locking canvas... stopped=false, surfaceControl=Surface(name=SurfaceView - )/@0xd56e900
04-15 18:21:07.369156  2824  3668 I SurfaceView: 111912830 Returned canvas: android.view.Surface$CompatibleCanvas@d92e4df
04-15 18:21:07.397451  2814  2814 I CAR.VENDOR.AVM: onChange:newValue = CarPropertyValue{mPropertyId=0x21400470, mAreaId=0x0, mStatus=0, mTimestamp=4957549266279, mValue=0}
04-15 18:21:07.397453  1587  1587 I CAR.VENDOR.AVM: onChange:newValue = CarPropertyValue{mPropertyId=0x21400470, mAreaId=0x0, mStatus=0, mTimestamp=4957549266279, mValue=0}
04-15 18:21:07.420896  2824  3668 I SurfaceView: 111912830 Locking canvas... stopped=false, surfaceControl=Surface(name=SurfaceView - )/@0xd56e900
04-15 18:21:07.421169  2824  3668 I SurfaceView: 111912830 Returned canvas: android.view.Surface$CompatibleCanvas@d92e4df
04-15 18:21:07.468967   498   580 I CBaseMonitor: [run-318] Enter monitor android
04-15 18:21:07.470578   498   580 I CBaseMonitor: [run-357]compress files,cur path is /mnt/user/log_android/cycle_195,last path is 
04-15 18:21:07.472012  2824  3668 I SurfaceView: 111912830 Locking canvas... stopped=false, surfaceControl=Surface(name=SurfaceView - )/@0xd56e900
04-15 18:21:07.472237  2824  3668 I SurfaceView: 111912830 Returned canvas: android.view.Surface$CompatibleCanvas@d92e4df
04-15 18:21:07.488586  1133  1137 E u-blox  : ublox::CGnssMeasurementExtension::navMeasurementUpdate: GnssMeasurementExtension callback is not initialized
04-15 18:21:07.510522  2814  2814 I CAR.VENDOR.AVM: onChange:newValue = CarPropertyValue{mPropertyId=0x21400470, mAreaId=0x0, mStatus=0, mTimestamp=4957661023310, mValue=0}
04-15 18:21:07.510525  1587  1587 I CAR.VENDOR.AVM: onChange:newValue = CarPropertyValue{mPropertyId=0x21400470, mAreaId=0x0, mStatus=0, mTimestamp=4957661023310, mValue=0}
04-15 18:21:07.524580  2824  3668 I SurfaceView: 111912830 Locking canvas... stopped=false, surfaceControl=Surface(name=SurfaceView - )/@0xd56e900
04-15 18:21:07.524793  2824  3668 I SurfaceView: 111912830 Returned canvas: android.view.Surface$CompatibleCanvas@d92e4df
04-15 18:21:07.538497  1349  1384 E Property.service: getProperty: propId is not in config list:0x21600202
04-15 18:21:07.576682  2824  3668 I SurfaceView: 111912830 Locking canvas... stopped=false, surfaceControl=Surface(name=SurfaceView - )/@0xd56e900
04-15 18:21:07.576999  2824  3668 I SurfaceView: 111912830 Returned canvas: android.view.Surface$CompatibleCanvas@d92e4df
04-15 18:21:07.588027  1133  1137 I u-blox  : CAndroidDatabase::CommitSvStatus: reportSvStatus
04-15 18:21:07.588807  1160  1229 I GnssLocationProvider: WakeLock acquired by sendMessage(REPORT_SV_STATUS, 0, com.android.server.location.GnssLocationProvider$SvStatusInfo@ff45253)
04-15 18:21:07.590736  1160  1174 I GnssLocationProvider: WakeLock released by handleMessage(REPORT_SV_STATUS, 0, com.android.server.location.GnssLocationProvider$SvStatusInfo@ff45253)
04-15 18:21:07.591776  1913  2438 I MXNavi-PosManager: GpsSatellite num is 1
04-15 18:21:07.622404  2814  2814 I CAR.VENDOR.AVM: onChange:newValue = CarPropertyValue{mPropertyId=0x21400470, mAreaId=0x0, mStatus=0, mTimestamp=4957773329716, mValue=0}
04-15 18:21:07.622388  1587  1587 I CAR.VENDOR.AVM: onChange:newValue = CarPropertyValue{mPropertyId=0x21400470, mAreaId=0x0, mStatus=0, mTimestamp=4957773329716, mValue=0}
04-15 18:21:07.627647  2824  3668 I SurfaceView: 111912830 Locking canvas... stopped=false, surfaceControl=Surface(name=SurfaceView - )/@0xd56e900
04-15 18:21:07.627841  2824  3668 I SurfaceView: 111912830 Returned canvas: android.view.Surface$CompatibleCanvas@d92e4df
04-15 18:21:07.679664  2824  3668 I SurfaceView: 111912830 Locking canvas... stopped=false, surfaceControl=Surface(name=SurfaceView - )/@0xd56e900
04-15 18:21:07.679884  2824  3668 I SurfaceView: 111912830 Returned canvas: android.view.Surface$CompatibleCanvas@d92e4df
04-15 18:21:07.730511  1587  1587 I CAR.VENDOR.AVM: onChange:newValue = CarPropertyValue{mPropertyId=0x21400470, mAreaId=0x0, mStatus=0, mTimestamp=4957881091852, mValue=0}
04-15 18:21:07.730672  2824  3668 I SurfaceView: 111912830 Locking canvas... stopped=false, surfaceControl=Surface(name=SurfaceView - )/@0xd56e900
04-15 18:21:07.731157  2814  2814 I CAR.VENDOR.AVM: onChange:newValue = CarPropertyValue{mPropertyId=0x21400470, mAreaId=0x0, mStatus=0, mTimestamp=4957881091852, mValue=0}
04-15 18:21:07.731253  2824  3668 I SurfaceView: 111912830 Returned canvas: android.view.Surface$CompatibleCanvas@d92e4df
04-15 18:21:07.734698  2533  2533 I BootPresenter: (-$$Lambda$Qut1UVg1Gu75cdlDy9b5jeBJWaU.java:2)bootQuickLogin---->puid = 0
04-15 18:21:07.735325  2533  2533 I BootPresenter: (-$$Lambda$Qut1UVg1Gu75cdlDy9b5jeBJWaU.java:2)bootAutoLogin---->500ms后重试 puid = 0 , faceId = 0 , isNetInited = false
04-15 18:21:07.783605  2824  3668 I SurfaceView: 111912830 Locking canvas... stopped=false, surfaceControl=Surface(name=SurfaceView - )/@0xd56e900
04-15 18:21:07.783905  2824  3668 I SurfaceView: 111912830 Returned canvas: android.view.Surface$CompatibleCanvas@d92e4df
04-15 18:21:07.793881  1913  1913 I MXNavi-onNmeaMessage GPGGA = : s = $GPGGA,,,,,,0,,,,,,,,*66\r
04-15 18:21:07.793970  1913  1913 I MXNavi-onNmeaMessage GPRMC = : s = $GPRMC,,V,,,,,,,,,,N*53
04-15 18:21:07.813561  3264  3264 E IntelliSenseService: heartBeatRunnable requestEcu HandShake
04-15 18:21:07.813718  3264  3264 E TcpLibClient: 服务端端口: 10.0.0.34:5096, 指定服务端未连接
04-15 18:21:07.813750  3264  3264 E IntelliSenseService: connect server close-> address:10.0.0.34
04-15 18:21:07.813759  3264  3264 E TcpManager: 与服务器连接已断开
04-15 18:21:07.836058  2824  3668 I SurfaceView: 111912830 Locking canvas... stopped=false, surfaceControl=Surface(name=SurfaceView - )/@0xd56e900
