04-16 19:33:27.320172  1538  1538 I CAR.VENDOR.AVM: onChange:newValue = CarPropertyValue{mPropertyId=0x21400470, mAreaId=0x0, mStatus=0, mTimestamp=1016795063516, mValue=0}
04-16 19:33:27.320307  2737  2737 I CAR.VENDOR.AVM: onChange:newValue = CarPropertyValue{mPropertyId=0x21400470, mAreaId=0x0, mStatus=0, mTimestamp=1016795063516, mValue=0}
04-16 19:33:27.356982  1349  1840 E Property.service: getProperty: propId is not in config list:0x21600202
04-16 19:33:27.359459   477  4133 W AudioHalHWBosch: in_read: 3072 bytes read in  in_read(). frame_size:24. frames_read:15820800. readOnce:15820800.out frame count:128. dataNum:123599. dataVal:123600. dataNormal:0. dataExt:0.dataLastValue:0. dateSame:2060.                 SysAmpIntVariant:0. data_analysis :0:0:0:0 :0:0:0:0 :-1:-1:0:-1.
04-16 19:33:27.362729  2383  3922 I AccountServiceManager: (AccountServiceManager.java:638)isServiceConnected***true
04-16 19:33:27.363519  2615  3488 I SurfaceView: 91928240 Locking canvas... stopped=false, surfaceControl=Surface(name=SurfaceView - )/@0xfcae462
04-16 19:33:27.363712  2615  3488 I SurfaceView: 91928240 Returned canvas: android.view.Surface$CompatibleCanvas@5099929
--------- switch to system
04-16 19:33:26.801496  2839  3567 I chatty  : uid=1000(system) ReverseManagerA identical 1 line
04-16 19:33:27.303467  2839  3567 W ContextImpl: Calling a method in the system process without a qualified user: android.app.ContextImpl.bindService:1611 android.content.ContextWrapper.bindService:698 com.gxa.service.camera.ReverseManager.connectCameraService:352 com.gxa.service.camera.ReverseManager.asyncHandleMessage:276 com.gxa.service.camera.ReverseManager.access$100:44 
04-16 19:33:27.365997  2383  3922 W ContextImpl: Calling a method in the system process without a qualified user: android.app.ContextImpl.startForegroundService:1537 android.content.ContextWrapper.startForegroundService:669 com.iflytek.autofly.xutils.ServiceUtil.startService:152 com.iflytek.autofly.xutils.ServiceUtil.startService:138 com.iflytek.autofly.xutils.ServiceUtil.startService$default:135 
--------- switch to main
04-16 19:33:27.367586  2383  2383 I DataTestService test : 333 SYSTEM = 1713267207367
--------- switch to events
04-16 19:33:27.373577  1163  1163 I commit_sys_config_file: [notification-policy,4]
04-16 19:33:27.373913  1163  1163 I notification_enqueue: [1000,2383,com.gxatek.cockpit.scenesengine,100,NULL,0,Notification(channel=com.gxatek.cockpit.scenesengine.app.service.DataService pri=0 contentView=null vibrate=null sound=null defaults=0x0 flags=0x40 color=0xff607d8b vis=PRIVATE),1]
--------- switch to main
04-16 19:33:27.374462  3161  5227 E FeatureSwitchManager: changeFeatureSwitch, algType:1,bitMask:1000,enable:true
04-16 19:33:27.374551  3161  5227 E TcpLibClient: 服务端端口: 10.0.0.34:5096, 指定服务端未连接
04-16 19:33:27.374607  3161  5227 E TcpManager: 与服务器连接已断开
04-16 19:33:27.375035  3161  3161 E IntelliSenseService: connect server close-> address:10.0.0.34
04-16 19:33:27.379000   665   665 I sDefaultContext: type=1400 audit(0.0:1443): avc: denied { read } for scontext=u:r:np_caraudioserver_deamon:s0 tcontext=u:r:np_caraudioserver_deamon:s0 tclass=unix_stream_socket permissive=1
04-16 19:33:27.379000   665   665 I sDefaultContext: type=1400 audit(0.0:1444): avc: denied { write } for scontext=u:r:np_caraudioserver_deamon:s0 tcontext=u:r:np_caraudioserver_deamon:s0 tclass=unix_stream_socket permissive=1
04-16 19:33:27.410565  2949  2949 I BoschCarServiceImp: onCarSpeedChanged:  0.0
04-16 19:33:27.410702  2949  3403 I FeiYuOS_CarPropertyImp: NOTIFY_CAR_PROPERTY_MESSAGE_CHANGE ++++++++++++++++++++++++++++++
04-16 19:33:27.410783  2949  3403 I FeiYuOS_CarPropertyImp: notifyCarPropertyMessageChange propId: 106, propValue: 0.0
04-16 19:33:27.411238  1866  1866 I MXNavi-SystemTts-VoiceModel: onReceiveCarProperty i:106 s:0.0
04-16 19:33:27.411234  2846  2846 I ICommonBinder: speed=0.0caller uid = 1000 ,pid = 2846
04-16 19:33:27.411263  2846  2846 I ICarBinder: mIGearCallback.size=0
04-16 19:33:27.411283  3161  3492 E FeatureSwitchStrategyManager: sceneNeedAction: start SCENE_STATIC
04-16 19:33:27.411479  1866 10247 I MXNavi-MainViewModel: onSpeedChanged:0.0 mSpeed:0.0 isCounting:false isStopTime:false
04-16 19:33:27.411503  2899  2914 I DVR     : |Binder:2899_3|DVRService RegisterManager onCarSensorDataChanged...unknown = 557844818 
04-16 19:33:27.411519  1866 10247 I [Activate]ActivateManager: isActivation Methods are called by the class MainViewModel onSpeedChanged batchActivateResult:106
04-16 19:33:27.411541  1866 10247 E MXNavi-[Navi_Performance]: [ToolKit]: MainViewModel--onSpeedChanged activation == false
04-16 19:33:27.411555  1866 10247 E [Navi_Performance]: [ToolKit]: MainViewModel--onSpeedChanged activation == false
04-16 19:33:27.412368  2949  2949 I BoschCarServiceImp: onCarSpeedChanged:  25.56
04-16 19:33:27.412443  2949  3403 I FeiYuOS_CarPropertyImp: NOTIFY_CAR_PROPERTY_MESSAGE_CHANGE ++++++++++++++++++++++++++++++
04-16 19:33:27.412481  2949  3403 I FeiYuOS_CarPropertyImp: notifyCarPropertyMessageChange propId: 106, propValue: 25.56
04-16 19:33:27.412755  1866  1866 I MXNavi-SystemTts-VoiceModel: onReceiveCarProperty i:106 s:25.56
04-16 19:33:27.412845  1866 10248 I MXNavi-MainViewModel: onSpeedChanged:92.016 mSpeed:0.0 isCounting:false isStopTime:false
04-16 19:33:27.412867  1866 10248 I [Activate]ActivateManager: isActivation Methods are called by the class MainViewModel onSpeedChanged batchActivateResult:106
04-16 19:33:27.412877  1866 10248 E MXNavi-[Navi_Performance]: [ToolKit]: MainViewModel--onSpeedChanged activation == false
04-16 19:33:27.412885  1866 10248 E [Navi_Performance]: [ToolKit]: MainViewModel--onSpeedChanged activation == false
04-16 19:33:27.413142  2846  2846 I ICommonBinder: speed=25.56caller uid = 1000 ,pid = 2846
04-16 19:33:27.413166  2846  2846 I ICarBinder: mIGearCallback.size=0
04-16 19:33:27.413259  2899  2914 I DVR     : |Binder:2899_3|DVRService RegisterManager onCarSensorDataChanged...unknown = 557844818 
04-16 19:33:27.415614  2615  3488 I SurfaceView: 91928240 Locking canvas... stopped=false, surfaceControl=Surface(name=SurfaceView - )/@0xfcae462
04-16 19:33:27.415892  2615  3488 I SurfaceView: 91928240 Returned canvas: android.view.Surface$CompatibleCanvas@5099929
04-16 19:33:27.418057  3161  3492 E FeatureSwitchStrategyManager: sceneNeedAction: start SCENE_DYNAMIC
04-16 19:33:27.434126  2737  2737 I CAR.VENDOR.AVM: onChange:newValue = CarPropertyValue{mPropertyId=0x21400470, mAreaId=0x0, mStatus=0, mTimestamp=1016908074141, mValue=0}
04-16 19:33:27.434255  1538  1538 I CAR.VENDOR.AVM: onChange:newValue = CarPropertyValue{mPropertyId=0x21400470, mAreaId=0x0, mStatus=0, mTimestamp=1016908074141, mValue=0}
04-16 19:33:27.467382  2615  3488 I SurfaceView: 91928240 Locking canvas... stopped=false, surfaceControl=Surface(name=SurfaceView - )/@0xfcae462
04-16 19:33:27.467626  2615  3488 I SurfaceView: 91928240 Returned canvas: android.view.Surface$CompatibleCanvas@5099929
04-16 19:33:27.475786  3161  5227 E FeatureSwitchManager: changeFeatureSwitch, algType:2,bitMask:1000,enable:true
04-16 19:33:27.475934  3161  5227 E TcpLibClient: 服务端端口: 10.0.0.34:5096, 指定服务端未连接
04-16 19:33:27.476167  3161  5227 E TcpManager: 与服务器连接已断开
04-16 19:33:27.476209  3161  3161 E IntelliSenseService: connect server close-> address:10.0.0.34
04-16 19:33:27.506625  2949  2949 I BoschCarServiceImp: onCarSpeedChanged:  0.0
04-16 19:33:27.506850  2949  3403 I FeiYuOS_CarPropertyImp: NOTIFY_CAR_PROPERTY_MESSAGE_CHANGE ++++++++++++++++++++++++++++++
04-16 19:33:27.506921  2949  3403 I FeiYuOS_CarPropertyImp: notifyCarPropertyMessageChange propId: 106, propValue: 0.0
04-16 19:33:27.506997  3161  3492 E FeatureSwitchStrategyManager: sceneNeedAction: start SCENE_STATIC
04-16 19:33:27.507146  2846  2846 I ICommonBinder: speed=0.0caller uid = 1000 ,pid = 2846
04-16 19:33:27.507163  2846  2846 I ICarBinder: mIGearCallback.size=0
04-16 19:33:27.507499  2899  2914 I DVR     : |Binder:2899_3|DVRService RegisterManager onCarSensorDataChanged...unknown = 557844818 
04-16 19:33:27.507685  1866  1866 I MXNavi-SystemTts-VoiceModel: onReceiveCarProperty i:106 s:0.0
04-16 19:33:27.507767  1866 10249 I MXNavi-MainViewModel: onSpeedChanged:0.0 mSpeed:0.0 isCounting:false isStopTime:false
04-16 19:33:27.507794  1866 10249 I [Activate]ActivateManager: isActivation Methods are called by the class MainViewModel onSpeedChanged batchActivateResult:106
04-16 19:33:27.507808  1866 10249 E MXNavi-[Navi_Performance]: [ToolKit]: MainViewModel--onSpeedChanged activation == false
04-16 19:33:27.507818  1866 10249 E [Navi_Performance]: [ToolKit]: MainViewModel--onSpeedChanged activation == false
04-16 19:33:27.508419  2949  2949 I BoschCarServiceImp: onCarSpeedChanged:  25.56
04-16 19:33:27.508983  2846  2846 I ICommonBinder: speed=25.56caller uid = 1000 ,pid = 2846
04-16 19:33:27.508998  2846  2846 I ICarBinder: mIGearCallback.size=0
04-16 19:33:27.509045  2949  3403 I FeiYuOS_CarPropertyImp: NOTIFY_CAR_PROPERTY_MESSAGE_CHANGE ++++++++++++++++++++++++++++++
04-16 19:33:27.509081  2949  3403 I FeiYuOS_CarPropertyImp: notifyCarPropertyMessageChange propId: 106, propValue: 25.56
04-16 19:33:27.509129  2899  2914 I DVR     : |Binder:2899_3|DVRService RegisterManager onCarSensorDataChanged...unknown = 557844818 
04-16 19:33:27.509380  1866  1866 I MXNavi-SystemTts-VoiceModel: onReceiveCarProperty i:106 s:25.56
04-16 19:33:27.509452  1866 10250 I MXNavi-MainViewModel: onSpeedChanged:92.016 mSpeed:0.0 isCounting:false isStopTime:false
04-16 19:33:27.509473  1866 10250 I [Activate]ActivateManager: isActivation Methods are called by the class MainViewModel onSpeedChanged batchActivateResult:106
04-16 19:33:27.509484  1866 10250 E MXNavi-[Navi_Performance]: [ToolKit]: MainViewModel--onSpeedChanged activation == false
04-16 19:33:27.509492  1866 10250 E [Navi_Performance]: [ToolKit]: MainViewModel--onSpeedChanged activation == false
04-16 19:33:27.515167  3161  3492 E FeatureSwitchStrategyManager: sceneNeedAction: start SCENE_DYNAMIC
04-16 19:33:27.518967  2615  3488 I SurfaceView: 91928240 Locking canvas... stopped=false, surfaceControl=Surface(name=SurfaceView - )/@0xfcae462
04-16 19:33:27.519161  2615  3488 I SurfaceView: 91928240 Returned canvas: android.view.Surface$CompatibleCanvas@5099929
04-16 19:33:27.544009  2737  2737 I CAR.VENDOR.AVM: onChange:newValue = CarPropertyValue{mPropertyId=0x21400470, mAreaId=0x0, mStatus=0, mTimestamp=1017019036484, mValue=0}
04-16 19:33:27.544178  1538  1538 I CAR.VENDOR.AVM: onChange:newValue = CarPropertyValue{mPropertyId=0x21400470, mAreaId=0x0, mStatus=0, mTimestamp=1017019036484, mValue=0}
04-16 19:33:27.571391  2615  3488 I SurfaceView: 91928240 Locking canvas... stopped=false, surfaceControl=Surface(name=SurfaceView - )/@0xfcae462
04-16 19:33:27.571706  2615  3488 I SurfaceView: 91928240 Returned canvas: android.view.Surface$CompatibleCanvas@5099929
04-16 19:33:27.575312  3161  5227 E FeatureSwitchManager: changeFeatureSwitch, algType:3,bitMask:1000,enable:true
04-16 19:33:27.575433  3161  5227 E TcpLibClient: 服务端端口: 10.0.0.34:5096, 指定服务端未连接
04-16 19:33:27.575480  3161  5227 E TcpManager: 与服务器连接已断开
04-16 19:33:27.575531  3161  3161 E IntelliSenseService: connect server close-> address:10.0.0.34
04-16 19:33:27.606746  2949  2949 I BoschCarServiceImp: onCarSpeedChanged:  0.0
04-16 19:33:27.607014  2949  3403 I FeiYuOS_CarPropertyImp: NOTIFY_CAR_PROPERTY_MESSAGE_CHANGE ++++++++++++++++++++++++++++++
04-16 19:33:27.607049  2949  3403 I FeiYuOS_CarPropertyImp: notifyCarPropertyMessageChange propId: 106, propValue: 0.0
04-16 19:33:27.607155  3161  3492 E FeatureSwitchStrategyManager: sceneNeedAction: start SCENE_STATIC
04-16 19:33:27.607381  2846  2846 I ICommonBinder: speed=0.0caller uid = 1000 ,pid = 2846
04-16 19:33:27.607398  2846  2846 I ICarBinder: mIGearCallback.size=0
04-16 19:33:27.607536  2899  2914 I DVR     : |Binder:2899_3|DVRService RegisterManager onCarSensorDataChanged...unknown = 557844818 
04-16 19:33:27.607736  1866  1866 I MXNavi-SystemTts-VoiceModel: onReceiveCarProperty i:106 s:0.0
04-16 19:33:27.607941  1866 10251 I MXNavi-MainViewModel: onSpeedChanged:0.0 mSpeed:0.0 isCounting:false isStopTime:false
04-16 19:33:27.607990  1866 10251 I [Activate]ActivateManager: isActivation Methods are called by the class MainViewModel onSpeedChanged batchActivateResult:106
04-16 19:33:27.608004  1866 10251 E MXNavi-[Navi_Performance]: [ToolKit]: MainViewModel--onSpeedChanged activation == false
04-16 19:33:27.608014  1866 10251 E [Navi_Performance]: [ToolKit]: MainViewModel--onSpeedChanged activation == false
04-16 19:33:27.608113  2949  2949 I BoschCarServiceImp: onCarSpeedChanged:  25.56
04-16 19:33:27.608540  2846  2846 I ICommonBinder: speed=25.56caller uid = 1000 ,pid = 2846
04-16 19:33:27.608559  2846  2846 I ICarBinder: mIGearCallback.size=0
04-16 19:33:27.608793  2949  3403 I FeiYuOS_CarPropertyImp: NOTIFY_CAR_PROPERTY_MESSAGE_CHANGE ++++++++++++++++++++++++++++++
04-16 19:33:27.608839  2949  3403 I FeiYuOS_CarPropertyImp: notifyCarPropertyMessageChange propId: 106, propValue: 25.56
04-16 19:33:27.608996  2899  2914 I DVR     : |Binder:2899_3|DVRService RegisterManager onCarSensorDataChanged...unknown = 557844818 
04-16 19:33:27.609182  1866  1866 I MXNavi-SystemTts-VoiceModel: onReceiveCarProperty i:106 s:25.56
04-16 19:33:27.609254  1866 10252 I MXNavi-MainViewModel: onSpeedChanged:92.016 mSpeed:0.0 isCounting:false isStopTime:false
04-16 19:33:27.609276  1866 10252 I [Activate]ActivateManager: isActivation Methods are called by the class MainViewModel onSpeedChanged batchActivateResult:106
04-16 19:33:27.609315  1866 10252 E MXNavi-[Navi_Performance]: [ToolKit]: MainViewModel--onSpeedChanged activation == false
04-16 19:33:27.609326  1866 10252 E [Navi_Performance]: [ToolKit]: MainViewModel--onSpeedChanged activation == false
04-16 19:33:27.613721  3161  3492 E FeatureSwitchStrategyManager: sceneNeedAction: start SCENE_DYNAMIC
04-16 19:33:27.624276  2615  3488 I SurfaceView: 91928240 Locking canvas... stopped=false, surfaceControl=Surface(name=SurfaceView - )/@0xfcae462
04-16 19:33:27.624627  2615  3488 I SurfaceView: 91928240 Returned canvas: android.view.Surface$CompatibleCanvas@5099929
04-16 19:33:27.655981  2737  2737 I CAR.VENDOR.AVM: onChange:newValue = CarPropertyValue{mPropertyId=0x21400470, mAreaId=0x0, mStatus=0, mTimestamp=1017129405026, mValue=0}
04-16 19:33:27.656195  1538  1538 I CAR.VENDOR.AVM: onChange:newValue = CarPropertyValue{mPropertyId=0x21400470, mAreaId=0x0, mStatus=0, mTimestamp=1017129405026, mValue=0}
04-16 19:33:27.675436  2615  3488 I SurfaceView: 91928240 Locking canvas... stopped=false, surfaceControl=Surface(name=SurfaceView - )/@0xfcae462
04-16 19:33:27.675700  2615  3488 I SurfaceView: 91928240 Returned canvas: android.view.Surface$CompatibleCanvas@5099929
04-16 19:33:27.676294  3161  5227 E FeatureSwitchManager: changeFeatureSwitch, algType:1,bitMask:1000,enable:false
04-16 19:33:27.676445  3161  5227 E TcpLibClient: 服务端端口: 10.0.0.34:5096, 指定服务端未连接
04-16 19:33:27.676491  3161  5227 E TcpManager: 与服务器连接已断开
04-16 19:33:27.676572  3161  3161 E IntelliSenseService: connect server close-> address:10.0.0.34
04-16 19:33:27.704756  2949  2949 I BoschCarServiceImp: onCarSpeedChanged:  0.0
04-16 19:33:27.705103  2949  3403 I FeiYuOS_CarPropertyImp: NOTIFY_CAR_PROPERTY_MESSAGE_CHANGE ++++++++++++++++++++++++++++++
04-16 19:33:27.705138  2949  3403 I FeiYuOS_CarPropertyImp: notifyCarPropertyMessageChange propId: 106, propValue: 0.0
04-16 19:33:27.705690  1866  1866 I MXNavi-SystemTts-VoiceModel: onReceiveCarProperty i:106 s:0.0
04-16 19:33:27.706008  1866 10253 I MXNavi-MainViewModel: onSpeedChanged:0.0 mSpeed:0.0 isCounting:false isStopTime:false
04-16 19:33:27.706047  1866 10253 I [Activate]ActivateManager: isActivation Methods are called by the class MainViewModel onSpeedChanged batchActivateResult:106
04-16 19:33:27.706059  3161  3492 E FeatureSwitchStrategyManager: sceneNeedAction: start SCENE_STATIC
04-16 19:33:27.706069  1866 10253 E MXNavi-[Navi_Performance]: [ToolKit]: MainViewModel--onSpeedChanged activation == false
04-16 19:33:27.706085  1866 10253 E [Navi_Performance]: [ToolKit]: MainViewModel--onSpeedChanged activation == false
04-16 19:33:27.706193  2846  2846 I ICommonBinder: speed=0.0caller uid = 1000 ,pid = 2846
04-16 19:33:27.706209  2846  2846 I ICarBinder: mIGearCallback.size=0
04-16 19:33:27.706347  2899  2914 I DVR     : |Binder:2899_3|DVRService RegisterManager onCarSensorDataChanged...unknown = 557844818 
04-16 19:33:27.707089  2949  2949 I BoschCarServiceImp: onCarSpeedChanged:  25.56
04-16 19:33:27.707257  2949  3403 I FeiYuOS_CarPropertyImp: NOTIFY_CAR_PROPERTY_MESSAGE_CHANGE ++++++++++++++++++++++++++++++
04-16 19:33:27.707292  2949  3403 I FeiYuOS_CarPropertyImp: notifyCarPropertyMessageChange propId: 106, propValue: 25.56
04-16 19:33:27.707560  2846  2846 I ICommonBinder: speed=25.56caller uid = 1000 ,pid = 2846
04-16 19:33:27.707581  2846  2846 I ICarBinder: mIGearCallback.size=0
04-16 19:33:27.707772  1866  1866 I MXNavi-SystemTts-VoiceModel: onReceiveCarProperty i:106 s:25.56
04-16 19:33:27.707885  2899  2914 I DVR     : |Binder:2899_3|DVRService RegisterManager onCarSensorDataChanged...unknown = 557844818 
04-16 19:33:27.707888  1866 10254 I MXNavi-MainViewModel: onSpeedChanged:92.016 mSpeed:0.0 isCounting:false isStopTime:false
04-16 19:33:27.707912  1866 10254 I [Activate]ActivateManager: isActivation Methods are called by the class MainViewModel onSpeedChanged batchActivateResult:106
04-16 19:33:27.707923  1866 10254 E MXNavi-[Navi_Performance]: [ToolKit]: MainViewModel--onSpeedChanged activation == false
04-16 19:33:27.707933  1866 10254 E [Navi_Performance]: [ToolKit]: MainViewModel--onSpeedChanged activation == false
04-16 19:33:27.713605  3161  3492 E FeatureSwitchStrategyManager: sceneNeedAction: start SCENE_DYNAMIC
04-16 19:33:27.727516  2615  3488 I SurfaceView: 91928240 Locking canvas... stopped=false, surfaceControl=Surface(name=SurfaceView - )/@0xfcae462
04-16 19:33:27.727734  2615  3488 I SurfaceView: 91928240 Returned canvas: android.view.Surface$CompatibleCanvas@5099929
04-16 19:33:27.765833  2737  2737 I CAR.VENDOR.AVM: onChange:newValue = CarPropertyValue{mPropertyId=0x21400470, mAreaId=0x0, mStatus=0, mTimestamp=1017239503984, mValue=0}
04-16 19:33:27.766078  1538  1538 I CAR.VENDOR.AVM: onChange:newValue = CarPropertyValue{mPropertyId=0x21400470, mAreaId=0x0, mStatus=0, mTimestamp=1017239503984, mValue=0}
04-16 19:33:27.778414  2615  3488 I SurfaceView: 91928240 Locking canvas... stopped=false, surfaceControl=Surface(name=SurfaceView - )/@0xfcae462
04-16 19:33:27.778410  3161  5227 E FeatureSwitchManager: changeFeatureSwitch, algType:2,bitMask:1000,enable:false
04-16 19:33:27.778532  3161  5227 E TcpLibClient: 服务端端口: 10.0.0.34:5096, 指定服务端未连接
04-16 19:33:27.778595  3161  5227 E TcpManager: 与服务器连接已断开
04-16 19:33:27.778627  2615  3488 I SurfaceView: 91928240 Returned canvas: android.view.Surface$CompatibleCanvas@5099929
04-16 19:33:27.778645  3161  3161 E IntelliSenseService: connect server close-> address:10.0.0.34
04-16 19:33:27.803422   498   576 I CBaseMonitor: [run-318] Enter monitor android
--------- switch to system
04-16 19:33:27.804624  2839  3567 W ContextImpl: Calling a method in the system process without a qualified user: android.app.ContextImpl.bindService:1611 android.content.ContextWrapper.bindService:698 com.gxa.service.camera.ReverseManager.connectCameraService:352 com.gxa.service.camera.ReverseManager.asyncHandleMessage:276 com.gxa.service.camera.ReverseManager.access$100:44 
--------- switch to main
04-16 19:33:27.805167  2949  2949 I BoschCarServiceImp: onCarSpeedChanged:  0.0
04-16 19:33:27.805589  3161  3492 E FeatureSwitchStrategyManager: sceneNeedAction: start SCENE_STATIC
04-16 19:33:27.805755  2846  2846 I ICommonBinder: speed=0.0caller uid = 1000 ,pid = 2846
04-16 19:33:27.805772  2846  2846 I ICarBinder: mIGearCallback.size=0
04-16 19:33:27.806100  2949  3403 I FeiYuOS_CarPropertyImp: NOTIFY_CAR_PROPERTY_MESSAGE_CHANGE ++++++++++++++++++++++++++++++
04-16 19:33:27.806137  2949  3403 I FeiYuOS_CarPropertyImp: notifyCarPropertyMessageChange propId: 106, propValue: 0.0
04-16 19:33:27.806942  1866  1866 I MXNavi-SystemTts-VoiceModel: onReceiveCarProperty i:106 s:0.0
04-16 19:33:27.807042  1866 10256 I MXNavi-MainViewModel: onSpeedChanged:0.0 mSpeed:0.0 isCounting:false isStopTime:false
04-16 19:33:27.807104  1866 10256 I [Activate]ActivateManager: isActivation Methods are called by the class MainViewModel onSpeedChanged batchActivateResult:106
04-16 19:33:27.807142  1866 10256 E MXNavi-[Navi_Performance]: [ToolKit]: MainViewModel--onSpeedChanged activation == false
04-16 19:33:27.807154  1866 10256 E [Navi_Performance]: [ToolKit]: MainViewModel--onSpeedChanged activation == false
04-16 19:33:27.807869  2899  2914 I DVR     : |Binder:2899_3|DVRService RegisterManager onCarSensorDataChanged...unknown = 557844818 
04-16 19:33:27.799000   498   498 I MonitorWorker: type=1400 audit(0.0:1445): avc: denied { rename } for name="logcat.txt.001" dev="vdm" ino=860 scontext=u:r:logcat_file_count_sh:s0 tcontext=u:object_r:mnt_user_file:s0 tclass=file permissive=1
04-16 19:33:27.799000   498   498 I MonitorWorker: type=1400 audit(0.0:1446): avc: denied { read } for name="logcat.txt.7" dev="vdm" ino=860 scontext=u:r:logcat_file_count_sh:s0 tcontext=u:object_r:mnt_user_file:s0 tclass=file permissive=1
04-16 19:33:27.799000   498   498 I MonitorWorker: type=1400 audit(0.0:1447): avc: denied { write } for path="/mnt/user/log_android/cycle_196/logcat.txt.7.zip" dev="vdm" ino=866 scontext=u:r:logcat_file_count_sh:s0 tcontext=u:object_r:mnt_user_file:s0 tclass=file permissive=1
04-16 19:33:27.808862  2949  2949 I BoschCarServiceImp: onCarSpeedChanged:  25.56
04-16 19:33:27.809145  2949  3403 I FeiYuOS_CarPropertyImp: NOTIFY_CAR_PROPERTY_MESSAGE_CHANGE ++++++++++++++++++++++++++++++
04-16 19:33:27.809171  2949  3403 I FeiYuOS_CarPropertyImp: notifyCarPropertyMessageChange propId: 106, propValue: 25.56
04-16 19:33:27.809251  1866  1866 I MXNavi-SystemTts-VoiceModel: onReceiveCarProperty i:106 s:25.56
04-16 19:33:27.809443  1866 10255 I MXNavi-MainViewModel: onSpeedChanged:92.016 mSpeed:0.0 isCounting:false isStopTime:false
04-16 19:33:27.809481  1866 10255 I [Activate]ActivateManager: isActivation Methods are called by the class MainViewModel onSpeedChanged batchActivateResult:106
04-16 19:33:27.809503  1866 10255 E MXNavi-[Navi_Performance]: [ToolKit]: MainViewModel--onSpeedChanged activation == false
04-16 19:33:27.809517  1866 10255 E [Navi_Performance]: [ToolKit]: MainViewModel--onSpeedChanged activation == false
04-16 19:33:27.809557  2846  2846 I ICommonBinder: speed=25.56caller uid = 1000 ,pid = 2846
04-16 19:33:27.809573  2846  2846 I ICarBinder: mIGearCallback.size=0
04-16 19:33:27.810297  2899  2914 I DVR     : |Binder:2899_3|DVRService RegisterManager onCarSensorDataChanged...unknown = 557844818 
04-16 19:33:27.813491  3161  3492 E FeatureSwitchStrategyManager: sceneNeedAction: start SCENE_DYNAMIC
04-16 19:33:27.816672  2356  2356 I BootPresenter: (-$$Lambda$Qut1UVg1Gu75cdlDy9b5jeBJWaU.java:2)bootQuickLogin---->puid = 0
04-16 19:33:27.817636  2356  2356 I BootPresenter: (-$$Lambda$Qut1UVg1Gu75cdlDy9b5jeBJWaU.java:2)bootAutoLogin---->500ms后重试 puid = 0 , faceId = 0 , isNetInited = false
04-16 19:33:27.830700  2615  3488 I SurfaceView: 91928240 Locking canvas... stopped=false, surfaceControl=Surface(name=SurfaceView - )/@0xfcae462
04-16 19:33:27.830986  2615  3488 I SurfaceView: 91928240 Returned canvas: android.view.Surface$CompatibleCanvas@5099929
04-16 19:33:27.876100  2737  2737 I CAR.VENDOR.AVM: onChange:newValue = CarPropertyValue{mPropertyId=0x21400470, mAreaId=0x0, mStatus=0, mTimestamp=1017349926172, mValue=0}
04-16 19:33:27.876351  1538  1538 I CAR.VENDOR.AVM: onChange:newValue = CarPropertyValue{mPropertyId=0x21400470, mAreaId=0x0, mStatus=0, mTimestamp=1017349926172, mValue=0}
04-16 19:33:27.878850  3161  5227 E FeatureSwitchManager: changeFeatureSwitch, algType:3,bitMask:1000,enable:false
04-16 19:33:27.878973  3161  5227 E TcpLibClient: 服务端端口: 10.0.0.34:5096, 指定服务端未连接
04-16 19:33:27.879150  3161  5227 E TcpManager: 与服务器连接已断开
04-16 19:33:27.879171  3161  3161 E IntelliSenseService: connect server close-> address:10.0.0.34
04-16 19:33:27.882268  2615  3488 I SurfaceView: 91928240 Locking canvas... stopped=false, surfaceControl=Surface(name=SurfaceView - )/@0xfcae462
04-16 19:33:27.882517  2615  3488 I SurfaceView: 91928240 Returned canvas: android.view.Surface$CompatibleCanvas@5099929
04-16 19:33:27.898341  1093  1109 E u-blox  : ublox::CGnssMeasurementExtension::navMeasurementUpdate: GnssMeasurementExtension callback is not initialized
04-16 19:33:27.904451  2949  2949 I BoschCarServiceImp: onCarSpeedChanged:  0.0
04-16 19:33:27.904594  2949  3403 I FeiYuOS_CarPropertyImp: NOTIFY_CAR_PROPERTY_MESSAGE_CHANGE ++++++++++++++++++++++++++++++
04-16 19:33:27.904615  2949  3403 I FeiYuOS_CarPropertyImp: notifyCarPropertyMessageChange propId: 106, propValue: 0.0
04-16 19:33:27.904971  1866  1866 I MXNavi-SystemTts-VoiceModel: onReceiveCarProperty i:106 s:0.0
04-16 19:33:27.905035  3161  3492 E FeatureSwitchStrategyManager: sceneNeedAction: start SCENE_STATIC
04-16 19:33:27.905137  1866 10242 I MXNavi-MainViewModel: onSpeedChanged:0.0 mSpeed:0.0 isCounting:false isStopTime:false
04-16 19:33:27.905174  2846  2846 I ICommonBinder: speed=0.0caller uid = 1000 ,pid = 2846
04-16 19:33:27.905180  1866 10242 I [Activate]ActivateManager: isActivation Methods are called by the class MainViewModel onSpeedChanged batchActivateResult:106
04-16 19:33:27.905191  2846  2846 I ICarBinder: mIGearCallback.size=0
04-16 19:33:27.905202  1866 10242 E MXNavi-[Navi_Performance]: [ToolKit]: MainViewModel--onSpeedChanged activation == false
04-16 19:33:27.905216  1866 10242 E [Navi_Performance]: [ToolKit]: MainViewModel--onSpeedChanged activation == false
04-16 19:33:27.905567  2899  2914 I DVR     : |Binder:2899_3|DVRService RegisterManager onCarSensorDataChanged...unknown = 557844818 
04-16 19:33:27.921895  2949  2949 I BoschCarServiceImp: onCarSpeedChanged:  25.56
04-16 19:33:27.921971  2949  3403 I FeiYuOS_CarPropertyImp: NOTIFY_CAR_PROPERTY_MESSAGE_CHANGE ++++++++++++++++++++++++++++++
04-16 19:33:27.921992  2949  3403 I FeiYuOS_CarPropertyImp: notifyCarPropertyMessageChange propId: 106, propValue: 25.56
04-16 19:33:27.922152  1866  1866 I MXNavi-SystemTts-VoiceModel: onReceiveCarProperty i:106 s:25.56
04-16 19:33:27.922242  1866 10243 I MXNavi-MainViewModel: onSpeedChanged:92.016 mSpeed:0.0 isCounting:false isStopTime:false
04-16 19:33:27.922259  1866 10243 I [Activate]ActivateManager: isActivation Methods are called by the class MainViewModel onSpeedChanged batchActivateResult:106
04-16 19:33:27.922271  1866 10243 E MXNavi-[Navi_Performance]: [ToolKit]: MainViewModel--onSpeedChanged activation == false
04-16 19:33:27.922285  1866 10243 E [Navi_Performance]: [ToolKit]: MainViewModel--onSpeedChanged activation == false
04-16 19:33:27.922719  3161  3492 E FeatureSwitchStrategyManager: sceneNeedAction: start SCENE_DYNAMIC
04-16 19:33:27.925462  2846  2846 I ICommonBinder: speed=25.56caller uid = 1000 ,pid = 2846
04-16 19:33:27.925504  2846  2846 I ICarBinder: mIGearCallback.size=0
04-16 19:33:27.922642  2899  2914 I DVR     : |Binder:2899_3|DVRService RegisterManager onCarSensorDataChanged...unknown = 557844818 
04-16 19:33:27.933379  2615  3488 I SurfaceView: 91928240 Locking canvas... stopped=false, surfaceControl=Surface(name=SurfaceView - )/@0xfcae462
04-16 19:33:27.933589  2615  3488 I SurfaceView: 91928240 Returned canvas: android.view.Surface$CompatibleCanvas@5099929
04-16 19:33:27.978278  3161  5227 E FeatureSwitchManager: changeFeatureSwitch, algType:1,bitMask:1000,enable:true
04-16 19:33:27.978400  3161  5227 E TcpLibClient: 服务端端口: 10.0.0.34:5096, 指定服务端未连接
04-16 19:33:27.978458  3161  5227 E TcpManager: 与服务器连接已断开
04-16 19:33:27.978553  3161  3161 E IntelliSenseService: connect server close-> address:10.0.0.34
04-16 19:33:27.985175  2737  2737 I CAR.VENDOR.AVM: onChange:newValue = CarPropertyValue{mPropertyId=0x21400470, mAreaId=0x0, mStatus=0, mTimestamp=1017460231068, mValue=0}
04-16 19:33:27.985625  1538  1538 I CAR.VENDOR.AVM: onChange:newValue = CarPropertyValue{mPropertyId=0x21400470, mAreaId=0x0, mStatus=0, mTimestamp=1017460231068, mValue=0}
04-16 19:33:27.986669  2615  3488 I SurfaceView: 91928240 Locking canvas... stopped=false, surfaceControl=Surface(name=SurfaceView - )/@0xfcae462
04-16 19:33:27.986859  2615  3488 I SurfaceView: 91928240 Returned canvas: android.view.Surface$CompatibleCanvas@5099929
04-16 19:33:28.011311  2949  2949 I BoschCarServiceImp: onCarSpeedChanged:  0.0
04-16 19:33:28.011456  2949  3403 I FeiYuOS_CarPropertyImp: NOTIFY_CAR_PROPERTY_MESSAGE_CHANGE ++++++++++++++++++++++++++++++
04-16 19:33:28.011486  2949  3403 I FeiYuOS_CarPropertyImp: notifyCarPropertyMessageChange propId: 106, propValue: 0.0
04-16 19:33:28.011629  1866  1866 I MXNavi-SystemTts-VoiceModel: onReceiveCarProperty i:106 s:0.0
04-16 19:33:28.011714  1866 10245 I MXNavi-MainViewModel: onSpeedChanged:0.0 mSpeed:0.0 isCounting:false isStopTime:false
04-16 19:33:28.011731  1866 10245 I [Activate]ActivateManager: isActivation Methods are called by the class MainViewModel onSpeedChanged batchActivateResult:106
04-16 19:33:28.011744  1866 10245 E MXNavi-[Navi_Performance]: [ToolKit]: MainViewModel--onSpeedChanged activation == false
04-16 19:33:28.011757  1866 10245 E [Navi_Performance]: [ToolKit]: MainViewModel--onSpeedChanged activation == false
04-16 19:33:28.012612  2846  2846 I ICommonBinder: speed=0.0caller uid = 1000 ,pid = 2846
04-16 19:33:28.012657  2846  2846 I ICarBinder: mIGearCallback.size=0
04-16 19:33:28.013254  2949  2949 I BoschCarServiceImp: onCarSpeedChanged:  25.56
04-16 19:33:28.013356  2949  3403 I FeiYuOS_CarPropertyImp: NOTIFY_CAR_PROPERTY_MESSAGE_CHANGE ++++++++++++++++++++++++++++++
04-16 19:33:28.013376  2949  3403 I FeiYuOS_CarPropertyImp: notifyCarPropertyMessageChange propId: 106, propValue: 25.56
04-16 19:33:28.013553  2846  2846 I ICommonBinder: speed=25.56caller uid = 1000 ,pid = 2846
04-16 19:33:28.013564  2846  2846 I ICarBinder: mIGearCallback.size=0
04-16 19:33:28.013566  1866  1866 I MXNavi-SystemTts-VoiceModel: onReceiveCarProperty i:106 s:25.56
04-16 19:33:28.013709  1866 10244 I MXNavi-MainViewModel: onSpeedChanged:92.016 mSpeed:0.0 isCounting:false isStopTime:false
04-16 19:33:28.013724  1866 10244 I [Activate]ActivateManager: isActivation Methods are called by the class MainViewModel onSpeedChanged batchActivateResult:106
04-16 19:33:28.013735  1866 10244 E MXNavi-[Navi_Performance]: [ToolKit]: MainViewModel--onSpeedChanged activation == false
04-16 19:33:28.013748  1866 10244 E [Navi_Performance]: [ToolKit]: MainViewModel--onSpeedChanged activation == false
04-16 19:33:28.014398  2899  2914 I DVR     : |Binder:2899_3|DVRService RegisterManager onCarSensorDataChanged...unknown = 557844818 
04-16 19:33:28.014640  2899  2914 I DVR     : |Binder:2899_3|DVRService RegisterManager onCarSensorDataChanged...unknown = 557844818 
04-16 19:33:28.015169  3161  3492 E carSpeedChanged: carSpeedChanged 0.0
04-16 19:33:28.015192  3161  3492 E judgeAllSceneStrategy: current speed = 0.0 mCurrentScene =8801
04-16 19:33:28.015202  3161  3492 E FeatureSwitchStrategyManager: sceneNeedAction: start SCENE_STATIC
04-16 19:33:28.017815  1093  1109 I u-blox  : CAndroidDatabase::CommitSvStatus: reportSvStatus
04-16 19:33:28.018236  1163  1453 I GnssLocationProvider: WakeLock acquired by sendMessage(REPORT_SV_STATUS, 0, com.android.server.location.GnssLocationProvider$SvStatusInfo@5fff9f0)
04-16 19:33:28.018479  1163  1177 I GnssLocationProvider: WakeLock released by handleMessage(REPORT_SV_STATUS, 0, com.android.server.location.GnssLocationProvider$SvStatusInfo@5fff9f0)
04-16 19:33:28.018786  1866  2289 I MXNavi-PosManager: GpsSatellite num is 7
04-16 19:33:28.022144  3161  3492 E FeatureSwitchStrategyManager: sceneNeedAction: start SCENE_DYNAMIC
04-16 19:33:28.037992  2615  3488 I SurfaceView: 91928240 Locking canvas... stopped=false, surfaceControl=Surface(name=SurfaceView - )/@0xfcae462
04-16 19:33:28.038227  2615  3488 I SurfaceView: 91928240 Returned canvas: android.view.Surface$CompatibleCanvas@5099929
04-16 19:33:28.078783  3161  5227 E FeatureSwitchManager: changeFeatureSwitch, algType:2,bitMask:1000,enable:true
04-16 19:33:28.078910  3161  5227 E TcpLibClient: 服务端端口: 10.0.0.34:5096, 指定服务端未连接
04-16 19:33:28.078988  3161  5227 E TcpManager: 与服务器连接已断开
04-16 19:33:28.079054  3161  3161 E IntelliSenseService: connect server close-> address:10.0.0.34
04-16 19:33:28.089434  2615  3488 I SurfaceView: 91928240 Locking canvas... stopped=false, surfaceControl=Surface(name=SurfaceView - )/@0xfcae462
04-16 19:33:28.089734  2615  3488 I SurfaceView: 91928240 Returned canvas: android.view.Surface$CompatibleCanvas@5099929
04-16 19:33:28.100372  2737  2737 I CAR.VENDOR.AVM: onChange:newValue = CarPropertyValue{mPropertyId=0x21400470, mAreaId=0x0, mStatus=0, mTimestamp=1017573753828, mValue=0}
04-16 19:33:28.101106  1538  1538 I CAR.VENDOR.AVM: onChange:newValue = CarPropertyValue{mPropertyId=0x21400470, mAreaId=0x0, mStatus=0, mTimestamp=1017573753828, mValue=0}
04-16 19:33:28.102628  2846  2846 I ICommonBinder: speed=0.0caller uid = 1000 ,pid = 2846
04-16 19:33:28.102649  2899  2912 I DVR     : |Binder:2899_1|DVRService RegisterManager onCarSensorDataChanged...unknown = 557844818 
04-16 19:33:28.102662  2846  2846 I ICarBinder: mIGearCallback.size=0
04-16 19:33:28.103063  2949  2949 I BoschCarServiceImp: onCarSpeedChanged:  0.0
04-16 19:33:28.103508  2949  3403 I FeiYuOS_CarPropertyImp: NOTIFY_CAR_PROPERTY_MESSAGE_CHANGE ++++++++++++++++++++++++++++++
04-16 19:33:28.103534  2949  3403 I FeiYuOS_CarPropertyImp: notifyCarPropertyMessageChange propId: 106, propValue: 0.0
04-16 19:33:28.103745  1866  1866 I MXNavi-SystemTts-VoiceModel: onReceiveCarProperty i:106 s:0.0
04-16 19:33:28.103855  1866 10246 I MXNavi-MainViewModel: onSpeedChanged:0.0 mSpeed:0.0 isCounting:false isStopTime:false
04-16 19:33:28.103872  1866 10246 I [Activate]ActivateManager: isActivation Methods are called by the class MainViewModel onSpeedChanged batchActivateResult:106
04-16 19:33:28.103885  1866 10246 E MXNavi-[Navi_Performance]: [ToolKit]: MainViewModel--onSpeedChanged activation == false
04-16 19:33:28.103901  1866 10246 E [Navi_Performance]: [ToolKit]: MainViewModel--onSpeedChanged activation == false
04-16 19:33:28.103994  3161  3492 E FeatureSwitchStrategyManager: sceneNeedAction: start SCENE_STATIC
04-16 19:33:28.089000   498   498 I MonitorWorker: type=1400 audit(0.0:1448): avc: denied { unlink } for name="logcat.txt.7" dev="vdm" ino=860 scontext=u:r:logcat_file_count_sh:s0 tcontext=u:object_r:mnt_user_file:s0 tclass=file permissive=1
04-16 19:33:28.108744   498   576 I CBaseMonitor: [run-357]compress files,cur path is /mnt/user/log_android/cycle_196,last path is 
04-16 19:33:28.119287  2846  2846 I ICommonBinder: speed=25.56caller uid = 1000 ,pid = 2846
04-16 19:33:28.119315  2846  2846 I ICarBinder: mIGearCallback.size=0
04-16 19:33:28.119581  2899  2912 I DVR     : |Binder:2899_1|DVRService RegisterManager onCarSensorDataChanged...unknown = 557844818 
04-16 19:33:28.119611  3161  3492 E FeatureSwitchStrategyManager: sceneNeedAction: start SCENE_DYNAMIC
04-16 19:33:28.120175  2949  2949 I BoschCarServiceImp: onCarSpeedChanged:  25.56
04-16 19:33:28.120390  2949  3403 I FeiYuOS_CarPropertyImp: NOTIFY_CAR_PROPERTY_MESSAGE_CHANGE ++++++++++++++++++++++++++++++
04-16 19:33:28.120413  2949  3403 I FeiYuOS_CarPropertyImp: notifyCarPropertyMessageChange propId: 106, propValue: 25.56
04-16 19:33:28.120568  1866  1866 I MXNavi-SystemTts-VoiceModel: onReceiveCarProperty i:106 s:25.56
04-16 19:33:28.120727  1866 10247 I MXNavi-MainViewModel: onSpeedChanged:92.016 mSpeed:0.0 isCounting:false isStopTime:false
04-16 19:33:28.120745  1866 10247 I [Activate]ActivateManager: isActivation Methods are called by the class MainViewModel onSpeedChanged batchActivateResult:106
04-16 19:33:28.120758  1866 10247 E MXNavi-[Navi_Performance]: [ToolKit]: MainViewModel--onSpeedChanged activation == false
04-16 19:33:28.120773  1866 10247 E [Navi_Performance]: [ToolKit]: MainViewModel--onSpeedChanged activation == false
04-16 19:33:28.141727  2615  3488 I SurfaceView: 91928240 Locking canvas... stopped=false, surfaceControl=Surface(name=SurfaceView - )/@0xfcae462
04-16 19:33:28.142047  2615  3488 I SurfaceView: 91928240 Returned canvas: android.view.Surface$CompatibleCanvas@5099929
04-16 19:33:28.179437  3161  5227 E FeatureSwitchManager: changeFeatureSwitch, algType:3,bitMask:1000,enable:true
04-16 19:33:28.179575  3161  5227 E TcpLibClient: 服务端端口: 10.0.0.34:5096, 指定服务端未连接
04-16 19:33:28.179638  3161  5227 E TcpManager: 与服务器连接已断开
04-16 19:33:28.179669  3161  3161 E IntelliSenseService: connect server close-> address:10.0.0.34
04-16 19:33:28.194933  2615  3488 I SurfaceView: 91928240 Locking canvas... stopped=false, surfaceControl=Surface(name=SurfaceView - )/@0xfcae462
04-16 19:33:28.196360  2615  3488 I SurfaceView: 91928240 Returned canvas: android.view.Surface$CompatibleCanvas@5099929
04-16 19:33:28.206968  2737  2737 I CAR.VENDOR.AVM: onChange:newValue = CarPropertyValue{mPropertyId=0x21400470, mAreaId=0x0, mStatus=0, mTimestamp=1017679962682, mValue=0}
04-16 19:33:28.207476  1538  1538 I CAR.VENDOR.AVM: onChange:newValue = CarPropertyValue{mPropertyId=0x21400470, mAreaId=0x0, mStatus=0, mTimestamp=1017679962682, mValue=0}
04-16 19:33:28.208038  2949  2949 I BoschCarServiceImp: onCarSpeedChanged:  0.0
04-16 19:33:28.208127  2949  3403 I FeiYuOS_CarPropertyImp: NOTIFY_CAR_PROPERTY_MESSAGE_CHANGE ++++++++++++++++++++++++++++++
04-16 19:33:28.208146  2949  3403 I FeiYuOS_CarPropertyImp: notifyCarPropertyMessageChange propId: 106, propValue: 0.0
04-16 19:33:28.208373  3161  3492 E FeatureSwitchStrategyManager: sceneNeedAction: start SCENE_STATIC
04-16 19:33:28.208404  1866  1866 I MXNavi-SystemTts-VoiceModel: onReceiveCarProperty i:106 s:0.0
04-16 19:33:28.208472  1866 10248 I MXNavi-MainViewModel: onSpeedChanged:0.0 mSpeed:0.0 isCounting:false isStopTime:false
04-16 19:33:28.208488  1866 10248 I [Activate]ActivateManager: isActivation Methods are called by the class MainViewModel onSpeedChanged batchActivateResult:106
04-16 19:33:28.208501  1866 10248 E MXNavi-[Navi_Performance]: [ToolKit]: MainViewModel--onSpeedChanged activation == false
04-16 19:33:28.208518  1866 10248 E [Navi_Performance]: [ToolKit]: MainViewModel--onSpeedChanged activation == false
04-16 19:33:28.208713  2846  2846 I ICommonBinder: speed=0.0caller uid = 1000 ,pid = 2846
04-16 19:33:28.208731  2846  2846 I ICarBinder: mIGearCallback.size=0
04-16 19:33:28.209149  2899  2912 I DVR     : |Binder:2899_1|DVRService RegisterManager onCarSensorDataChanged...unknown = 557844818 
04-16 19:33:28.210751  2899  2912 I DVR     : |Binder:2899_1|DVRService RegisterManager onCarSensorDataChanged...unknown = 557844818 
04-16 19:33:28.211553  2949  2949 I BoschCarServiceImp: onCarSpeedChanged:  25.56
04-16 19:33:28.212419  2846  2846 I ICommonBinder: speed=25.56caller uid = 1000 ,pid = 2846
04-16 19:33:28.212436  2846  2846 I ICarBinder: mIGearCallback.size=0
04-16 19:33:28.212466  2949  3403 I FeiYuOS_CarPropertyImp: NOTIFY_CAR_PROPERTY_MESSAGE_CHANGE ++++++++++++++++++++++++++++++
04-16 19:33:28.212492  2949  3403 I FeiYuOS_CarPropertyImp: notifyCarPropertyMessageChange propId: 106, propValue: 25.56
04-16 19:33:28.213726  1866  1866 I MXNavi-SystemTts-VoiceModel: onReceiveCarProperty i:106 s:25.56
04-16 19:33:28.213858  1866 10249 I MXNavi-MainViewModel: onSpeedChanged:92.016 mSpeed:0.0 isCounting:false isStopTime:false
04-16 19:33:28.214226  1866 10249 I [Activate]ActivateManager: isActivation Methods are called by the class MainViewModel onSpeedChanged batchActivateResult:106
04-16 19:33:28.214243  1866 10249 E MXNavi-[Navi_Performance]: [ToolKit]: MainViewModel--onSpeedChanged activation == false
04-16 19:33:28.214257  1866 10249 E [Navi_Performance]: [ToolKit]: MainViewModel--onSpeedChanged activation == false
04-16 19:33:28.216806  3161  3492 E FeatureSwitchStrategyManager: sceneNeedAction: start SCENE_DYNAMIC
04-16 19:33:28.229487  1866  1866 I MXNavi-onNmeaMessage GPGGA = : s = $GPGGA,,,,,,0,,,,,,,,*66\r
04-16 19:33:28.229536  1866  1866 I MXNavi-onNmeaMessage GPRMC = : s = $GPRMC,,V,,,,,,,,,,N*53
04-16 19:33:28.247255  2615  3488 I SurfaceView: 91928240 Locking canvas... stopped=false, surfaceControl=Surface(name=SurfaceView - )/@0xfcae462
04-16 19:33:28.247479  2615  3488 I SurfaceView: 91928240 Returned canvas: android.view.Surface$CompatibleCanvas@5099929
04-16 19:33:28.280367  3161  5227 E FeatureSwitchManager: changeFeatureSwitch, algType:1,bitMask:1000,enable:false
04-16 19:33:28.280473  3161  5227 E TcpLibClient: 服务端端口: 10.0.0.34:5096, 指定服务端未连接
04-16 19:33:28.280548  3161  5227 E TcpManager: 与服务器连接已断开
04-16 19:33:28.280578  3161  3161 E IntelliSenseService: connect server close-> address:10.0.0.34
04-16 19:33:28.299369  2615  3488 I SurfaceView: 91928240 Locking canvas... stopped=false, surfaceControl=Surface(name=SurfaceView - )/@0xfcae462
04-16 19:33:28.299598  2615  3488 I SurfaceView: 91928240 Returned canvas: android.view.Surface$CompatibleCanvas@5099929
04-16 19:33:28.308553  2949  2949 I BoschCarServiceImp: onCarSpeedChanged:  0.0
04-16 19:33:28.308813  3161  3492 E FeatureSwitchStrategyManager: sceneNeedAction: start SCENE_STATIC
04-16 19:33:28.309090  2846  2846 I ICommonBinder: speed=0.0caller uid = 1000 ,pid = 2846
04-16 19:33:28.309106  2846  2846 I ICarBinder: mIGearCallback.size=0
04-16 19:33:28.309107  2949  3403 I FeiYuOS_CarPropertyImp: NOTIFY_CAR_PROPERTY_MESSAGE_CHANGE ++++++++++++++++++++++++++++++
04-16 19:33:28.309131  2949  3403 I FeiYuOS_CarPropertyImp: notifyCarPropertyMessageChange propId: 106, propValue: 0.0
04-16 19:33:28.309263  1866  1866 I MXNavi-SystemTts-VoiceModel: onReceiveCarProperty i:106 s:0.0
04-16 19:33:28.309379  1866 10250 I MXNavi-MainViewModel: onSpeedChanged:0.0 mSpeed:0.0 isCounting:false isStopTime:false
04-16 19:33:28.309397  1866 10250 I [Activate]ActivateManager: isActivation Methods are called by the class MainViewModel onSpeedChanged batchActivateResult:106
04-16 19:33:28.309410  1866 10250 E MXNavi-[Navi_Performance]: [ToolKit]: MainViewModel--onSpeedChanged activation == false
04-16 19:33:28.309660  1866 10250 E [Navi_Performance]: [ToolKit]: MainViewModel--onSpeedChanged activation == false
04-16 19:33:28.311287  2899  2912 I DVR     : |Binder:2899_1|DVRService RegisterManager onCarSensorDataChanged...unknown = 557844818 
04-16 19:33:28.312757  2949  2949 I BoschCarServiceImp: onCarSpeedChanged:  25.56
04-16 19:33:28.313465  2949  3403 I FeiYuOS_CarPropertyImp: NOTIFY_CAR_PROPERTY_MESSAGE_CHANGE ++++++++++++++++++++++++++++++
04-16 19:33:28.313515  2949  3403 I FeiYuOS_CarPropertyImp: notifyCarPropertyMessageChange propId: 106, propValue: 25.56
04-16 19:33:28.313659  1866  1866 I MXNavi-SystemTts-VoiceModel: onReceiveCarProperty i:106 s:25.56
04-16 19:33:28.313761  1866 10251 I MXNavi-MainViewModel: onSpeedChanged:92.016 mSpeed:0.0 isCounting:false isStopTime:false
04-16 19:33:28.313780  1866 10251 I [Activate]ActivateManager: isActivation Methods are called by the class MainViewModel onSpeedChanged batchActivateResult:106
04-16 19:33:28.313792  1866 10251 E MXNavi-[Navi_Performance]: [ToolKit]: MainViewModel--onSpeedChanged activation == false
04-16 19:33:28.313809  1866 10251 E [Navi_Performance]: [ToolKit]: MainViewModel--onSpeedChanged activation == false
04-16 19:33:28.314204  2846  2846 I ICommonBinder: speed=25.56caller uid = 1000 ,pid = 2846
04-16 19:33:28.314220  2846  2846 I ICarBinder: mIGearCallback.size=0
04-16 19:33:28.315290  2899  2912 I DVR     : |Binder:2899_1|DVRService RegisterManager onCarSensorDataChanged...unknown = 557844818 
04-16 19:33:28.316723  3161  3492 E FeatureSwitchStrategyManager: sceneNeedAction: start SCENE_DYNAMIC
04-16 19:33:28.319038  2737  2737 I CAR.VENDOR.AVM: onChange:newValue = CarPropertyValue{mPropertyId=0x21400470, mAreaId=0x0, mStatus=0, mTimestamp=1017793577213, mValue=0}
04-16 19:33:28.319426  1538  1538 I CAR.VENDOR.AVM: onChange:newValue = CarPropertyValue{mPropertyId=0x21400470, mAreaId=0x0, mStatus=0, mTimestamp=1017793577213, mValue=0}
04-16 19:33:28.319522  2356  2356 I BootPresenter: (-$$Lambda$Qut1UVg1Gu75cdlDy9b5jeBJWaU.java:2)bootQuickLogin---->puid = 0
04-16 19:33:28.320101  2356  2356 I BootPresenter: (-$$Lambda$Qut1UVg1Gu75cdlDy9b5jeBJWaU.java:2)bootAutoLogin---->500ms后重试 puid = 0 , faceId = 0 , isNetInited = false
04-16 19:33:28.351127  2615  3488 I SurfaceView: 91928240 Locking canvas... stopped=false, surfaceControl=Surface(name=SurfaceView - )/@0xfcae462
04-16 19:33:28.351348  2615  3488 I SurfaceView: 91928240 Returned canvas: android.view.Surface$CompatibleCanvas@5099929
04-16 19:33:28.355703  1349  1840 E Property.service: getProperty: propId is not in config list:0x21600202
04-16 19:33:28.382438  3161  5227 E FeatureSwitchManager: changeFeatureSwitch, algType:2,bitMask:1000,enable:false
04-16 19:33:28.382555  3161  5227 E TcpLibClient: 服务端端口: 10.0.0.34:5096, 指定服务端未连接
04-16 19:33:28.382662  3161  5227 E TcpManager: 与服务器连接已断开
04-16 19:33:28.382676  3161  3161 E IntelliSenseService: connect server close-> address:10.0.0.34
04-16 19:33:28.402546  2615  3488 I SurfaceView: 91928240 Locking canvas... stopped=false, surfaceControl=Surface(name=SurfaceView - )/@0xfcae462
04-16 19:33:28.403139  2615  3488 I SurfaceView: 91928240 Returned canvas: android.view.Surface$CompatibleCanvas@5099929
04-16 19:33:28.407599  2846  2846 I ICommonBinder: speed=0.0caller uid = 1000 ,pid = 2846
04-16 19:33:28.407659  2846  2846 I ICarBinder: mIGearCallback.size=0
04-16 19:33:28.407716  3161  3492 E FeatureSwitchStrategyManager: sceneNeedAction: start SCENE_STATIC
04-16 19:33:28.408029  2949  2949 I BoschCarServiceImp: onCarSpeedChanged:  0.0
04-16 19:33:28.408174  2949  3403 I FeiYuOS_CarPropertyImp: NOTIFY_CAR_PROPERTY_MESSAGE_CHANGE ++++++++++++++++++++++++++++++
04-16 19:33:28.408204  2949  3403 I FeiYuOS_CarPropertyImp: notifyCarPropertyMessageChange propId: 106, propValue: 0.0
04-16 19:33:28.408702  1866  1866 I MXNavi-SystemTts-VoiceModel: onReceiveCarProperty i:106 s:0.0
04-16 19:33:28.408833  2899  2912 I DVR     : |Binder:2899_1|DVRService RegisterManager onCarSensorDataChanged...unknown = 557844818 
04-16 19:33:28.408927  1866 10252 I MXNavi-MainViewModel: onSpeedChanged:0.0 mSpeed:0.0 isCounting:false isStopTime:false
04-16 19:33:28.408942  1866 10252 I [Activate]ActivateManager: isActivation Methods are called by the class MainViewModel onSpeedChanged batchActivateResult:106
04-16 19:33:28.408953  1866 10252 E MXNavi-[Navi_Performance]: [ToolKit]: MainViewModel--onSpeedChanged activation == false
04-16 19:33:28.408967  1866 10252 E [Navi_Performance]: [ToolKit]: MainViewModel--onSpeedChanged activation == false
04-16 19:33:28.410854  2949  2949 I BoschCarServiceImp: onCarSpeedChanged:  25.56
04-16 19:33:28.410997  2949  3403 I FeiYuOS_CarPropertyImp: NOTIFY_CAR_PROPERTY_MESSAGE_CHANGE ++++++++++++++++++++++++++++++
04-16 19:33:28.411023  2949  3403 I FeiYuOS_CarPropertyImp: notifyCarPropertyMessageChange propId: 106, propValue: 25.56
04-16 19:33:28.411309  1866  1866 I MXNavi-SystemTts-VoiceModel: onReceiveCarProperty i:106 s:25.56
04-16 19:33:28.411437  1866 10253 I MXNavi-MainViewModel: onSpeedChanged:92.016 mSpeed:0.0 isCounting:false isStopTime:false
04-16 19:33:28.411468  1866 10253 I [Activate]ActivateManager: isActivation Methods are called by the class MainViewModel onSpeedChanged batchActivateResult:106
04-16 19:33:28.411487  1866 10253 E MXNavi-[Navi_Performance]: [ToolKit]: MainViewModel--onSpeedChanged activation == false
04-16 19:33:28.411516  1866 10253 E [Navi_Performance]: [ToolKit]: MainViewModel--onSpeedChanged activation == false
04-16 19:33:28.411711  2846  2846 I ICommonBinder: speed=25.56caller uid = 1000 ,pid = 2846
04-16 19:33:28.411727  2846  2846 I ICarBinder: mIGearCallback.size=0
04-16 19:33:28.414622  2899  2912 I DVR     : |Binder:2899_1|DVRService RegisterManager onCarSensorDataChanged...unknown = 557844818 
04-16 19:33:28.417295  3161  3492 E FeatureSwitchStrategyManager: sceneNeedAction: start SCENE_DYNAMIC
04-16 19:33:28.427936  1538  1538 I CAR.VENDOR.AVM: onChange:newValue = CarPropertyValue{mPropertyId=0x21400470, mAreaId=0x0, mStatus=0, mTimestamp=1017902357057, mValue=0}
04-16 19:33:28.430588  2737  2737 I CAR.VENDOR.AVM: onChange:newValue = CarPropertyValue{mPropertyId=0x21400470, mAreaId=0x0, mStatus=0, mTimestamp=1017902357057, mValue=0}
04-16 19:33:28.454427  2615  3488 I SurfaceView: 91928240 Locking canvas... stopped=false, surfaceControl=Surface(name=SurfaceView - )/@0xfcae462
04-16 19:33:28.454651  2615  3488 I SurfaceView: 91928240 Returned canvas: android.view.Surface$CompatibleCanvas@5099929
04-16 19:33:28.484475  3161  5227 E FeatureSwitchManager: changeFeatureSwitch, algType:3,bitMask:1000,enable:false
04-16 19:33:28.484583  3161  5227 E TcpLibClient: 服务端端口: 10.0.0.34:5096, 指定服务端未连接
04-16 19:33:28.484647  3161  5227 E TcpManager: 与服务器连接已断开
04-16 19:33:28.484692  3161  3161 E IntelliSenseService: connect server close-> address:10.0.0.34
04-16 19:33:28.504916  2949  2949 I BoschCarServiceImp: onCarSpeedChanged:  0.0
04-16 19:33:28.505119  2949  3403 I FeiYuOS_CarPropertyImp: NOTIFY_CAR_PROPERTY_MESSAGE_CHANGE ++++++++++++++++++++++++++++++
04-16 19:33:28.505142  2949  3403 I FeiYuOS_CarPropertyImp: notifyCarPropertyMessageChange propId: 106, propValue: 0.0
04-16 19:33:28.505489  2846  2846 I ICommonBinder: speed=0.0caller uid = 1000 ,pid = 2846
04-16 19:33:28.505543  2846  2846 I ICarBinder: mIGearCallback.size=0
