04-16 19:33:35.608774  1866 10246 I [Activate]ActivateManager: isActivation Methods are called by the class MainViewModel onSpeedChanged batchActivateResult:106
04-16 19:33:35.608785  1866 10246 E MXNavi-[Navi_Performance]: [ToolKit]: MainViewModel--onSpeedChanged activation == false
04-16 19:33:35.608793  1866 10246 E [Navi_Performance]: [ToolKit]: MainViewModel--onSpeedChanged activation == false
04-16 19:33:35.609047  2899  3779 I DVR     : |Binder:2899_4|DVRService RegisterManager onCarSensorDataChanged...unknown = 557844818 
04-16 19:33:35.609147  3161  3492 E FeatureSwitchStrategyManager: sceneNeedAction: start SCENE_STATIC
04-16 19:33:35.609914  2949  2949 I BoschCarServiceImp: onCarSpeedChanged:  25.56
04-16 19:33:35.610034  2949  3403 I FeiYuOS_CarPropertyImp: NOTIFY_CAR_PROPERTY_MESSAGE_CHANGE ++++++++++++++++++++++++++++++
04-16 19:33:35.610070  2949  3403 I FeiYuOS_CarPropertyImp: notifyCarPropertyMessageChange propId: 106, propValue: 25.56
04-16 19:33:35.610450  1866  1866 I MXNavi-SystemTts-VoiceModel: onReceiveCarProperty i:106 s:25.56
04-16 19:33:35.610478  2846  2846 I ICommonBinder: speed=25.56caller uid = 1000 ,pid = 2846
04-16 19:33:35.610492  2846  2846 I ICarBinder: mIGearCallback.size=0
04-16 19:33:35.610533  1866 10247 I MXNavi-MainViewModel: onSpeedChanged:92.016 mSpeed:0.0 isCounting:false isStopTime:false
04-16 19:33:35.610550  1866 10247 I [Activate]ActivateManager: isActivation Methods are called by the class MainViewModel onSpeedChanged batchActivateResult:106
04-16 19:33:35.610562  1866 10247 E MXNavi-[Navi_Performance]: [ToolKit]: MainViewModel--onSpeedChanged activation == false
04-16 19:33:35.610568  1866 10247 E [Navi_Performance]: [ToolKit]: MainViewModel--onSpeedChanged activation == false
04-16 19:33:35.611614  2899  3779 I DVR     : |Binder:2899_4|DVRService RegisterManager onCarSensorDataChanged...unknown = 557844818 
04-16 19:33:35.616399  3161  3492 E FeatureSwitchStrategyManager: sceneNeedAction: start SCENE_DYNAMIC
04-16 19:33:35.622444  2615  3488 I SurfaceView: 91928240 Locking canvas... stopped=false, surfaceControl=Surface(name=SurfaceView - )/@0xfcae462
04-16 19:33:35.622887  2615  3488 I SurfaceView: 91928240 Returned canvas: android.view.Surface$CompatibleCanvas@5099929
04-16 19:33:35.660398  3161  5227 E FeatureSwitchManager: changeFeatureSwitch, algType:2,bitMask:1000,enable:false
04-16 19:33:35.660504  3161  5227 E TcpLibClient: 服务端端口: 10.0.0.34:5096, 指定服务端未连接
04-16 19:33:35.660548  3161  5227 E TcpManager: 与服务器连接已断开
04-16 19:33:35.660597  3161  3161 E IntelliSenseService: connect server close-> address:10.0.0.34
04-16 19:33:35.674871  2615  3488 I SurfaceView: 91928240 Locking canvas... stopped=false, surfaceControl=Surface(name=SurfaceView - )/@0xfcae462
04-16 19:33:35.675262  2615  3488 I SurfaceView: 91928240 Returned canvas: android.view.Surface$CompatibleCanvas@5099929
04-16 19:33:35.701516  2737  2737 I CAR.VENDOR.AVM: onChange:newValue = CarPropertyValue{mPropertyId=0x21400470, mAreaId=0x0, mStatus=0, mTimestamp=1025174721637, mValue=0}
04-16 19:33:35.702221  1538  1538 I CAR.VENDOR.AVM: onChange:newValue = CarPropertyValue{mPropertyId=0x21400470, mAreaId=0x0, mStatus=0, mTimestamp=1025174721637, mValue=0}
04-16 19:33:35.703013  2949  2949 I BoschCarServiceImp: onCarSpeedChanged:  0.0
04-16 19:33:35.703105  2949  3403 I FeiYuOS_CarPropertyImp: NOTIFY_CAR_PROPERTY_MESSAGE_CHANGE ++++++++++++++++++++++++++++++
04-16 19:33:35.703209  2949  3403 I FeiYuOS_CarPropertyImp: notifyCarPropertyMessageChange propId: 106, propValue: 0.0
04-16 19:33:35.703744  1866  1866 I MXNavi-SystemTts-VoiceModel: onReceiveCarProperty i:106 s:0.0
04-16 19:33:35.703807  1866 10248 I MXNavi-MainViewModel: onSpeedChanged:0.0 mSpeed:0.0 isCounting:false isStopTime:false
04-16 19:33:35.703820  1866 10248 I [Activate]ActivateManager: isActivation Methods are called by the class MainViewModel onSpeedChanged batchActivateResult:106
04-16 19:33:35.703829  1866 10248 E MXNavi-[Navi_Performance]: [ToolKit]: MainViewModel--onSpeedChanged activation == false
04-16 19:33:35.703835  1866 10248 E [Navi_Performance]: [ToolKit]: MainViewModel--onSpeedChanged activation == false
04-16 19:33:35.704126  3161  3492 E FeatureSwitchStrategyManager: sceneNeedAction: start SCENE_STATIC
04-16 19:33:35.704382  2846  2846 I ICommonBinder: speed=0.0caller uid = 1000 ,pid = 2846
04-16 19:33:35.704398  2846  2846 I ICarBinder: mIGearCallback.size=0
04-16 19:33:35.704781  2899  3779 I DVR     : |Binder:2899_4|DVRService RegisterManager onCarSensorDataChanged...unknown = 557844818 
04-16 19:33:35.717579  2949  2949 I BoschCarServiceImp: onCarSpeedChanged:  25.56
04-16 19:33:35.717749  2949  3403 I FeiYuOS_CarPropertyImp: NOTIFY_CAR_PROPERTY_MESSAGE_CHANGE ++++++++++++++++++++++++++++++
04-16 19:33:35.718022  2949  3403 I FeiYuOS_CarPropertyImp: notifyCarPropertyMessageChange propId: 106, propValue: 25.56
04-16 19:33:35.718351  2846  2846 I ICommonBinder: speed=25.56caller uid = 1000 ,pid = 2846
04-16 19:33:35.718367  2846  2846 I ICarBinder: mIGearCallback.size=0
04-16 19:33:35.718627  1866  1866 I MXNavi-SystemTts-VoiceModel: onReceiveCarProperty i:106 s:25.56
04-16 19:33:35.718719  1866 10250 I MXNavi-MainViewModel: onSpeedChanged:92.016 mSpeed:0.0 isCounting:false isStopTime:false
04-16 19:33:35.718738  1866 10250 I [Activate]ActivateManager: isActivation Methods are called by the class MainViewModel onSpeedChanged batchActivateResult:106
04-16 19:33:35.718748  1866 10250 E MXNavi-[Navi_Performance]: [ToolKit]: MainViewModel--onSpeedChanged activation == false
04-16 19:33:35.718766  1866 10250 E [Navi_Performance]: [ToolKit]: MainViewModel--onSpeedChanged activation == false
04-16 19:33:35.718960  2899  3779 I DVR     : |Binder:2899_4|DVRService RegisterManager onCarSensorDataChanged...unknown = 557844818 
04-16 19:33:35.719214  3161  3492 E FeatureSwitchStrategyManager: sceneNeedAction: start SCENE_DYNAMIC
04-16 19:33:35.728471  2615  3488 I SurfaceView: 91928240 Locking canvas... stopped=false, surfaceControl=Surface(name=SurfaceView - )/@0xfcae462
04-16 19:33:35.728808  2615  3488 I SurfaceView: 91928240 Returned canvas: android.view.Surface$CompatibleCanvas@5099929
04-16 19:33:35.762401  3161  5227 E FeatureSwitchManager: changeFeatureSwitch, algType:3,bitMask:1000,enable:false
04-16 19:33:35.762537  3161  5227 E TcpLibClient: 服务端端口: 10.0.0.34:5096, 指定服务端未连接
04-16 19:33:35.762594  3161  5227 E TcpManager: 与服务器连接已断开
04-16 19:33:35.762635  3161  3161 E IntelliSenseService: connect server close-> address:10.0.0.34
04-16 19:33:35.781460  2615  3488 I SurfaceView: 91928240 Locking canvas... stopped=false, surfaceControl=Surface(name=SurfaceView - )/@0xfcae462
04-16 19:33:35.781802  2615  3488 I SurfaceView: 91928240 Returned canvas: android.view.Surface$CompatibleCanvas@5099929
04-16 19:33:35.805157  2737  2737 I CAR.VENDOR.AVM: onChange:newValue = CarPropertyValue{mPropertyId=0x21400470, mAreaId=0x0, mStatus=0, mTimestamp=1025284970492, mValue=0}
04-16 19:33:35.805682  1538  1538 I CAR.VENDOR.AVM: onChange:newValue = CarPropertyValue{mPropertyId=0x21400470, mAreaId=0x0, mStatus=0, mTimestamp=1025284970492, mValue=0}
04-16 19:33:35.806634  2949  2949 I BoschCarServiceImp: onCarSpeedChanged:  0.0
04-16 19:33:35.806860  2949  3403 I FeiYuOS_CarPropertyImp: NOTIFY_CAR_PROPERTY_MESSAGE_CHANGE ++++++++++++++++++++++++++++++
04-16 19:33:35.806942  2949  3403 I FeiYuOS_CarPropertyImp: notifyCarPropertyMessageChange propId: 106, propValue: 0.0
04-16 19:33:35.807101  2846  2846 I ICommonBinder: speed=0.0caller uid = 1000 ,pid = 2846
04-16 19:33:35.807118  2846  2846 I ICarBinder: mIGearCallback.size=0
04-16 19:33:35.807576  3161  3492 E FeatureSwitchStrategyManager: sceneNeedAction: start SCENE_STATIC
04-16 19:33:35.807810  2899  3779 I DVR     : |Binder:2899_4|DVRService RegisterManager onCarSensorDataChanged...unknown = 557844818 
04-16 19:33:35.807846  1866  1866 I MXNavi-SystemTts-VoiceModel: onReceiveCarProperty i:106 s:0.0
04-16 19:33:35.807931  1866 10249 I MXNavi-MainViewModel: onSpeedChanged:0.0 mSpeed:0.0 isCounting:false isStopTime:false
04-16 19:33:35.807956  1866 10249 I [Activate]ActivateManager: isActivation Methods are called by the class MainViewModel onSpeedChanged batchActivateResult:106
04-16 19:33:35.807970  1866 10249 E MXNavi-[Navi_Performance]: [ToolKit]: MainViewModel--onSpeedChanged activation == false
04-16 19:33:35.808009  1866 10249 E [Navi_Performance]: [ToolKit]: MainViewModel--onSpeedChanged activation == false
04-16 19:33:35.808701  2949  2949 I BoschCarServiceImp: onCarSpeedChanged:  25.56
04-16 19:33:35.808934  2949  3403 I FeiYuOS_CarPropertyImp: NOTIFY_CAR_PROPERTY_MESSAGE_CHANGE ++++++++++++++++++++++++++++++
04-16 19:33:35.808973  2949  3403 I FeiYuOS_CarPropertyImp: notifyCarPropertyMessageChange propId: 106, propValue: 25.56
04-16 19:33:35.809502  1866  1866 I MXNavi-SystemTts-VoiceModel: onReceiveCarProperty i:106 s:25.56
04-16 19:33:35.809562  1866 10251 I MXNavi-MainViewModel: onSpeedChanged:92.016 mSpeed:0.0 isCounting:false isStopTime:false
04-16 19:33:35.809579  1866 10251 I [Activate]ActivateManager: isActivation Methods are called by the class MainViewModel onSpeedChanged batchActivateResult:106
04-16 19:33:35.809590  1866 10251 E MXNavi-[Navi_Performance]: [ToolKit]: MainViewModel--onSpeedChanged activation == false
04-16 19:33:35.809595  1866 10251 E [Navi_Performance]: [ToolKit]: MainViewModel--onSpeedChanged activation == false
04-16 19:33:35.809753  2846  2846 I ICommonBinder: speed=25.56caller uid = 1000 ,pid = 2846
04-16 19:33:35.809768  2846  2846 I ICarBinder: mIGearCallback.size=0
04-16 19:33:35.810341  2899  3779 I DVR     : |Binder:2899_4|DVRService RegisterManager onCarSensorDataChanged...unknown = 557844818 
04-16 19:33:35.814897  3161  3492 E FeatureSwitchStrategyManager: sceneNeedAction: start SCENE_DYNAMIC
04-16 19:33:35.834462  2615  3488 I SurfaceView: 91928240 Locking canvas... stopped=false, surfaceControl=Surface(name=SurfaceView - )/@0xfcae462
04-16 19:33:35.834821  2615  3488 I SurfaceView: 91928240 Returned canvas: android.view.Surface$CompatibleCanvas@5099929
04-16 19:33:35.860543  2356  2356 I BootPresenter: (-$$Lambda$Qut1UVg1Gu75cdlDy9b5jeBJWaU.java:2)bootQuickLogin---->puid = 0
04-16 19:33:35.861117  2356  2356 I BootPresenter: (-$$Lambda$Qut1UVg1Gu75cdlDy9b5jeBJWaU.java:2)bootAutoLogin---->500ms后重试 puid = 0 , faceId = 0 , isNetInited = false
04-16 19:33:35.863647  3161  5227 E FeatureSwitchManager: changeFeatureSwitch, algType:1,bitMask:1000,enable:true
04-16 19:33:35.863742  3161  5227 E TcpLibClient: 服务端端口: 10.0.0.34:5096, 指定服务端未连接
04-16 19:33:35.863791  3161  5227 E TcpManager: 与服务器连接已断开
04-16 19:33:35.863831  3161  3161 E IntelliSenseService: connect server close-> address:10.0.0.34
04-16 19:33:35.886039  2615  3488 I SurfaceView: 91928240 Locking canvas... stopped=false, surfaceControl=Surface(name=SurfaceView - )/@0xfcae462
04-16 19:33:35.886689  2615  3488 I SurfaceView: 91928240 Returned canvas: android.view.Surface$CompatibleCanvas@5099929
04-16 19:33:35.898179  1093  1109 E u-blox  : ublox::CGnssMeasurementExtension::navMeasurementUpdate: GnssMeasurementExtension callback is not initialized
04-16 19:33:35.904534  2949  2949 I BoschCarServiceImp: onCarSpeedChanged:  0.0
04-16 19:33:35.904804  2949  3403 I FeiYuOS_CarPropertyImp: NOTIFY_CAR_PROPERTY_MESSAGE_CHANGE ++++++++++++++++++++++++++++++
04-16 19:33:35.904842  2949  3403 I FeiYuOS_CarPropertyImp: notifyCarPropertyMessageChange propId: 106, propValue: 0.0
04-16 19:33:35.905409  2846  2846 I ICommonBinder: speed=0.0caller uid = 1000 ,pid = 2846
04-16 19:33:35.905426  2846  2846 I ICarBinder: mIGearCallback.size=0
04-16 19:33:35.905705  2899  3779 I DVR     : |Binder:2899_4|DVRService RegisterManager onCarSensorDataChanged...unknown = 557844818 
04-16 19:33:35.906249  3161  3492 E FeatureSwitchStrategyManager: sceneNeedAction: start SCENE_STATIC
04-16 19:33:35.906338  1866  1866 I MXNavi-SystemTts-VoiceModel: onReceiveCarProperty i:106 s:0.0
04-16 19:33:35.906448  1866 10252 I MXNavi-MainViewModel: onSpeedChanged:0.0 mSpeed:0.0 isCounting:false isStopTime:false
04-16 19:33:35.906467  1866 10252 I [Activate]ActivateManager: isActivation Methods are called by the class MainViewModel onSpeedChanged batchActivateResult:106
04-16 19:33:35.906480  1866 10252 E MXNavi-[Navi_Performance]: [ToolKit]: MainViewModel--onSpeedChanged activation == false
04-16 19:33:35.906476  2949  2949 I BoschCarServiceImp: onCarSpeedChanged:  25.56
04-16 19:33:35.906487  1866 10252 E [Navi_Performance]: [ToolKit]: MainViewModel--onSpeedChanged activation == false
04-16 19:33:35.906751  3090  3873 W KwHttpRunnable: [KuwoMusic(sdk_kedaxunfei2.7.1.7)]callBack code: 0 message: success extra: null
04-16 19:33:35.906957  2949  3403 I FeiYuOS_CarPropertyImp: NOTIFY_CAR_PROPERTY_MESSAGE_CHANGE ++++++++++++++++++++++++++++++
04-16 19:33:35.907493  3090  3090 I AbstractHttpObserver: onNext() code = 0
04-16 19:33:35.908960  2949  3403 I FeiYuOS_CarPropertyImp: notifyCarPropertyMessageChange propId: 106, propValue: 25.56
04-16 19:33:35.909233  1866  1866 I MXNavi-SystemTts-VoiceModel: onReceiveCarProperty i:106 s:25.56
04-16 19:33:35.909394  1866 10253 I MXNavi-MainViewModel: onSpeedChanged:92.016 mSpeed:0.0 isCounting:false isStopTime:false
04-16 19:33:35.909413  1866 10253 I [Activate]ActivateManager: isActivation Methods are called by the class MainViewModel onSpeedChanged batchActivateResult:106
04-16 19:33:35.909425  1866 10253 E MXNavi-[Navi_Performance]: [ToolKit]: MainViewModel--onSpeedChanged activation == false
04-16 19:33:35.909431  1866 10253 E [Navi_Performance]: [ToolKit]: MainViewModel--onSpeedChanged activation == false
04-16 19:33:35.914649  2899  3779 I DVR     : |Binder:2899_4|DVRService RegisterManager onCarSensorDataChanged...unknown = 557844818 
04-16 19:33:35.915609  2846  2846 I ICommonBinder: speed=25.56caller uid = 1000 ,pid = 2846
04-16 19:33:35.915626  2846  2846 I ICarBinder: mIGearCallback.size=0
04-16 19:33:35.916749  3161  3492 E FeatureSwitchStrategyManager: sceneNeedAction: start SCENE_DYNAMIC
04-16 19:33:35.919846  3090  9656 I KwApi   : [KuwoMusic(sdk_kedaxunfei2.7.1.7)]fetchImage  invoked music 85595508 name: 世界这么大还是遇见你 playfree: false download free: false path:  duration: 237
04-16 19:33:35.919904  3090  9656 I ListenerWrap: cn.kuwo.open.ListenerWrap$StrongReferenceListenerWrap@c91ab8fsetListener: com.iflytek.autofly.entadapter.cpsp.kuwo.repository.remote.KuWoMusicRepository$9@be5ce1c
04-16 19:33:35.920043  3090  9656 I DeviceUtils: [KuwoMusic(sdk_kedaxunfei2.7.1.7)]getVinCode:c2RrX2tlZGF4dW5mZWlfZDY1YzViY2Rf
04-16 19:33:35.920078  3090  9656 I ad      : [KuwoMusic(sdk_kedaxunfei2.7.1.7)]vinCode: c2RrX2tlZGF4dW5mZWlfZDY1YzViY2Rf
04-16 19:33:35.920101  3090  9656 I KwApi   : [KuwoMusic(sdk_kedaxunfei2.7.1.7)]checkValid valid
04-16 19:33:35.920214  3090  9656 I KwApi   : [KuwoMusic(sdk_kedaxunfei2.7.1.7)]fetchImagemusic 85595508 name: 世界这么大还是遇见你 playfree: false download free: false path:  duration: 237size: SIZE_320
04-16 19:33:35.921173  3090  3873 I HttpSession: [KuwoMusic(sdk_kedaxunfei2.7.1.7)]http url=http://artistpicserver.kuwo.cn/pic.web?user=151481053498&randomcode=151481053498&prod=kwplayercar_ar_2.7.1.7&corp=kuwo&source=kwplayercar_ar_2.7.1.7_sdk_kedaxunfei.apk&carSource=kwplayercar_ar_2.7.1.7_sdk_kedaxunfei.apk&q36=19b80670ea68e405e7a30304100010518304&res_https=0&type=rid_pic&pictype=url&content=list&size=320&rid=85595508&songname=%E4%B8%96%E7%95%8C%E8%BF%99%E4%B9%88%E5%A4%A7%E8%BF%98%E6%98%AF%E9%81%87%E8%A7%81%E4%BD%A0&artist=%E7%A8%8B%E5%93%8D&album=%E6%B8%85%E6%96%B0%E7%9A%84%E5%B0%8F%E5%A5%B3%E5%AD%A9+%28%E4%B8%AD%E6%96%87%E7%89%88%29
04-16 19:33:35.921335  3090  3873 I HttpSession: [KuwoMusic(sdk_kedaxunfei2.7.1.7)]测试getHost 1 host:artistpicserver.kuwo.cn
04-16 19:33:35.923220  1538  1538 I CAR.VENDOR.AVM: onChange:newValue = CarPropertyValue{mPropertyId=0x21400470, mAreaId=0x0, mStatus=0, mTimestamp=1025397704189, mValue=0}
04-16 19:33:35.923325  2737  2737 I CAR.VENDOR.AVM: onChange:newValue = CarPropertyValue{mPropertyId=0x21400470, mAreaId=0x0, mStatus=0, mTimestamp=1025397704189, mValue=0}
04-16 19:33:35.924698  3090  3873 I HttpUtil: [KuwoMusic(sdk_kedaxunfei2.7.1.7)]测试getHost 4 host:artistpicserver.kuwo.cn serverIp:49.7.249.176
04-16 19:33:35.939509  2615  3488 I SurfaceView: 91928240 Locking canvas... stopped=false, surfaceControl=Surface(name=SurfaceView - )/@0xfcae462
04-16 19:33:35.939940  2615  3488 I SurfaceView: 91928240 Returned canvas: android.view.Surface$CompatibleCanvas@5099929
04-16 19:33:35.964361  3161  5227 E FeatureSwitchManager: changeFeatureSwitch, algType:2,bitMask:1000,enable:true
04-16 19:33:35.964504  3161  5227 E TcpLibClient: 服务端端口: 10.0.0.34:5096, 指定服务端未连接
04-16 19:33:35.964553  3161  5227 E TcpManager: 与服务器连接已断开
04-16 19:33:35.964592  3161  3161 E IntelliSenseService: connect server close-> address:10.0.0.34
04-16 19:33:35.991526  2615  3488 I SurfaceView: 91928240 Locking canvas... stopped=false, surfaceControl=Surface(name=SurfaceView - )/@0xfcae462
04-16 19:33:35.991986  2615  3488 I SurfaceView: 91928240 Returned canvas: android.view.Surface$CompatibleCanvas@5099929
04-16 19:33:35.997338  1093  1109 I u-blox  : CAndroidDatabase::CommitSvStatus: reportSvStatus
04-16 19:33:35.997667  1163  1453 I GnssLocationProvider: WakeLock acquired by sendMessage(REPORT_SV_STATUS, 0, com.android.server.location.GnssLocationProvider$SvStatusInfo@5b05238)
04-16 19:33:35.998107  1163  1177 I GnssLocationProvider: WakeLock released by handleMessage(REPORT_SV_STATUS, 0, com.android.server.location.GnssLocationProvider$SvStatusInfo@5b05238)
--------- switch to system
04-16 19:33:35.333502  2839  3567 I chatty  : uid=1000(system) ReverseManagerA identical 8 lines
04-16 19:33:35.835502  2839  3567 W ContextImpl: Calling a method in the system process without a qualified user: android.app.ContextImpl.bindService:1611 android.content.ContextWrapper.bindService:698 com.gxa.service.camera.ReverseManager.connectCameraService:352 com.gxa.service.camera.ReverseManager.asyncHandleMessage:276 com.gxa.service.camera.ReverseManager.access$100:44 
04-16 19:33:35.998803  2584  3693 W ContextImpl: Calling a method in the system process without a qualified user: android.app.ContextImpl.sendBroadcast:1005 android.content.ContextWrapper.sendBroadcast:444 com.iflytek.auto.speechclient.sdk.guide.GuideManager.sendGuideBc:229 com.iflytek.auto.speechclient.sdk.guide.GuideManager.access$200:22 com.iflytek.auto.speechclient.sdk.guide.GuideManager$1.onTick:171 
--------- switch to main
04-16 19:33:35.999343  1866  2289 I MXNavi-PosManager: GpsSatellite num is 2
04-16 19:33:36.005213  2949  2949 I BoschCarServiceImp: onCarSpeedChanged:  0.0
04-16 19:33:36.005340  2949  3403 I FeiYuOS_CarPropertyImp: NOTIFY_CAR_PROPERTY_MESSAGE_CHANGE ++++++++++++++++++++++++++++++
04-16 19:33:36.005428  2949  3403 I FeiYuOS_CarPropertyImp: notifyCarPropertyMessageChange propId: 106, propValue: 0.0
04-16 19:33:36.005640  2846  2846 I ICommonBinder: speed=0.0caller uid = 1000 ,pid = 2846
04-16 19:33:36.005656  2846  2846 I ICarBinder: mIGearCallback.size=0
04-16 19:33:36.006271  3161  3492 E FeatureSwitchStrategyManager: sceneNeedAction: start SCENE_STATIC
04-16 19:33:36.006433  2899  3779 I DVR     : |Binder:2899_4|DVRService RegisterManager onCarSensorDataChanged...unknown = 557844818 
04-16 19:33:36.006529  1866  1866 I MXNavi-SystemTts-VoiceModel: onReceiveCarProperty i:106 s:0.0
04-16 19:33:36.006666  1866 10254 I MXNavi-MainViewModel: onSpeedChanged:0.0 mSpeed:0.0 isCounting:false isStopTime:false
04-16 19:33:36.006684  1866 10254 I [Activate]ActivateManager: isActivation Methods are called by the class MainViewModel onSpeedChanged batchActivateResult:106
04-16 19:33:36.006696  1866 10254 E MXNavi-[Navi_Performance]: [ToolKit]: MainViewModel--onSpeedChanged activation == false
04-16 19:33:36.006702  1866 10254 E [Navi_Performance]: [ToolKit]: MainViewModel--onSpeedChanged activation == false
04-16 19:33:36.013456  2615  2615 I LdwWindowT60: needShow: result = true
04-16 19:33:36.021162  2949  2949 I BoschCarServiceImp: onCarSpeedChanged:  25.56
04-16 19:33:36.021465  2949  3403 I FeiYuOS_CarPropertyImp: NOTIFY_CAR_PROPERTY_MESSAGE_CHANGE ++++++++++++++++++++++++++++++
04-16 19:33:36.021519  2949  3403 I FeiYuOS_CarPropertyImp: notifyCarPropertyMessageChange propId: 106, propValue: 25.56
04-16 19:33:36.021700  2846  2846 I ICommonBinder: speed=25.56caller uid = 1000 ,pid = 2846
04-16 19:33:36.021716  2846  2846 I ICarBinder: mIGearCallback.size=0
04-16 19:33:36.022472  2899  3779 I DVR     : |Binder:2899_4|DVRService RegisterManager onCarSensorDataChanged...unknown = 557844818 
04-16 19:33:36.022741  3161  3492 E FeatureSwitchStrategyManager: sceneNeedAction: start SCENE_DYNAMIC
04-16 19:33:36.022915  1866  1866 I MXNavi-SystemTts-VoiceModel: onReceiveCarProperty i:106 s:25.56
04-16 19:33:36.022998  1866 10256 I MXNavi-MainViewModel: onSpeedChanged:92.016 mSpeed:0.0 isCounting:false isStopTime:false
04-16 19:33:36.023015  1866 10256 I [Activate]ActivateManager: isActivation Methods are called by the class MainViewModel onSpeedChanged batchActivateResult:106
04-16 19:33:36.023027  1866 10256 E MXNavi-[Navi_Performance]: [ToolKit]: MainViewModel--onSpeedChanged activation == false
04-16 19:33:36.023032  1866 10256 E [Navi_Performance]: [ToolKit]: MainViewModel--onSpeedChanged activation == false
04-16 19:33:36.035497  2737  2737 I CAR.VENDOR.AVM: onChange:newValue = CarPropertyValue{mPropertyId=0x21400470, mAreaId=0x0, mStatus=0, mTimestamp=1025505590752, mValue=0}
04-16 19:33:36.035612  1538  1538 I CAR.VENDOR.AVM: onChange:newValue = CarPropertyValue{mPropertyId=0x21400470, mAreaId=0x0, mStatus=0, mTimestamp=1025505590752, mValue=0}
04-16 19:33:36.044388  2615  3488 I SurfaceView: 91928240 Locking canvas... stopped=false, surfaceControl=Surface(name=SurfaceView - )/@0xfcae462
04-16 19:33:36.044650  2615  3488 I SurfaceView: 91928240 Returned canvas: android.view.Surface$CompatibleCanvas@5099929
04-16 19:33:36.065379  3161  5227 E FeatureSwitchManager: changeFeatureSwitch, algType:3,bitMask:1000,enable:true
04-16 19:33:36.065502  3161  5227 E TcpLibClient: 服务端端口: 10.0.0.34:5096, 指定服务端未连接
04-16 19:33:36.065578  3161  5227 E TcpManager: 与服务器连接已断开
04-16 19:33:36.065618  3161  3161 E IntelliSenseService: connect server close-> address:10.0.0.34
04-16 19:33:36.092015  3090  3873 I KwApi   : [KuwoMusic(sdk_kedaxunfei2.7.1.7)]fetchImage fetch httpResult: true data: http://img1.kwcdn.kuwo.cn/star/albumcover/320/97/97/279043098.jpg
04-16 19:33:36.092274  3090  3090 I KwApi   : [KuwoMusic(sdk_kedaxunfei2.7.1.7)]onFetched SUCCESS message: 获取成功
04-16 19:33:36.092294  3090  3090 I KuWoMusicRepository: onFetched(state:SUCCESS,message:获取成功,imageUrl:http://img1.kwcdn.kuwo.cn/star/albumcover/320/97/97/279043098.jpg)
04-16 19:33:36.092470  3090  3090 I AbstractHttpObserver: onNext() code = 0
04-16 19:33:36.092722  1916  1916 I CarViceLauncher: YueTingCardPresenter updateCardView-DayRecommendCoverPic=http://img1.kwcdn.kuwo.cn/star/albumcover/320/97/97/279043098.jpg
04-16 19:33:36.092765  1916  1916 I CarViceLauncher: YueTingCardView updateDayRecommendCoverPic--dayRecommendCoverPic:http://img1.kwcdn.kuwo.cn/star/albumcover/320/97/97/279043098.jpg
04-16 19:33:36.092780  1916  1916 I CarViceLauncher: YueTingCardView state==SUCCESS,url==http://img1.kwcdn.kuwo.cn/star/albumcover/320/97/97/279043098.jpg
04-16 19:33:36.096385  2615  3488 I SurfaceView: 91928240 Locking canvas... stopped=false, surfaceControl=Surface(name=SurfaceView - )/@0xfcae462
04-16 19:33:36.096626  2615  3488 I SurfaceView: 91928240 Returned canvas: android.view.Surface$CompatibleCanvas@5099929
04-16 19:33:36.118625  2949  2949 I BoschCarServiceImp: onCarSpeedChanged:  0.0
04-16 19:33:36.119054  2846  2846 I ICommonBinder: speed=0.0caller uid = 1000 ,pid = 2846
04-16 19:33:36.119155  2846  2846 I ICarBinder: mIGearCallback.size=0
04-16 19:33:36.120294  2899  3779 I DVR     : |Binder:2899_4|DVRService RegisterManager onCarSensorDataChanged...unknown = 557844818 
04-16 19:33:36.120762  2949  3403 I FeiYuOS_CarPropertyImp: NOTIFY_CAR_PROPERTY_MESSAGE_CHANGE ++++++++++++++++++++++++++++++
04-16 19:33:36.120808  2949  3403 I FeiYuOS_CarPropertyImp: notifyCarPropertyMessageChange propId: 106, propValue: 0.0
04-16 19:33:36.121310  2949  2949 I BoschCarServiceImp: onCarSpeedChanged:  25.56
04-16 19:33:36.121834  2846  2846 I ICommonBinder: speed=25.56caller uid = 1000 ,pid = 2846
04-16 19:33:36.121860  2846  2846 I ICarBinder: mIGearCallback.size=0
04-16 19:33:36.121916  1866  1866 I MXNavi-SystemTts-VoiceModel: onReceiveCarProperty i:106 s:0.0
04-16 19:33:36.122117  2899  3779 I DVR     : |Binder:2899_4|DVRService RegisterManager onCarSensorDataChanged...unknown = 557844818 
04-16 19:33:36.122125  1866 10242 I MXNavi-MainViewModel: onSpeedChanged:0.0 mSpeed:0.0 isCounting:false isStopTime:false
04-16 19:33:36.122147  1866 10242 I [Activate]ActivateManager: isActivation Methods are called by the class MainViewModel onSpeedChanged batchActivateResult:106
04-16 19:33:36.122164  1866 10242 E MXNavi-[Navi_Performance]: [ToolKit]: MainViewModel--onSpeedChanged activation == false
04-16 19:33:36.122189  1866 10242 E [Navi_Performance]: [ToolKit]: MainViewModel--onSpeedChanged activation == false
04-16 19:33:36.122329  3161  3492 E FeatureSwitchStrategyManager: sceneNeedAction: start SCENE_STATIC
04-16 19:33:36.122408  2949  3403 I FeiYuOS_CarPropertyImp: NOTIFY_CAR_PROPERTY_MESSAGE_CHANGE ++++++++++++++++++++++++++++++
04-16 19:33:36.122451  2949  3403 I FeiYuOS_CarPropertyImp: notifyCarPropertyMessageChange propId: 106, propValue: 25.56
04-16 19:33:36.122886  1866  1866 I MXNavi-SystemTts-VoiceModel: onReceiveCarProperty i:106 s:25.56
04-16 19:33:36.122978  1866 10255 I MXNavi-MainViewModel: onSpeedChanged:92.016 mSpeed:0.0 isCounting:false isStopTime:false
04-16 19:33:36.123011  1866 10255 I [Activate]ActivateManager: isActivation Methods are called by the class MainViewModel onSpeedChanged batchActivateResult:106
04-16 19:33:36.123030  1866 10255 E MXNavi-[Navi_Performance]: [ToolKit]: MainViewModel--onSpeedChanged activation == false
04-16 19:33:36.123045  1866 10255 E [Navi_Performance]: [ToolKit]: MainViewModel--onSpeedChanged activation == false
04-16 19:33:36.125014  3090  4016 I KwHttpRunnable: [KuwoMusic(sdk_kedaxunfei2.7.1.7)] startCheckTimeout waiting timeout running:false
04-16 19:33:36.131501  3161  3492 E FeatureSwitchStrategyManager: sceneNeedAction: start SCENE_DYNAMIC
04-16 19:33:36.141214  2737  2737 I CAR.VENDOR.AVM: onChange:newValue = CarPropertyValue{mPropertyId=0x21400470, mAreaId=0x0, mStatus=0, mTimestamp=1025614583564, mValue=0}
04-16 19:33:36.141393  1538  1538 I CAR.VENDOR.AVM: onChange:newValue = CarPropertyValue{mPropertyId=0x21400470, mAreaId=0x0, mStatus=0, mTimestamp=1025614583564, mValue=0}
04-16 19:33:36.147406  2615  3488 I SurfaceView: 91928240 Locking canvas... stopped=false, surfaceControl=Surface(name=SurfaceView - )/@0xfcae462
04-16 19:33:36.147664  2615  3488 I SurfaceView: 91928240 Returned canvas: android.view.Surface$CompatibleCanvas@5099929
04-16 19:33:36.166949  3161  5227 E FeatureSwitchManager: changeFeatureSwitch, algType:1,bitMask:1000,enable:false
04-16 19:33:36.167074  3161  5227 E TcpLibClient: 服务端端口: 10.0.0.34:5096, 指定服务端未连接
04-16 19:33:36.167142  3161  5227 E TcpManager: 与服务器连接已断开
04-16 19:33:36.167214  3161  3161 E IntelliSenseService: connect server close-> address:10.0.0.34
04-16 19:33:36.198911  2615  3488 I SurfaceView: 91928240 Locking canvas... stopped=false, surfaceControl=Surface(name=SurfaceView - )/@0xfcae462
04-16 19:33:36.199179  2615  3488 I SurfaceView: 91928240 Returned canvas: android.view.Surface$CompatibleCanvas@5099929
04-16 19:33:36.212966  2949  2949 I BoschCarServiceImp: onCarSpeedChanged:  0.0
04-16 19:33:36.213122  2949  3403 I FeiYuOS_CarPropertyImp: NOTIFY_CAR_PROPERTY_MESSAGE_CHANGE ++++++++++++++++++++++++++++++
04-16 19:33:36.213158  2949  3403 I FeiYuOS_CarPropertyImp: notifyCarPropertyMessageChange propId: 106, propValue: 0.0
04-16 19:33:36.213745  2846  2846 I ICommonBinder: speed=0.0caller uid = 1000 ,pid = 2846
04-16 19:33:36.213932  2846  2846 I ICarBinder: mIGearCallback.size=0
04-16 19:33:36.214367  2899  3779 I DVR     : |Binder:2899_4|DVRService RegisterManager onCarSensorDataChanged...unknown = 557844818 
04-16 19:33:36.214926  1866  1866 I MXNavi-SystemTts-VoiceModel: onReceiveCarProperty i:106 s:0.0
04-16 19:33:36.215003  1866 10243 I MXNavi-MainViewModel: onSpeedChanged:0.0 mSpeed:0.0 isCounting:false isStopTime:false
04-16 19:33:36.215019  1866 10243 I [Activate]ActivateManager: isActivation Methods are called by the class MainViewModel onSpeedChanged batchActivateResult:106
04-16 19:33:36.215031  1866 10243 E MXNavi-[Navi_Performance]: [ToolKit]: MainViewModel--onSpeedChanged activation == false
04-16 19:33:36.215036  1866 10243 E [Navi_Performance]: [ToolKit]: MainViewModel--onSpeedChanged activation == false
04-16 19:33:36.215122  3161  3492 E FeatureSwitchStrategyManager: sceneNeedAction: start SCENE_STATIC
04-16 19:33:36.215459  2949  2949 I BoschCarServiceImp: onCarSpeedChanged:  25.56
04-16 19:33:36.215612  2949  3403 I FeiYuOS_CarPropertyImp: NOTIFY_CAR_PROPERTY_MESSAGE_CHANGE ++++++++++++++++++++++++++++++
04-16 19:33:36.215649  2949  3403 I FeiYuOS_CarPropertyImp: notifyCarPropertyMessageChange propId: 106, propValue: 25.56
04-16 19:33:36.215870  1866  1866 I MXNavi-SystemTts-VoiceModel: onReceiveCarProperty i:106 s:25.56
04-16 19:33:36.215989  2846  2846 I ICommonBinder: speed=25.56caller uid = 1000 ,pid = 2846
04-16 19:33:36.216020  1866 10245 I MXNavi-MainViewModel: onSpeedChanged:92.016 mSpeed:0.0 isCounting:false isStopTime:false
04-16 19:33:36.216038  2846  2846 I ICarBinder: mIGearCallback.size=0
04-16 19:33:36.216050  1866 10245 I [Activate]ActivateManager: isActivation Methods are called by the class MainViewModel onSpeedChanged batchActivateResult:106
04-16 19:33:36.216064  1866 10245 E MXNavi-[Navi_Performance]: [ToolKit]: MainViewModel--onSpeedChanged activation == false
04-16 19:33:36.216073  1866 10245 E [Navi_Performance]: [ToolKit]: MainViewModel--onSpeedChanged activation == false
04-16 19:33:36.217712  2899  3779 I DVR     : |Binder:2899_4|DVRService RegisterManager onCarSensorDataChanged...unknown = 557844818 
04-16 19:33:36.221579  3161  3492 E carSpeedChanged: carSpeedChanged 25.56
04-16 19:33:36.221634  3161  3492 E judgeAllSceneStrategy: current speed = 92.016 mCurrentScene =0
04-16 19:33:36.221647  3161  3492 E FeatureSwitchStrategyManager: sceneNeedAction: start SCENE_DYNAMIC
04-16 19:33:36.242047  1866  1866 I MXNavi-onNmeaMessage GPGGA = : s = $GPGGA,,,,,,0,,,,,,,,*66\r
04-16 19:33:36.242080  1866  1866 I MXNavi-onNmeaMessage GPRMC = : s = $GPRMC,,V,,,,,,,,,,N*53
04-16 19:33:36.250551  2615  3488 I SurfaceView: 91928240 Locking canvas... stopped=false, surfaceControl=Surface(name=SurfaceView - )/@0xfcae462
04-16 19:33:36.250807  2615  3488 I SurfaceView: 91928240 Returned canvas: android.view.Surface$CompatibleCanvas@5099929
04-16 19:33:36.251050  2737  2737 I CAR.VENDOR.AVM: onChange:newValue = CarPropertyValue{mPropertyId=0x21400470, mAreaId=0x0, mStatus=0, mTimestamp=1025726057366, mValue=0}
04-16 19:33:36.251187  1538  1538 I CAR.VENDOR.AVM: onChange:newValue = CarPropertyValue{mPropertyId=0x21400470, mAreaId=0x0, mStatus=0, mTimestamp=1025726057366, mValue=0}
04-16 19:33:36.267363  3161  5227 E FeatureSwitchManager: changeFeatureSwitch, algType:2,bitMask:1000,enable:false
04-16 19:33:36.267501  3161  5227 E TcpLibClient: 服务端端口: 10.0.0.34:5096, 指定服务端未连接
04-16 19:33:36.267550  3161  5227 E TcpManager: 与服务器连接已断开
04-16 19:33:36.267590  3161  3161 E IntelliSenseService: connect server close-> address:10.0.0.34
04-16 19:33:36.302869  2615  3488 I SurfaceView: 91928240 Locking canvas... stopped=false, surfaceControl=Surface(name=SurfaceView - )/@0xfcae462
04-16 19:33:36.303109  2615  3488 I SurfaceView: 91928240 Returned canvas: android.view.Surface$CompatibleCanvas@5099929
04-16 19:33:36.308855  2949  2949 I BoschCarServiceImp: onCarSpeedChanged:  0.0
04-16 19:33:36.309159  2949  3403 I FeiYuOS_CarPropertyImp: NOTIFY_CAR_PROPERTY_MESSAGE_CHANGE ++++++++++++++++++++++++++++++
04-16 19:33:36.309197  2949  3403 I FeiYuOS_CarPropertyImp: notifyCarPropertyMessageChange propId: 106, propValue: 0.0
04-16 19:33:36.309271  2846  2846 I ICommonBinder: speed=0.0caller uid = 1000 ,pid = 2846
04-16 19:33:36.309288  2846  2846 I ICarBinder: mIGearCallback.size=0
04-16 19:33:36.309467  2899  3779 I DVR     : |Binder:2899_4|DVRService RegisterManager onCarSensorDataChanged...unknown = 557844818 
04-16 19:33:36.310909  2949  2949 I BoschCarServiceImp: onCarSpeedChanged:  25.56
04-16 19:33:36.312041  3161  3492 E FeatureSwitchStrategyManager: sceneNeedAction: start SCENE_STATIC
04-16 19:33:36.312516  1866  1866 I MXNavi-SystemTts-VoiceModel: onReceiveCarProperty i:106 s:0.0
04-16 19:33:36.312766  1866 10244 I MXNavi-MainViewModel: onSpeedChanged:0.0 mSpeed:0.0 isCounting:false isStopTime:false
04-16 19:33:36.312884  2846  2846 I ICommonBinder: speed=25.56caller uid = 1000 ,pid = 2846
04-16 19:33:36.312900  2846  2846 I ICarBinder: mIGearCallback.size=0
04-16 19:33:36.313736  2949  3403 I FeiYuOS_CarPropertyImp: NOTIFY_CAR_PROPERTY_MESSAGE_CHANGE ++++++++++++++++++++++++++++++
04-16 19:33:36.313790  2949  3403 I FeiYuOS_CarPropertyImp: notifyCarPropertyMessageChange propId: 106, propValue: 25.56
04-16 19:33:36.313941  1866  1866 I MXNavi-SystemTts-VoiceModel: onReceiveCarProperty i:106 s:25.56
04-16 19:33:36.314223  2899  3779 I DVR     : |Binder:2899_4|DVRService RegisterManager onCarSensorDataChanged...unknown = 557844818 
04-16 19:33:36.312793  1866 10244 I [Activate]ActivateManager: isActivation Methods are called by the class MainViewModel onSpeedChanged batchActivateResult:106
04-16 19:33:36.314342  1866 10244 E MXNavi-[Navi_Performance]: [ToolKit]: MainViewModel--onSpeedChanged activation == false
04-16 19:33:36.314351  1866 10244 E [Navi_Performance]: [ToolKit]: MainViewModel--onSpeedChanged activation == false
04-16 19:33:36.314488  1866 10246 I MXNavi-MainViewModel: onSpeedChanged:92.016 mSpeed:0.0 isCounting:false isStopTime:false
04-16 19:33:36.314513  1866 10246 I [Activate]ActivateManager: isActivation Methods are called by the class MainViewModel onSpeedChanged batchActivateResult:106
04-16 19:33:36.314524  1866 10246 E MXNavi-[Navi_Performance]: [ToolKit]: MainViewModel--onSpeedChanged activation == false
04-16 19:33:36.314534  1866 10246 E [Navi_Performance]: [ToolKit]: MainViewModel--onSpeedChanged activation == false
04-16 19:33:36.319116  3161  3492 E FeatureSwitchStrategyManager: sceneNeedAction: start SCENE_DYNAMIC
--------- switch to system
04-16 19:33:36.336477  2839  3567 W ContextImpl: Calling a method in the system process without a qualified user: android.app.ContextImpl.bindService:1611 android.content.ContextWrapper.bindService:698 com.gxa.service.camera.ReverseManager.connectCameraService:352 com.gxa.service.camera.ReverseManager.asyncHandleMessage:276 com.gxa.service.camera.ReverseManager.access$100:44 
--------- switch to main
04-16 19:33:36.354688  2615  3488 I SurfaceView: 91928240 Locking canvas... stopped=false, surfaceControl=Surface(name=SurfaceView - )/@0xfcae462
04-16 19:33:36.355091  2615  3488 I SurfaceView: 91928240 Returned canvas: android.view.Surface$CompatibleCanvas@5099929
04-16 19:33:36.357476  1349  1376 E Property.service: getProperty: propId is not in config list:0x21600202
04-16 19:33:36.361119  2737  2737 I CAR.VENDOR.AVM: onChange:newValue = CarPropertyValue{mPropertyId=0x21400470, mAreaId=0x0, mStatus=0, mTimestamp=1025834618304, mValue=0}
04-16 19:33:36.361996  1538  1538 I CAR.VENDOR.AVM: onChange:newValue = CarPropertyValue{mPropertyId=0x21400470, mAreaId=0x0, mStatus=0, mTimestamp=1025834618304, mValue=0}
04-16 19:33:36.366225  2356  2356 I BootPresenter: (-$$Lambda$Qut1UVg1Gu75cdlDy9b5jeBJWaU.java:2)bootQuickLogin---->puid = 0
04-16 19:33:36.367518  2356  2356 I BootPresenter: (-$$Lambda$Qut1UVg1Gu75cdlDy9b5jeBJWaU.java:2)bootAutoLogin---->500ms后重试 puid = 0 , faceId = 0 , isNetInited = false
04-16 19:33:36.369398  3161  5227 E FeatureSwitchManager: changeFeatureSwitch, algType:3,bitMask:1000,enable:false
04-16 19:33:36.369527  3161  5227 E TcpLibClient: 服务端端口: 10.0.0.34:5096, 指定服务端未连接
04-16 19:33:36.369593  3161  5227 E TcpManager: 与服务器连接已断开
04-16 19:33:36.369659  3161  3161 E IntelliSenseService: connect server close-> address:10.0.0.34
04-16 19:33:36.406833  2615  3488 I SurfaceView: 91928240 Locking canvas... stopped=false, surfaceControl=Surface(name=SurfaceView - )/@0xfcae462
04-16 19:33:36.407054  2615  3488 I SurfaceView: 91928240 Returned canvas: android.view.Surface$CompatibleCanvas@5099929
04-16 19:33:36.408555  2949  2949 I BoschCarServiceImp: onCarSpeedChanged:  0.0
04-16 19:33:36.409183  2949  3403 I FeiYuOS_CarPropertyImp: NOTIFY_CAR_PROPERTY_MESSAGE_CHANGE ++++++++++++++++++++++++++++++
04-16 19:33:36.409220  2949  3403 I FeiYuOS_CarPropertyImp: notifyCarPropertyMessageChange propId: 106, propValue: 0.0
04-16 19:33:36.409599  2846  2846 I ICommonBinder: speed=0.0caller uid = 1000 ,pid = 2846
04-16 19:33:36.409616  2846  2846 I ICarBinder: mIGearCallback.size=0
04-16 19:33:36.409754  2899  3779 I DVR     : |Binder:2899_4|DVRService RegisterManager onCarSensorDataChanged...unknown = 557844818 
04-16 19:33:36.409833  3161  3492 E FeatureSwitchStrategyManager: sceneNeedAction: start SCENE_STATIC
04-16 19:33:36.410579  1866  1866 I MXNavi-SystemTts-VoiceModel: onReceiveCarProperty i:106 s:0.0
04-16 19:33:36.410662  1866 10247 I MXNavi-MainViewModel: onSpeedChanged:0.0 mSpeed:0.0 isCounting:false isStopTime:false
04-16 19:33:36.410687  1866 10247 I [Activate]ActivateManager: isActivation Methods are called by the class MainViewModel onSpeedChanged batchActivateResult:106
04-16 19:33:36.410701  1866 10247 E MXNavi-[Navi_Performance]: [ToolKit]: MainViewModel--onSpeedChanged activation == false
04-16 19:33:36.410710  1866 10247 E [Navi_Performance]: [ToolKit]: MainViewModel--onSpeedChanged activation == false
04-16 19:33:36.413310  2949  2949 I BoschCarServiceImp: onCarSpeedChanged:  25.56
04-16 19:33:36.413589  2846  2846 I ICommonBinder: speed=25.56caller uid = 1000 ,pid = 2846
04-16 19:33:36.413607  2846  2846 I ICarBinder: mIGearCallback.size=0
04-16 19:33:36.414270  2899  3779 I DVR     : |Binder:2899_4|DVRService RegisterManager onCarSensorDataChanged...unknown = 557844818 
04-16 19:33:36.415355  2949  3403 I FeiYuOS_CarPropertyImp: NOTIFY_CAR_PROPERTY_MESSAGE_CHANGE ++++++++++++++++++++++++++++++
04-16 19:33:36.415426  2949  3403 I FeiYuOS_CarPropertyImp: notifyCarPropertyMessageChange propId: 106, propValue: 25.56
04-16 19:33:36.415693  1866  1866 I MXNavi-SystemTts-VoiceModel: onReceiveCarProperty i:106 s:25.56
04-16 19:33:36.415768  1866 10248 I MXNavi-MainViewModel: onSpeedChanged:92.016 mSpeed:0.0 isCounting:false isStopTime:false
04-16 19:33:36.415790  1866 10248 I [Activate]ActivateManager: isActivation Methods are called by the class MainViewModel onSpeedChanged batchActivateResult:106
04-16 19:33:36.415802  1866 10248 E MXNavi-[Navi_Performance]: [ToolKit]: MainViewModel--onSpeedChanged activation == false
04-16 19:33:36.415811  1866 10248 E [Navi_Performance]: [ToolKit]: MainViewModel--onSpeedChanged activation == false
04-16 19:33:36.418575  3161  3492 E FeatureSwitchStrategyManager: sceneNeedAction: start SCENE_DYNAMIC
04-16 19:33:36.458451  2615  3488 I SurfaceView: 91928240 Locking canvas... stopped=false, surfaceControl=Surface(name=SurfaceView - )/@0xfcae462
04-16 19:33:36.458802  2615  3488 I SurfaceView: 91928240 Returned canvas: android.view.Surface$CompatibleCanvas@5099929
04-16 19:33:36.470575  3161  5227 E FeatureSwitchManager: changeFeatureSwitch, algType:1,bitMask:1000,enable:true
04-16 19:33:36.471049  3161  5227 E TcpLibClient: 服务端端口: 10.0.0.34:5096, 指定服务端未连接
04-16 19:33:36.471167  3161  5227 E TcpManager: 与服务器连接已断开
04-16 19:33:36.471218  3161  3161 E IntelliSenseService: connect server close-> address:10.0.0.34
04-16 19:33:36.471481  2737  2737 I CAR.VENDOR.AVM: onChange:newValue = CarPropertyValue{mPropertyId=0x21400470, mAreaId=0x0, mStatus=0, mTimestamp=1025944366741, mValue=0}
04-16 19:33:36.471600  1538  1538 I CAR.VENDOR.AVM: onChange:newValue = CarPropertyValue{mPropertyId=0x21400470, mAreaId=0x0, mStatus=0, mTimestamp=1025944366741, mValue=0}
04-16 19:33:36.507264  2949  2949 I BoschCarServiceImp: onCarSpeedChanged:  0.0
04-16 19:33:36.507446  2949  3403 I FeiYuOS_CarPropertyImp: NOTIFY_CAR_PROPERTY_MESSAGE_CHANGE ++++++++++++++++++++++++++++++
04-16 19:33:36.507535  2949  3403 I FeiYuOS_CarPropertyImp: notifyCarPropertyMessageChange propId: 106, propValue: 0.0
04-16 19:33:36.507818  2846  2846 I ICommonBinder: speed=0.0caller uid = 1000 ,pid = 2846
04-16 19:33:36.507834  2846  2846 I ICarBinder: mIGearCallback.size=0
04-16 19:33:36.508422  1866  1866 I MXNavi-SystemTts-VoiceModel: onReceiveCarProperty i:106 s:0.0
04-16 19:33:36.508450  3161  3492 E FeatureSwitchStrategyManager: sceneNeedAction: start SCENE_STATIC
04-16 19:33:36.508540  1866 10250 I MXNavi-MainViewModel: onSpeedChanged:0.0 mSpeed:0.0 isCounting:false isStopTime:false
04-16 19:33:36.508556  2899  3779 I DVR     : |Binder:2899_4|DVRService RegisterManager onCarSensorDataChanged...unknown = 557844818 
04-16 19:33:36.508558  1866 10250 I [Activate]ActivateManager: isActivation Methods are called by the class MainViewModel onSpeedChanged batchActivateResult:106
04-16 19:33:36.508573  1866 10250 E MXNavi-[Navi_Performance]: [ToolKit]: MainViewModel--onSpeedChanged activation == false
04-16 19:33:36.508581  1866 10250 E [Navi_Performance]: [ToolKit]: MainViewModel--onSpeedChanged activation == false
04-16 19:33:36.509450  2949  2949 I BoschCarServiceImp: onCarSpeedChanged:  25.56
04-16 19:33:36.509560  2615  3488 I SurfaceView: 91928240 Locking canvas... stopped=false, surfaceControl=Surface(name=SurfaceView - )/@0xfcae462
04-16 19:33:36.509592  2949  3403 I FeiYuOS_CarPropertyImp: NOTIFY_CAR_PROPERTY_MESSAGE_CHANGE ++++++++++++++++++++++++++++++
04-16 19:33:36.509630  2949  3403 I FeiYuOS_CarPropertyImp: notifyCarPropertyMessageChange propId: 106, propValue: 25.56
04-16 19:33:36.510188  1866  1866 I MXNavi-SystemTts-VoiceModel: onReceiveCarProperty i:106 s:25.56
04-16 19:33:36.510197  2846  2846 I ICommonBinder: speed=25.56caller uid = 1000 ,pid = 2846
04-16 19:33:36.510214  2846  2846 I ICarBinder: mIGearCallback.size=0
04-16 19:33:36.510636  2615  3488 I SurfaceView: 91928240 Returned canvas: android.view.Surface$CompatibleCanvas@5099929
04-16 19:33:36.510693  1866 10249 I MXNavi-MainViewModel: onSpeedChanged:92.016 mSpeed:0.0 isCounting:false isStopTime:false
04-16 19:33:36.510714  1866 10249 I [Activate]ActivateManager: isActivation Methods are called by the class MainViewModel onSpeedChanged batchActivateResult:106
04-16 19:33:36.510728  1866 10249 E MXNavi-[Navi_Performance]: [ToolKit]: MainViewModel--onSpeedChanged activation == false
04-16 19:33:36.510745  1866 10249 E [Navi_Performance]: [ToolKit]: MainViewModel--onSpeedChanged activation == false
04-16 19:33:36.510841  2899  3779 I DVR     : |Binder:2899_4|DVRService RegisterManager onCarSensorDataChanged...unknown = 557844818 
04-16 19:33:36.516804  3161  3492 E FeatureSwitchStrategyManager: sceneNeedAction: start SCENE_DYNAMIC
04-16 19:33:36.564392  2615  3488 I SurfaceView: 91928240 Locking canvas... stopped=false, surfaceControl=Surface(name=SurfaceView - )/@0xfcae462
04-16 19:33:36.564707  2615  3488 I SurfaceView: 91928240 Returned canvas: android.view.Surface$CompatibleCanvas@5099929
04-16 19:33:36.571450  3161  5227 E FeatureSwitchManager: changeFeatureSwitch, algType:2,bitMask:1000,enable:true
04-16 19:33:36.571671  3161  5227 E TcpLibClient: 服务端端口: 10.0.0.34:5096, 指定服务端未连接
04-16 19:33:36.571805  3161  5227 E TcpManager: 与服务器连接已断开
04-16 19:33:36.571830  3161  3161 E IntelliSenseService: connect server close-> address:10.0.0.34
04-16 19:33:36.578007  2737  2737 I CAR.VENDOR.AVM: onChange:newValue = CarPropertyValue{mPropertyId=0x21400470, mAreaId=0x0, mStatus=0, mTimestamp=1026051923304, mValue=0}
04-16 19:33:36.578432  1538  1538 I CAR.VENDOR.AVM: onChange:newValue = CarPropertyValue{mPropertyId=0x21400470, mAreaId=0x0, mStatus=0, mTimestamp=1026051923304, mValue=0}
04-16 19:33:36.607435  2949  2949 I BoschCarServiceImp: onCarSpeedChanged:  0.0
04-16 19:33:36.607711  2949  3403 I FeiYuOS_CarPropertyImp: NOTIFY_CAR_PROPERTY_MESSAGE_CHANGE ++++++++++++++++++++++++++++++
04-16 19:33:36.607784  2949  3403 I FeiYuOS_CarPropertyImp: notifyCarPropertyMessageChange propId: 106, propValue: 0.0
04-16 19:33:36.607900  2846  2846 I ICommonBinder: speed=0.0caller uid = 1000 ,pid = 2846
04-16 19:33:36.607916  2846  2846 I ICarBinder: mIGearCallback.size=0
04-16 19:33:36.608069  1866  1866 I MXNavi-SystemTts-VoiceModel: onReceiveCarProperty i:106 s:0.0
04-16 19:33:36.608133  1866 10251 I MXNavi-MainViewModel: onSpeedChanged:0.0 mSpeed:0.0 isCounting:false isStopTime:false
04-16 19:33:36.608158  1866 10251 I [Activate]ActivateManager: isActivation Methods are called by the class MainViewModel onSpeedChanged batchActivateResult:106
04-16 19:33:36.608168  1866 10251 E MXNavi-[Navi_Performance]: [ToolKit]: MainViewModel--onSpeedChanged activation == false
04-16 19:33:36.608177  1866 10251 E [Navi_Performance]: [ToolKit]: MainViewModel--onSpeedChanged activation == false
04-16 19:33:36.608203  2899  3779 I DVR     : |Binder:2899_4|DVRService RegisterManager onCarSensorDataChanged...unknown = 557844818 
04-16 19:33:36.608326  3161  3492 E FeatureSwitchStrategyManager: sceneNeedAction: start SCENE_STATIC
04-16 19:33:36.608909  2949  2949 I BoschCarServiceImp: onCarSpeedChanged:  25.56
04-16 19:33:36.609045  2949  3403 I FeiYuOS_CarPropertyImp: NOTIFY_CAR_PROPERTY_MESSAGE_CHANGE ++++++++++++++++++++++++++++++
04-16 19:33:36.609076  2949  3403 I FeiYuOS_CarPropertyImp: notifyCarPropertyMessageChange propId: 106, propValue: 25.56
04-16 19:33:36.609252  1866  1866 I MXNavi-SystemTts-VoiceModel: onReceiveCarProperty i:106 s:25.56
04-16 19:33:36.609316  1866 10252 I MXNavi-MainViewModel: onSpeedChanged:92.016 mSpeed:0.0 isCounting:false isStopTime:false
04-16 19:33:36.609340  1866 10252 I [Activate]ActivateManager: isActivation Methods are called by the class MainViewModel onSpeedChanged batchActivateResult:106
04-16 19:33:36.609351  1866 10252 E MXNavi-[Navi_Performance]: [ToolKit]: MainViewModel--onSpeedChanged activation == false
04-16 19:33:36.609360  1866 10252 E [Navi_Performance]: [ToolKit]: MainViewModel--onSpeedChanged activation == false
04-16 19:33:36.609643  2846  2846 I ICommonBinder: speed=25.56caller uid = 1000 ,pid = 2846
04-16 19:33:36.609708  2846  2846 I ICarBinder: mIGearCallback.size=0
04-16 19:33:36.610024  2899  3779 I DVR     : |Binder:2899_4|DVRService RegisterManager onCarSensorDataChanged...unknown = 557844818 
04-16 19:33:36.617049  3161  3492 E FeatureSwitchStrategyManager: sceneNeedAction: start SCENE_DYNAMIC
04-16 19:33:36.617511  2615  3488 I SurfaceView: 91928240 Locking canvas... stopped=false, surfaceControl=Surface(name=SurfaceView - )/@0xfcae462
04-16 19:33:36.617766  2615  3488 I SurfaceView: 91928240 Returned canvas: android.view.Surface$CompatibleCanvas@5099929
04-16 19:33:36.668424  2615  3488 I SurfaceView: 91928240 Locking canvas... stopped=false, surfaceControl=Surface(name=SurfaceView - )/@0xfcae462
04-16 19:33:36.668659  2615  3488 I SurfaceView: 91928240 Returned canvas: android.view.Surface$CompatibleCanvas@5099929
04-16 19:33:36.673531  3161  5227 E FeatureSwitchManager: changeFeatureSwitch, algType:3,bitMask:1000,enable:true
04-16 19:33:36.673725  3161  5227 E TcpLibClient: 服务端端口: 10.0.0.34:5096, 指定服务端未连接
04-16 19:33:36.673824  3161  5227 E TcpManager: 与服务器连接已断开
04-16 19:33:36.673866  3161  3161 E IntelliSenseService: connect server close-> address:10.0.0.34
04-16 19:33:36.687246  2737  2737 I CAR.VENDOR.AVM: onChange:newValue = CarPropertyValue{mPropertyId=0x21400470, mAreaId=0x0, mStatus=0, mTimestamp=1026160914970, mValue=0}
04-16 19:33:36.687409  1538  1538 I CAR.VENDOR.AVM: onChange:newValue = CarPropertyValue{mPropertyId=0x21400470, mAreaId=0x0, mStatus=0, mTimestamp=1026160914970, mValue=0}
04-16 19:33:36.706930  2949  2949 I BoschCarServiceImp: onCarSpeedChanged:  0.0
04-16 19:33:36.707091  2949  3403 I FeiYuOS_CarPropertyImp: NOTIFY_CAR_PROPERTY_MESSAGE_CHANGE ++++++++++++++++++++++++++++++
04-16 19:33:36.707128  2949  3403 I FeiYuOS_CarPropertyImp: notifyCarPropertyMessageChange propId: 106, propValue: 0.0
04-16 19:33:36.707410  1866  1866 I MXNavi-SystemTts-VoiceModel: onReceiveCarProperty i:106 s:0.0
04-16 19:33:36.707478  2846  2846 I ICommonBinder: speed=0.0caller uid = 1000 ,pid = 2846
04-16 19:33:36.707495  2846  2846 I ICarBinder: mIGearCallback.size=0
04-16 19:33:36.707541  1866 10253 I MXNavi-MainViewModel: onSpeedChanged:0.0 mSpeed:0.0 isCounting:false isStopTime:false
04-16 19:33:36.707565  1866 10253 I [Activate]ActivateManager: isActivation Methods are called by the class MainViewModel onSpeedChanged batchActivateResult:106
04-16 19:33:36.707578  1866 10253 E MXNavi-[Navi_Performance]: [ToolKit]: MainViewModel--onSpeedChanged activation == false
04-16 19:33:36.707587  1866 10253 E [Navi_Performance]: [ToolKit]: MainViewModel--onSpeedChanged activation == false
04-16 19:33:36.707721  2899  3779 I DVR     : |Binder:2899_4|DVRService RegisterManager onCarSensorDataChanged...unknown = 557844818 
04-16 19:33:36.707765  3161  3492 E FeatureSwitchStrategyManager: sceneNeedAction: start SCENE_STATIC
04-16 19:33:36.708871  2949  2949 I BoschCarServiceImp: onCarSpeedChanged:  25.56
04-16 19:33:36.708956  2949  3403 I FeiYuOS_CarPropertyImp: NOTIFY_CAR_PROPERTY_MESSAGE_CHANGE ++++++++++++++++++++++++++++++
