04-16 19:33:32.121607  3161  5227 E TcpLibClient: 服务端端口: 10.0.0.34:5096, 指定服务端未连接
04-16 19:33:32.121651  3161  5227 E TcpManager: 与服务器连接已断开
04-16 19:33:32.121690  3161  3161 E IntelliSenseService: connect server close-> address:10.0.0.34
04-16 19:33:32.121743  2615  3488 I SurfaceView: 91928240 Locking canvas... stopped=false, surfaceControl=Surface(name=SurfaceView - )/@0xfcae462
04-16 19:33:32.121917  2615  3488 I SurfaceView: 91928240 Returned canvas: android.view.Surface$CompatibleCanvas@5099929
04-16 19:33:32.125541  3161  3492 E FeatureSwitchStrategyManager: sceneNeedAction: start SCENE_DYNAMIC
04-16 19:33:32.158884   477  4133 W AudioHalHWBosch: in_read: 3072 bytes read in  in_read(). frame_size:24. frames_read:15897600. readOnce:15897600.out frame count:128. dataNum:124199. dataVal:124200. dataNormal:0. dataExt:0.dataLastValue:0. dateSame:2070.                 SysAmpIntVariant:0. data_analysis :0:0:0:0 :0:0:0:0 :-1:-2:-1:-1.
04-16 19:33:32.165463  2737  2737 I CAR.VENDOR.AVM: onChange:newValue = CarPropertyValue{mPropertyId=0x21400470, mAreaId=0x0, mStatus=0, mTimestamp=1021639980545, mValue=0}
04-16 19:33:32.165495  1538  1538 I CAR.VENDOR.AVM: onChange:newValue = CarPropertyValue{mPropertyId=0x21400470, mAreaId=0x0, mStatus=0, mTimestamp=1021639980545, mValue=0}
04-16 19:33:32.173146  2615  3488 I SurfaceView: 91928240 Locking canvas... stopped=false, surfaceControl=Surface(name=SurfaceView - )/@0xfcae462
04-16 19:33:32.173370  2615  3488 I SurfaceView: 91928240 Returned canvas: android.view.Surface$CompatibleCanvas@5099929
04-16 19:33:32.205407  2949  2949 I BoschCarServiceImp: onCarSpeedChanged:  0.0
04-16 19:33:32.205505  2949  3403 I FeiYuOS_CarPropertyImp: NOTIFY_CAR_PROPERTY_MESSAGE_CHANGE ++++++++++++++++++++++++++++++
04-16 19:33:32.205527  2949  3403 I FeiYuOS_CarPropertyImp: notifyCarPropertyMessageChange propId: 106, propValue: 0.0
04-16 19:33:32.205676  1866  1866 I MXNavi-SystemTts-VoiceModel: onReceiveCarProperty i:106 s:0.0
04-16 19:33:32.205750  1866 10253 I MXNavi-MainViewModel: onSpeedChanged:0.0 mSpeed:0.0 isCounting:false isStopTime:false
04-16 19:33:32.205774  1866 10253 I [Activate]ActivateManager: isActivation Methods are called by the class MainViewModel onSpeedChanged batchActivateResult:106
04-16 19:33:32.205788  1866 10253 E MXNavi-[Navi_Performance]: [ToolKit]: MainViewModel--onSpeedChanged activation == false
04-16 19:33:32.205796  1866 10253 E [Navi_Performance]: [ToolKit]: MainViewModel--onSpeedChanged activation == false
04-16 19:33:32.205912  2846  2846 I ICommonBinder: speed=0.0caller uid = 1000 ,pid = 2846
04-16 19:33:32.205928  2846  2846 I ICarBinder: mIGearCallback.size=0
04-16 19:33:32.205938  3161  3492 E FeatureSwitchStrategyManager: sceneNeedAction: start SCENE_STATIC
04-16 19:33:32.206054  2899  2912 I DVR     : |Binder:2899_1|DVRService RegisterManager onCarSensorDataChanged...unknown = 557844818 
04-16 19:33:32.207081  2949  2949 I BoschCarServiceImp: onCarSpeedChanged:  25.56
04-16 19:33:32.207127  2846  2846 I ICommonBinder: speed=25.56caller uid = 1000 ,pid = 2846
04-16 19:33:32.207141  2846  2846 I ICarBinder: mIGearCallback.size=0
04-16 19:33:32.207154  2949  3403 I FeiYuOS_CarPropertyImp: NOTIFY_CAR_PROPERTY_MESSAGE_CHANGE ++++++++++++++++++++++++++++++
04-16 19:33:32.207177  2949  3403 I FeiYuOS_CarPropertyImp: notifyCarPropertyMessageChange propId: 106, propValue: 25.56
04-16 19:33:32.207379  1866  1866 I MXNavi-SystemTts-VoiceModel: onReceiveCarProperty i:106 s:25.56
04-16 19:33:32.207554  2899  2912 I DVR     : |Binder:2899_1|DVRService RegisterManager onCarSensorDataChanged...unknown = 557844818 
04-16 19:33:32.207591  1866 10254 I MXNavi-MainViewModel: onSpeedChanged:92.016 mSpeed:0.0 isCounting:false isStopTime:false
04-16 19:33:32.207651  1866 10254 I [Activate]ActivateManager: isActivation Methods are called by the class MainViewModel onSpeedChanged batchActivateResult:106
04-16 19:33:32.207666  1866 10254 E MXNavi-[Navi_Performance]: [ToolKit]: MainViewModel--onSpeedChanged activation == false
04-16 19:33:32.207676  1866 10254 E [Navi_Performance]: [ToolKit]: MainViewModel--onSpeedChanged activation == false
04-16 19:33:32.213382  3161  3492 E FeatureSwitchStrategyManager: sceneNeedAction: start SCENE_DYNAMIC
04-16 19:33:32.222371  3161  5227 E FeatureSwitchManager: changeFeatureSwitch, algType:1,bitMask:1000,enable:true
04-16 19:33:32.222501  3161  5227 E TcpLibClient: 服务端端口: 10.0.0.34:5096, 指定服务端未连接
04-16 19:33:32.222547  3161  5227 E TcpManager: 与服务器连接已断开
04-16 19:33:32.222588  3161  3161 E IntelliSenseService: connect server close-> address:10.0.0.34
04-16 19:33:32.225409  2615  3488 I SurfaceView: 91928240 Locking canvas... stopped=false, surfaceControl=Surface(name=SurfaceView - )/@0xfcae462
04-16 19:33:32.225776  2615  3488 I SurfaceView: 91928240 Returned canvas: android.view.Surface$CompatibleCanvas@5099929
04-16 19:33:32.236827  1866  1866 I MXNavi-onNmeaMessage GPGGA = : s = $GPGGA,,,,,,0,,,,,,,,*66\r
04-16 19:33:32.236859  1866  1866 I MXNavi-onNmeaMessage GPRMC = : s = $GPRMC,,V,,,,,,,,,,N*53
04-16 19:33:32.278906  2737  2737 I CAR.VENDOR.AVM: onChange:newValue = CarPropertyValue{mPropertyId=0x21400470, mAreaId=0x0, mStatus=0, mTimestamp=1021752230024, mValue=0}
04-16 19:33:32.278965  1538  1538 I CAR.VENDOR.AVM: onChange:newValue = CarPropertyValue{mPropertyId=0x21400470, mAreaId=0x0, mStatus=0, mTimestamp=1021752230024, mValue=0}
04-16 19:33:32.279067  2615  3488 I SurfaceView: 91928240 Locking canvas... stopped=false, surfaceControl=Surface(name=SurfaceView - )/@0xfcae462
04-16 19:33:32.279325  2615  3488 I SurfaceView: 91928240 Returned canvas: android.view.Surface$CompatibleCanvas@5099929
04-16 19:33:32.304886  2949  2949 I BoschCarServiceImp: onCarSpeedChanged:  0.0
04-16 19:33:32.305128  2949  3403 I FeiYuOS_CarPropertyImp: NOTIFY_CAR_PROPERTY_MESSAGE_CHANGE ++++++++++++++++++++++++++++++
04-16 19:33:32.305163  2949  3403 I FeiYuOS_CarPropertyImp: notifyCarPropertyMessageChange propId: 106, propValue: 0.0
04-16 19:33:32.305427  1866  1866 I MXNavi-SystemTts-VoiceModel: onReceiveCarProperty i:106 s:0.0
04-16 19:33:32.305518  1866 10256 I MXNavi-MainViewModel: onSpeedChanged:0.0 mSpeed:0.0 isCounting:false isStopTime:false
04-16 19:33:32.305543  1866 10256 I [Activate]ActivateManager: isActivation Methods are called by the class MainViewModel onSpeedChanged batchActivateResult:106
04-16 19:33:32.305555  1866 10256 E MXNavi-[Navi_Performance]: [ToolKit]: MainViewModel--onSpeedChanged activation == false
04-16 19:33:32.305565  1866 10256 E [Navi_Performance]: [ToolKit]: MainViewModel--onSpeedChanged activation == false
04-16 19:33:32.305625  2846  2846 I ICommonBinder: speed=0.0caller uid = 1000 ,pid = 2846
04-16 19:33:32.305640  2846  2846 I ICarBinder: mIGearCallback.size=0
04-16 19:33:32.305732  3161  3492 E FeatureSwitchStrategyManager: sceneNeedAction: start SCENE_STATIC
04-16 19:33:32.305815  2899  2912 I DVR     : |Binder:2899_1|DVRService RegisterManager onCarSensorDataChanged...unknown = 557844818 
04-16 19:33:32.306469  2949  2949 I BoschCarServiceImp: onCarSpeedChanged:  25.56
04-16 19:33:32.306555  2949  3403 I FeiYuOS_CarPropertyImp: NOTIFY_CAR_PROPERTY_MESSAGE_CHANGE ++++++++++++++++++++++++++++++
04-16 19:33:32.306600  2949  3403 I FeiYuOS_CarPropertyImp: notifyCarPropertyMessageChange propId: 106, propValue: 25.56
04-16 19:33:32.306707  1866  1866 I MXNavi-SystemTts-VoiceModel: onReceiveCarProperty i:106 s:25.56
04-16 19:33:32.306797  1866 10242 I MXNavi-MainViewModel: onSpeedChanged:92.016 mSpeed:0.0 isCounting:false isStopTime:false
04-16 19:33:32.306835  1866 10242 I [Activate]ActivateManager: isActivation Methods are called by the class MainViewModel onSpeedChanged batchActivateResult:106
04-16 19:33:32.306846  1866 10242 E MXNavi-[Navi_Performance]: [ToolKit]: MainViewModel--onSpeedChanged activation == false
04-16 19:33:32.306851  1866 10242 E [Navi_Performance]: [ToolKit]: MainViewModel--onSpeedChanged activation == false
04-16 19:33:32.306883  2846  2846 I ICommonBinder: speed=25.56caller uid = 1000 ,pid = 2846
04-16 19:33:32.306894  2846  2846 I ICarBinder: mIGearCallback.size=0
04-16 19:33:32.307074  2899  2912 I DVR     : |Binder:2899_1|DVRService RegisterManager onCarSensorDataChanged...unknown = 557844818 
04-16 19:33:32.312907  3161  3492 E FeatureSwitchStrategyManager: sceneNeedAction: start SCENE_DYNAMIC
04-16 19:33:32.323375  3161  5227 E FeatureSwitchManager: changeFeatureSwitch, algType:2,bitMask:1000,enable:true
04-16 19:33:32.323500  3161  5227 E TcpLibClient: 服务端端口: 10.0.0.34:5096, 指定服务端未连接
04-16 19:33:32.323549  3161  5227 E TcpManager: 与服务器连接已断开
04-16 19:33:32.323586  3161  3161 E IntelliSenseService: connect server close-> address:10.0.0.34
04-16 19:33:32.331380  2615  3488 I SurfaceView: 91928240 Locking canvas... stopped=false, surfaceControl=Surface(name=SurfaceView - )/@0xfcae462
04-16 19:33:32.331764  2615  3488 I SurfaceView: 91928240 Returned canvas: android.view.Surface$CompatibleCanvas@5099929
04-16 19:33:32.340329  2356  2356 I BootPresenter: (-$$Lambda$Qut1UVg1Gu75cdlDy9b5jeBJWaU.java:2)bootQuickLogin---->puid = 0
04-16 19:33:32.340856  2356  2356 I BootPresenter: (-$$Lambda$Qut1UVg1Gu75cdlDy9b5jeBJWaU.java:2)bootAutoLogin---->500ms后重试 puid = 0 , faceId = 0 , isNetInited = false
04-16 19:33:32.355650  1349  1840 E Property.service: getProperty: propId is not in config list:0x21600202
04-16 19:33:32.384509  2615  3488 I SurfaceView: 91928240 Locking canvas... stopped=false, surfaceControl=Surface(name=SurfaceView - )/@0xfcae462
04-16 19:33:32.384698  2615  3488 I SurfaceView: 91928240 Returned canvas: android.view.Surface$CompatibleCanvas@5099929
04-16 19:33:32.390050  2737  2737 I CAR.VENDOR.AVM: onChange:newValue = CarPropertyValue{mPropertyId=0x21400470, mAreaId=0x0, mStatus=0, mTimestamp=1021864095337, mValue=0}
04-16 19:33:32.392173  1538  1538 I CAR.VENDOR.AVM: onChange:newValue = CarPropertyValue{mPropertyId=0x21400470, mAreaId=0x0, mStatus=0, mTimestamp=1021864095337, mValue=0}
04-16 19:33:32.406320  2949  2949 I BoschCarServiceImp: onCarSpeedChanged:  0.0
04-16 19:33:32.406645  2949  3403 I FeiYuOS_CarPropertyImp: NOTIFY_CAR_PROPERTY_MESSAGE_CHANGE ++++++++++++++++++++++++++++++
04-16 19:33:32.406679  2949  3403 I FeiYuOS_CarPropertyImp: notifyCarPropertyMessageChange propId: 106, propValue: 0.0
04-16 19:33:32.406872  2846  2846 I ICommonBinder: speed=0.0caller uid = 1000 ,pid = 2846
04-16 19:33:32.406889  2846  2846 I ICarBinder: mIGearCallback.size=0
04-16 19:33:32.407126  2899  2912 I DVR     : |Binder:2899_1|DVRService RegisterManager onCarSensorDataChanged...unknown = 557844818 
04-16 19:33:32.407170  1866  1866 I MXNavi-SystemTts-VoiceModel: onReceiveCarProperty i:106 s:0.0
04-16 19:33:32.408134  1866 10255 I MXNavi-MainViewModel: onSpeedChanged:0.0 mSpeed:0.0 isCounting:false isStopTime:false
04-16 19:33:32.408186  1866 10255 I [Activate]ActivateManager: isActivation Methods are called by the class MainViewModel onSpeedChanged batchActivateResult:106
04-16 19:33:32.408209  1866 10255 E MXNavi-[Navi_Performance]: [ToolKit]: MainViewModel--onSpeedChanged activation == false
04-16 19:33:32.408223  1866 10255 E [Navi_Performance]: [ToolKit]: MainViewModel--onSpeedChanged activation == false
04-16 19:33:32.408539  3161  3492 E FeatureSwitchStrategyManager: sceneNeedAction: start SCENE_STATIC
04-16 19:33:32.421628  2949  2949 I BoschCarServiceImp: onCarSpeedChanged:  25.56
04-16 19:33:32.421751  2949  3403 I FeiYuOS_CarPropertyImp: NOTIFY_CAR_PROPERTY_MESSAGE_CHANGE ++++++++++++++++++++++++++++++
04-16 19:33:32.422248  2949  3403 I FeiYuOS_CarPropertyImp: notifyCarPropertyMessageChange propId: 106, propValue: 25.56
04-16 19:33:32.423106  2899  2912 I DVR     : |Binder:2899_1|DVRService RegisterManager onCarSensorDataChanged...unknown = 557844818 
04-16 19:33:32.423378  1866  1866 I MXNavi-SystemTts-VoiceModel: onReceiveCarProperty i:106 s:25.56
04-16 19:33:32.423609  1866 10243 I MXNavi-MainViewModel: onSpeedChanged:92.016 mSpeed:0.0 isCounting:false isStopTime:false
04-16 19:33:32.423658  1866 10243 I [Activate]ActivateManager: isActivation Methods are called by the class MainViewModel onSpeedChanged batchActivateResult:106
04-16 19:33:32.423661  3161  5227 E FeatureSwitchManager: changeFeatureSwitch, algType:3,bitMask:1000,enable:true
04-16 19:33:32.423675  1866 10243 E MXNavi-[Navi_Performance]: [ToolKit]: MainViewModel--onSpeedChanged activation == false
04-16 19:33:32.423685  1866 10243 E [Navi_Performance]: [ToolKit]: MainViewModel--onSpeedChanged activation == false
04-16 19:33:32.423824  3161  5227 E TcpLibClient: 服务端端口: 10.0.0.34:5096, 指定服务端未连接
04-16 19:33:32.423894  3161  5227 E TcpManager: 与服务器连接已断开
04-16 19:33:32.423948  3161  3161 E IntelliSenseService: connect server close-> address:10.0.0.34
04-16 19:33:32.423994  3161  3492 E FeatureSwitchStrategyManager: sceneNeedAction: start SCENE_DYNAMIC
04-16 19:33:32.424507  2846  2846 I ICommonBinder: speed=25.56caller uid = 1000 ,pid = 2846
04-16 19:33:32.424565  2846  2846 I ICarBinder: mIGearCallback.size=0
04-16 19:33:32.436378  2615  3488 I SurfaceView: 91928240 Locking canvas... stopped=false, surfaceControl=Surface(name=SurfaceView - )/@0xfcae462
04-16 19:33:32.436572  2615  3488 I SurfaceView: 91928240 Returned canvas: android.view.Surface$CompatibleCanvas@5099929
04-16 19:33:32.488623  2615  3488 I SurfaceView: 91928240 Locking canvas... stopped=false, surfaceControl=Surface(name=SurfaceView - )/@0xfcae462
04-16 19:33:32.489208  2615  3488 I SurfaceView: 91928240 Returned canvas: android.view.Surface$CompatibleCanvas@5099929
04-16 19:33:32.498442  2737  2737 I CAR.VENDOR.AVM: onChange:newValue = CarPropertyValue{mPropertyId=0x21400470, mAreaId=0x0, mStatus=0, mTimestamp=1021972617576, mValue=0}
04-16 19:33:32.498505  1538  1538 I CAR.VENDOR.AVM: onChange:newValue = CarPropertyValue{mPropertyId=0x21400470, mAreaId=0x0, mStatus=0, mTimestamp=1021972617576, mValue=0}
04-16 19:33:32.499566  2949  2949 I BoschCarServiceImp: onCarSpeedChanged:  0.0
04-16 19:33:32.499921  2949  3403 I FeiYuOS_CarPropertyImp: NOTIFY_CAR_PROPERTY_MESSAGE_CHANGE ++++++++++++++++++++++++++++++
04-16 19:33:32.500585  2949  3403 I FeiYuOS_CarPropertyImp: notifyCarPropertyMessageChange propId: 106, propValue: 0.0
04-16 19:33:32.500598  2846  2846 I ICommonBinder: speed=0.0caller uid = 1000 ,pid = 2846
04-16 19:33:32.500615  2846  2846 I ICarBinder: mIGearCallback.size=0
04-16 19:33:32.500711  2899  2912 I DVR     : |Binder:2899_1|DVRService RegisterManager onCarSensorDataChanged...unknown = 557844818 
04-16 19:33:32.500815  1866  1866 I MXNavi-SystemTts-VoiceModel: onReceiveCarProperty i:106 s:0.0
04-16 19:33:32.500880  1866 10245 I MXNavi-MainViewModel: onSpeedChanged:0.0 mSpeed:0.0 isCounting:false isStopTime:false
04-16 19:33:32.500899  1866 10245 I [Activate]ActivateManager: isActivation Methods are called by the class MainViewModel onSpeedChanged batchActivateResult:106
04-16 19:33:32.500912  1866 10245 E MXNavi-[Navi_Performance]: [ToolKit]: MainViewModel--onSpeedChanged activation == false
04-16 19:33:32.500929  1866 10245 E [Navi_Performance]: [ToolKit]: MainViewModel--onSpeedChanged activation == false
04-16 19:33:32.501099  3161  3492 E FeatureSwitchStrategyManager: sceneNeedAction: start SCENE_STATIC
04-16 19:33:32.520020  2949  2949 I BoschCarServiceImp: onCarSpeedChanged:  25.56
04-16 19:33:32.520182  2949  3403 I FeiYuOS_CarPropertyImp: NOTIFY_CAR_PROPERTY_MESSAGE_CHANGE ++++++++++++++++++++++++++++++
04-16 19:33:32.520208  2949  3403 I FeiYuOS_CarPropertyImp: notifyCarPropertyMessageChange propId: 106, propValue: 25.56
04-16 19:33:32.521163  2899  2912 I DVR     : |Binder:2899_1|DVRService RegisterManager onCarSensorDataChanged...unknown = 557844818 
04-16 19:33:32.521182  1866  1866 I MXNavi-SystemTts-VoiceModel: onReceiveCarProperty i:106 s:25.56
04-16 19:33:32.521305  2846  2846 I ICommonBinder: speed=25.56caller uid = 1000 ,pid = 2846
04-16 19:33:32.521330  2846  2846 I ICarBinder: mIGearCallback.size=0
04-16 19:33:32.521392  3161  3492 E FeatureSwitchStrategyManager: sceneNeedAction: start SCENE_DYNAMIC
04-16 19:33:32.521413  1866 10244 I MXNavi-MainViewModel: onSpeedChanged:92.016 mSpeed:0.0 isCounting:false isStopTime:false
04-16 19:33:32.521462  1866 10244 I [Activate]ActivateManager: isActivation Methods are called by the class MainViewModel onSpeedChanged batchActivateResult:106
04-16 19:33:32.521476  1866 10244 E MXNavi-[Navi_Performance]: [ToolKit]: MainViewModel--onSpeedChanged activation == false
04-16 19:33:32.521492  1866 10244 E [Navi_Performance]: [ToolKit]: MainViewModel--onSpeedChanged activation == false
04-16 19:33:32.524838  3161  5227 E FeatureSwitchManager: changeFeatureSwitch, algType:1,bitMask:1000,enable:false
04-16 19:33:32.524967  3161  5227 E TcpLibClient: 服务端端口: 10.0.0.34:5096, 指定服务端未连接
04-16 19:33:32.525167  3161  5227 E TcpManager: 与服务器连接已断开
04-16 19:33:32.525224  3161  3161 E IntelliSenseService: connect server close-> address:10.0.0.34
04-16 19:33:32.540578  2615  3488 I SurfaceView: 91928240 Locking canvas... stopped=false, surfaceControl=Surface(name=SurfaceView - )/@0xfcae462
04-16 19:33:32.540786  2615  3488 I SurfaceView: 91928240 Returned canvas: android.view.Surface$CompatibleCanvas@5099929
04-16 19:33:32.592401  2615  3488 I SurfaceView: 91928240 Locking canvas... stopped=false, surfaceControl=Surface(name=SurfaceView - )/@0xfcae462
04-16 19:33:32.592627  2615  3488 I SurfaceView: 91928240 Returned canvas: android.view.Surface$CompatibleCanvas@5099929
04-16 19:33:32.608272  2737  2737 I CAR.VENDOR.AVM: onChange:newValue = CarPropertyValue{mPropertyId=0x21400470, mAreaId=0x0, mStatus=0, mTimestamp=1022083201639, mValue=0}
04-16 19:33:32.608368  1538  1538 I CAR.VENDOR.AVM: onChange:newValue = CarPropertyValue{mPropertyId=0x21400470, mAreaId=0x0, mStatus=0, mTimestamp=1022083201639, mValue=0}
04-16 19:33:32.609727  2949  2949 I BoschCarServiceImp: onCarSpeedChanged:  0.0
04-16 19:33:32.609897  2949  3403 I FeiYuOS_CarPropertyImp: NOTIFY_CAR_PROPERTY_MESSAGE_CHANGE ++++++++++++++++++++++++++++++
04-16 19:33:32.609918  2949  3403 I FeiYuOS_CarPropertyImp: notifyCarPropertyMessageChange propId: 106, propValue: 0.0
04-16 19:33:32.610251  1866  1866 I MXNavi-SystemTts-VoiceModel: onReceiveCarProperty i:106 s:0.0
04-16 19:33:32.610574  2846  2846 I ICommonBinder: speed=0.0caller uid = 1000 ,pid = 2846
04-16 19:33:32.610606  2846  2846 I ICarBinder: mIGearCallback.size=0
04-16 19:33:32.610636  3161  3492 E FeatureSwitchStrategyManager: sceneNeedAction: start SCENE_STATIC
04-16 19:33:32.610740  2899  2912 I DVR     : |Binder:2899_1|DVRService RegisterManager onCarSensorDataChanged...unknown = 557844818 
04-16 19:33:32.611085  1866 10246 I MXNavi-MainViewModel: onSpeedChanged:0.0 mSpeed:0.0 isCounting:false isStopTime:false
04-16 19:33:32.611125  1866 10246 I [Activate]ActivateManager: isActivation Methods are called by the class MainViewModel onSpeedChanged batchActivateResult:106
04-16 19:33:32.611139  1866 10246 E MXNavi-[Navi_Performance]: [ToolKit]: MainViewModel--onSpeedChanged activation == false
04-16 19:33:32.611156  1866 10246 E [Navi_Performance]: [ToolKit]: MainViewModel--onSpeedChanged activation == false
04-16 19:33:32.619692  2949  2949 I BoschCarServiceImp: onCarSpeedChanged:  25.56
04-16 19:33:32.619802  2949  3403 I FeiYuOS_CarPropertyImp: NOTIFY_CAR_PROPERTY_MESSAGE_CHANGE ++++++++++++++++++++++++++++++
04-16 19:33:32.619825  2949  3403 I FeiYuOS_CarPropertyImp: notifyCarPropertyMessageChange propId: 106, propValue: 25.56
04-16 19:33:32.620125  1866  1866 I MXNavi-SystemTts-VoiceModel: onReceiveCarProperty i:106 s:25.56
04-16 19:33:32.620727  1866 10247 I MXNavi-MainViewModel: onSpeedChanged:92.016 mSpeed:0.0 isCounting:false isStopTime:false
04-16 19:33:32.620256  2846  2846 I ICommonBinder: speed=25.56caller uid = 1000 ,pid = 2846
04-16 19:33:32.620824  2846  2846 I ICarBinder: mIGearCallback.size=0
04-16 19:33:32.620833  1866 10247 I [Activate]ActivateManager: isActivation Methods are called by the class MainViewModel onSpeedChanged batchActivateResult:106
04-16 19:33:32.620849  1866 10247 E MXNavi-[Navi_Performance]: [ToolKit]: MainViewModel--onSpeedChanged activation == false
04-16 19:33:32.620866  1866 10247 E [Navi_Performance]: [ToolKit]: MainViewModel--onSpeedChanged activation == false
04-16 19:33:32.621049  2899  2912 I DVR     : |Binder:2899_1|DVRService RegisterManager onCarSensorDataChanged...unknown = 557844818 
04-16 19:33:32.621373  3161  3492 E FeatureSwitchStrategyManager: sceneNeedAction: start SCENE_DYNAMIC
04-16 19:33:32.624460  3161  5227 E FeatureSwitchManager: changeFeatureSwitch, algType:2,bitMask:1000,enable:false
04-16 19:33:32.624600  3161  5227 E TcpLibClient: 服务端端口: 10.0.0.34:5096, 指定服务端未连接
04-16 19:33:32.624678  3161  5227 E TcpManager: 与服务器连接已断开
04-16 19:33:32.624796  3161  3161 E IntelliSenseService: connect server close-> address:10.0.0.34
04-16 19:33:32.644575  2615  3488 I SurfaceView: 91928240 Locking canvas... stopped=false, surfaceControl=Surface(name=SurfaceView - )/@0xfcae462
04-16 19:33:32.644818  2615  3488 I SurfaceView: 91928240 Returned canvas: android.view.Surface$CompatibleCanvas@5099929
04-16 19:33:32.695664  2615  3488 I SurfaceView: 91928240 Locking canvas... stopped=false, surfaceControl=Surface(name=SurfaceView - )/@0xfcae462
04-16 19:33:32.695930  2615  3488 I SurfaceView: 91928240 Returned canvas: android.view.Surface$CompatibleCanvas@5099929
04-16 19:33:32.708354  1538  1538 I CAR.VENDOR.AVM: onChange:newValue = CarPropertyValue{mPropertyId=0x21400470, mAreaId=0x0, mStatus=0, mTimestamp=1022192059868, mValue=0}
04-16 19:33:32.708589  2737  2737 I CAR.VENDOR.AVM: onChange:newValue = CarPropertyValue{mPropertyId=0x21400470, mAreaId=0x0, mStatus=0, mTimestamp=1022192059868, mValue=0}
04-16 19:33:32.709301  2949  2949 I BoschCarServiceImp: onCarSpeedChanged:  0.0
04-16 19:33:32.709575  2899  2912 I DVR     : |Binder:2899_1|DVRService RegisterManager onCarSensorDataChanged...unknown = 557844818 
04-16 19:33:32.709671  2949  3403 I FeiYuOS_CarPropertyImp: NOTIFY_CAR_PROPERTY_MESSAGE_CHANGE ++++++++++++++++++++++++++++++
04-16 19:33:32.709693  2949  3403 I FeiYuOS_CarPropertyImp: notifyCarPropertyMessageChange propId: 106, propValue: 0.0
04-16 19:33:32.710006  2846  2846 I ICommonBinder: speed=0.0caller uid = 1000 ,pid = 2846
04-16 19:33:32.710012  3161  3492 E FeatureSwitchStrategyManager: sceneNeedAction: start SCENE_STATIC
04-16 19:33:32.710024  2846  2846 I ICarBinder: mIGearCallback.size=0
04-16 19:33:32.710900  1866  1866 I MXNavi-SystemTts-VoiceModel: onReceiveCarProperty i:106 s:0.0
04-16 19:33:32.710982  1866 10248 I MXNavi-MainViewModel: onSpeedChanged:0.0 mSpeed:0.0 isCounting:false isStopTime:false
04-16 19:33:32.710996  1866 10248 I [Activate]ActivateManager: isActivation Methods are called by the class MainViewModel onSpeedChanged batchActivateResult:106
04-16 19:33:32.711006  1866 10248 E MXNavi-[Navi_Performance]: [ToolKit]: MainViewModel--onSpeedChanged activation == false
04-16 19:33:32.711018  1866 10248 E [Navi_Performance]: [ToolKit]: MainViewModel--onSpeedChanged activation == false
04-16 19:33:32.711822  2949  2949 I BoschCarServiceImp: onCarSpeedChanged:  25.56
04-16 19:33:32.712031  2949  3403 I FeiYuOS_CarPropertyImp: NOTIFY_CAR_PROPERTY_MESSAGE_CHANGE ++++++++++++++++++++++++++++++
04-16 19:33:32.712055  2949  3403 I FeiYuOS_CarPropertyImp: notifyCarPropertyMessageChange propId: 106, propValue: 25.56
04-16 19:33:32.712306  2846  2846 I ICommonBinder: speed=25.56caller uid = 1000 ,pid = 2846
04-16 19:33:32.712331  2846  2846 I ICarBinder: mIGearCallback.size=0
04-16 19:33:32.712599  2899  2912 I DVR     : |Binder:2899_1|DVRService RegisterManager onCarSensorDataChanged...unknown = 557844818 
04-16 19:33:32.712796  1866  1866 I MXNavi-SystemTts-VoiceModel: onReceiveCarProperty i:106 s:25.56
04-16 19:33:32.713440  1866 10249 I MXNavi-MainViewModel: onSpeedChanged:92.016 mSpeed:0.0 isCounting:false isStopTime:false
04-16 19:33:32.713593  1866 10249 I [Activate]ActivateManager: isActivation Methods are called by the class MainViewModel onSpeedChanged batchActivateResult:106
04-16 19:33:32.713610  1866 10249 E MXNavi-[Navi_Performance]: [ToolKit]: MainViewModel--onSpeedChanged activation == false
04-16 19:33:32.713630  1866 10249 E [Navi_Performance]: [ToolKit]: MainViewModel--onSpeedChanged activation == false
04-16 19:33:32.719369  3161  3492 E FeatureSwitchStrategyManager: sceneNeedAction: start SCENE_DYNAMIC
04-16 19:33:32.725178  3161  5227 E FeatureSwitchManager: changeFeatureSwitch, algType:3,bitMask:1000,enable:false
04-16 19:33:32.725347  3161  5227 E TcpLibClient: 服务端端口: 10.0.0.34:5096, 指定服务端未连接
04-16 19:33:32.725416  3161  5227 E TcpManager: 与服务器连接已断开
04-16 19:33:32.725457  3161  3161 E IntelliSenseService: connect server close-> address:10.0.0.34
04-16 19:33:32.746745  2615  3488 I SurfaceView: 91928240 Locking canvas... stopped=false, surfaceControl=Surface(name=SurfaceView - )/@0xfcae462
04-16 19:33:32.746951  2615  3488 I SurfaceView: 91928240 Returned canvas: android.view.Surface$CompatibleCanvas@5099929
04-16 19:33:32.798356  2615  3488 I SurfaceView: 91928240 Locking canvas... stopped=false, surfaceControl=Surface(name=SurfaceView - )/@0xfcae462
04-16 19:33:32.798663  2615  3488 I SurfaceView: 91928240 Returned canvas: android.view.Surface$CompatibleCanvas@5099929
04-16 19:33:32.804719   498   576 I CBaseMonitor: [run-318] Enter monitor android
04-16 19:33:32.809227  2949  2949 I BoschCarServiceImp: onCarSpeedChanged:  0.0
04-16 19:33:32.809633  2949  3403 I FeiYuOS_CarPropertyImp: NOTIFY_CAR_PROPERTY_MESSAGE_CHANGE ++++++++++++++++++++++++++++++
04-16 19:33:32.809660  2949  3403 I FeiYuOS_CarPropertyImp: notifyCarPropertyMessageChange propId: 106, propValue: 0.0
04-16 19:33:32.809764   498   576 I CBaseMonitor: [run-357]compress files,cur path is /mnt/user/log_android/cycle_196,last path is 
04-16 19:33:32.809809  1866  1866 I MXNavi-SystemTts-VoiceModel: onReceiveCarProperty i:106 s:0.0
04-16 19:33:32.810054  1866 10250 I MXNavi-MainViewModel: onSpeedChanged:0.0 mSpeed:0.0 isCounting:false isStopTime:false
04-16 19:33:32.810072  1866 10250 I [Activate]ActivateManager: isActivation Methods are called by the class MainViewModel onSpeedChanged batchActivateResult:106
04-16 19:33:32.810085  1866 10250 E MXNavi-[Navi_Performance]: [ToolKit]: MainViewModel--onSpeedChanged activation == false
04-16 19:33:32.810100  1866 10250 E [Navi_Performance]: [ToolKit]: MainViewModel--onSpeedChanged activation == false
04-16 19:33:32.810249  3161  3492 E FeatureSwitchStrategyManager: sceneNeedAction: start SCENE_STATIC
04-16 19:33:32.810425  2899  2912 I DVR     : |Binder:2899_1|DVRService RegisterManager onCarSensorDataChanged...unknown = 557844818 
04-16 19:33:32.810531  2899  2912 I DVR     : |Binder:2899_1|DVRService RegisterManager onCarSensorDataChanged...unknown = 557844818 
04-16 19:33:32.810700  2846  2846 I ICommonBinder: speed=0.0caller uid = 1000 ,pid = 2846
04-16 19:33:32.810717  2846  2846 I ICarBinder: mIGearCallback.size=0
04-16 19:33:32.810741  2846  2846 I ICommonBinder: speed=25.56caller uid = 1000 ,pid = 2846
04-16 19:33:32.810750  2846  2846 I ICarBinder: mIGearCallback.size=0
04-16 19:33:32.811096  2949  2949 I BoschCarServiceImp: onCarSpeedChanged:  25.56
04-16 19:33:32.811159  2949  3403 I FeiYuOS_CarPropertyImp: NOTIFY_CAR_PROPERTY_MESSAGE_CHANGE ++++++++++++++++++++++++++++++
04-16 19:33:32.811177  2949  3403 I FeiYuOS_CarPropertyImp: notifyCarPropertyMessageChange propId: 106, propValue: 25.56
04-16 19:33:32.811276  1866  1866 I MXNavi-SystemTts-VoiceModel: onReceiveCarProperty i:106 s:25.56
04-16 19:33:32.811349  1866 10251 I MXNavi-MainViewModel: onSpeedChanged:92.016 mSpeed:0.0 isCounting:false isStopTime:false
04-16 19:33:32.811365  1866 10251 I [Activate]ActivateManager: isActivation Methods are called by the class MainViewModel onSpeedChanged batchActivateResult:106
04-16 19:33:32.811378  1866 10251 E MXNavi-[Navi_Performance]: [ToolKit]: MainViewModel--onSpeedChanged activation == false
04-16 19:33:32.811391  1866 10251 E [Navi_Performance]: [ToolKit]: MainViewModel--onSpeedChanged activation == false
04-16 19:33:32.817369  3161  3492 E FeatureSwitchStrategyManager: sceneNeedAction: start SCENE_DYNAMIC
04-16 19:33:32.827429  3161  5227 E FeatureSwitchManager: changeFeatureSwitch, algType:1,bitMask:1000,enable:true
04-16 19:33:32.827588  3161  5227 E TcpLibClient: 服务端端口: 10.0.0.34:5096, 指定服务端未连接
04-16 19:33:32.827636  3161  5227 E TcpManager: 与服务器连接已断开
04-16 19:33:32.827691  3161  3161 E IntelliSenseService: connect server close-> address:10.0.0.34
04-16 19:33:32.829722  1538  1538 I CAR.VENDOR.AVM: onChange:newValue = CarPropertyValue{mPropertyId=0x21400470, mAreaId=0x0, mStatus=0, mTimestamp=1022304084712, mValue=0}
04-16 19:33:32.830214  2737  2737 I CAR.VENDOR.AVM: onChange:newValue = CarPropertyValue{mPropertyId=0x21400470, mAreaId=0x0, mStatus=0, mTimestamp=1022304084712, mValue=0}
04-16 19:33:32.842229  2356  2356 I BootPresenter: (-$$Lambda$Qut1UVg1Gu75cdlDy9b5jeBJWaU.java:2)bootQuickLogin---->puid = 0
04-16 19:33:32.842761  2356  2356 I BootPresenter: (-$$Lambda$Qut1UVg1Gu75cdlDy9b5jeBJWaU.java:2)bootAutoLogin---->500ms后重试 puid = 0 , faceId = 0 , isNetInited = false
04-16 19:33:32.850550  2615  3488 I SurfaceView: 91928240 Locking canvas... stopped=false, surfaceControl=Surface(name=SurfaceView - )/@0xfcae462
04-16 19:33:32.850758  2615  3488 I SurfaceView: 91928240 Returned canvas: android.view.Surface$CompatibleCanvas@5099929
04-16 19:33:32.898678  1093  1109 E u-blox  : ublox::CGnssMeasurementExtension::navMeasurementUpdate: GnssMeasurementExtension callback is not initialized
04-16 19:33:32.903019  2615  3488 I SurfaceView: 91928240 Locking canvas... stopped=false, surfaceControl=Surface(name=SurfaceView - )/@0xfcae462
04-16 19:33:32.903264  2615  3488 I SurfaceView: 91928240 Returned canvas: android.view.Surface$CompatibleCanvas@5099929
04-16 19:33:32.907615  2949  2949 I BoschCarServiceImp: onCarSpeedChanged:  0.0
04-16 19:33:32.908040  2899  3779 I DVR     : |Binder:2899_4|DVRService RegisterManager onCarSensorDataChanged...unknown = 557844818 
04-16 19:33:32.908609  2949  3403 I FeiYuOS_CarPropertyImp: NOTIFY_CAR_PROPERTY_MESSAGE_CHANGE ++++++++++++++++++++++++++++++
04-16 19:33:32.908666  2949  3403 I FeiYuOS_CarPropertyImp: notifyCarPropertyMessageChange propId: 106, propValue: 0.0
04-16 19:33:32.908818  1866  1866 I MXNavi-SystemTts-VoiceModel: onReceiveCarProperty i:106 s:0.0
04-16 19:33:32.909098  1866 10252 I MXNavi-MainViewModel: onSpeedChanged:0.0 mSpeed:0.0 isCounting:false isStopTime:false
04-16 19:33:32.909138  1866 10252 I [Activate]ActivateManager: isActivation Methods are called by the class MainViewModel onSpeedChanged batchActivateResult:106
04-16 19:33:32.909160  1866 10252 E MXNavi-[Navi_Performance]: [ToolKit]: MainViewModel--onSpeedChanged activation == false
04-16 19:33:32.909184  1866 10252 E [Navi_Performance]: [ToolKit]: MainViewModel--onSpeedChanged activation == false
04-16 19:33:32.909245  2949  2949 I BoschCarServiceImp: onCarSpeedChanged:  25.56
04-16 19:33:32.909775  2846  2846 I ICommonBinder: speed=0.0caller uid = 1000 ,pid = 2846
04-16 19:33:32.909793  2846  2846 I ICarBinder: mIGearCallback.size=0
04-16 19:33:32.910204  2846  2846 I ICommonBinder: speed=25.56caller uid = 1000 ,pid = 2846
04-16 19:33:32.910218  2846  2846 I ICarBinder: mIGearCallback.size=0
04-16 19:33:32.910735  2949  3403 I FeiYuOS_CarPropertyImp: NOTIFY_CAR_PROPERTY_MESSAGE_CHANGE ++++++++++++++++++++++++++++++
04-16 19:33:32.911215  2949  3403 I FeiYuOS_CarPropertyImp: notifyCarPropertyMessageChange propId: 106, propValue: 25.56
04-16 19:33:32.911449  2899  3779 I DVR     : |Binder:2899_4|DVRService RegisterManager onCarSensorDataChanged...unknown = 557844818 
04-16 19:33:32.911555  3161  3492 E FeatureSwitchStrategyManager: sceneNeedAction: start SCENE_STATIC
04-16 19:33:32.911729  1866  1866 I MXNavi-SystemTts-VoiceModel: onReceiveCarProperty i:106 s:25.56
04-16 19:33:32.911798  1866 10253 I MXNavi-MainViewModel: onSpeedChanged:92.016 mSpeed:0.0 isCounting:false isStopTime:false
04-16 19:33:32.911872  1866 10253 I [Activate]ActivateManager: isActivation Methods are called by the class MainViewModel onSpeedChanged batchActivateResult:106
04-16 19:33:32.911890  1866 10253 E MXNavi-[Navi_Performance]: [ToolKit]: MainViewModel--onSpeedChanged activation == false
04-16 19:33:32.911909  1866 10253 E [Navi_Performance]: [ToolKit]: MainViewModel--onSpeedChanged activation == false
04-16 19:33:32.919167  3161  3492 E FeatureSwitchStrategyManager: sceneNeedAction: start SCENE_DYNAMIC
04-16 19:33:32.928354  3161  5227 E FeatureSwitchManager: changeFeatureSwitch, algType:2,bitMask:1000,enable:true
04-16 19:33:32.928490  3161  5227 E TcpLibClient: 服务端端口: 10.0.0.34:5096, 指定服务端未连接
04-16 19:33:32.928536  3161  5227 E TcpManager: 与服务器连接已断开
04-16 19:33:32.928574  3161  3161 E IntelliSenseService: connect server close-> address:10.0.0.34
04-16 19:33:32.939003  1538  1538 I CAR.VENDOR.AVM: onChange:newValue = CarPropertyValue{mPropertyId=0x21400470, mAreaId=0x0, mStatus=0, mTimestamp=1022412932107, mValue=0}
04-16 19:33:32.939268  2737  2737 I CAR.VENDOR.AVM: onChange:newValue = CarPropertyValue{mPropertyId=0x21400470, mAreaId=0x0, mStatus=0, mTimestamp=1022412932107, mValue=0}
04-16 19:33:32.955395  2615  3488 I SurfaceView: 91928240 Locking canvas... stopped=false, surfaceControl=Surface(name=SurfaceView - )/@0xfcae462
04-16 19:33:32.955582  2615  3488 I SurfaceView: 91928240 Returned canvas: android.view.Surface$CompatibleCanvas@5099929
04-16 19:33:32.999075  1093  1109 I u-blox  : CAndroidDatabase::CommitSvStatus: reportSvStatus
04-16 19:33:32.999877  1163  1453 I GnssLocationProvider: WakeLock acquired by sendMessage(REPORT_SV_STATUS, 0, com.android.server.location.GnssLocationProvider$SvStatusInfo@be66e23)
04-16 19:33:33.000151  1163  1177 I GnssLocationProvider: WakeLock released by handleMessage(REPORT_SV_STATUS, 0, com.android.server.location.GnssLocationProvider$SvStatusInfo@be66e23)
04-16 19:33:33.001204  1866  2289 I MXNavi-PosManager: GpsSatellite num is 4
04-16 19:33:33.006689  2949  2949 I BoschCarServiceImp: onCarSpeedChanged:  0.0
04-16 19:33:33.007095  2846  2846 I ICommonBinder: speed=0.0caller uid = 1000 ,pid = 2846
04-16 19:33:33.007097  2949  3403 I FeiYuOS_CarPropertyImp: NOTIFY_CAR_PROPERTY_MESSAGE_CHANGE ++++++++++++++++++++++++++++++
04-16 19:33:33.007118  2846  2846 I ICarBinder: mIGearCallback.size=0
04-16 19:33:33.007126  2949  3403 I FeiYuOS_CarPropertyImp: notifyCarPropertyMessageChange propId: 106, propValue: 0.0
04-16 19:33:33.007192  3161  3492 E FeatureSwitchStrategyManager: sceneNeedAction: start SCENE_STATIC
04-16 19:33:33.007465  2899  7032 I DVR     : |Binder:2899_5|DVRService RegisterManager onCarSensorDataChanged...unknown = 557844818 
04-16 19:33:33.007413  2615  3488 I SurfaceView: 91928240 Locking canvas... stopped=false, surfaceControl=Surface(name=SurfaceView - )/@0xfcae462
04-16 19:33:33.007890  2615  3488 I SurfaceView: 91928240 Returned canvas: android.view.Surface$CompatibleCanvas@5099929
04-16 19:33:33.008289  2949  2949 I BoschCarServiceImp: onCarSpeedChanged:  25.56
04-16 19:33:33.008331  2846  2846 I ICommonBinder: speed=25.56caller uid = 1000 ,pid = 2846
04-16 19:33:33.008345  2846  2846 I ICarBinder: mIGearCallback.size=0
04-16 19:33:33.008627  2899  7032 I DVR     : |Binder:2899_5|DVRService RegisterManager onCarSensorDataChanged...unknown = 557844818 
04-16 19:33:33.009899  1866  1866 I MXNavi-SystemTts-VoiceModel: onReceiveCarProperty i:106 s:0.0
04-16 19:33:33.009924  2949  3403 I FeiYuOS_CarPropertyImp: NOTIFY_CAR_PROPERTY_MESSAGE_CHANGE ++++++++++++++++++++++++++++++
04-16 19:33:33.009950  2949  3403 I FeiYuOS_CarPropertyImp: notifyCarPropertyMessageChange propId: 106, propValue: 25.56
04-16 19:33:33.010033  1866 10254 I MXNavi-MainViewModel: onSpeedChanged:0.0 mSpeed:0.0 isCounting:false isStopTime:false
04-16 19:33:33.010051  1866 10254 I [Activate]ActivateManager: isActivation Methods are called by the class MainViewModel onSpeedChanged batchActivateResult:106
04-16 19:33:33.010063  1866 10254 E MXNavi-[Navi_Performance]: [ToolKit]: MainViewModel--onSpeedChanged activation == false
04-16 19:33:33.010080  1866 10254 E [Navi_Performance]: [ToolKit]: MainViewModel--onSpeedChanged activation == false
04-16 19:33:33.010127  1866  1866 I MXNavi-SystemTts-VoiceModel: onReceiveCarProperty i:106 s:25.56
04-16 19:33:33.010218  1866 10256 I MXNavi-MainViewModel: onSpeedChanged:92.016 mSpeed:0.0 isCounting:false isStopTime:false
04-16 19:33:33.010233  1866 10256 I [Activate]ActivateManager: isActivation Methods are called by the class MainViewModel onSpeedChanged batchActivateResult:106
04-16 19:33:33.010244  1866 10256 E MXNavi-[Navi_Performance]: [ToolKit]: MainViewModel--onSpeedChanged activation == false
04-16 19:33:33.010256  1866 10256 E [Navi_Performance]: [ToolKit]: MainViewModel--onSpeedChanged activation == false
04-16 19:33:33.015675  3161  3492 E FeatureSwitchStrategyManager: sceneNeedAction: start SCENE_DYNAMIC
04-16 19:33:33.028684  3161  5227 E FeatureSwitchManager: changeFeatureSwitch, algType:3,bitMask:1000,enable:true
04-16 19:33:33.028821  3161  5227 E TcpLibClient: 服务端端口: 10.0.0.34:5096, 指定服务端未连接
04-16 19:33:33.028886  3161  5227 E TcpManager: 与服务器连接已断开
04-16 19:33:33.028981  3161  3161 E IntelliSenseService: connect server close-> address:10.0.0.34
04-16 19:33:33.047440  1538  1538 I CAR.VENDOR.AVM: onChange:newValue = CarPropertyValue{mPropertyId=0x21400470, mAreaId=0x0, mStatus=0, mTimestamp=1022522244347, mValue=0}
04-16 19:33:33.047528  2737  2737 I CAR.VENDOR.AVM: onChange:newValue = CarPropertyValue{mPropertyId=0x21400470, mAreaId=0x0, mStatus=0, mTimestamp=1022522244347, mValue=0}
04-16 19:33:33.061361  2615  3488 I SurfaceView: 91928240 Locking canvas... stopped=false, surfaceControl=Surface(name=SurfaceView - )/@0xfcae462
04-16 19:33:33.061583  2615  3488 I SurfaceView: 91928240 Returned canvas: android.view.Surface$CompatibleCanvas@5099929
04-16 19:33:33.111890  2949  2949 I BoschCarServiceImp: onCarSpeedChanged:  0.0
04-16 19:33:33.112065  2949  3403 I FeiYuOS_CarPropertyImp: NOTIFY_CAR_PROPERTY_MESSAGE_CHANGE ++++++++++++++++++++++++++++++
04-16 19:33:33.112114  2949  3403 I FeiYuOS_CarPropertyImp: notifyCarPropertyMessageChange propId: 106, propValue: 0.0
04-16 19:33:33.112235  2846  2846 I ICommonBinder: speed=0.0caller uid = 1000 ,pid = 2846
04-16 19:33:33.112252  2846  2846 I ICarBinder: mIGearCallback.size=0
04-16 19:33:33.112592  1866  1866 I MXNavi-SystemTts-VoiceModel: onReceiveCarProperty i:106 s:0.0
04-16 19:33:33.112622  2899  7032 I DVR     : |Binder:2899_5|DVRService RegisterManager onCarSensorDataChanged...unknown = 557844818 
04-16 19:33:33.112720  1866 10242 I MXNavi-MainViewModel: onSpeedChanged:0.0 mSpeed:0.0 isCounting:false isStopTime:false
04-16 19:33:33.112748  1866 10242 I [Activate]ActivateManager: isActivation Methods are called by the class MainViewModel onSpeedChanged batchActivateResult:106
04-16 19:33:33.112761  1866 10242 E MXNavi-[Navi_Performance]: [ToolKit]: MainViewModel--onSpeedChanged activation == false
04-16 19:33:33.112770  1866 10242 E [Navi_Performance]: [ToolKit]: MainViewModel--onSpeedChanged activation == false
04-16 19:33:33.112892  2615  3488 I SurfaceView: 91928240 Locking canvas... stopped=false, surfaceControl=Surface(name=SurfaceView - )/@0xfcae462
04-16 19:33:33.112976  3161  3492 E FeatureSwitchStrategyManager: sceneNeedAction: start SCENE_STATIC
04-16 19:33:33.113052  2615  3488 I SurfaceView: 91928240 Returned canvas: android.view.Surface$CompatibleCanvas@5099929
04-16 19:33:33.114027  2846  2846 I ICommonBinder: speed=25.56caller uid = 1000 ,pid = 2846
04-16 19:33:33.114045  2846  2846 I ICarBinder: mIGearCallback.size=0
04-16 19:33:33.114053  2949  2949 I BoschCarServiceImp: onCarSpeedChanged:  25.56
04-16 19:33:33.114262  2899  7032 I DVR     : |Binder:2899_5|DVRService RegisterManager onCarSensorDataChanged...unknown = 557844818 
04-16 19:33:33.114531  2949  3403 I FeiYuOS_CarPropertyImp: NOTIFY_CAR_PROPERTY_MESSAGE_CHANGE ++++++++++++++++++++++++++++++
04-16 19:33:33.114589  2949  3403 I FeiYuOS_CarPropertyImp: notifyCarPropertyMessageChange propId: 106, propValue: 25.56
04-16 19:33:33.114739  1866  1866 I MXNavi-SystemTts-VoiceModel: onReceiveCarProperty i:106 s:25.56
04-16 19:33:33.114883  1866 10255 I MXNavi-MainViewModel: onSpeedChanged:92.016 mSpeed:0.0 isCounting:false isStopTime:false
04-16 19:33:33.114916  1866 10255 I [Activate]ActivateManager: isActivation Methods are called by the class MainViewModel onSpeedChanged batchActivateResult:106
04-16 19:33:33.114937  1866 10255 E MXNavi-[Navi_Performance]: [ToolKit]: MainViewModel--onSpeedChanged activation == false
04-16 19:33:33.114960  1866 10255 E [Navi_Performance]: [ToolKit]: MainViewModel--onSpeedChanged activation == false
04-16 19:33:33.121454  3161  3492 E carSpeedChanged: carSpeedChanged 25.56
04-16 19:33:33.121755  3161  3492 E judgeAllSceneStrategy: current speed = 92.016 mCurrentScene =0
04-16 19:33:33.121781  3161  3492 E FeatureSwitchStrategyManager: sceneNeedAction: start SCENE_DYNAMIC
04-16 19:33:33.129374  3161  5227 E FeatureSwitchManager: changeFeatureSwitch, algType:1,bitMask:1000,enable:false
04-16 19:33:33.129487  3161  5227 E TcpLibClient: 服务端端口: 10.0.0.34:5096, 指定服务端未连接
04-16 19:33:33.129532  3161  5227 E TcpManager: 与服务器连接已断开
04-16 19:33:33.129572  3161  3161 E IntelliSenseService: connect server close-> address:10.0.0.34
04-16 19:33:33.159045  2737  2737 I CAR.VENDOR.AVM: onChange:newValue = CarPropertyValue{mPropertyId=0x21400470, mAreaId=0x0, mStatus=0, mTimestamp=1022632972888, mValue=0}
04-16 19:33:33.159738  1538  1538 I CAR.VENDOR.AVM: onChange:newValue = CarPropertyValue{mPropertyId=0x21400470, mAreaId=0x0, mStatus=0, mTimestamp=1022632972888, mValue=0}
04-16 19:33:33.164387  2615  3488 I SurfaceView: 91928240 Locking canvas... stopped=false, surfaceControl=Surface(name=SurfaceView - )/@0xfcae462
04-16 19:33:33.164599  2615  3488 I SurfaceView: 91928240 Returned canvas: android.view.Surface$CompatibleCanvas@5099929
04-16 19:33:33.203159  2949  2949 I BoschCarServiceImp: onCarSpeedChanged:  0.0
04-16 19:33:33.203431  2846  2846 I ICommonBinder: speed=0.0caller uid = 1000 ,pid = 2846
04-16 19:33:33.203459  2949  3403 I FeiYuOS_CarPropertyImp: NOTIFY_CAR_PROPERTY_MESSAGE_CHANGE ++++++++++++++++++++++++++++++
04-16 19:33:33.203469  2846  2846 I ICarBinder: mIGearCallback.size=0
04-16 19:33:33.203481  2949  3403 I FeiYuOS_CarPropertyImp: notifyCarPropertyMessageChange propId: 106, propValue: 0.0
04-16 19:33:33.203660  3161  3492 E FeatureSwitchStrategyManager: sceneNeedAction: start SCENE_STATIC
04-16 19:33:33.203674  1866  1866 I MXNavi-SystemTts-VoiceModel: onReceiveCarProperty i:106 s:0.0
04-16 19:33:33.203741  2899  7032 I DVR     : |Binder:2899_5|DVRService RegisterManager onCarSensorDataChanged...unknown = 557844818 
04-16 19:33:33.203767  1866 10243 I MXNavi-MainViewModel: onSpeedChanged:0.0 mSpeed:0.0 isCounting:false isStopTime:false
04-16 19:33:33.203785  1866 10243 I [Activate]ActivateManager: isActivation Methods are called by the class MainViewModel onSpeedChanged batchActivateResult:106
04-16 19:33:33.203797  1866 10243 E MXNavi-[Navi_Performance]: [ToolKit]: MainViewModel--onSpeedChanged activation == false
04-16 19:33:33.203812  1866 10243 E [Navi_Performance]: [ToolKit]: MainViewModel--onSpeedChanged activation == false
04-16 19:33:33.205089  2949  2949 I BoschCarServiceImp: onCarSpeedChanged:  25.56
04-16 19:33:33.205190  2949  3403 I FeiYuOS_CarPropertyImp: NOTIFY_CAR_PROPERTY_MESSAGE_CHANGE ++++++++++++++++++++++++++++++
04-16 19:33:33.205211  2949  3403 I FeiYuOS_CarPropertyImp: notifyCarPropertyMessageChange propId: 106, propValue: 25.56
04-16 19:33:33.205255  2846  2846 I ICommonBinder: speed=25.56caller uid = 1000 ,pid = 2846
04-16 19:33:33.205270  2846  2846 I ICarBinder: mIGearCallback.size=0
04-16 19:33:33.205362  1866  1866 I MXNavi-SystemTts-VoiceModel: onReceiveCarProperty i:106 s:25.56
04-16 19:33:33.205473  1866 10245 I MXNavi-MainViewModel: onSpeedChanged:92.016 mSpeed:0.0 isCounting:false isStopTime:false
04-16 19:33:33.205490  1866 10245 I [Activate]ActivateManager: isActivation Methods are called by the class MainViewModel onSpeedChanged batchActivateResult:106
04-16 19:33:33.205502  1866 10245 E MXNavi-[Navi_Performance]: [ToolKit]: MainViewModel--onSpeedChanged activation == false
04-16 19:33:33.205507  1866 10245 E [Navi_Performance]: [ToolKit]: MainViewModel--onSpeedChanged activation == false
04-16 19:33:33.205901  2899  7032 I DVR     : |Binder:2899_5|DVRService RegisterManager onCarSensorDataChanged...unknown = 557844818 
04-16 19:33:33.211391  3161  3492 E FeatureSwitchStrategyManager: sceneNeedAction: start SCENE_DYNAMIC
04-16 19:33:33.215674  2615  3488 I SurfaceView: 91928240 Locking canvas... stopped=false, surfaceControl=Surface(name=SurfaceView - )/@0xfcae462
04-16 19:33:33.215977  2615  3488 I SurfaceView: 91928240 Returned canvas: android.view.Surface$CompatibleCanvas@5099929
04-16 19:33:33.230380  3161  5227 E FeatureSwitchManager: changeFeatureSwitch, algType:2,bitMask:1000,enable:false
04-16 19:33:33.230494  3161  5227 E TcpLibClient: 服务端端口: 10.0.0.34:5096, 指定服务端未连接
04-16 19:33:33.230534  3161  5227 E TcpManager: 与服务器连接已断开
04-16 19:33:33.230566  3161  3161 E IntelliSenseService: connect server close-> address:10.0.0.34
04-16 19:33:33.236882  1866  1866 I MXNavi-onNmeaMessage GPGGA = : s = $GPGGA,,,,,,0,,,,,,,,*66\r
04-16 19:33:33.236979  1866  1866 I MXNavi-onNmeaMessage GPRMC = : s = $GPRMC,,V,,,,,,,,,,N*53
04-16 19:33:33.267390  2615  3488 I SurfaceView: 91928240 Locking canvas... stopped=false, surfaceControl=Surface(name=SurfaceView - )/@0xfcae462
04-16 19:33:33.267700  2615  3488 I SurfaceView: 91928240 Returned canvas: android.view.Surface$CompatibleCanvas@5099929
04-16 19:33:33.271506  2737  2737 I CAR.VENDOR.AVM: onChange:newValue = CarPropertyValue{mPropertyId=0x21400470, mAreaId=0x0, mStatus=0, mTimestamp=1022745015024, mValue=0}
04-16 19:33:33.271810  1538  1538 I CAR.VENDOR.AVM: onChange:newValue = CarPropertyValue{mPropertyId=0x21400470, mAreaId=0x0, mStatus=0, mTimestamp=1022745015024, mValue=0}
04-16 19:33:33.304236  2949  2949 I BoschCarServiceImp: onCarSpeedChanged:  0.0
04-16 19:33:33.304292  2846  2846 I ICommonBinder: speed=0.0caller uid = 1000 ,pid = 2846
04-16 19:33:33.304312  2846  2846 I ICarBinder: mIGearCallback.size=0
04-16 19:33:33.304399  2949  3403 I FeiYuOS_CarPropertyImp: NOTIFY_CAR_PROPERTY_MESSAGE_CHANGE ++++++++++++++++++++++++++++++
04-16 19:33:33.304422  2949  3403 I FeiYuOS_CarPropertyImp: notifyCarPropertyMessageChange propId: 106, propValue: 0.0
04-16 19:33:33.304614  2899  7032 I DVR     : |Binder:2899_5|DVRService RegisterManager onCarSensorDataChanged...unknown = 557844818 
04-16 19:33:33.304713  1866  1866 I MXNavi-SystemTts-VoiceModel: onReceiveCarProperty i:106 s:0.0
04-16 19:33:33.304803  1866 10244 I MXNavi-MainViewModel: onSpeedChanged:0.0 mSpeed:0.0 isCounting:false isStopTime:false
04-16 19:33:33.304820  1866 10244 I [Activate]ActivateManager: isActivation Methods are called by the class MainViewModel onSpeedChanged batchActivateResult:106
04-16 19:33:33.304831  1866 10244 E MXNavi-[Navi_Performance]: [ToolKit]: MainViewModel--onSpeedChanged activation == false
04-16 19:33:33.304837  1866 10244 E [Navi_Performance]: [ToolKit]: MainViewModel--onSpeedChanged activation == false
04-16 19:33:33.305722  3161  3492 E FeatureSwitchStrategyManager: sceneNeedAction: start SCENE_STATIC
04-16 19:33:33.320134  2615  3488 I SurfaceView: 91928240 Locking canvas... stopped=false, surfaceControl=Surface(name=SurfaceView - )/@0xfcae462
04-16 19:33:33.320319  2615  3488 I SurfaceView: 91928240 Returned canvas: android.view.Surface$CompatibleCanvas@5099929
04-16 19:33:33.320905  2949  2949 I BoschCarServiceImp: onCarSpeedChanged:  25.56
04-16 19:33:33.321102  2949  3403 I FeiYuOS_CarPropertyImp: NOTIFY_CAR_PROPERTY_MESSAGE_CHANGE ++++++++++++++++++++++++++++++
04-16 19:33:33.321138  2949  3403 I FeiYuOS_CarPropertyImp: notifyCarPropertyMessageChange propId: 106, propValue: 25.56
04-16 19:33:33.321178  2846  2846 I ICommonBinder: speed=25.56caller uid = 1000 ,pid = 2846
04-16 19:33:33.321195  2846  2846 I ICarBinder: mIGearCallback.size=0
04-16 19:33:33.321404  1866  1866 I MXNavi-SystemTts-VoiceModel: onReceiveCarProperty i:106 s:25.56
04-16 19:33:33.321460  3161  3492 E FeatureSwitchStrategyManager: sceneNeedAction: start SCENE_DYNAMIC
04-16 19:33:33.321493  2899  7032 I DVR     : |Binder:2899_5|DVRService RegisterManager onCarSensorDataChanged...unknown = 557844818 
04-16 19:33:33.321559  1866 10246 I MXNavi-MainViewModel: onSpeedChanged:92.016 mSpeed:0.0 isCounting:false isStopTime:false
04-16 19:33:33.321576  1866 10246 I [Activate]ActivateManager: isActivation Methods are called by the class MainViewModel onSpeedChanged batchActivateResult:106
04-16 19:33:33.321589  1866 10246 E MXNavi-[Navi_Performance]: [ToolKit]: MainViewModel--onSpeedChanged activation == false
04-16 19:33:33.321597  1866 10246 E [Navi_Performance]: [ToolKit]: MainViewModel--onSpeedChanged activation == false
04-16 19:33:33.332386  3161  5227 E FeatureSwitchManager: changeFeatureSwitch, algType:3,bitMask:1000,enable:false
04-16 19:33:33.332583  3161  5227 E TcpLibClient: 服务端端口: 10.0.0.34:5096, 指定服务端未连接
04-16 19:33:33.332633  3161  5227 E TcpManager: 与服务器连接已断开
04-16 19:33:33.332676  3161  3161 E IntelliSenseService: connect server close-> address:10.0.0.34
04-16 19:33:33.344285  2356  2356 I BootPresenter: (-$$Lambda$Qut1UVg1Gu75cdlDy9b5jeBJWaU.java:2)bootQuickLogin---->puid = 0
04-16 19:33:33.344962  2356  2356 I BootPresenter: (-$$Lambda$Qut1UVg1Gu75cdlDy9b5jeBJWaU.java:2)bootAutoLogin---->500ms后重试 puid = 0 , faceId = 0 , isNetInited = false
