04-16 19:33:33.355553  1349  1840 E Property.service: getProperty: propId is not in config list:0x21600202
04-16 19:33:33.373171  2615  3488 I SurfaceView: 91928240 Locking canvas... stopped=false, surfaceControl=Surface(name=SurfaceView - )/@0xfcae462
04-16 19:33:33.373402  2615  3488 I SurfaceView: 91928240 Returned canvas: android.view.Surface$CompatibleCanvas@5099929
04-16 19:33:33.383210  2737  2737 I CAR.VENDOR.AVM: onChange:newValue = CarPropertyValue{mPropertyId=0x21400470, mAreaId=0x0, mStatus=0, mTimestamp=1022857184868, mValue=0}
04-16 19:33:33.384078  1538  1538 I CAR.VENDOR.AVM: onChange:newValue = CarPropertyValue{mPropertyId=0x21400470, mAreaId=0x0, mStatus=0, mTimestamp=1022857184868, mValue=0}
04-16 19:33:33.410858  2949  2949 I BoschCarServiceImp: onCarSpeedChanged:  0.0
04-16 19:33:33.411143  2949  3403 I FeiYuOS_CarPropertyImp: NOTIFY_CAR_PROPERTY_MESSAGE_CHANGE ++++++++++++++++++++++++++++++
04-16 19:33:33.411170  2949  3403 I FeiYuOS_CarPropertyImp: notifyCarPropertyMessageChange propId: 106, propValue: 0.0
04-16 19:33:33.411173  2846  2846 I ICommonBinder: speed=0.0caller uid = 1000 ,pid = 2846
04-16 19:33:33.411192  2846  2846 I ICarBinder: mIGearCallback.size=0
04-16 19:33:33.411242  3161  3492 E FeatureSwitchStrategyManager: sceneNeedAction: start SCENE_STATIC
04-16 19:33:33.411348  1866  1866 I MXNavi-SystemTts-VoiceModel: onReceiveCarProperty i:106 s:0.0
04-16 19:33:33.411497  1866 10247 I MXNavi-MainViewModel: onSpeedChanged:0.0 mSpeed:0.0 isCounting:false isStopTime:false
04-16 19:33:33.411512  1866 10247 I [Activate]ActivateManager: isActivation Methods are called by the class MainViewModel onSpeedChanged batchActivateResult:106
04-16 19:33:33.411523  1866 10247 E MXNavi-[Navi_Performance]: [ToolKit]: MainViewModel--onSpeedChanged activation == false
04-16 19:33:33.411528  1866 10247 E [Navi_Performance]: [ToolKit]: MainViewModel--onSpeedChanged activation == false
04-16 19:33:33.412660  2899  7032 I DVR     : |Binder:2899_5|DVRService RegisterManager onCarSensorDataChanged...unknown = 557844818 
04-16 19:33:33.413419  2949  2949 I BoschCarServiceImp: onCarSpeedChanged:  25.56
04-16 19:33:33.413872  2949  3403 I FeiYuOS_CarPropertyImp: NOTIFY_CAR_PROPERTY_MESSAGE_CHANGE ++++++++++++++++++++++++++++++
04-16 19:33:33.413878  2846  2846 I ICommonBinder: speed=25.56caller uid = 1000 ,pid = 2846
04-16 19:33:33.413895  2846  2846 I ICarBinder: mIGearCallback.size=0
04-16 19:33:33.413904  2949  3403 I FeiYuOS_CarPropertyImp: notifyCarPropertyMessageChange propId: 106, propValue: 25.56
04-16 19:33:33.414370  1866  1866 I MXNavi-SystemTts-VoiceModel: onReceiveCarProperty i:106 s:25.56
04-16 19:33:33.414530  1866 10248 I MXNavi-MainViewModel: onSpeedChanged:92.016 mSpeed:0.0 isCounting:false isStopTime:false
04-16 19:33:33.414547  1866 10248 I [Activate]ActivateManager: isActivation Methods are called by the class MainViewModel onSpeedChanged batchActivateResult:106
04-16 19:33:33.414557  1866 10248 E MXNavi-[Navi_Performance]: [ToolKit]: MainViewModel--onSpeedChanged activation == false
04-16 19:33:33.414563  1866 10248 E [Navi_Performance]: [ToolKit]: MainViewModel--onSpeedChanged activation == false
04-16 19:33:33.415916  2899  7032 I DVR     : |Binder:2899_5|DVRService RegisterManager onCarSensorDataChanged...unknown = 557844818 
04-16 19:33:33.421399  3161  3492 E FeatureSwitchStrategyManager: sceneNeedAction: start SCENE_DYNAMIC
04-16 19:33:33.425453  2615  3488 I SurfaceView: 91928240 Locking canvas... stopped=false, surfaceControl=Surface(name=SurfaceView - )/@0xfcae462
04-16 19:33:33.425688  2615  3488 I SurfaceView: 91928240 Returned canvas: android.view.Surface$CompatibleCanvas@5099929
04-16 19:33:33.433402  3161  5227 E FeatureSwitchManager: changeFeatureSwitch, algType:1,bitMask:1000,enable:true
04-16 19:33:33.433512  3161  5227 E TcpLibClient: 服务端端口: 10.0.0.34:5096, 指定服务端未连接
04-16 19:33:33.433561  3161  5227 E TcpManager: 与服务器连接已断开
04-16 19:33:33.433601  3161  3161 E IntelliSenseService: connect server close-> address:10.0.0.34
04-16 19:33:33.477386  2615  3488 I SurfaceView: 91928240 Locking canvas... stopped=false, surfaceControl=Surface(name=SurfaceView - )/@0xfcae462
04-16 19:33:33.477599  2615  3488 I SurfaceView: 91928240 Returned canvas: android.view.Surface$CompatibleCanvas@5099929
04-16 19:33:33.494378  2737  2737 I CAR.VENDOR.AVM: onChange:newValue = CarPropertyValue{mPropertyId=0x21400470, mAreaId=0x0, mStatus=0, mTimestamp=1022968931847, mValue=0}
04-16 19:33:33.494613  1538  1538 I CAR.VENDOR.AVM: onChange:newValue = CarPropertyValue{mPropertyId=0x21400470, mAreaId=0x0, mStatus=0, mTimestamp=1022968931847, mValue=0}
04-16 19:33:33.509833  2846  2846 I ICommonBinder: speed=0.0caller uid = 1000 ,pid = 2846
04-16 19:33:33.509870  2846  2846 I ICarBinder: mIGearCallback.size=0
04-16 19:33:33.510144  3161  3492 E FeatureSwitchStrategyManager: sceneNeedAction: start SCENE_STATIC
04-16 19:33:33.510159  2899  7032 I DVR     : |Binder:2899_5|DVRService RegisterManager onCarSensorDataChanged...unknown = 557844818 
04-16 19:33:33.512409  2846  2846 I ICommonBinder: speed=25.56caller uid = 1000 ,pid = 2846
04-16 19:33:33.512454  2846  2846 I ICarBinder: mIGearCallback.size=0
04-16 19:33:33.513736  2899  7032 I DVR     : |Binder:2899_5|DVRService RegisterManager onCarSensorDataChanged...unknown = 557844818 
04-16 19:33:33.514196  2949  2949 I BoschCarServiceImp: onCarSpeedChanged:  0.0
04-16 19:33:33.514690  2949  2949 I BoschCarServiceImp: onCarSpeedChanged:  25.56
04-16 19:33:33.514800  2949  3403 I FeiYuOS_CarPropertyImp: NOTIFY_CAR_PROPERTY_MESSAGE_CHANGE ++++++++++++++++++++++++++++++
04-16 19:33:33.514826  2949  3403 I FeiYuOS_CarPropertyImp: notifyCarPropertyMessageChange propId: 106, propValue: 0.0
04-16 19:33:33.514940  2949  3403 I FeiYuOS_CarPropertyImp: NOTIFY_CAR_PROPERTY_MESSAGE_CHANGE ++++++++++++++++++++++++++++++
04-16 19:33:33.514955  2949  3403 I FeiYuOS_CarPropertyImp: notifyCarPropertyMessageChange propId: 106, propValue: 25.56
04-16 19:33:33.514994  1866  1866 I MXNavi-SystemTts-VoiceModel: onReceiveCarProperty i:106 s:0.0
04-16 19:33:33.515099  1866  1866 I MXNavi-SystemTts-VoiceModel: onReceiveCarProperty i:106 s:25.56
04-16 19:33:33.515119  1866 10249 I MXNavi-MainViewModel: onSpeedChanged:0.0 mSpeed:0.0 isCounting:false isStopTime:false
04-16 19:33:33.515138  1866 10249 I [Activate]ActivateManager: isActivation Methods are called by the class MainViewModel onSpeedChanged batchActivateResult:106
04-16 19:33:33.515150  1866 10249 E MXNavi-[Navi_Performance]: [ToolKit]: MainViewModel--onSpeedChanged activation == false
04-16 19:33:33.515158  1866 10249 E [Navi_Performance]: [ToolKit]: MainViewModel--onSpeedChanged activation == false
04-16 19:33:33.515173  1866 10249 I MXNavi-MainViewModel: onSpeedChanged:92.016 mSpeed:0.0 isCounting:false isStopTime:false
04-16 19:33:33.515190  1866 10249 I [Activate]ActivateManager: isActivation Methods are called by the class MainViewModel onSpeedChanged batchActivateResult:106
04-16 19:33:33.515202  1866 10249 E MXNavi-[Navi_Performance]: [ToolKit]: MainViewModel--onSpeedChanged activation == false
04-16 19:33:33.515274  1866 10249 E [Navi_Performance]: [ToolKit]: MainViewModel--onSpeedChanged activation == false
04-16 19:33:33.517701  3161  3492 E FeatureSwitchStrategyManager: sceneNeedAction: start SCENE_DYNAMIC
04-16 19:33:33.529331  2615  3488 I SurfaceView: 91928240 Locking canvas... stopped=false, surfaceControl=Surface(name=SurfaceView - )/@0xfcae462
04-16 19:33:33.529605  2615  3488 I SurfaceView: 91928240 Returned canvas: android.view.Surface$CompatibleCanvas@5099929
04-16 19:33:33.534485  3161  5227 E FeatureSwitchManager: changeFeatureSwitch, algType:2,bitMask:1000,enable:true
04-16 19:33:33.534616  3161  5227 E TcpLibClient: 服务端端口: 10.0.0.34:5096, 指定服务端未连接
04-16 19:33:33.534667  3161  5227 E TcpManager: 与服务器连接已断开
04-16 19:33:33.534736  3161  3161 E IntelliSenseService: connect server close-> address:10.0.0.34
04-16 19:33:33.581181  2615  3488 I SurfaceView: 91928240 Locking canvas... stopped=false, surfaceControl=Surface(name=SurfaceView - )/@0xfcae462
04-16 19:33:33.581426  2615  3488 I SurfaceView: 91928240 Returned canvas: android.view.Surface$CompatibleCanvas@5099929
04-16 19:33:33.606084  2737  2737 I CAR.VENDOR.AVM: onChange:newValue = CarPropertyValue{mPropertyId=0x21400470, mAreaId=0x0, mStatus=0, mTimestamp=1023080262888, mValue=0}
04-16 19:33:33.606211  1538  1538 I CAR.VENDOR.AVM: onChange:newValue = CarPropertyValue{mPropertyId=0x21400470, mAreaId=0x0, mStatus=0, mTimestamp=1023080262888, mValue=0}
04-16 19:33:33.606764  2949  2949 I BoschCarServiceImp: onCarSpeedChanged:  0.0
04-16 19:33:33.606866  2949  3403 I FeiYuOS_CarPropertyImp: NOTIFY_CAR_PROPERTY_MESSAGE_CHANGE ++++++++++++++++++++++++++++++
04-16 19:33:33.606888  2949  3403 I FeiYuOS_CarPropertyImp: notifyCarPropertyMessageChange propId: 106, propValue: 0.0
04-16 19:33:33.607065  1866  1866 I MXNavi-SystemTts-VoiceModel: onReceiveCarProperty i:106 s:0.0
04-16 19:33:33.607181  1866 10251 I MXNavi-MainViewModel: onSpeedChanged:0.0 mSpeed:0.0 isCounting:false isStopTime:false
04-16 19:33:33.607199  1866 10251 I [Activate]ActivateManager: isActivation Methods are called by the class MainViewModel onSpeedChanged batchActivateResult:106
04-16 19:33:33.607211  1866 10251 E MXNavi-[Navi_Performance]: [ToolKit]: MainViewModel--onSpeedChanged activation == false
04-16 19:33:33.607217  1866 10251 E [Navi_Performance]: [ToolKit]: MainViewModel--onSpeedChanged activation == false
04-16 19:33:33.607703  2846  2846 I ICommonBinder: speed=0.0caller uid = 1000 ,pid = 2846
04-16 19:33:33.607722  2846  2846 I ICarBinder: mIGearCallback.size=0
04-16 19:33:33.607840  3161  3492 E FeatureSwitchStrategyManager: sceneNeedAction: start SCENE_STATIC
04-16 19:33:33.608586  2899  7032 I DVR     : |Binder:2899_5|DVRService RegisterManager onCarSensorDataChanged...unknown = 557844818 
04-16 19:33:33.618456  2949  2949 I BoschCarServiceImp: onCarSpeedChanged:  25.56
04-16 19:33:33.618687  2949  3403 I FeiYuOS_CarPropertyImp: NOTIFY_CAR_PROPERTY_MESSAGE_CHANGE ++++++++++++++++++++++++++++++
04-16 19:33:33.618716  2949  3403 I FeiYuOS_CarPropertyImp: notifyCarPropertyMessageChange propId: 106, propValue: 25.56
04-16 19:33:33.618880  1866  1866 I MXNavi-SystemTts-VoiceModel: onReceiveCarProperty i:106 s:25.56
04-16 19:33:33.619000  1866 10252 I MXNavi-MainViewModel: onSpeedChanged:92.016 mSpeed:0.0 isCounting:false isStopTime:false
04-16 19:33:33.619033  1866 10252 I [Activate]ActivateManager: isActivation Methods are called by the class MainViewModel onSpeedChanged batchActivateResult:106
04-16 19:33:33.619055  1866 10252 E MXNavi-[Navi_Performance]: [ToolKit]: MainViewModel--onSpeedChanged activation == false
04-16 19:33:33.619069  1866 10252 E [Navi_Performance]: [ToolKit]: MainViewModel--onSpeedChanged activation == false
04-16 19:33:33.619325  3161  3492 E FeatureSwitchStrategyManager: sceneNeedAction: start SCENE_DYNAMIC
04-16 19:33:33.619607  2846  2846 I ICommonBinder: speed=25.56caller uid = 1000 ,pid = 2846
04-16 19:33:33.619644  2846  2846 I ICarBinder: mIGearCallback.size=0
04-16 19:33:33.620640  2899  7032 I DVR     : |Binder:2899_5|DVRService RegisterManager onCarSensorDataChanged...unknown = 557844818 
04-16 19:33:33.633428  2615  3488 I SurfaceView: 91928240 Locking canvas... stopped=false, surfaceControl=Surface(name=SurfaceView - )/@0xfcae462
04-16 19:33:33.633653  2615  3488 I SurfaceView: 91928240 Returned canvas: android.view.Surface$CompatibleCanvas@5099929
04-16 19:33:33.636379  3161  5227 E FeatureSwitchManager: changeFeatureSwitch, algType:3,bitMask:1000,enable:true
04-16 19:33:33.636500  3161  5227 E TcpLibClient: 服务端端口: 10.0.0.34:5096, 指定服务端未连接
04-16 19:33:33.636543  3161  5227 E TcpManager: 与服务器连接已断开
04-16 19:33:33.636580  3161  3161 E IntelliSenseService: connect server close-> address:10.0.0.34
04-16 19:33:33.686473  2615  3488 I SurfaceView: 91928240 Locking canvas... stopped=false, surfaceControl=Surface(name=SurfaceView - )/@0xfcae462
04-16 19:33:33.686683  2615  3488 I SurfaceView: 91928240 Returned canvas: android.view.Surface$CompatibleCanvas@5099929
04-16 19:33:33.709744  2737  2737 I CAR.VENDOR.AVM: onChange:newValue = CarPropertyValue{mPropertyId=0x21400470, mAreaId=0x0, mStatus=0, mTimestamp=1023189338201, mValue=0}
04-16 19:33:33.710140  1538  1538 I CAR.VENDOR.AVM: onChange:newValue = CarPropertyValue{mPropertyId=0x21400470, mAreaId=0x0, mStatus=0, mTimestamp=1023189338201, mValue=0}
04-16 19:33:33.710610  2949  2949 I BoschCarServiceImp: onCarSpeedChanged:  0.0
04-16 19:33:33.710785  2949  3403 I FeiYuOS_CarPropertyImp: NOTIFY_CAR_PROPERTY_MESSAGE_CHANGE ++++++++++++++++++++++++++++++
04-16 19:33:33.710806  2949  3403 I FeiYuOS_CarPropertyImp: notifyCarPropertyMessageChange propId: 106, propValue: 0.0
04-16 19:33:33.711276  3161  3492 E FeatureSwitchStrategyManager: sceneNeedAction: start SCENE_STATIC
04-16 19:33:33.711347  1866  1866 I MXNavi-SystemTts-VoiceModel: onReceiveCarProperty i:106 s:0.0
04-16 19:33:33.711456  1866 10253 I MXNavi-MainViewModel: onSpeedChanged:0.0 mSpeed:0.0 isCounting:false isStopTime:false
04-16 19:33:33.711510  1866 10253 I [Activate]ActivateManager: isActivation Methods are called by the class MainViewModel onSpeedChanged batchActivateResult:106
04-16 19:33:33.711526  1866 10253 E MXNavi-[Navi_Performance]: [ToolKit]: MainViewModel--onSpeedChanged activation == false
04-16 19:33:33.711535  1866 10253 E [Navi_Performance]: [ToolKit]: MainViewModel--onSpeedChanged activation == false
04-16 19:33:33.711649  2846  2846 I ICommonBinder: speed=0.0caller uid = 1000 ,pid = 2846
04-16 19:33:33.711705  2846  2846 I ICarBinder: mIGearCallback.size=0
04-16 19:33:33.713236  2899  7032 I DVR     : |Binder:2899_5|DVRService RegisterManager onCarSensorDataChanged...unknown = 557844818 
04-16 19:33:33.714794  2949  2949 I BoschCarServiceImp: onCarSpeedChanged:  25.56
04-16 19:33:33.714882  2949  3403 I FeiYuOS_CarPropertyImp: NOTIFY_CAR_PROPERTY_MESSAGE_CHANGE ++++++++++++++++++++++++++++++
04-16 19:33:33.714906  2949  3403 I FeiYuOS_CarPropertyImp: notifyCarPropertyMessageChange propId: 106, propValue: 25.56
04-16 19:33:33.715364  1866  1866 I MXNavi-SystemTts-VoiceModel: onReceiveCarProperty i:106 s:25.56
04-16 19:33:33.715511  1866 10254 I MXNavi-MainViewModel: onSpeedChanged:92.016 mSpeed:0.0 isCounting:false isStopTime:false
04-16 19:33:33.715528  1866 10254 I [Activate]ActivateManager: isActivation Methods are called by the class MainViewModel onSpeedChanged batchActivateResult:106
04-16 19:33:33.715541  1866 10254 E MXNavi-[Navi_Performance]: [ToolKit]: MainViewModel--onSpeedChanged activation == false
04-16 19:33:33.715547  1866 10254 E [Navi_Performance]: [ToolKit]: MainViewModel--onSpeedChanged activation == false
04-16 19:33:33.716155  2846  2846 I ICommonBinder: speed=25.56caller uid = 1000 ,pid = 2846
04-16 19:33:33.716171  2846  2846 I ICarBinder: mIGearCallback.size=0
04-16 19:33:33.717198  2899  7032 I DVR     : |Binder:2899_5|DVRService RegisterManager onCarSensorDataChanged...unknown = 557844818 
04-16 19:33:33.718088  3161  3492 E FeatureSwitchStrategyManager: sceneNeedAction: start SCENE_DYNAMIC
04-16 19:33:33.737382  3161  5227 E FeatureSwitchManager: changeFeatureSwitch, algType:1,bitMask:1000,enable:false
04-16 19:33:33.737527  3161  5227 E TcpLibClient: 服务端端口: 10.0.0.34:5096, 指定服务端未连接
04-16 19:33:33.737572  3161  5227 E TcpManager: 与服务器连接已断开
04-16 19:33:33.737640  3161  3161 E IntelliSenseService: connect server close-> address:10.0.0.34
04-16 19:33:33.737714  2615  3488 I SurfaceView: 91928240 Locking canvas... stopped=false, surfaceControl=Surface(name=SurfaceView - )/@0xfcae462
04-16 19:33:33.737925  2615  3488 I SurfaceView: 91928240 Returned canvas: android.view.Surface$CompatibleCanvas@5099929
04-16 19:33:33.789152  2615  3488 I SurfaceView: 91928240 Locking canvas... stopped=false, surfaceControl=Surface(name=SurfaceView - )/@0xfcae462
04-16 19:33:33.789385  2615  3488 I SurfaceView: 91928240 Returned canvas: android.view.Surface$CompatibleCanvas@5099929
04-16 19:33:33.807276  2949  2949 I BoschCarServiceImp: onCarSpeedChanged:  0.0
04-16 19:33:33.807388  2846  2846 I ICommonBinder: speed=0.0caller uid = 1000 ,pid = 2846
04-16 19:33:33.807405  2846  2846 I ICarBinder: mIGearCallback.size=0
04-16 19:33:33.807439  2949  3403 I FeiYuOS_CarPropertyImp: NOTIFY_CAR_PROPERTY_MESSAGE_CHANGE ++++++++++++++++++++++++++++++
04-16 19:33:33.807461  2949  3403 I FeiYuOS_CarPropertyImp: notifyCarPropertyMessageChange propId: 106, propValue: 0.0
04-16 19:33:33.807613  1866  1866 I MXNavi-SystemTts-VoiceModel: onReceiveCarProperty i:106 s:0.0
04-16 19:33:33.807717  1866 10256 I MXNavi-MainViewModel: onSpeedChanged:0.0 mSpeed:0.0 isCounting:false isStopTime:false
04-16 19:33:33.807735  1866 10256 I [Activate]ActivateManager: isActivation Methods are called by the class MainViewModel onSpeedChanged batchActivateResult:106
04-16 19:33:33.807748  1866 10256 E MXNavi-[Navi_Performance]: [ToolKit]: MainViewModel--onSpeedChanged activation == false
04-16 19:33:33.807755  1866 10256 E [Navi_Performance]: [ToolKit]: MainViewModel--onSpeedChanged activation == false
04-16 19:33:33.808274  3161  3492 E FeatureSwitchStrategyManager: sceneNeedAction: start SCENE_STATIC
04-16 19:33:33.809097  2899  7032 I DVR     : |Binder:2899_5|DVRService RegisterManager onCarSensorDataChanged...unknown = 557844818 
04-16 19:33:33.811063  2949  2949 I BoschCarServiceImp: onCarSpeedChanged:  25.56
04-16 19:33:33.811247  2949  3403 I FeiYuOS_CarPropertyImp: NOTIFY_CAR_PROPERTY_MESSAGE_CHANGE ++++++++++++++++++++++++++++++
04-16 19:33:33.811279  2949  3403 I FeiYuOS_CarPropertyImp: notifyCarPropertyMessageChange propId: 106, propValue: 25.56
04-16 19:33:33.811458  1866  1866 I MXNavi-SystemTts-VoiceModel: onReceiveCarProperty i:106 s:25.56
04-16 19:33:33.811772  1866 10242 I MXNavi-MainViewModel: onSpeedChanged:92.016 mSpeed:0.0 isCounting:false isStopTime:false
04-16 19:33:33.811810  1866 10242 I [Activate]ActivateManager: isActivation Methods are called by the class MainViewModel onSpeedChanged batchActivateResult:106
04-16 19:33:33.811822  1866 10242 E MXNavi-[Navi_Performance]: [ToolKit]: MainViewModel--onSpeedChanged activation == false
04-16 19:33:33.811838  1866 10242 E [Navi_Performance]: [ToolKit]: MainViewModel--onSpeedChanged activation == false
04-16 19:33:33.811994  2846  2846 I ICommonBinder: speed=25.56caller uid = 1000 ,pid = 2846
04-16 19:33:33.812306  2846  2846 I ICarBinder: mIGearCallback.size=0
04-16 19:33:33.812919  2899  7032 I DVR     : |Binder:2899_5|DVRService RegisterManager onCarSensorDataChanged...unknown = 557844818 
04-16 19:33:33.817301  3161  3492 E FeatureSwitchStrategyManager: sceneNeedAction: start SCENE_DYNAMIC
04-16 19:33:33.827566  2737  2737 I CAR.VENDOR.AVM: onChange:newValue = CarPropertyValue{mPropertyId=0x21400470, mAreaId=0x0, mStatus=0, mTimestamp=1023300858461, mValue=0}
04-16 19:33:33.827724  1538  1538 I CAR.VENDOR.AVM: onChange:newValue = CarPropertyValue{mPropertyId=0x21400470, mAreaId=0x0, mStatus=0, mTimestamp=1023300858461, mValue=0}
04-16 19:33:33.838369  3161  5227 E FeatureSwitchManager: changeFeatureSwitch, algType:2,bitMask:1000,enable:false
04-16 19:33:33.838672  3161  5227 E TcpLibClient: 服务端端口: 10.0.0.34:5096, 指定服务端未连接
04-16 19:33:33.838720  3161  5227 E TcpManager: 与服务器连接已断开
04-16 19:33:33.838772  3161  3161 E IntelliSenseService: connect server close-> address:10.0.0.34
04-16 19:33:33.840536  2615  3488 I SurfaceView: 91928240 Locking canvas... stopped=false, surfaceControl=Surface(name=SurfaceView - )/@0xfcae462
04-16 19:33:33.840755  2615  3488 I SurfaceView: 91928240 Returned canvas: android.view.Surface$CompatibleCanvas@5099929
04-16 19:33:33.848177  2356  2356 I BootPresenter: (-$$Lambda$Qut1UVg1Gu75cdlDy9b5jeBJWaU.java:2)bootQuickLogin---->puid = 0
04-16 19:33:33.848712  2356  2356 I BootPresenter: (-$$Lambda$Qut1UVg1Gu75cdlDy9b5jeBJWaU.java:2)bootAutoLogin---->500ms后重试 puid = 0 , faceId = 0 , isNetInited = false
04-16 19:33:33.893406  2615  3488 I SurfaceView: 91928240 Locking canvas... stopped=false, surfaceControl=Surface(name=SurfaceView - )/@0xfcae462
04-16 19:33:33.893721  2615  3488 I SurfaceView: 91928240 Returned canvas: android.view.Surface$CompatibleCanvas@5099929
04-16 19:33:33.898789  1093  1109 E u-blox  : ublox::CGnssMeasurementExtension::navMeasurementUpdate: GnssMeasurementExtension callback is not initialized
04-16 19:33:33.908557  2949  2949 I BoschCarServiceImp: onCarSpeedChanged:  0.0
04-16 19:33:33.909278  2949  3403 I FeiYuOS_CarPropertyImp: NOTIFY_CAR_PROPERTY_MESSAGE_CHANGE ++++++++++++++++++++++++++++++
04-16 19:33:33.909300  2949  3403 I FeiYuOS_CarPropertyImp: notifyCarPropertyMessageChange propId: 106, propValue: 0.0
04-16 19:33:33.909333  3161  3492 E FeatureSwitchStrategyManager: sceneNeedAction: start SCENE_STATIC
04-16 19:33:33.909452  1866  1866 I MXNavi-SystemTts-VoiceModel: onReceiveCarProperty i:106 s:0.0
04-16 19:33:33.909744  2846  2846 I ICommonBinder: speed=0.0caller uid = 1000 ,pid = 2846
04-16 19:33:33.909761  2846  2846 I ICarBinder: mIGearCallback.size=0
04-16 19:33:33.909646  1866 10255 I MXNavi-MainViewModel: onSpeedChanged:0.0 mSpeed:0.0 isCounting:false isStopTime:false
04-16 19:33:33.910719  1866 10255 I [Activate]ActivateManager: isActivation Methods are called by the class MainViewModel onSpeedChanged batchActivateResult:106
04-16 19:33:33.910742  1866 10255 E MXNavi-[Navi_Performance]: [ToolKit]: MainViewModel--onSpeedChanged activation == false
04-16 19:33:33.910757  1866 10255 E [Navi_Performance]: [ToolKit]: MainViewModel--onSpeedChanged activation == false
04-16 19:33:33.911239  2899  7032 I DVR     : |Binder:2899_5|DVRService RegisterManager onCarSensorDataChanged...unknown = 557844818 
04-16 19:33:33.912674  2949  2949 I BoschCarServiceImp: onCarSpeedChanged:  25.56
04-16 19:33:33.912754  2949  3403 I FeiYuOS_CarPropertyImp: NOTIFY_CAR_PROPERTY_MESSAGE_CHANGE ++++++++++++++++++++++++++++++
04-16 19:33:33.912778  2949  3403 I FeiYuOS_CarPropertyImp: notifyCarPropertyMessageChange propId: 106, propValue: 25.56
04-16 19:33:33.913040  1866  1866 I MXNavi-SystemTts-VoiceModel: onReceiveCarProperty i:106 s:25.56
04-16 19:33:33.913266  1866 10243 I MXNavi-MainViewModel: onSpeedChanged:92.016 mSpeed:0.0 isCounting:false isStopTime:false
04-16 19:33:33.913284  1866 10243 I [Activate]ActivateManager: isActivation Methods are called by the class MainViewModel onSpeedChanged batchActivateResult:106
04-16 19:33:33.913297  1866 10243 E MXNavi-[Navi_Performance]: [ToolKit]: MainViewModel--onSpeedChanged activation == false
04-16 19:33:33.913304  1866 10243 E [Navi_Performance]: [ToolKit]: MainViewModel--onSpeedChanged activation == false
04-16 19:33:33.913926  2846  2846 I ICommonBinder: speed=25.56caller uid = 1000 ,pid = 2846
04-16 19:33:33.913968  2846  2846 I ICarBinder: mIGearCallback.size=0
04-16 19:33:33.915239  2899  7032 I DVR     : |Binder:2899_5|DVRService RegisterManager onCarSensorDataChanged...unknown = 557844818 
04-16 19:33:33.916731  3161  3492 E FeatureSwitchStrategyManager: sceneNeedAction: start SCENE_DYNAMIC
04-16 19:33:33.937414  2737  2737 I CAR.VENDOR.AVM: onChange:newValue = CarPropertyValue{mPropertyId=0x21400470, mAreaId=0x0, mStatus=0, mTimestamp=1023410885128, mValue=0}
04-16 19:33:33.937661  1538  1538 I CAR.VENDOR.AVM: onChange:newValue = CarPropertyValue{mPropertyId=0x21400470, mAreaId=0x0, mStatus=0, mTimestamp=1023410885128, mValue=0}
04-16 19:33:33.940671  3161  5227 E FeatureSwitchManager: changeFeatureSwitch, algType:3,bitMask:1000,enable:false
04-16 19:33:33.940787  3161  5227 E TcpLibClient: 服务端端口: 10.0.0.34:5096, 指定服务端未连接
04-16 19:33:33.940832  3161  5227 E TcpManager: 与服务器连接已断开
04-16 19:33:33.940905  3161  3161 E IntelliSenseService: connect server close-> address:10.0.0.34
04-16 19:33:33.946699  2615  3488 I SurfaceView: 91928240 Locking canvas... stopped=false, surfaceControl=Surface(name=SurfaceView - )/@0xfcae462
04-16 19:33:33.946938  2615  3488 I SurfaceView: 91928240 Returned canvas: android.view.Surface$CompatibleCanvas@5099929
04-16 19:33:33.999157  1093  1109 I u-blox  : CAndroidDatabase::CommitSvStatus: reportSvStatus
04-16 19:33:33.999537  1163  1453 I GnssLocationProvider: WakeLock acquired by sendMessage(REPORT_SV_STATUS, 0, com.android.server.location.GnssLocationProvider$SvStatusInfo@e8ba9e)
04-16 19:33:33.999590  2615  3488 I SurfaceView: 91928240 Locking canvas... stopped=false, surfaceControl=Surface(name=SurfaceView - )/@0xfcae462
04-16 19:33:33.999728  1163  1177 I GnssLocationProvider: WakeLock released by handleMessage(REPORT_SV_STATUS, 0, com.android.server.location.GnssLocationProvider$SvStatusInfo@e8ba9e)
04-16 19:33:33.999959  2615  3488 I SurfaceView: 91928240 Returned canvas: android.view.Surface$CompatibleCanvas@5099929
04-16 19:33:34.001734  1866  2289 I MXNavi-PosManager: GpsSatellite num is 3
04-16 19:33:34.006922  2846  2846 I ICommonBinder: speed=0.0caller uid = 1000 ,pid = 2846
04-16 19:33:34.006968  2846  2846 I ICarBinder: mIGearCallback.size=0
04-16 19:33:34.007110  2949  2949 I BoschCarServiceImp: onCarSpeedChanged:  0.0
04-16 19:33:34.007196  2949  3403 I FeiYuOS_CarPropertyImp: NOTIFY_CAR_PROPERTY_MESSAGE_CHANGE ++++++++++++++++++++++++++++++
04-16 19:33:34.007219  2949  3403 I FeiYuOS_CarPropertyImp: notifyCarPropertyMessageChange propId: 106, propValue: 0.0
04-16 19:33:34.007345  1866  1866 I MXNavi-SystemTts-VoiceModel: onReceiveCarProperty i:106 s:0.0
04-16 19:33:34.007423  1866 10245 I MXNavi-MainViewModel: onSpeedChanged:0.0 mSpeed:0.0 isCounting:false isStopTime:false
04-16 19:33:34.007448  1866 10245 I [Activate]ActivateManager: isActivation Methods are called by the class MainViewModel onSpeedChanged batchActivateResult:106
04-16 19:33:34.007458  1866 10245 E MXNavi-[Navi_Performance]: [ToolKit]: MainViewModel--onSpeedChanged activation == false
04-16 19:33:34.007466  1866 10245 E [Navi_Performance]: [ToolKit]: MainViewModel--onSpeedChanged activation == false
04-16 19:33:34.008177  3161  3492 E FeatureSwitchStrategyManager: sceneNeedAction: start SCENE_STATIC
04-16 19:33:34.008254  2899  7032 I DVR     : |Binder:2899_5|DVRService RegisterManager onCarSensorDataChanged...unknown = 557844818 
04-16 19:33:34.010506  2846  2846 I ICommonBinder: speed=25.56caller uid = 1000 ,pid = 2846
04-16 19:33:34.010553  2846  2846 I ICarBinder: mIGearCallback.size=0
04-16 19:33:34.010973  2949  2949 I BoschCarServiceImp: onCarSpeedChanged:  25.56
04-16 19:33:34.011807  2949  3403 I FeiYuOS_CarPropertyImp: NOTIFY_CAR_PROPERTY_MESSAGE_CHANGE ++++++++++++++++++++++++++++++
04-16 19:33:34.011834  2949  3403 I FeiYuOS_CarPropertyImp: notifyCarPropertyMessageChange propId: 106, propValue: 25.56
04-16 19:33:34.011865  2899  7032 I DVR     : |Binder:2899_5|DVRService RegisterManager onCarSensorDataChanged...unknown = 557844818 
04-16 19:33:34.011946  1866  1866 I MXNavi-SystemTts-VoiceModel: onReceiveCarProperty i:106 s:25.56
04-16 19:33:34.012026  1866 10244 I MXNavi-MainViewModel: onSpeedChanged:92.016 mSpeed:0.0 isCounting:false isStopTime:false
04-16 19:33:34.012168  1866 10244 I [Activate]ActivateManager: isActivation Methods are called by the class MainViewModel onSpeedChanged batchActivateResult:106
04-16 19:33:34.012186  1866 10244 E MXNavi-[Navi_Performance]: [ToolKit]: MainViewModel--onSpeedChanged activation == false
04-16 19:33:34.012196  1866 10244 E [Navi_Performance]: [ToolKit]: MainViewModel--onSpeedChanged activation == false
04-16 19:33:34.016049  3161  3492 E FeatureSwitchStrategyManager: sceneNeedAction: start SCENE_DYNAMIC
04-16 19:33:34.041408  3161  5227 E FeatureSwitchManager: changeFeatureSwitch, algType:1,bitMask:1000,enable:true
04-16 19:33:34.041576  3161  5227 E TcpLibClient: 服务端端口: 10.0.0.34:5096, 指定服务端未连接
04-16 19:33:34.041625  3161  5227 E TcpManager: 与服务器连接已断开
04-16 19:33:34.042091  3161  3161 E IntelliSenseService: connect server close-> address:10.0.0.34
04-16 19:33:34.045678  2737  2737 I CAR.VENDOR.AVM: onChange:newValue = CarPropertyValue{mPropertyId=0x21400470, mAreaId=0x0, mStatus=0, mTimestamp=1023520356326, mValue=0}
04-16 19:33:34.046150  1538  1538 I CAR.VENDOR.AVM: onChange:newValue = CarPropertyValue{mPropertyId=0x21400470, mAreaId=0x0, mStatus=0, mTimestamp=1023520356326, mValue=0}
04-16 19:33:34.053470  2615  3488 I SurfaceView: 91928240 Locking canvas... stopped=false, surfaceControl=Surface(name=SurfaceView - )/@0xfcae462
04-16 19:33:34.054222  2615  3488 I SurfaceView: 91928240 Returned canvas: android.view.Surface$CompatibleCanvas@5099929
04-16 19:33:34.105041  2949  2949 I BoschCarServiceImp: onCarSpeedChanged:  0.0
04-16 19:33:34.105090  2949  3403 I FeiYuOS_CarPropertyImp: NOTIFY_CAR_PROPERTY_MESSAGE_CHANGE ++++++++++++++++++++++++++++++
04-16 19:33:34.105106  2949  3403 I FeiYuOS_CarPropertyImp: notifyCarPropertyMessageChange propId: 106, propValue: 0.0
04-16 19:33:34.105392  1866  1866 I MXNavi-SystemTts-VoiceModel: onReceiveCarProperty i:106 s:0.0
04-16 19:33:34.105474  3161  3492 E FeatureSwitchStrategyManager: sceneNeedAction: start SCENE_STATIC
04-16 19:33:34.105513  1866 10246 I MXNavi-MainViewModel: onSpeedChanged:0.0 mSpeed:0.0 isCounting:false isStopTime:false
04-16 19:33:34.105535  1866 10246 I [Activate]ActivateManager: isActivation Methods are called by the class MainViewModel onSpeedChanged batchActivateResult:106
04-16 19:33:34.105544  1866 10246 E MXNavi-[Navi_Performance]: [ToolKit]: MainViewModel--onSpeedChanged activation == false
04-16 19:33:34.105552  1866 10246 E [Navi_Performance]: [ToolKit]: MainViewModel--onSpeedChanged activation == false
04-16 19:33:34.105604  2846  2846 I ICommonBinder: speed=0.0caller uid = 1000 ,pid = 2846
04-16 19:33:34.105621  2846  2846 I ICarBinder: mIGearCallback.size=0
04-16 19:33:34.105982  2615  3488 I SurfaceView: 91928240 Locking canvas... stopped=false, surfaceControl=Surface(name=SurfaceView - )/@0xfcae462
04-16 19:33:34.106470  2615  3488 I SurfaceView: 91928240 Returned canvas: android.view.Surface$CompatibleCanvas@5099929
04-16 19:33:34.107392  2899  7032 I DVR     : |Binder:2899_5|DVRService RegisterManager onCarSensorDataChanged...unknown = 557844818 
04-16 19:33:34.115898  2949  2949 I BoschCarServiceImp: onCarSpeedChanged:  25.56
04-16 19:33:34.115948  2949  3403 I FeiYuOS_CarPropertyImp: NOTIFY_CAR_PROPERTY_MESSAGE_CHANGE ++++++++++++++++++++++++++++++
04-16 19:33:34.115967  2949  3403 I FeiYuOS_CarPropertyImp: notifyCarPropertyMessageChange propId: 106, propValue: 25.56
04-16 19:33:34.116124  1866  1866 I MXNavi-SystemTts-VoiceModel: onReceiveCarProperty i:106 s:25.56
04-16 19:33:34.116458  1866 10247 I MXNavi-MainViewModel: onSpeedChanged:92.016 mSpeed:0.0 isCounting:false isStopTime:false
04-16 19:33:34.116483  1866 10247 I [Activate]ActivateManager: isActivation Methods are called by the class MainViewModel onSpeedChanged batchActivateResult:106
04-16 19:33:34.116495  1866 10247 E MXNavi-[Navi_Performance]: [ToolKit]: MainViewModel--onSpeedChanged activation == false
04-16 19:33:34.116505  1866 10247 E [Navi_Performance]: [ToolKit]: MainViewModel--onSpeedChanged activation == false
04-16 19:33:34.116633  2846  2846 I ICommonBinder: speed=25.56caller uid = 1000 ,pid = 2846
04-16 19:33:34.116650  2846  2846 I ICarBinder: mIGearCallback.size=0
04-16 19:33:34.116701  3161  3492 E FeatureSwitchStrategyManager: sceneNeedAction: start SCENE_DYNAMIC
04-16 19:33:34.117458  2899  7032 I DVR     : |Binder:2899_5|DVRService RegisterManager onCarSensorDataChanged...unknown = 557844818 
04-16 19:33:34.142427  3161  5227 E FeatureSwitchManager: changeFeatureSwitch, algType:2,bitMask:1000,enable:true
04-16 19:33:34.142578  3161  5227 E TcpLibClient: 服务端端口: 10.0.0.34:5096, 指定服务端未连接
04-16 19:33:34.142637  3161  5227 E TcpManager: 与服务器连接已断开
04-16 19:33:34.142677  3161  3161 E IntelliSenseService: connect server close-> address:10.0.0.34
04-16 19:33:34.157409  2615  3488 I SurfaceView: 91928240 Locking canvas... stopped=false, surfaceControl=Surface(name=SurfaceView - )/@0xfcae462
04-16 19:33:34.157659  2615  3488 I SurfaceView: 91928240 Returned canvas: android.view.Surface$CompatibleCanvas@5099929
04-16 19:33:34.157942  2737  2737 I CAR.VENDOR.AVM: onChange:newValue = CarPropertyValue{mPropertyId=0x21400470, mAreaId=0x0, mStatus=0, mTimestamp=1023631879242, mValue=0}
04-16 19:33:34.158269  1538  1538 I CAR.VENDOR.AVM: onChange:newValue = CarPropertyValue{mPropertyId=0x21400470, mAreaId=0x0, mStatus=0, mTimestamp=1023631879242, mValue=0}
04-16 19:33:34.204806  2949  2949 I BoschCarServiceImp: onCarSpeedChanged:  0.0
04-16 19:33:34.204858  2949  3403 I FeiYuOS_CarPropertyImp: NOTIFY_CAR_PROPERTY_MESSAGE_CHANGE ++++++++++++++++++++++++++++++
04-16 19:33:34.204876  2949  3403 I FeiYuOS_CarPropertyImp: notifyCarPropertyMessageChange propId: 106, propValue: 0.0
04-16 19:33:34.205163  3161  3492 E carSpeedChanged: carSpeedChanged 0.0
04-16 19:33:34.205180  3161  3492 E judgeAllSceneStrategy: current speed = 0.0 mCurrentScene =8801
04-16 19:33:34.205186  3161  3492 E FeatureSwitchStrategyManager: sceneNeedAction: start SCENE_STATIC
04-16 19:33:34.205213  1866  1866 I MXNavi-SystemTts-VoiceModel: onReceiveCarProperty i:106 s:0.0
04-16 19:33:34.205284  1866 10248 I MXNavi-MainViewModel: onSpeedChanged:0.0 mSpeed:0.0 isCounting:false isStopTime:false
04-16 19:33:34.205309  1866 10248 I [Activate]ActivateManager: isActivation Methods are called by the class MainViewModel onSpeedChanged batchActivateResult:106
04-16 19:33:34.205321  1866 10248 E MXNavi-[Navi_Performance]: [ToolKit]: MainViewModel--onSpeedChanged activation == false
04-16 19:33:34.205330  1866 10248 E [Navi_Performance]: [ToolKit]: MainViewModel--onSpeedChanged activation == false
04-16 19:33:34.205559  2899  7032 I DVR     : |Binder:2899_5|DVRService RegisterManager onCarSensorDataChanged...unknown = 557844818 
04-16 19:33:34.207050  2846  2846 I ICommonBinder: speed=0.0caller uid = 1000 ,pid = 2846
04-16 19:33:34.207130  2846  2846 I ICarBinder: mIGearCallback.size=0
04-16 19:33:34.209427  2615  3488 I SurfaceView: 91928240 Locking canvas... stopped=false, surfaceControl=Surface(name=SurfaceView - )/@0xfcae462
04-16 19:33:34.209742  2615  3488 I SurfaceView: 91928240 Returned canvas: android.view.Surface$CompatibleCanvas@5099929
04-16 19:33:34.211517   811  3398 E gocserial: open usb serial err:No such device
--------- switch to kernel
01-01 00:17:12.347308     0     0 I rtk_btusb: btchr_open: BT usb char device is opening
01-01 00:17:12.348698     0     0 E rtk_btusb: btchr_open: Device not probed
--------- switch to main
04-16 19:33:34.220816  2949  2949 I BoschCarServiceImp: onCarSpeedChanged:  25.56
04-16 19:33:34.220873  2949  3403 I FeiYuOS_CarPropertyImp: NOTIFY_CAR_PROPERTY_MESSAGE_CHANGE ++++++++++++++++++++++++++++++
04-16 19:33:34.220900  2949  3403 I FeiYuOS_CarPropertyImp: notifyCarPropertyMessageChange propId: 106, propValue: 25.56
04-16 19:33:34.221035  1866  1866 I MXNavi-SystemTts-VoiceModel: onReceiveCarProperty i:106 s:25.56
04-16 19:33:34.221554  1866 10250 I MXNavi-MainViewModel: onSpeedChanged:92.016 mSpeed:0.0 isCounting:false isStopTime:false
04-16 19:33:34.221572  1866 10250 I [Activate]ActivateManager: isActivation Methods are called by the class MainViewModel onSpeedChanged batchActivateResult:106
04-16 19:33:34.221583  1866 10250 E MXNavi-[Navi_Performance]: [ToolKit]: MainViewModel--onSpeedChanged activation == false
04-16 19:33:34.221590  1866 10250 E [Navi_Performance]: [ToolKit]: MainViewModel--onSpeedChanged activation == false
04-16 19:33:34.222236  2846  2846 I ICommonBinder: speed=25.56caller uid = 1000 ,pid = 2846
04-16 19:33:34.222243  2899  7032 I DVR     : |Binder:2899_5|DVRService RegisterManager onCarSensorDataChanged...unknown = 557844818 
04-16 19:33:34.222254  2846  2846 I ICarBinder: mIGearCallback.size=0
04-16 19:33:34.223115  3161  3492 E FeatureSwitchStrategyManager: sceneNeedAction: start SCENE_DYNAMIC
04-16 19:33:34.237282  1866  1866 I MXNavi-onNmeaMessage GPGGA = : s = $GPGGA,,,,,,0,,,,,,,,*66\r
04-16 19:33:34.237335  1866  1866 I MXNavi-onNmeaMessage GPRMC = : s = $GPRMC,,V,,,,,,,,,,N*53
04-16 19:33:34.244549  3161  5227 E FeatureSwitchManager: changeFeatureSwitch, algType:3,bitMask:1000,enable:true
04-16 19:33:34.244653  3161  5227 E TcpLibClient: 服务端端口: 10.0.0.34:5096, 指定服务端未连接
04-16 19:33:34.244693  3161  5227 E TcpManager: 与服务器连接已断开
04-16 19:33:34.244724  3161  3161 E IntelliSenseService: connect server close-> address:10.0.0.34
04-16 19:33:34.261386  2615  3488 I SurfaceView: 91928240 Locking canvas... stopped=false, surfaceControl=Surface(name=SurfaceView - )/@0xfcae462
04-16 19:33:34.261674  2615  3488 I SurfaceView: 91928240 Returned canvas: android.view.Surface$CompatibleCanvas@5099929
04-16 19:33:34.266953  2737  2737 I CAR.VENDOR.AVM: onChange:newValue = CarPropertyValue{mPropertyId=0x21400470, mAreaId=0x0, mStatus=0, mTimestamp=1023740471586, mValue=0}
04-16 19:33:34.267036  1538  1538 I CAR.VENDOR.AVM: onChange:newValue = CarPropertyValue{mPropertyId=0x21400470, mAreaId=0x0, mStatus=0, mTimestamp=1023740471586, mValue=0}
04-16 19:33:34.311528  2949  2949 I BoschCarServiceImp: onCarSpeedChanged:  0.0
04-16 19:33:34.311584  2949  3403 I FeiYuOS_CarPropertyImp: NOTIFY_CAR_PROPERTY_MESSAGE_CHANGE ++++++++++++++++++++++++++++++
04-16 19:33:34.311604  2949  3403 I FeiYuOS_CarPropertyImp: notifyCarPropertyMessageChange propId: 106, propValue: 0.0
04-16 19:33:34.311716  1866  1866 I MXNavi-SystemTts-VoiceModel: onReceiveCarProperty i:106 s:0.0
04-16 19:33:34.311828  3161  3492 E FeatureSwitchStrategyManager: sceneNeedAction: start SCENE_STATIC
04-16 19:33:34.311881  1866 10249 I MXNavi-MainViewModel: onSpeedChanged:0.0 mSpeed:0.0 isCounting:false isStopTime:false
04-16 19:33:34.311898  2846  2846 I ICommonBinder: speed=0.0caller uid = 1000 ,pid = 2846
04-16 19:33:34.311901  1866 10249 I [Activate]ActivateManager: isActivation Methods are called by the class MainViewModel onSpeedChanged batchActivateResult:106
04-16 19:33:34.311912  2846  2846 I ICarBinder: mIGearCallback.size=0
04-16 19:33:34.311916  1866 10249 E MXNavi-[Navi_Performance]: [ToolKit]: MainViewModel--onSpeedChanged activation == false
04-16 19:33:34.311932  1866 10249 E [Navi_Performance]: [ToolKit]: MainViewModel--onSpeedChanged activation == false
04-16 19:33:34.313290  2615  3488 I SurfaceView: 91928240 Locking canvas... stopped=false, surfaceControl=Surface(name=SurfaceView - )/@0xfcae462
04-16 19:33:34.313608  2615  3488 I SurfaceView: 91928240 Returned canvas: android.view.Surface$CompatibleCanvas@5099929
04-16 19:33:34.314022  2899  7032 I DVR     : |Binder:2899_5|DVRService RegisterManager onCarSensorDataChanged...unknown = 557844818 
04-16 19:33:34.314082  2949  2949 I BoschCarServiceImp: onCarSpeedChanged:  25.56
04-16 19:33:34.314182  2949  3403 I FeiYuOS_CarPropertyImp: NOTIFY_CAR_PROPERTY_MESSAGE_CHANGE ++++++++++++++++++++++++++++++
04-16 19:33:34.314203  2949  3403 I FeiYuOS_CarPropertyImp: notifyCarPropertyMessageChange propId: 106, propValue: 25.56
04-16 19:33:34.314392  1866  1866 I MXNavi-SystemTts-VoiceModel: onReceiveCarProperty i:106 s:25.56
04-16 19:33:34.314474  1866 10251 I MXNavi-MainViewModel: onSpeedChanged:92.016 mSpeed:0.0 isCounting:false isStopTime:false
04-16 19:33:34.314496  1866 10251 I [Activate]ActivateManager: isActivation Methods are called by the class MainViewModel onSpeedChanged batchActivateResult:106
04-16 19:33:34.314507  1866 10251 E MXNavi-[Navi_Performance]: [ToolKit]: MainViewModel--onSpeedChanged activation == false
04-16 19:33:34.314515  1866 10251 E [Navi_Performance]: [ToolKit]: MainViewModel--onSpeedChanged activation == false
04-16 19:33:34.314556  2846  2846 I ICommonBinder: speed=25.56caller uid = 1000 ,pid = 2846
04-16 19:33:34.314569  2846  2846 I ICarBinder: mIGearCallback.size=0
04-16 19:33:34.315643  2899  3779 I DVR     : |Binder:2899_4|DVRService RegisterManager onCarSensorDataChanged...unknown = 557844818 
04-16 19:33:34.318602  3161  3492 E FeatureSwitchStrategyManager: sceneNeedAction: start SCENE_DYNAMIC
04-16 19:33:34.345460  3161  5227 E FeatureSwitchManager: changeFeatureSwitch, algType:1,bitMask:1000,enable:false
04-16 19:33:34.345596  3161  5227 E TcpLibClient: 服务端端口: 10.0.0.34:5096, 指定服务端未连接
04-16 19:33:34.345642  3161  5227 E TcpManager: 与服务器连接已断开
04-16 19:33:34.345678  3161  3161 E IntelliSenseService: connect server close-> address:10.0.0.34
04-16 19:33:34.351637  2356  2356 I BootPresenter: (-$$Lambda$Qut1UVg1Gu75cdlDy9b5jeBJWaU.java:2)bootQuickLogin---->puid = 0
04-16 19:33:34.352134  2356  2356 I BootPresenter: (-$$Lambda$Qut1UVg1Gu75cdlDy9b5jeBJWaU.java:2)bootAutoLogin---->500ms后重试 puid = 0 , faceId = 0 , isNetInited = false
04-16 19:33:34.356276  1349  1840 E Property.service: getProperty: propId is not in config list:0x21600202
04-16 19:33:34.365567  2615  3488 I SurfaceView: 91928240 Locking canvas... stopped=false, surfaceControl=Surface(name=SurfaceView - )/@0xfcae462
04-16 19:33:34.366043  2615  3488 I SurfaceView: 91928240 Returned canvas: android.view.Surface$CompatibleCanvas@5099929
04-16 19:33:34.378581  2737  2737 I CAR.VENDOR.AVM: onChange:newValue = CarPropertyValue{mPropertyId=0x21400470, mAreaId=0x0, mStatus=0, mTimestamp=1023851381065, mValue=0}
04-16 19:33:34.379199  1538  1538 I CAR.VENDOR.AVM: onChange:newValue = CarPropertyValue{mPropertyId=0x21400470, mAreaId=0x0, mStatus=0, mTimestamp=1023851381065, mValue=0}
04-16 19:33:34.410128  2949  2949 I BoschCarServiceImp: onCarSpeedChanged:  0.0
04-16 19:33:34.410184  2949  3403 I FeiYuOS_CarPropertyImp: NOTIFY_CAR_PROPERTY_MESSAGE_CHANGE ++++++++++++++++++++++++++++++
04-16 19:33:34.410203  2949  3403 I FeiYuOS_CarPropertyImp: notifyCarPropertyMessageChange propId: 106, propValue: 0.0
04-16 19:33:34.410343  1866  1866 I MXNavi-SystemTts-VoiceModel: onReceiveCarProperty i:106 s:0.0
04-16 19:33:34.410504  1866 10252 I MXNavi-MainViewModel: onSpeedChanged:0.0 mSpeed:0.0 isCounting:false isStopTime:false
04-16 19:33:34.410530  2846  2846 I ICommonBinder: speed=0.0caller uid = 1000 ,pid = 2846
04-16 19:33:34.410569  2846  2846 I ICarBinder: mIGearCallback.size=0
04-16 19:33:34.410685  1866 10252 I [Activate]ActivateManager: isActivation Methods are called by the class MainViewModel onSpeedChanged batchActivateResult:106
04-16 19:33:34.410710  1866 10252 E MXNavi-[Navi_Performance]: [ToolKit]: MainViewModel--onSpeedChanged activation == false
04-16 19:33:34.410724  1866 10252 E [Navi_Performance]: [ToolKit]: MainViewModel--onSpeedChanged activation == false
04-16 19:33:34.410771  3161  3492 E FeatureSwitchStrategyManager: sceneNeedAction: start SCENE_STATIC
04-16 19:33:34.410836  2899  3779 I DVR     : |Binder:2899_4|DVRService RegisterManager onCarSensorDataChanged...unknown = 557844818 
04-16 19:33:34.411905  2949  2949 I BoschCarServiceImp: onCarSpeedChanged:  25.56
04-16 19:33:34.412032  2846  2846 I ICommonBinder: speed=25.56caller uid = 1000 ,pid = 2846
04-16 19:33:34.412048  2846  2846 I ICarBinder: mIGearCallback.size=0
04-16 19:33:34.412091  2949  3403 I FeiYuOS_CarPropertyImp: NOTIFY_CAR_PROPERTY_MESSAGE_CHANGE ++++++++++++++++++++++++++++++
04-16 19:33:34.412115  2949  3403 I FeiYuOS_CarPropertyImp: notifyCarPropertyMessageChange propId: 106, propValue: 25.56
04-16 19:33:34.412223  1866  1866 I MXNavi-SystemTts-VoiceModel: onReceiveCarProperty i:106 s:25.56
04-16 19:33:34.412291  1866 10253 I MXNavi-MainViewModel: onSpeedChanged:92.016 mSpeed:0.0 isCounting:false isStopTime:false
04-16 19:33:34.412315  1866 10253 I [Activate]ActivateManager: isActivation Methods are called by the class MainViewModel onSpeedChanged batchActivateResult:106
04-16 19:33:34.412327  1866 10253 E MXNavi-[Navi_Performance]: [ToolKit]: MainViewModel--onSpeedChanged activation == false
04-16 19:33:34.412336  1866 10253 E [Navi_Performance]: [ToolKit]: MainViewModel--onSpeedChanged activation == false
04-16 19:33:34.413004  2899  3779 I DVR     : |Binder:2899_4|DVRService RegisterManager onCarSensorDataChanged...unknown = 557844818 
04-16 19:33:34.418030  3161  3492 E FeatureSwitchStrategyManager: sceneNeedAction: start SCENE_DYNAMIC
04-16 19:33:34.418363  2615  3488 I SurfaceView: 91928240 Locking canvas... stopped=false, surfaceControl=Surface(name=SurfaceView - )/@0xfcae462
04-16 19:33:34.418553  2615  3488 I SurfaceView: 91928240 Returned canvas: android.view.Surface$CompatibleCanvas@5099929
04-16 19:33:34.446392  3161  5227 E FeatureSwitchManager: changeFeatureSwitch, algType:2,bitMask:1000,enable:false
04-16 19:33:34.446519  3161  5227 E TcpLibClient: 服务端端口: 10.0.0.34:5096, 指定服务端未连接
04-16 19:33:34.446566  3161  5227 E TcpManager: 与服务器连接已断开
04-16 19:33:34.446603  3161  3161 E IntelliSenseService: connect server close-> address:10.0.0.34
04-16 19:33:34.470429  2615  3488 I SurfaceView: 91928240 Locking canvas... stopped=false, surfaceControl=Surface(name=SurfaceView - )/@0xfcae462
04-16 19:33:34.470728  2615  3488 I SurfaceView: 91928240 Returned canvas: android.view.Surface$CompatibleCanvas@5099929
04-16 19:33:34.487158  2737  2737 I CAR.VENDOR.AVM: onChange:newValue = CarPropertyValue{mPropertyId=0x21400470, mAreaId=0x0, mStatus=0, mTimestamp=1023961100857, mValue=0}
04-16 19:33:34.487558  1538  1538 I CAR.VENDOR.AVM: onChange:newValue = CarPropertyValue{mPropertyId=0x21400470, mAreaId=0x0, mStatus=0, mTimestamp=1023961100857, mValue=0}
04-16 19:33:34.507645  2949  2949 I BoschCarServiceImp: onCarSpeedChanged:  0.0
04-16 19:33:34.507805  2949  3403 I FeiYuOS_CarPropertyImp: NOTIFY_CAR_PROPERTY_MESSAGE_CHANGE ++++++++++++++++++++++++++++++
04-16 19:33:34.507831  2949  3403 I FeiYuOS_CarPropertyImp: notifyCarPropertyMessageChange propId: 106, propValue: 0.0
04-16 19:33:34.507920  3161  3492 E FeatureSwitchStrategyManager: sceneNeedAction: start SCENE_STATIC
04-16 19:33:34.507972  1866  1866 I MXNavi-SystemTts-VoiceModel: onReceiveCarProperty i:106 s:0.0
04-16 19:33:34.508143  1866 10254 I MXNavi-MainViewModel: onSpeedChanged:0.0 mSpeed:0.0 isCounting:false isStopTime:false
04-16 19:33:34.508410  1866 10254 I [Activate]ActivateManager: isActivation Methods are called by the class MainViewModel onSpeedChanged batchActivateResult:106
04-16 19:33:34.508414  2846  2846 I ICommonBinder: speed=0.0caller uid = 1000 ,pid = 2846
04-16 19:33:34.508427  1866 10254 E MXNavi-[Navi_Performance]: [ToolKit]: MainViewModel--onSpeedChanged activation == false
04-16 19:33:34.508430  2846  2846 I ICarBinder: mIGearCallback.size=0
04-16 19:33:34.508437  1866 10254 E [Navi_Performance]: [ToolKit]: MainViewModel--onSpeedChanged activation == false
04-16 19:33:34.508729  2899  3779 I DVR     : |Binder:2899_4|DVRService RegisterManager onCarSensorDataChanged...unknown = 557844818 
04-16 19:33:34.510890  2949  2949 I BoschCarServiceImp: onCarSpeedChanged:  25.56
04-16 19:33:34.511151  2949  3403 I FeiYuOS_CarPropertyImp: NOTIFY_CAR_PROPERTY_MESSAGE_CHANGE ++++++++++++++++++++++++++++++
04-16 19:33:34.511177  2949  3403 I FeiYuOS_CarPropertyImp: notifyCarPropertyMessageChange propId: 106, propValue: 25.56
04-16 19:33:34.511301  2846  2846 I ICommonBinder: speed=25.56caller uid = 1000 ,pid = 2846
04-16 19:33:34.511317  2846  2846 I ICarBinder: mIGearCallback.size=0
04-16 19:33:34.511482  1866  1866 I MXNavi-SystemTts-VoiceModel: onReceiveCarProperty i:106 s:25.56
04-16 19:33:34.511651  2899  3779 I DVR     : |Binder:2899_4|DVRService RegisterManager onCarSensorDataChanged...unknown = 557844818 
04-16 19:33:34.511679  1866 10256 I MXNavi-MainViewModel: onSpeedChanged:92.016 mSpeed:0.0 isCounting:false isStopTime:false
04-16 19:33:34.511709  1866 10256 I [Activate]ActivateManager: isActivation Methods are called by the class MainViewModel onSpeedChanged batchActivateResult:106
04-16 19:33:34.511720  1866 10256 E MXNavi-[Navi_Performance]: [ToolKit]: MainViewModel--onSpeedChanged activation == false
04-16 19:33:34.511729  1866 10256 E [Navi_Performance]: [ToolKit]: MainViewModel--onSpeedChanged activation == false
04-16 19:33:34.515516  3161  3492 E FeatureSwitchStrategyManager: sceneNeedAction: start SCENE_DYNAMIC
04-16 19:33:34.522433  2615  3488 I SurfaceView: 91928240 Locking canvas... stopped=false, surfaceControl=Surface(name=SurfaceView - )/@0xfcae462
04-16 19:33:34.522631  2615  3488 I SurfaceView: 91928240 Returned canvas: android.view.Surface$CompatibleCanvas@5099929
04-16 19:33:34.548366  3161  5227 E FeatureSwitchManager: changeFeatureSwitch, algType:3,bitMask:1000,enable:false
04-16 19:33:34.548492  3161  5227 E TcpLibClient: 服务端端口: 10.0.0.34:5096, 指定服务端未连接
04-16 19:33:34.548556  3161  5227 E TcpManager: 与服务器连接已断开
04-16 19:33:34.548616  3161  3161 E IntelliSenseService: connect server close-> address:10.0.0.34
04-16 19:33:34.559021   477  4133 W AudioHalHWBosch: in_read: 3072 bytes read in  in_read(). frame_size:24. frames_read:15936000. readOnce:15936000.out frame count:128. dataNum:124499. dataVal:124500. dataNormal:0. dataExt:0.dataLastValue:0. dateSame:2075.                 SysAmpIntVariant:0. data_analysis :0:0:0:0 :0:0:0:0 :-1:0:-2:0.
04-16 19:33:34.574412  2615  3488 I SurfaceView: 91928240 Locking canvas... stopped=false, surfaceControl=Surface(name=SurfaceView - )/@0xfcae462
04-16 19:33:34.574660  2615  3488 I SurfaceView: 91928240 Returned canvas: android.view.Surface$CompatibleCanvas@5099929
04-16 19:33:34.596946  2737  2737 I CAR.VENDOR.AVM: onChange:newValue = CarPropertyValue{mPropertyId=0x21400470, mAreaId=0x0, mStatus=0, mTimestamp=1024071879242, mValue=0}
04-16 19:33:34.597270  1538  1538 I CAR.VENDOR.AVM: onChange:newValue = CarPropertyValue{mPropertyId=0x21400470, mAreaId=0x0, mStatus=0, mTimestamp=1024071879242, mValue=0}
04-16 19:33:34.608983  2949  2949 I BoschCarServiceImp: onCarSpeedChanged:  0.0
04-16 19:33:34.609096  2949  3403 I FeiYuOS_CarPropertyImp: NOTIFY_CAR_PROPERTY_MESSAGE_CHANGE ++++++++++++++++++++++++++++++
04-16 19:33:34.609122  2949  3403 I FeiYuOS_CarPropertyImp: notifyCarPropertyMessageChange propId: 106, propValue: 0.0
