03-07 18:20:29.805283  2784  3629 I SurfaceView: 91928240 Returned canvas: android.view.Surface$CompatibleCanvas@5099929
03-07 18:20:29.820205   702  6171 W GraphicBufferSource: released unpopulated slots: [1, 2, 3, 4, 5, 6, 7, 8, 9, 10, 11, 12, 13, 14, 15, 16, 17, 18, 19, 20, 21, 22, 23, 24, 25, 26, 27, 28, 29, 30, 31, 32, 33, 34, 35, 36, 37, 38, 39, 40, 41, 42, 43, 44, 45, 46, 47, 48, 49, 50, 51, 52, 53, 54, 55, 56, 57, 58, 59, 60, 61, 62, 63]
03-07 18:20:29.820393   702  1724 E media.codec: TWGraphicBufferProducer::detachNextBuffer - Invalid output buffer
03-07 18:20:29.852501   702  1724 W GraphicBufferSource: released unpopulated slots: [1, 2, 3, 4, 5, 6, 7, 8, 9, 10, 11, 12, 13, 14, 15, 16, 17, 18, 19, 20, 21, 22, 23, 24, 25, 26, 27, 28, 29, 30, 31, 32, 33, 34, 35, 36, 37, 38, 39, 40, 41, 42, 43, 44, 45, 46, 47, 48, 49, 50, 51, 52, 53, 54, 55, 56, 57, 58, 59, 60, 61, 62, 63]
03-07 18:20:29.852701   702  1724 E media.codec: TWGraphicBufferProducer::detachNextBuffer - Invalid output buffer
03-07 18:20:29.857452  2784  3629 I SurfaceView: 91928240 Locking canvas... stopped=false, surfaceControl=Surface(name=SurfaceView - )/@0xfcae462
03-07 18:20:29.857707  2784  3629 I SurfaceView: 91928240 Returned canvas: android.view.Surface$CompatibleCanvas@5099929
03-07 18:20:29.870188  2507  2507 I BootPresenter: (-$$Lambda$Qut1UVg1Gu75cdlDy9b5jeBJWaU.java:2)bootQuickLogin---->puid = 0
03-07 18:20:29.871099  2507  2507 I BootPresenter: (-$$Lambda$Qut1UVg1Gu75cdlDy9b5jeBJWaU.java:2)bootAutoLogin---->500ms后重试 puid = 0 , faceId = 0 , isNetInited = false
03-07 18:20:29.885302  2891  2891 I CAR.VENDOR.AVM: onChange:newValue = CarPropertyValue{mPropertyId=0x21400470, mAreaId=0x0, mStatus=0, mTimestamp=637068685379, mValue=0}
03-07 18:20:29.885500  1579  1579 I CAR.VENDOR.AVM: onChange:newValue = CarPropertyValue{mPropertyId=0x21400470, mAreaId=0x0, mStatus=0, mTimestamp=637068685379, mValue=0}
03-07 18:20:29.909474  2784  3629 I SurfaceView: 91928240 Locking canvas... stopped=false, surfaceControl=Surface(name=SurfaceView - )/@0xfcae462
03-07 18:20:29.910091  2784  3629 I SurfaceView: 91928240 Returned canvas: android.view.Surface$CompatibleCanvas@5099929
03-07 18:20:29.910641  1156  1270 E WifiVendorHal: getWifiLinkLayerStats(l.937) failed {.code = ERROR_NOT_AVAILABLE, .description = }
03-07 18:20:29.914492  1907  2167 I MapApplication-bindNetwork: onCapabilitiesChanged :[ Transports: WIFI Capabilities: NOT_METERED&INTERNET&NOT_RESTRICTED&TRUSTED&NOT_VPN&VALIDATED&NOT_ROAMING&FOREGROUND&NOT_CONGESTED&NOT_SUSPENDED Unwanted:  LinkUpBandwidth>=1048576Kbps LinkDnBandwidth>=1048576Kbps SignalStrength: -55 SSID: "智能软件内部"]
03-07 18:20:29.914536  1907  2167 I MXNavi-MXConnectivityManager: NetworkCallback onCapabilitiesChanged.
03-07 18:20:29.914611  2815  3436 I OtaHMIService: DownloadControlImpl NetworkCallback_onCapabilitiesChanged: network = 100,networkCapabilities = [ Transports: WIFI Capabilities: NOT_METERED&INTERNET&NOT_RESTRICTED&TRUSTED&NOT_VPN&VALIDATED&NOT_ROAMING&FOREGROUND&NOT_CONGESTED&NOT_SUSPENDED Unwanted:  LinkUpBandwidth>=1048576Kbps LinkDnBandwidth>=1048576Kbps SignalStrength: -55 SSID: "智能软件内部"]
03-07 18:20:29.914947  1886  2533 I CarViceLauncher: NetWorkUtil onCapabilitiesChanged
03-07 18:20:29.914965  1886  2533 I CarViceLauncher: NetWorkUtil WIFI network
03-07 18:20:29.914989  1886  2533 I CarViceLauncher: NetWorkUtil notifyClientNetworkStatusChange-listener.size:5
03-07 18:20:29.915025  1886  2533 I CarViceLauncher: NetWorkUtil notifyClientNetworkStatusChange-listener:com.gxatek.cockpit.vicelauncher.view.IqyVarietyCardView{34f6297 V.E....L. ........ 1230,0-1640,630 #7f08011a app:id/media_card}
03-07 18:20:29.915038  1886  2533 I CarViceLauncher: IqyVarietyCardView networkAvailable--updateViewResult:true
03-07 18:20:29.915068  3173  4133 I NetworkStateUtil: [KuwoMusic(sdk_kedaxunfei2.7.2.11)]onCapabilitiesChanged: [ Transports: WIFI Capabilities: NOT_METERED&INTERNET&NOT_RESTRICTED&TRUSTED&NOT_VPN&VALIDATED&NOT_ROAMING&FOREGROUND&NOT_CONGESTED&NOT_SUSPENDED Unwanted:  LinkUpBandwidth>=1048576Kbps LinkDnBandwidth>=1048576Kbps SignalStrength: -55 SSID: "智能软件内部"]
03-07 18:20:29.915074  1886  2533 I CarViceLauncher: NetWorkUtil notifyClientNetworkStatusChange-listener:com.gxatek.cockpit.vicelauncher.view.YueTingCardView{ffb3802 V.E....L. ........ 1640,0-2050,630 #7f08011a app:id/media_card}
03-07 18:20:29.915085  1886  2533 I CarViceLauncher: YueTingCardView networkAvailable--
03-07 18:20:29.915106  1886  2533 I CarViceLauncher: NetWorkUtil notifyClientNetworkStatusChange-listener:com.gxatek.cockpit.vicelauncher.view.IqyMovieCardView{bc374bf V.E....L. ........ 410,0-820,630 #7f08011a app:id/media_card}
03-07 18:20:29.915132  1886  2533 I CarViceLauncher: IqyMovieCardView networkAvailable--updateViewResult:true
03-07 18:20:29.915150  1886  2533 I CarViceLauncher: NetWorkUtil notifyClientNetworkStatusChange-listener:com.gxatek.cockpit.vicelauncher.view.KaraokeCardView{a78dbd6 VFE...CL. ........ 2050,0-2460,630 #7f080100 app:id/ll_into_app}
03-07 18:20:29.915160  1886  2533 I CarViceLauncher: KaraokeCardView networkAvailable--
03-07 18:20:29.915179  1886  2533 I CarViceLauncher: NetWorkUtil notifyClientNetworkStatusChange-listener:com.gxatek.cockpit.vicelauncher.view.IqyTvPlayCardView{e64b3cb V.E....L. ........ 820,0-1230,630 #7f08011a app:id/media_card}
03-07 18:20:29.915190  1886  2533 I CarViceLauncher: IqyTvPlayCardView networkAvailable--updateViewResult:true
03-07 18:20:29.915287  3203  4189 I NetworkStateUtil: [KuwoMusic(sdk_kedaxunfei2.7.1.7)]onCapabilitiesChanged: [ Transports: WIFI Capabilities: NOT_METERED&INTERNET&NOT_RESTRICTED&TRUSTED&NOT_VPN&VALIDATED&NOT_ROAMING&FOREGROUND&NOT_CONGESTED&NOT_SUSPENDED Unwanted:  LinkUpBandwidth>=1048576Kbps LinkDnBandwidth>=1048576Kbps SignalStrength: -55 SSID: "智能软件内部"]
03-07 18:20:29.915450  1886  1886 I CarViceLauncher: YueTingCardView state==UPLOAD,url==
03-07 18:20:29.915700  3173  4170 I NetworkStateUtil: [KuwoMusic(sdk_kedaxunfei2.7.2.11)]getNetworkInfo
03-07 18:20:29.915723  1886  1886 I CarViceLauncher: YueTingCardPresenter getDayRecommendCoverPic
03-07 18:20:29.915751  1886  1886 I RemoteControl: isBond = true
03-07 18:20:29.915871  2590  4125 I ApnManager: onCapabilitiesChanged,100,WIFI:true,APN2:false
03-07 18:20:29.915940  5272  5298 I ApnManager: onCapabilitiesChanged,100,WIFI:true,APN2:false
03-07 18:20:29.916059  3203  4511 I NetworkStateUtil: [KuwoMusic(sdk_kedaxunfei2.7.1.7)]getNetworkInfo
03-07 18:20:29.916456  3203  4511 E NetworkStateUtil: [KuwoMusic(sdk_kedaxunfei2.7.1.7)]info: [type: WIFI[], state: CONNECTED/CONNECTED, reason: (unspecified), extra: (none), failover: false, available: true, roaming: false]
03-07 18:20:29.916479  3203  4511 E NetworkStateUtil: [KuwoMusic(sdk_kedaxunfei2.7.1.7)]networkTypeName: WIFI
03-07 18:20:29.916499  3203  4511 I NetworkStateUtil: [KuwoMusic(sdk_kedaxunfei2.7.1.7)]last: true now: true
03-07 18:20:29.916568  4558  4749 I NetworkStateUtil: [KuwoMusic(sdk_kedaxunfei2.7.1.7)]onCapabilitiesChanged: [ Transports: WIFI Capabilities: NOT_METERED&INTERNET&NOT_RESTRICTED&TRUSTED&NOT_VPN&VALIDATED&NOT_ROAMING&FOREGROUND&NOT_CONGESTED&NOT_SUSPENDED Unwanted:  LinkUpBandwidth>=1048576Kbps LinkDnBandwidth>=1048576Kbps SignalStrength: -55 SSID: "智能软件内部"]
03-07 18:20:29.916928  4558  4742 I NetworkStateUtil: [KuwoMusic(sdk_kedaxunfei2.7.1.7)]getNetworkInfo
03-07 18:20:29.916994  3173  4170 E NetworkStateUtil: [KuwoMusic(sdk_kedaxunfei2.7.2.11)]info: [type: WIFI[], state: CONNECTED/CONNECTED, reason: (unspecified), extra: (none), failover: false, available: true, roaming: false]
03-07 18:20:29.917039  3173  4170 E NetworkStateUtil: [KuwoMusic(sdk_kedaxunfei2.7.2.11)]networkTypeName: WIFI
03-07 18:20:29.917076  3173  4170 I NetworkStateUtil: [KuwoMusic(sdk_kedaxunfei2.7.2.11)]last: true now: true
03-07 18:20:29.917156  4558  4742 E NetworkStateUtil: [KuwoMusic(sdk_kedaxunfei2.7.1.7)]info: [type: WIFI[], state: CONNECTED/CONNECTED, reason: (unspecified), extra: (none), failover: false, available: true, roaming: false]
03-07 18:20:29.917173  4558  4742 E NetworkStateUtil: [KuwoMusic(sdk_kedaxunfei2.7.1.7)]networkTypeName: WIFI
03-07 18:20:29.917185  4558  4742 I NetworkStateUtil: [KuwoMusic(sdk_kedaxunfei2.7.1.7)]last: true now: true
03-07 18:20:29.917237  4463  4611 I NetworkStateUtil: [KuwoMusic(sdk_kedaxunfei2.7.2.11)]onCapabilitiesChanged: [ Transports: WIFI Capabilities: NOT_METERED&INTERNET&NOT_RESTRICTED&TRUSTED&NOT_VPN&VALIDATED&NOT_ROAMING&FOREGROUND&NOT_CONGESTED&NOT_SUSPENDED Unwanted:  LinkUpBandwidth>=1048576Kbps LinkDnBandwidth>=1048576Kbps SignalStrength: -55 SSID: "智能软件内部"]
03-07 18:20:29.917547  4463  4636 I NetworkStateUtil: [KuwoMusic(sdk_kedaxunfei2.7.2.11)]getNetworkInfo
03-07 18:20:29.917693  4463  4636 E NetworkStateUtil: [KuwoMusic(sdk_kedaxunfei2.7.2.11)]info: [type: WIFI[], state: CONNECTED/CONNECTED, reason: (unspecified), extra: (none), failover: false, available: true, roaming: false]
03-07 18:20:29.917709  4463  4636 E NetworkStateUtil: [KuwoMusic(sdk_kedaxunfei2.7.2.11)]networkTypeName: WIFI
03-07 18:20:29.917719  4463  4636 I NetworkStateUtil: [KuwoMusic(sdk_kedaxunfei2.7.2.11)]last: true now: true
03-07 18:20:29.919154  3203  4342 I Media-RPC: request: methodName = getDayRecommendCoverPic map = {}
03-07 18:20:29.919272  3203  4342 I Media-RPC: getDayRecommendCoverPic
03-07 18:20:29.923570  3203  4511 I KuWoAppProxy: getCarModel 4aTraditionalCar2
03-07 18:20:29.923712  3203  4511 I UrlManagerUtils: [KuwoMusic(sdk_kedaxunfei2.7.1.7)]createWDBParam data:{"uid":"","devId":"151481053498","sFrom":"kuwo_sdk","user_type":"AP","carSource":"kwplayercar_ar_2.7.1.7_sdk_kedaxunfei.apk","carModel":"4aTraditionalCar2"}
03-07 18:20:29.924164  3203  4511 I UrlManagerUtils: [KuwoMusic(sdk_kedaxunfei2.7.1.7)]getDailyMusicUrl:https://wbd.kuwo.cn/api/bd/playlist/dailyMusic?data=vjSrgzBfdhsyiXjo6ySjypN2Ppanhh5o5m9vzqIKOTQz7HgpdJHY%2F7lvV596eX%2BpsQ5Ii09tPMjYKvJQmMx6TurfA5RIf1hbD3PioggXStjK72b4MGc1%2FAjyUG1LQXpP7i9XxiTyqm4r3RjY5UJgaDkvbcnqwd2Nk0NqG10L8bXTUgp8peM6kKRgF4VP%2BZwpJsIk4Yd93YzZGW9mkcH9Kg%3D%3D&sign=F654DCA657E7A7DCD10EC9B81AEAAB7E&appId=ayn9ffs7govi&time=1709806829923&q36=19b80670ea68e405e7a30304100010518304
03-07 18:20:29.924270  3203  4511 I HttpSession: [KuwoMusic(sdk_kedaxunfei2.7.1.7)]http url=https://wbd.kuwo.cn/api/bd/playlist/dailyMusic?data=vjSrgzBfdhsyiXjo6ySjypN2Ppanhh5o5m9vzqIKOTQz7HgpdJHY%2F7lvV596eX%2BpsQ5Ii09tPMjYKvJQmMx6TurfA5RIf1hbD3PioggXStjK72b4MGc1%2FAjyUG1LQXpP7i9XxiTyqm4r3RjY5UJgaDkvbcnqwd2Nk0NqG10L8bXTUgp8peM6kKRgF4VP%2BZwpJsIk4Yd93YzZGW9mkcH9Kg%3D%3D&sign=F654DCA657E7A7DCD10EC9B81AEAAB7E&appId=ayn9ffs7govi&time=1709806829923&q36=19b80670ea68e405e7a30304100010518304
03-07 18:20:29.924529  3203  4511 I HttpSession: [KuwoMusic(sdk_kedaxunfei2.7.1.7)]测试getHost 1 host:wbd.kuwo.cn
03-07 18:20:29.926041  3203  4511 I HttpUtil: [KuwoMusic(sdk_kedaxunfei2.7.1.7)]测试getHost 4 host:wbd.kuwo.cn serverIp:49.7.250.94
03-07 18:20:29.927122   702  1724 W GraphicBufferSource: released unpopulated slots: [1, 2, 3, 4, 5, 6, 7, 8, 9, 10, 11, 12, 13, 14, 15, 16, 17, 18, 19, 20, 21, 22, 23, 24, 25, 26, 27, 28, 29, 30, 31, 32, 33, 34, 35, 36, 37, 38, 39, 40, 41, 42, 43, 44, 45, 46, 47, 48, 49, 50, 51, 52, 53, 54, 55, 56, 57, 58, 59, 60, 61, 62, 63]
03-07 18:20:29.927813   702  1724 E media.codec: TWGraphicBufferProducer::detachNextBuffer - Invalid output buffer
03-07 18:20:29.954986   702  1724 W GraphicBufferSource: released unpopulated slots: [1, 2, 3, 4, 5, 6, 7, 8, 9, 10, 11, 12, 13, 14, 15, 16, 17, 18, 19, 20, 21, 22, 23, 24, 25, 26, 27, 28, 29, 30, 31, 32, 33, 34, 35, 36, 37, 38, 39, 40, 41, 42, 43, 44, 45, 46, 47, 48, 49, 50, 51, 52, 53, 54, 55, 56, 57, 58, 59, 60, 61, 62, 63]
03-07 18:20:29.955669   702  1724 E media.codec: TWGraphicBufferProducer::detachNextBuffer - Invalid output buffer
03-07 18:20:29.961780  2784  3629 I SurfaceView: 91928240 Locking canvas... stopped=false, surfaceControl=Surface(name=SurfaceView - )/@0xfcae462
03-07 18:20:29.961985  2784  3629 I SurfaceView: 91928240 Returned canvas: android.view.Surface$CompatibleCanvas@5099929
03-07 18:20:29.980353  1057  1082 E u-blox  : ublox::CGnssMeasurementExtension::navMeasurementUpdate: GnssMeasurementExtension callback is not initialized
03-07 18:20:29.987476   702  1724 W GraphicBufferSource: released unpopulated slots: [1, 2, 3, 4, 5, 6, 7, 8, 9, 10, 11, 12, 13, 14, 15, 16, 17, 18, 19, 20, 21, 22, 23, 24, 25, 26, 27, 28, 29, 30, 31, 32, 33, 34, 35, 36, 37, 38, 39, 40, 41, 42, 43, 44, 45, 46, 47, 48, 49, 50, 51, 52, 53, 54, 55, 56, 57, 58, 59, 60, 61, 62, 63]
03-07 18:20:29.987816   702  1724 E media.codec: TWGraphicBufferProducer::detachNextBuffer - Invalid output buffer
03-07 18:20:29.993268  2891  2891 I CAR.VENDOR.AVM: onChange:newValue = CarPropertyValue{mPropertyId=0x21400470, mAreaId=0x0, mStatus=0, mTimestamp=637176489181, mValue=0}
03-07 18:20:29.993764  1579  1579 I CAR.VENDOR.AVM: onChange:newValue = CarPropertyValue{mPropertyId=0x21400470, mAreaId=0x0, mStatus=0, mTimestamp=637176489181, mValue=0}
03-07 18:20:30.013011  2784  3629 I SurfaceView: 91928240 Locking canvas... stopped=false, surfaceControl=Surface(name=SurfaceView - )/@0xfcae462
03-07 18:20:30.013361  2784  3629 I SurfaceView: 91928240 Returned canvas: android.view.Surface$CompatibleCanvas@5099929
03-07 18:20:30.024049   702  1724 W GraphicBufferSource: released unpopulated slots: [1, 2, 3, 4, 5, 6, 7, 8, 9, 10, 11, 12, 13, 14, 15, 16, 17, 18, 19, 20, 21, 22, 23, 24, 25, 26, 27, 28, 29, 30, 31, 32, 33, 34, 35, 36, 37, 38, 39, 40, 41, 42, 43, 44, 45, 46, 47, 48, 49, 50, 51, 52, 53, 54, 55, 56, 57, 58, 59, 60, 61, 62, 63]
03-07 18:20:30.024356   702  1724 E media.codec: TWGraphicBufferProducer::detachNextBuffer - Invalid output buffer
03-07 18:20:30.065511  2784  3629 I SurfaceView: 91928240 Locking canvas... stopped=false, surfaceControl=Surface(name=SurfaceView - )/@0xfcae462
03-07 18:20:30.065784  2784  3629 I SurfaceView: 91928240 Returned canvas: android.view.Surface$CompatibleCanvas@5099929
03-07 18:20:30.090329   702  1724 W GraphicBufferSource: released unpopulated slots: [1, 2, 3, 4, 5, 6, 7, 8, 9, 10, 11, 12, 13, 14, 15, 16, 17, 18, 19, 20, 21, 22, 23, 24, 25, 26, 27, 28, 29, 30, 31, 32, 33, 34, 35, 36, 37, 38, 39, 40, 41, 42, 43, 44, 45, 46, 47, 48, 49, 50, 51, 52, 53, 54, 55, 56, 57, 58, 59, 60, 61, 62, 63]
03-07 18:20:30.090642   702  1724 E media.codec: TWGraphicBufferProducer::detachNextBuffer - Invalid output buffer
03-07 18:20:30.103194  2891  2891 I CAR.VENDOR.AVM: onChange:newValue = CarPropertyValue{mPropertyId=0x21400470, mAreaId=0x0, mStatus=0, mTimestamp=637286616525, mValue=0}
03-07 18:20:30.103451  1579  1579 I CAR.VENDOR.AVM: onChange:newValue = CarPropertyValue{mPropertyId=0x21400470, mAreaId=0x0, mStatus=0, mTimestamp=637286616525, mValue=0}
03-07 18:20:30.116582  2784  3629 I SurfaceView: 91928240 Locking canvas... stopped=false, surfaceControl=Surface(name=SurfaceView - )/@0xfcae462
03-07 18:20:30.116919  2784  3629 I SurfaceView: 91928240 Returned canvas: android.view.Surface$CompatibleCanvas@5099929
03-07 18:20:30.120104   702  1724 W GraphicBufferSource: released unpopulated slots: [1, 2, 3, 4, 5, 6, 7, 8, 9, 10, 11, 12, 13, 14, 15, 16, 17, 18, 19, 20, 21, 22, 23, 24, 25, 26, 27, 28, 29, 30, 31, 32, 33, 34, 35, 36, 37, 38, 39, 40, 41, 42, 43, 44, 45, 46, 47, 48, 49, 50, 51, 52, 53, 54, 55, 56, 57, 58, 59, 60, 61, 62, 63]
03-07 18:20:30.120385   702  1724 E media.codec: TWGraphicBufferProducer::detachNextBuffer - Invalid output buffer
03-07 18:20:30.154413   702  1724 W GraphicBufferSource: released unpopulated slots: [1, 2, 3, 4, 5, 6, 7, 8, 9, 10, 11, 12, 13, 14, 15, 16, 17, 18, 19, 20, 21, 22, 23, 24, 25, 26, 27, 28, 29, 30, 31, 32, 33, 34, 35, 36, 37, 38, 39, 40, 41, 42, 43, 44, 45, 46, 47, 48, 49, 50, 51, 52, 53, 54, 55, 56, 57, 58, 59, 60, 61, 62, 63]
03-07 18:20:30.154722   702  1724 E media.codec: TWGraphicBufferProducer::detachNextBuffer - Invalid output buffer
03-07 18:20:30.159965  1350  1850 E Property.service: getProperty: propId is not in config list:0x21600202
03-07 18:20:30.167646  2784  3629 I SurfaceView: 91928240 Locking canvas... stopped=false, surfaceControl=Surface(name=SurfaceView - )/@0xfcae462
03-07 18:20:30.167852  2784  3629 I SurfaceView: 91928240 Returned canvas: android.view.Surface$CompatibleCanvas@5099929
03-07 18:20:30.187461   702  1724 W GraphicBufferSource: released unpopulated slots: [1, 2, 3, 4, 5, 6, 7, 8, 9, 10, 11, 12, 13, 14, 15, 16, 17, 18, 19, 20, 21, 22, 23, 24, 25, 26, 27, 28, 29, 30, 31, 32, 33, 34, 35, 36, 37, 38, 39, 40, 41, 42, 43, 44, 45, 46, 47, 48, 49, 50, 51, 52, 53, 54, 55, 56, 57, 58, 59, 60, 61, 62, 63]
03-07 18:20:30.188422   702  1724 E media.codec: TWGraphicBufferProducer::detachNextBuffer - Invalid output buffer
03-07 18:20:30.213267  2891  2891 I CAR.VENDOR.AVM: onChange:newValue = CarPropertyValue{mPropertyId=0x21400470, mAreaId=0x0, mStatus=0, mTimestamp=637396708244, mValue=0}
03-07 18:20:30.213467  1579  1579 I CAR.VENDOR.AVM: onChange:newValue = CarPropertyValue{mPropertyId=0x21400470, mAreaId=0x0, mStatus=0, mTimestamp=637396708244, mValue=0}
03-07 18:20:30.219421  2784  3629 I SurfaceView: 91928240 Locking canvas... stopped=false, surfaceControl=Surface(name=SurfaceView - )/@0xfcae462
03-07 18:20:30.219675  2784  3629 I SurfaceView: 91928240 Returned canvas: android.view.Surface$CompatibleCanvas@5099929
03-07 18:20:30.253530   702  1724 W GraphicBufferSource: released unpopulated slots: [1, 2, 3, 4, 5, 6, 7, 8, 9, 10, 11, 12, 13, 14, 15, 16, 17, 18, 19, 20, 21, 22, 23, 24, 25, 26, 27, 28, 29, 30, 31, 32, 33, 34, 35, 36, 37, 38, 39, 40, 41, 42, 43, 44, 45, 46, 47, 48, 49, 50, 51, 52, 53, 54, 55, 56, 57, 58, 59, 60, 61, 62, 63]
03-07 18:20:30.253732   702  1724 E media.codec: TWGraphicBufferProducer::detachNextBuffer - Invalid output buffer
03-07 18:20:30.259071  3203  4511 W KwHttpRunnable: [KuwoMusic(sdk_kedaxunfei2.7.1.7)]callBack code: 0 message: success extra: null
03-07 18:20:30.259916  3203  3203 I AbstractHttpObserver: onNext() code = 0
03-07 18:20:30.260348  3203  8136 I KwApi   : [KuwoMusic(sdk_kedaxunfei2.7.1.7)]fetchImage  invoked music 188393454 name: 黑桃A playfree: false download free: false path:  duration: 180
03-07 18:20:30.260383  3203  8136 I ListenerWrap: cn.kuwo.open.ListenerWrap$StrongReferenceListenerWrap@2e2ef7asetListener: com.iflytek.autofly.entadapter.cpsp.kuwo.repository.remote.KuWoMusicRepository$9@1f3532b
03-07 18:20:30.260418  3203  8136 I DeviceUtils: [KuwoMusic(sdk_kedaxunfei2.7.1.7)]getVinCode:c2RrX2tlZGF4dW5mZWlfZDY1YzViY2Rf
03-07 18:20:30.260439  3203  8136 I ad      : [KuwoMusic(sdk_kedaxunfei2.7.1.7)]vinCode: c2RrX2tlZGF4dW5mZWlfZDY1YzViY2Rf
03-07 18:20:30.260459  3203  8136 I KwApi   : [KuwoMusic(sdk_kedaxunfei2.7.1.7)]checkValid valid
03-07 18:20:30.260574  3203  8136 I KwApi   : [KuwoMusic(sdk_kedaxunfei2.7.1.7)]fetchImagemusic 188393454 name: 黑桃A playfree: false download free: false path:  duration: 180size: SIZE_320
03-07 18:20:30.261075  3203  4511 I HttpSession: [KuwoMusic(sdk_kedaxunfei2.7.1.7)]http url=http://artistpicserver.kuwo.cn/pic.web?user=151481053498&randomcode=151481053498&prod=kwplayercar_ar_2.7.1.7&corp=kuwo&source=kwplayercar_ar_2.7.1.7_sdk_kedaxunfei.apk&carSource=kwplayercar_ar_2.7.1.7_sdk_kedaxunfei.apk&q36=19b80670ea68e405e7a30304100010518304&res_https=0&type=rid_pic&pictype=url&content=list&size=320&rid=188393454&songname=%E9%BB%91%E6%A1%83A&artist=DJ%E5%B0%8F%E9%B1%BC%E5%84%BF&album=%E9%BB%91%E6%A1%83A
03-07 18:20:30.261155  3203  4511 I HttpSession: [KuwoMusic(sdk_kedaxunfei2.7.1.7)]测试getHost 1 host:artistpicserver.kuwo.cn
03-07 18:20:30.263312  3203  4511 I HttpUtil: [KuwoMusic(sdk_kedaxunfei2.7.1.7)]测试getHost 4 host:artistpicserver.kuwo.cn serverIp:49.7.249.167
03-07 18:20:30.271447  2784  3629 I SurfaceView: 91928240 Locking canvas... stopped=false, surfaceControl=Surface(name=SurfaceView - )/@0xfcae462
03-07 18:20:30.271707  2784  3629 I SurfaceView: 91928240 Returned canvas: android.view.Surface$CompatibleCanvas@5099929
03-07 18:20:30.287371   702  1724 W GraphicBufferSource: released unpopulated slots: [1, 2, 3, 4, 5, 6, 7, 8, 9, 10, 11, 12, 13, 14, 15, 16, 17, 18, 19, 20, 21, 22, 23, 24, 25, 26, 27, 28, 29, 30, 31, 32, 33, 34, 35, 36, 37, 38, 39, 40, 41, 42, 43, 44, 45, 46, 47, 48, 49, 50, 51, 52, 53, 54, 55, 56, 57, 58, 59, 60, 61, 62, 63]
03-07 18:20:30.287575   702  1724 E media.codec: TWGraphicBufferProducer::detachNextBuffer - Invalid output buffer
03-07 18:20:30.321340  1907  1907 I MXNavi-onNmeaMessage GPGGA = : s = $GPGGA,,,,,,0,,,,,,,,*66\r
03-07 18:20:30.321412  1907  1907 I MXNavi-onNmeaMessage GPRMC = : s = $GPRMC,,V,,,,,,,,,,N*53
03-07 18:20:30.321913   702  1724 W GraphicBufferSource: released unpopulated slots: [1, 2, 3, 4, 5, 6, 7, 8, 9, 10, 11, 12, 13, 14, 15, 16, 17, 18, 19, 20, 21, 22, 23, 24, 25, 26, 27, 28, 29, 30, 31, 32, 33, 34, 35, 36, 37, 38, 39, 40, 41, 42, 43, 44, 45, 46, 47, 48, 49, 50, 51, 52, 53, 54, 55, 56, 57, 58, 59, 60, 61, 62, 63]
03-07 18:20:30.322093   702  1724 E media.codec: TWGraphicBufferProducer::detachNextBuffer - Invalid output buffer
03-07 18:20:30.323431  2784  3629 I SurfaceView: 91928240 Locking canvas... stopped=false, surfaceControl=Surface(name=SurfaceView - )/@0xfcae462
03-07 18:20:30.323646  2784  3629 I SurfaceView: 91928240 Returned canvas: android.view.Surface$CompatibleCanvas@5099929
03-07 18:20:30.325600  1579  1579 I CAR.VENDOR.AVM: onChange:newValue = CarPropertyValue{mPropertyId=0x21400470, mAreaId=0x0, mStatus=0, mTimestamp=637508465900, mValue=0}
03-07 18:20:30.325603  2891  2891 I CAR.VENDOR.AVM: onChange:newValue = CarPropertyValue{mPropertyId=0x21400470, mAreaId=0x0, mStatus=0, mTimestamp=637508465900, mValue=0}
03-07 18:20:30.355274   702  1724 W GraphicBufferSource: released unpopulated slots: [1, 2, 3, 4, 5, 6, 7, 8, 9, 10, 11, 12, 13, 14, 15, 16, 17, 18, 19, 20, 21, 22, 23, 24, 25, 26, 27, 28, 29, 30, 31, 32, 33, 34, 35, 36, 37, 38, 39, 40, 41, 42, 43, 44, 45, 46, 47, 48, 49, 50, 51, 52, 53, 54, 55, 56, 57, 58, 59, 60, 61, 62, 63]
03-07 18:20:30.355484   702  1724 E media.codec: TWGraphicBufferProducer::detachNextBuffer - Invalid output buffer
03-07 18:20:30.356071  3203  4511 I KwApi   : [KuwoMusic(sdk_kedaxunfei2.7.1.7)]fetchImage fetch httpResult: true data: http://img1.kwcdn.kuwo.cn/star/albumcover/320/44/65/4051418373.jpg
03-07 18:20:30.356226  3203  3203 I KwApi   : [KuwoMusic(sdk_kedaxunfei2.7.1.7)]onFetched SUCCESS message: 获取成功
03-07 18:20:30.356304  3203  3203 I KuWoMusicRepository: onFetched(state:SUCCESS,message:获取成功,imageUrl:http://img1.kwcdn.kuwo.cn/star/albumcover/320/44/65/4051418373.jpg)
03-07 18:20:30.356507  3203  3203 I AbstractHttpObserver: onNext() code = 0
03-07 18:20:30.356878  1886  1886 I CarViceLauncher: YueTingCardPresenter updateCardView-DayRecommendCoverPic=http://img1.kwcdn.kuwo.cn/star/albumcover/320/44/65/4051418373.jpg
03-07 18:20:30.357022  1886  1886 I CarViceLauncher: YueTingCardView updateDayRecommendCoverPic--dayRecommendCoverPic:http://img1.kwcdn.kuwo.cn/star/albumcover/320/44/65/4051418373.jpg
03-07 18:20:30.357051  1886  1886 I CarViceLauncher: YueTingCardView state==SUCCESS,url==http://img1.kwcdn.kuwo.cn/star/albumcover/320/44/65/4051418373.jpg
03-07 18:20:30.372580  2507  2507 I BootPresenter: (-$$Lambda$Qut1UVg1Gu75cdlDy9b5jeBJWaU.java:2)bootQuickLogin---->puid = 0
03-07 18:20:30.373100  2507  2507 I BootPresenter: (-$$Lambda$Qut1UVg1Gu75cdlDy9b5jeBJWaU.java:2)bootAutoLogin---->500ms后重试 puid = 0 , faceId = 0 , isNetInited = false
03-07 18:20:30.374497  2784  3629 I SurfaceView: 91928240 Locking canvas... stopped=false, surfaceControl=Surface(name=SurfaceView - )/@0xfcae462
03-07 18:20:30.374653  2784  3629 I SurfaceView: 91928240 Returned canvas: android.view.Surface$CompatibleCanvas@5099929
03-07 18:20:30.422278   702  1724 W GraphicBufferSource: released unpopulated slots: [1, 2, 3, 4, 5, 6, 7, 8, 9, 10, 11, 12, 13, 14, 15, 16, 17, 18, 19, 20, 21, 22, 23, 24, 25, 26, 27, 28, 29, 30, 31, 32, 33, 34, 35, 36, 37, 38, 39, 40, 41, 42, 43, 44, 45, 46, 47, 48, 49, 50, 51, 52, 53, 54, 55, 56, 57, 58, 59, 60, 61, 62, 63]
03-07 18:20:30.422593   702  6171 E media.codec: TWGraphicBufferProducer::detachNextBuffer - Invalid output buffer
03-07 18:20:30.425432  2784  3629 I SurfaceView: 91928240 Locking canvas... stopped=false, surfaceControl=Surface(name=SurfaceView - )/@0xfcae462
03-07 18:20:30.425661  2784  3629 I SurfaceView: 91928240 Returned canvas: android.view.Surface$CompatibleCanvas@5099929
03-07 18:20:30.434607  2891  2891 I CAR.VENDOR.AVM: onChange:newValue = CarPropertyValue{mPropertyId=0x21400470, mAreaId=0x0, mStatus=0, mTimestamp=637617717410, mValue=0}
03-07 18:20:30.434803  1579  1579 I CAR.VENDOR.AVM: onChange:newValue = CarPropertyValue{mPropertyId=0x21400470, mAreaId=0x0, mStatus=0, mTimestamp=637617717410, mValue=0}
03-07 18:20:30.455878   805  3526 E gocserial: open usb serial err:No such device
03-07 18:20:30.455941   702  1724 W GraphicBufferSource: released unpopulated slots: [1, 2, 3, 4, 5, 6, 7, 8, 9, 10, 11, 12, 13, 14, 15, 16, 17, 18, 19, 20, 21, 22, 23, 24, 25, 26, 27, 28, 29, 30, 31, 32, 33, 34, 35, 36, 37, 38, 39, 40, 41, 42, 43, 44, 45, 46, 47, 48, 49, 50, 51, 52, 53, 54, 55, 56, 57, 58, 59, 60, 61, 62, 63]
03-07 18:20:30.456097   702  6171 E media.codec: TWGraphicBufferProducer::detachNextBuffer - Invalid output buffer
--------- switch to kernel
01-01 00:10:47.732730     0     0 I rtk_btusb: btchr_open: BT usb char device is opening
01-01 00:10:47.734235     0     0 E rtk_btusb: btchr_open: Device not probed
--------- switch to main
03-07 18:20:30.476451  2784  3629 I SurfaceView: 91928240 Locking canvas... stopped=false, surfaceControl=Surface(name=SurfaceView - )/@0xfcae462
03-07 18:20:30.476656  2784  3629 I SurfaceView: 91928240 Returned canvas: android.view.Surface$CompatibleCanvas@5099929
03-07 18:20:30.490360   702  1724 W GraphicBufferSource: released unpopulated slots: [1, 2, 3, 4, 5, 6, 7, 8, 9, 10, 11, 12, 13, 14, 15, 16, 17, 18, 19, 20, 21, 22, 23, 24, 25, 26, 27, 28, 29, 30, 31, 32, 33, 34, 35, 36, 37, 38, 39, 40, 41, 42, 43, 44, 45, 46, 47, 48, 49, 50, 51, 52, 53, 54, 55, 56, 57, 58, 59, 60, 61, 62, 63]
03-07 18:20:30.490561   702  6171 E media.codec: TWGraphicBufferProducer::detachNextBuffer - Invalid output buffer
03-07 18:20:30.522301   702  1724 W GraphicBufferSource: released unpopulated slots: [1, 2, 3, 4, 5, 6, 7, 8, 9, 10, 11, 12, 13, 14, 15, 16, 17, 18, 19, 20, 21, 22, 23, 24, 25, 26, 27, 28, 29, 30, 31, 32, 33, 34, 35, 36, 37, 38, 39, 40, 41, 42, 43, 44, 45, 46, 47, 48, 49, 50, 51, 52, 53, 54, 55, 56, 57, 58, 59, 60, 61, 62, 63]
03-07 18:20:30.522522   702  1724 E media.codec: TWGraphicBufferProducer::detachNextBuffer - Invalid output buffer
03-07 18:20:30.527532  2784  3629 I SurfaceView: 91928240 Locking canvas... stopped=false, surfaceControl=Surface(name=SurfaceView - )/@0xfcae462
03-07 18:20:30.527727  2784  3629 I SurfaceView: 91928240 Returned canvas: android.view.Surface$CompatibleCanvas@5099929
03-07 18:20:30.548161  2891  2891 I CAR.VENDOR.AVM: onChange:newValue = CarPropertyValue{mPropertyId=0x21400470, mAreaId=0x0, mStatus=0, mTimestamp=637731723504, mValue=0}
03-07 18:20:30.548331  1579  1579 I CAR.VENDOR.AVM: onChange:newValue = CarPropertyValue{mPropertyId=0x21400470, mAreaId=0x0, mStatus=0, mTimestamp=637731723504, mValue=0}
03-07 18:20:30.579271  2784  3629 I SurfaceView: 91928240 Locking canvas... stopped=false, surfaceControl=Surface(name=SurfaceView - )/@0xfcae462
03-07 18:20:30.579467  2784  3629 I SurfaceView: 91928240 Returned canvas: android.view.Surface$CompatibleCanvas@5099929
03-07 18:20:30.592228   702  6171 W GraphicBufferSource: released unpopulated slots: [1, 2, 3, 4, 5, 6, 7, 8, 9, 10, 11, 12, 13, 14, 15, 16, 17, 18, 19, 20, 21, 22, 23, 24, 25, 26, 27, 28, 29, 30, 31, 32, 33, 34, 35, 36, 37, 38, 39, 40, 41, 42, 43, 44, 45, 46, 47, 48, 49, 50, 51, 52, 53, 54, 55, 56, 57, 58, 59, 60, 61, 62, 63]
03-07 18:20:30.592392   702  6171 E media.codec: TWGraphicBufferProducer::detachNextBuffer - Invalid output buffer
03-07 18:20:30.622302   702  6171 W GraphicBufferSource: released unpopulated slots: [1, 2, 3, 4, 5, 6, 7, 8, 9, 10, 11, 12, 13, 14, 15, 16, 17, 18, 19, 20, 21, 22, 23, 24, 25, 26, 27, 28, 29, 30, 31, 32, 33, 34, 35, 36, 37, 38, 39, 40, 41, 42, 43, 44, 45, 46, 47, 48, 49, 50, 51, 52, 53, 54, 55, 56, 57, 58, 59, 60, 61, 62, 63]
03-07 18:20:30.622554   702  6171 E media.codec: TWGraphicBufferProducer::detachNextBuffer - Invalid output buffer
03-07 18:20:30.631411  2784  3629 I SurfaceView: 91928240 Locking canvas... stopped=false, surfaceControl=Surface(name=SurfaceView - )/@0xfcae462
03-07 18:20:30.631694  2784  3629 I SurfaceView: 91928240 Returned canvas: android.view.Surface$CompatibleCanvas@5099929
03-07 18:20:30.668431   702  6171 W GraphicBufferSource: released unpopulated slots: [1, 2, 3, 4, 5, 6, 7, 8, 9, 10, 11, 12, 13, 14, 15, 16, 17, 18, 19, 20, 21, 22, 23, 24, 25, 26, 27, 28, 29, 30, 31, 32, 33, 34, 35, 36, 37, 38, 39, 40, 41, 42, 43, 44, 45, 46, 47, 48, 49, 50, 51, 52, 53, 54, 55, 56, 57, 58, 59, 60, 61, 62, 63]
03-07 18:20:30.668627   702  6171 E media.codec: TWGraphicBufferProducer::detachNextBuffer - Invalid output buffer
03-07 18:20:30.671326  2891  2891 I CAR.VENDOR.AVM: onChange:newValue = CarPropertyValue{mPropertyId=0x21400470, mAreaId=0x0, mStatus=0, mTimestamp=637855324702, mValue=0}
03-07 18:20:30.671307  1579  1579 I CAR.VENDOR.AVM: onChange:newValue = CarPropertyValue{mPropertyId=0x21400470, mAreaId=0x0, mStatus=0, mTimestamp=637855324702, mValue=0}
03-07 18:20:30.683437  2784  3629 I SurfaceView: 91928240 Locking canvas... stopped=false, surfaceControl=Surface(name=SurfaceView - )/@0xfcae462
03-07 18:20:30.683630  2784  3629 I SurfaceView: 91928240 Returned canvas: android.view.Surface$CompatibleCanvas@5099929
03-07 18:20:30.687763   702  6171 W GraphicBufferSource: released unpopulated slots: [1, 2, 3, 4, 5, 6, 7, 8, 9, 10, 11, 12, 13, 14, 15, 16, 17, 18, 19, 20, 21, 22, 23, 24, 25, 26, 27, 28, 29, 30, 31, 32, 33, 34, 35, 36, 37, 38, 39, 40, 41, 42, 43, 44, 45, 46, 47, 48, 49, 50, 51, 52, 53, 54, 55, 56, 57, 58, 59, 60, 61, 62, 63]
03-07 18:20:30.687922   702  6171 E media.codec: TWGraphicBufferProducer::detachNextBuffer - Invalid output buffer
03-07 18:20:30.735310  2784  3629 I SurfaceView: 91928240 Locking canvas... stopped=false, surfaceControl=Surface(name=SurfaceView - )/@0xfcae462
03-07 18:20:30.735600  2784  3629 I SurfaceView: 91928240 Returned canvas: android.view.Surface$CompatibleCanvas@5099929
03-07 18:20:30.754782   702  6171 W GraphicBufferSource: released unpopulated slots: [1, 2, 3, 4, 5, 6, 7, 8, 9, 10, 11, 12, 13, 14, 15, 16, 17, 18, 19, 20, 21, 22, 23, 24, 25, 26, 27, 28, 29, 30, 31, 32, 33, 34, 35, 36, 37, 38, 39, 40, 41, 42, 43, 44, 45, 46, 47, 48, 49, 50, 51, 52, 53, 54, 55, 56, 57, 58, 59, 60, 61, 62, 63]
03-07 18:20:30.754963   702  1724 E media.codec: TWGraphicBufferProducer::detachNextBuffer - Invalid output buffer
03-07 18:20:30.765438  2891  2891 I CAR.VENDOR.AVM: onChange:newValue = CarPropertyValue{mPropertyId=0x21400470, mAreaId=0x0, mStatus=0, mTimestamp=637949396212, mValue=0}
03-07 18:20:30.765543  1579  1579 I CAR.VENDOR.AVM: onChange:newValue = CarPropertyValue{mPropertyId=0x21400470, mAreaId=0x0, mStatus=0, mTimestamp=637949396212, mValue=0}
03-07 18:20:30.787049  2784  3629 I SurfaceView: 91928240 Locking canvas... stopped=false, surfaceControl=Surface(name=SurfaceView - )/@0xfcae462
03-07 18:20:30.787259  2784  3629 I SurfaceView: 91928240 Returned canvas: android.view.Surface$CompatibleCanvas@5099929
03-07 18:20:30.787637   702  6171 W GraphicBufferSource: released unpopulated slots: [1, 2, 3, 4, 5, 6, 7, 8, 9, 10, 11, 12, 13, 14, 15, 16, 17, 18, 19, 20, 21, 22, 23, 24, 25, 26, 27, 28, 29, 30, 31, 32, 33, 34, 35, 36, 37, 38, 39, 40, 41, 42, 43, 44, 45, 46, 47, 48, 49, 50, 51, 52, 53, 54, 55, 56, 57, 58, 59, 60, 61, 62, 63]
03-07 18:20:30.787775   702  1724 E media.codec: TWGraphicBufferProducer::detachNextBuffer - Invalid output buffer
03-07 18:20:30.821583   702  6171 W GraphicBufferSource: released unpopulated slots: [1, 2, 3, 4, 5, 6, 7, 8, 9, 10, 11, 12, 13, 14, 15, 16, 17, 18, 19, 20, 21, 22, 23, 24, 25, 26, 27, 28, 29, 30, 31, 32, 33, 34, 35, 36, 37, 38, 39, 40, 41, 42, 43, 44, 45, 46, 47, 48, 49, 50, 51, 52, 53, 54, 55, 56, 57, 58, 59, 60, 61, 62, 63]
03-07 18:20:30.821752   702  1724 E media.codec: TWGraphicBufferProducer::detachNextBuffer - Invalid output buffer
03-07 18:20:30.839262  2784  3629 I SurfaceView: 91928240 Locking canvas... stopped=false, surfaceControl=Surface(name=SurfaceView - )/@0xfcae462
03-07 18:20:30.839523  2784  3629 I SurfaceView: 91928240 Returned canvas: android.view.Surface$CompatibleCanvas@5099929
03-07 18:20:30.857973   702  6171 W GraphicBufferSource: released unpopulated slots: [1, 2, 3, 4, 5, 6, 7, 8, 9, 10, 11, 12, 13, 14, 15, 16, 17, 18, 19, 20, 21, 22, 23, 24, 25, 26, 27, 28, 29, 30, 31, 32, 33, 34, 35, 36, 37, 38, 39, 40, 41, 42, 43, 44, 45, 46, 47, 48, 49, 50, 51, 52, 53, 54, 55, 56, 57, 58, 59, 60, 61, 62, 63]
03-07 18:20:30.858134   702  1724 E media.codec: TWGraphicBufferProducer::detachNextBuffer - Invalid output buffer
03-07 18:20:30.874555  1579  1579 I CAR.VENDOR.AVM: onChange:newValue = CarPropertyValue{mPropertyId=0x21400470, mAreaId=0x0, mStatus=0, mTimestamp=638057856525, mValue=0}
03-07 18:20:30.874675  2891  2891 I CAR.VENDOR.AVM: onChange:newValue = CarPropertyValue{mPropertyId=0x21400470, mAreaId=0x0, mStatus=0, mTimestamp=638057856525, mValue=0}
03-07 18:20:30.875064  2507  2507 I BootPresenter: (-$$Lambda$Qut1UVg1Gu75cdlDy9b5jeBJWaU.java:2)bootQuickLogin---->puid = 0
03-07 18:20:30.875530  2507  2507 I BootPresenter: (-$$Lambda$Qut1UVg1Gu75cdlDy9b5jeBJWaU.java:2)bootAutoLogin---->500ms后重试 puid = 0 , faceId = 0 , isNetInited = false
03-07 18:20:30.890426  2784  3629 I SurfaceView: 91928240 Locking canvas... stopped=false, surfaceControl=Surface(name=SurfaceView - )/@0xfcae462
03-07 18:20:30.890634  2784  3629 I SurfaceView: 91928240 Returned canvas: android.view.Surface$CompatibleCanvas@5099929
03-07 18:20:30.921194   702  6171 W GraphicBufferSource: released unpopulated slots: [1, 2, 3, 4, 5, 6, 7, 8, 9, 10, 11, 12, 13, 14, 15, 16, 17, 18, 19, 20, 21, 22, 23, 24, 25, 26, 27, 28, 29, 30, 31, 32, 33, 34, 35, 36, 37, 38, 39, 40, 41, 42, 43, 44, 45, 46, 47, 48, 49, 50, 51, 52, 53, 54, 55, 56, 57, 58, 59, 60, 61, 62, 63]
03-07 18:20:30.921633   702  1724 E media.codec: TWGraphicBufferProducer::detachNextBuffer - Invalid output buffer
03-07 18:20:30.923472  3203  4512 I KwHttpRunnable: [KuwoMusic(sdk_kedaxunfei2.7.1.7)] startCheckTimeout waiting timeout running:false
03-07 18:20:30.942483  2784  3629 I SurfaceView: 91928240 Locking canvas... stopped=false, surfaceControl=Surface(name=SurfaceView - )/@0xfcae462
03-07 18:20:30.942672  2784  3629 I SurfaceView: 91928240 Returned canvas: android.view.Surface$CompatibleCanvas@5099929
03-07 18:20:30.957429   702  6171 W GraphicBufferSource: released unpopulated slots: [1, 2, 3, 4, 5, 6, 7, 8, 9, 10, 11, 12, 13, 14, 15, 16, 17, 18, 19, 20, 21, 22, 23, 24, 25, 26, 27, 28, 29, 30, 31, 32, 33, 34, 35, 36, 37, 38, 39, 40, 41, 42, 43, 44, 45, 46, 47, 48, 49, 50, 51, 52, 53, 54, 55, 56, 57, 58, 59, 60, 61, 62, 63]
03-07 18:20:30.957589   702  1724 E media.codec: TWGraphicBufferProducer::detachNextBuffer - Invalid output buffer
03-07 18:20:30.980318  1057  1082 E u-blox  : ublox::CGnssMeasurementExtension::navMeasurementUpdate: GnssMeasurementExtension callback is not initialized
03-07 18:20:30.983769  2891  2891 I CAR.VENDOR.AVM: onChange:newValue = CarPropertyValue{mPropertyId=0x21400470, mAreaId=0x0, mStatus=0, mTimestamp=638167417462, mValue=0}
03-07 18:20:30.983970  1579  1579 I CAR.VENDOR.AVM: onChange:newValue = CarPropertyValue{mPropertyId=0x21400470, mAreaId=0x0, mStatus=0, mTimestamp=638167417462, mValue=0}
03-07 18:20:30.988433   702  6171 W GraphicBufferSource: released unpopulated slots: [1, 2, 3, 4, 5, 6, 7, 8, 9, 10, 11, 12, 13, 14, 15, 16, 17, 18, 19, 20, 21, 22, 23, 24, 25, 26, 27, 28, 29, 30, 31, 32, 33, 34, 35, 36, 37, 38, 39, 40, 41, 42, 43, 44, 45, 46, 47, 48, 49, 50, 51, 52, 53, 54, 55, 56, 57, 58, 59, 60, 61, 62, 63]
03-07 18:20:30.988822   702  1724 E media.codec: TWGraphicBufferProducer::detachNextBuffer - Invalid output buffer
03-07 18:20:30.993593  2784  3629 I SurfaceView: 91928240 Locking canvas... stopped=false, surfaceControl=Surface(name=SurfaceView - )/@0xfcae462
03-07 18:20:30.993798  2784  3629 I SurfaceView: 91928240 Returned canvas: android.view.Surface$CompatibleCanvas@5099929
03-07 18:20:31.021704   702  6171 W GraphicBufferSource: released unpopulated slots: [1, 2, 3, 4, 5, 6, 7, 8, 9, 10, 11, 12, 13, 14, 15, 16, 17, 18, 19, 20, 21, 22, 23, 24, 25, 26, 27, 28, 29, 30, 31, 32, 33, 34, 35, 36, 37, 38, 39, 40, 41, 42, 43, 44, 45, 46, 47, 48, 49, 50, 51, 52, 53, 54, 55, 56, 57, 58, 59, 60, 61, 62, 63]
03-07 18:20:31.021887   702  1724 E media.codec: TWGraphicBufferProducer::detachNextBuffer - Invalid output buffer
03-07 18:20:31.045824  2784  3629 I SurfaceView: 91928240 Locking canvas... stopped=false, surfaceControl=Surface(name=SurfaceView - )/@0xfcae462
03-07 18:20:31.046043  2784  3629 I SurfaceView: 91928240 Returned canvas: android.view.Surface$CompatibleCanvas@5099929
03-07 18:20:31.090645   702  6171 W GraphicBufferSource: released unpopulated slots: [1, 2, 3, 4, 5, 6, 7, 8, 9, 10, 11, 12, 13, 14, 15, 16, 17, 18, 19, 20, 21, 22, 23, 24, 25, 26, 27, 28, 29, 30, 31, 32, 33, 34, 35, 36, 37, 38, 39, 40, 41, 42, 43, 44, 45, 46, 47, 48, 49, 50, 51, 52, 53, 54, 55, 56, 57, 58, 59, 60, 61, 62, 63]
03-07 18:20:31.090847   702  1724 E media.codec: TWGraphicBufferProducer::detachNextBuffer - Invalid output buffer
03-07 18:20:31.092679  2891  2891 I CAR.VENDOR.AVM: onChange:newValue = CarPropertyValue{mPropertyId=0x21400470, mAreaId=0x0, mStatus=0, mTimestamp=638276487775, mValue=0}
03-07 18:20:31.092861  1579  1579 I CAR.VENDOR.AVM: onChange:newValue = CarPropertyValue{mPropertyId=0x21400470, mAreaId=0x0, mStatus=0, mTimestamp=638276487775, mValue=0}
03-07 18:20:31.097498  2784  3629 I SurfaceView: 91928240 Locking canvas... stopped=false, surfaceControl=Surface(name=SurfaceView - )/@0xfcae462
03-07 18:20:31.097699  2784  3629 I SurfaceView: 91928240 Returned canvas: android.view.Surface$CompatibleCanvas@5099929
03-07 18:20:31.122543   702  6171 W GraphicBufferSource: released unpopulated slots: [1, 2, 3, 4, 5, 6, 7, 8, 9, 10, 11, 12, 13, 14, 15, 16, 17, 18, 19, 20, 21, 22, 23, 24, 25, 26, 27, 28, 29, 30, 31, 32, 33, 34, 35, 36, 37, 38, 39, 40, 41, 42, 43, 44, 45, 46, 47, 48, 49, 50, 51, 52, 53, 54, 55, 56, 57, 58, 59, 60, 61, 62, 63]
03-07 18:20:31.122724   702  1724 E media.codec: TWGraphicBufferProducer::detachNextBuffer - Invalid output buffer
03-07 18:20:31.150157  2784  3629 I SurfaceView: 91928240 Locking canvas... stopped=false, surfaceControl=Surface(name=SurfaceView - )/@0xfcae462
03-07 18:20:31.150449  2784  3629 I SurfaceView: 91928240 Returned canvas: android.view.Surface$CompatibleCanvas@5099929
03-07 18:20:31.157960   702  6171 W GraphicBufferSource: released unpopulated slots: [1, 2, 3, 4, 5, 6, 7, 8, 9, 10, 11, 12, 13, 14, 15, 16, 17, 18, 19, 20, 21, 22, 23, 24, 25, 26, 27, 28, 29, 30, 31, 32, 33, 34, 35, 36, 37, 38, 39, 40, 41, 42, 43, 44, 45, 46, 47, 48, 49, 50, 51, 52, 53, 54, 55, 56, 57, 58, 59, 60, 61, 62, 63]
03-07 18:20:31.158509   702  1724 E media.codec: TWGraphicBufferProducer::detachNextBuffer - Invalid output buffer
03-07 18:20:31.159137  1350  1364 E Property.service: getProperty: propId is not in config list:0x21600202
03-07 18:20:31.188382   702  6171 W GraphicBufferSource: released unpopulated slots: [1, 2, 3, 4, 5, 6, 7, 8, 9, 10, 11, 12, 13, 14, 15, 16, 17, 18, 19, 20, 21, 22, 23, 24, 25, 26, 27, 28, 29, 30, 31, 32, 33, 34, 35, 36, 37, 38, 39, 40, 41, 42, 43, 44, 45, 46, 47, 48, 49, 50, 51, 52, 53, 54, 55, 56, 57, 58, 59, 60, 61, 62, 63]
03-07 18:20:31.188645   702  1724 E media.codec: TWGraphicBufferProducer::detachNextBuffer - Invalid output buffer
03-07 18:20:31.199637  2891  2891 I CAR.VENDOR.AVM: onChange:newValue = CarPropertyValue{mPropertyId=0x21400470, mAreaId=0x0, mStatus=0, mTimestamp=638383661733, mValue=0}
03-07 18:20:31.200228  1579  1579 I CAR.VENDOR.AVM: onChange:newValue = CarPropertyValue{mPropertyId=0x21400470, mAreaId=0x0, mStatus=0, mTimestamp=638383661733, mValue=0}
03-07 18:20:31.202451  2784  3629 I SurfaceView: 91928240 Locking canvas... stopped=false, surfaceControl=Surface(name=SurfaceView - )/@0xfcae462
03-07 18:20:31.202628  2784  3629 I SurfaceView: 91928240 Returned canvas: android.view.Surface$CompatibleCanvas@5099929
03-07 18:20:31.253528  2784  3629 I SurfaceView: 91928240 Locking canvas... stopped=false, surfaceControl=Surface(name=SurfaceView - )/@0xfcae462
03-07 18:20:31.253979  2784  3629 I SurfaceView: 91928240 Returned canvas: android.view.Surface$CompatibleCanvas@5099929
03-07 18:20:31.255238   702  6171 W GraphicBufferSource: released unpopulated slots: [1, 2, 3, 4, 5, 6, 7, 8, 9, 10, 11, 12, 13, 14, 15, 16, 17, 18, 19, 20, 21, 22, 23, 24, 25, 26, 27, 28, 29, 30, 31, 32, 33, 34, 35, 36, 37, 38, 39, 40, 41, 42, 43, 44, 45, 46, 47, 48, 49, 50, 51, 52, 53, 54, 55, 56, 57, 58, 59, 60, 61, 62, 63]
03-07 18:20:31.255510   702  1724 E media.codec: TWGraphicBufferProducer::detachNextBuffer - Invalid output buffer
03-07 18:20:31.290184   702  6171 W GraphicBufferSource: released unpopulated slots: [1, 2, 3, 4, 5, 6, 7, 8, 9, 10, 11, 12, 13, 14, 15, 16, 17, 18, 19, 20, 21, 22, 23, 24, 25, 26, 27, 28, 29, 30, 31, 32, 33, 34, 35, 36, 37, 38, 39, 40, 41, 42, 43, 44, 45, 46, 47, 48, 49, 50, 51, 52, 53, 54, 55, 56, 57, 58, 59, 60, 61, 62, 63]
03-07 18:20:31.290482   702  6171 E media.codec: TWGraphicBufferProducer::detachNextBuffer - Invalid output buffer
03-07 18:20:31.306595  2784  3629 I SurfaceView: 91928240 Locking canvas... stopped=false, surfaceControl=Surface(name=SurfaceView - )/@0xfcae462
03-07 18:20:31.306852  2784  3629 I SurfaceView: 91928240 Returned canvas: android.view.Surface$CompatibleCanvas@5099929
03-07 18:20:31.311133  2891  2891 I CAR.VENDOR.AVM: onChange:newValue = CarPropertyValue{mPropertyId=0x21400470, mAreaId=0x0, mStatus=0, mTimestamp=638495801212, mValue=0}
03-07 18:20:31.311230  1579  1579 I CAR.VENDOR.AVM: onChange:newValue = CarPropertyValue{mPropertyId=0x21400470, mAreaId=0x0, mStatus=0, mTimestamp=638495801212, mValue=0}
03-07 18:20:31.322575  1907  1907 I MXNavi-onNmeaMessage GPGGA = : s = $GPGGA,,,,,,0,,,,,,,,*66\r
03-07 18:20:31.322763  1907  1907 I MXNavi-onNmeaMessage GPRMC = : s = $GPRMC,,V,,,,,,,,,,N*53
03-07 18:20:31.322826   702  6171 W GraphicBufferSource: released unpopulated slots: [1, 2, 3, 4, 5, 6, 7, 8, 9, 10, 11, 12, 13, 14, 15, 16, 17, 18, 19, 20, 21, 22, 23, 24, 25, 26, 27, 28, 29, 30, 31, 32, 33, 34, 35, 36, 37, 38, 39, 40, 41, 42, 43, 44, 45, 46, 47, 48, 49, 50, 51, 52, 53, 54, 55, 56, 57, 58, 59, 60, 61, 62, 63]
03-07 18:20:31.325048   702  6171 E media.codec: TWGraphicBufferProducer::detachNextBuffer - Invalid output buffer
03-07 18:20:31.355003   702  6171 W GraphicBufferSource: released unpopulated slots: [1, 2, 3, 4, 5, 6, 7, 8, 9, 10, 11, 12, 13, 14, 15, 16, 17, 18, 19, 20, 21, 22, 23, 24, 25, 26, 27, 28, 29, 30, 31, 32, 33, 34, 35, 36, 37, 38, 39, 40, 41, 42, 43, 44, 45, 46, 47, 48, 49, 50, 51, 52, 53, 54, 55, 56, 57, 58, 59, 60, 61, 62, 63]
03-07 18:20:31.355235   702  6171 E media.codec: TWGraphicBufferProducer::detachNextBuffer - Invalid output buffer
03-07 18:20:31.358589  2784  3629 I SurfaceView: 91928240 Locking canvas... stopped=false, surfaceControl=Surface(name=SurfaceView - )/@0xfcae462
03-07 18:20:31.358810  2784  3629 I SurfaceView: 91928240 Returned canvas: android.view.Surface$CompatibleCanvas@5099929
03-07 18:20:31.378993  2507  2507 I BootPresenter: (-$$Lambda$Qut1UVg1Gu75cdlDy9b5jeBJWaU.java:2)bootQuickLogin---->puid = 0
03-07 18:20:31.379781  2507  2507 I BootPresenter: (-$$Lambda$Qut1UVg1Gu75cdlDy9b5jeBJWaU.java:2)bootAutoLogin---->500ms后重试 puid = 0 , faceId = 0 , isNetInited = false
03-07 18:20:31.410065  2784  3629 I SurfaceView: 91928240 Locking canvas... stopped=false, surfaceControl=Surface(name=SurfaceView - )/@0xfcae462
03-07 18:20:31.410414  2784  3629 I SurfaceView: 91928240 Returned canvas: android.view.Surface$CompatibleCanvas@5099929
03-07 18:20:31.415593   478  4695 W AudioHalHWBosch: in_read: 3072 bytes read in  in_read(). frame_size:24. frames_read:9753600. readOnce:9753600.out frame count:128. dataNum:76199. dataVal:76200. dataNormal:935. dataExt:0.dataLastValue:0. dateSame:1270.                 SysAmpIntVariant:0. data_analysis :0:0:0:0 :0:0:0:0 :-16:-1:0:-1.
03-07 18:20:31.419533  2891  2891 I CAR.VENDOR.AVM: onChange:newValue = CarPropertyValue{mPropertyId=0x21400470, mAreaId=0x0, mStatus=0, mTimestamp=638603787358, mValue=0}
03-07 18:20:31.419710  1579  1579 I CAR.VENDOR.AVM: onChange:newValue = CarPropertyValue{mPropertyId=0x21400470, mAreaId=0x0, mStatus=0, mTimestamp=638603787358, mValue=0}
03-07 18:20:31.424423   702  6171 W GraphicBufferSource: released unpopulated slots: [1, 2, 3, 4, 5, 6, 7, 8, 9, 10, 11, 12, 13, 14, 15, 16, 17, 18, 19, 20, 21, 22, 23, 24, 25, 26, 27, 28, 29, 30, 31, 32, 33, 34, 35, 36, 37, 38, 39, 40, 41, 42, 43, 44, 45, 46, 47, 48, 49, 50, 51, 52, 53, 54, 55, 56, 57, 58, 59, 60, 61, 62, 63]
03-07 18:20:31.424581   702  6171 E media.codec: TWGraphicBufferProducer::detachNextBuffer - Invalid output buffer
03-07 18:20:31.453111   702  6171 W GraphicBufferSource: released unpopulated slots: [1, 2, 3, 4, 5, 6, 7, 8, 9, 10, 11, 12, 13, 14, 15, 16, 17, 18, 19, 20, 21, 22, 23, 24, 25, 26, 27, 28, 29, 30, 31, 32, 33, 34, 35, 36, 37, 38, 39, 40, 41, 42, 43, 44, 45, 46, 47, 48, 49, 50, 51, 52, 53, 54, 55, 56, 57, 58, 59, 60, 61, 62, 63]
03-07 18:20:31.453280   702  6171 E media.codec: TWGraphicBufferProducer::detachNextBuffer - Invalid output buffer
03-07 18:20:31.461679  2784  3629 I SurfaceView: 91928240 Locking canvas... stopped=false, surfaceControl=Surface(name=SurfaceView - )/@0xfcae462
03-07 18:20:31.461910  2784  3629 I SurfaceView: 91928240 Returned canvas: android.view.Surface$CompatibleCanvas@5099929
03-07 18:20:31.488092   702  6171 W GraphicBufferSource: released unpopulated slots: [1, 2, 3, 4, 5, 6, 7, 8, 9, 10, 11, 12, 13, 14, 15, 16, 17, 18, 19, 20, 21, 22, 23, 24, 25, 26, 27, 28, 29, 30, 31, 32, 33, 34, 35, 36, 37, 38, 39, 40, 41, 42, 43, 44, 45, 46, 47, 48, 49, 50, 51, 52, 53, 54, 55, 56, 57, 58, 59, 60, 61, 62, 63]
03-07 18:20:31.488283   702  6171 E media.codec: TWGraphicBufferProducer::detachNextBuffer - Invalid output buffer
03-07 18:20:31.513140  2784  3629 I SurfaceView: 91928240 Locking canvas... stopped=false, surfaceControl=Surface(name=SurfaceView - )/@0xfcae462
03-07 18:20:31.513362  2784  3629 I SurfaceView: 91928240 Returned canvas: android.view.Surface$CompatibleCanvas@5099929
03-07 18:20:31.522002   702  6171 W GraphicBufferSource: released unpopulated slots: [1, 2, 3, 4, 5, 6, 7, 8, 9, 10, 11, 12, 13, 14, 15, 16, 17, 18, 19, 20, 21, 22, 23, 24, 25, 26, 27, 28, 29, 30, 31, 32, 33, 34, 35, 36, 37, 38, 39, 40, 41, 42, 43, 44, 45, 46, 47, 48, 49, 50, 51, 52, 53, 54, 55, 56, 57, 58, 59, 60, 61, 62, 63]
03-07 18:20:31.522698   702  6171 E media.codec: TWGraphicBufferProducer::detachNextBuffer - Invalid output buffer
03-07 18:20:31.526852  2891  2891 I CAR.VENDOR.AVM: onChange:newValue = CarPropertyValue{mPropertyId=0x21400470, mAreaId=0x0, mStatus=0, mTimestamp=638711492983, mValue=0}
03-07 18:20:31.527005  1579  1579 I CAR.VENDOR.AVM: onChange:newValue = CarPropertyValue{mPropertyId=0x21400470, mAreaId=0x0, mStatus=0, mTimestamp=638711492983, mValue=0}
03-07 18:20:31.564377  2784  3629 I SurfaceView: 91928240 Locking canvas... stopped=false, surfaceControl=Surface(name=SurfaceView - )/@0xfcae462
03-07 18:20:31.564558  2784  3629 I SurfaceView: 91928240 Returned canvas: android.view.Surface$CompatibleCanvas@5099929
03-07 18:20:31.579000   520   520 I Binder:520_1: type=1400 audit(0.0:1524): avc: denied { getattr } for path="/proc/686" dev="proc" ino=19541 scontext=u:r:procfsinspector:s0 tcontext=u:r:np_caraudioserver_deamon:s0 tclass=dir permissive=1
03-07 18:20:31.579000   520   520 I Binder:520_1: type=1400 audit(0.0:1525): avc: denied { getattr } for path="/proc/688" dev="proc" ino=19579 scontext=u:r:procfsinspector:s0 tcontext=u:r:gocsdk:s0 tclass=dir permissive=1
03-07 18:20:31.590915   702  6171 W GraphicBufferSource: released unpopulated slots: [1, 2, 3, 4, 5, 6, 7, 8, 9, 10, 11, 12, 13, 14, 15, 16, 17, 18, 19, 20, 21, 22, 23, 24, 25, 26, 27, 28, 29, 30, 31, 32, 33, 34, 35, 36, 37, 38, 39, 40, 41, 42, 43, 44, 45, 46, 47, 48, 49, 50, 51, 52, 53, 54, 55, 56, 57, 58, 59, 60, 61, 62, 63]
03-07 18:20:31.591113   702  6171 E media.codec: TWGraphicBufferProducer::detachNextBuffer - Invalid output buffer
03-07 18:20:31.615513  2784  3629 I SurfaceView: 91928240 Locking canvas... stopped=false, surfaceControl=Surface(name=SurfaceView - )/@0xfcae462
03-07 18:20:31.615743  2784  3629 I SurfaceView: 91928240 Returned canvas: android.view.Surface$CompatibleCanvas@5099929
03-07 18:20:31.620534   702  6171 W GraphicBufferSource: released unpopulated slots: [1, 2, 3, 4, 5, 6, 7, 8, 9, 10, 11, 12, 13, 14, 15, 16, 17, 18, 19, 20, 21, 22, 23, 24, 25, 26, 27, 28, 29, 30, 31, 32, 33, 34, 35, 36, 37, 38, 39, 40, 41, 42, 43, 44, 45, 46, 47, 48, 49, 50, 51, 52, 53, 54, 55, 56, 57, 58, 59, 60, 61, 62, 63]
03-07 18:20:31.620695   702  6171 E media.codec: TWGraphicBufferProducer::detachNextBuffer - Invalid output buffer
03-07 18:20:31.653614  2891  2891 I CAR.VENDOR.AVM: onChange:newValue = CarPropertyValue{mPropertyId=0x21400470, mAreaId=0x0, mStatus=0, mTimestamp=638837140379, mValue=0}
03-07 18:20:31.653644  1579  1579 I CAR.VENDOR.AVM: onChange:newValue = CarPropertyValue{mPropertyId=0x21400470, mAreaId=0x0, mStatus=0, mTimestamp=638837140379, mValue=0}
