03-07 18:20:38.321780   702  6171 W GraphicBufferSource: released unpopulated slots: [1, 2, 3, 4, 5, 6, 7, 8, 9, 10, 11, 12, 13, 14, 15, 16, 17, 18, 19, 20, 21, 22, 23, 24, 25, 26, 27, 28, 29, 30, 31, 32, 33, 34, 35, 36, 37, 38, 39, 40, 41, 42, 43, 44, 45, 46, 47, 48, 49, 50, 51, 52, 53, 54, 55, 56, 57, 58, 59, 60, 61, 62, 63]
03-07 18:20:38.321946   702  6171 E media.codec: TWGraphicBufferProducer::detachNextBuffer - Invalid output buffer
03-07 18:20:38.328088  1907  1907 I MXNavi-onNmeaMessage GPGGA = : s = $GPGGA,,,,,,0,,,,,,,,*66\r
03-07 18:20:38.328118  1907  1907 I MXNavi-onNmeaMessage GPRMC = : s = $GPRMC,,V,,,,,,,,,,N*53
03-07 18:20:38.356302   702  6171 W GraphicBufferSource: released unpopulated slots: [1, 2, 3, 4, 5, 6, 7, 8, 9, 10, 11, 12, 13, 14, 15, 16, 17, 18, 19, 20, 21, 22, 23, 24, 25, 26, 27, 28, 29, 30, 31, 32, 33, 34, 35, 36, 37, 38, 39, 40, 41, 42, 43, 44, 45, 46, 47, 48, 49, 50, 51, 52, 53, 54, 55, 56, 57, 58, 59, 60, 61, 62, 63]
03-07 18:20:38.356521   702  6171 E media.codec: TWGraphicBufferProducer::detachNextBuffer - Invalid output buffer
03-07 18:20:38.359185  2891  2891 I CAR.VENDOR.AVM: onChange:newValue = CarPropertyValue{mPropertyId=0x21400470, mAreaId=0x0, mStatus=0, mTimestamp=645543411053, mValue=0}
03-07 18:20:38.359194  1579  1579 I CAR.VENDOR.AVM: onChange:newValue = CarPropertyValue{mPropertyId=0x21400470, mAreaId=0x0, mStatus=0, mTimestamp=645543411053, mValue=0}
03-07 18:20:38.364175  1907  2320 W Settings: Setting android_id has moved from android.provider.Settings.System to android.provider.Settings.Secure, returning read-only value.
03-07 18:20:38.365987  1907  2320 I chatty  : uid=1000(system) GNaviMap-0 identical 4 lines
03-07 18:20:38.366231  1907  2320 W Settings: Setting android_id has moved from android.provider.Settings.System to android.provider.Settings.Secure, returning read-only value.
03-07 18:20:38.369415  2784  3629 I SurfaceView: 91928240 Locking canvas... stopped=false, surfaceControl=Surface(name=SurfaceView - )/@0xfcae462
03-07 18:20:38.369691  2784  3629 I SurfaceView: 91928240 Returned canvas: android.view.Surface$CompatibleCanvas@5099929
03-07 18:20:38.421106   702  6171 W GraphicBufferSource: released unpopulated slots: [1, 2, 3, 4, 5, 6, 7, 8, 9, 10, 11, 12, 13, 14, 15, 16, 17, 18, 19, 20, 21, 22, 23, 24, 25, 26, 27, 28, 29, 30, 31, 32, 33, 34, 35, 36, 37, 38, 39, 40, 41, 42, 43, 44, 45, 46, 47, 48, 49, 50, 51, 52, 53, 54, 55, 56, 57, 58, 59, 60, 61, 62, 63]
03-07 18:20:38.421276   702  6171 E media.codec: TWGraphicBufferProducer::detachNextBuffer - Invalid output buffer
03-07 18:20:38.421790  2507  2507 I BootPresenter: (-$$Lambda$Qut1UVg1Gu75cdlDy9b5jeBJWaU.java:2)bootQuickLogin---->puid = 0
03-07 18:20:38.422454  2784  3629 I SurfaceView: 91928240 Locking canvas... stopped=false, surfaceControl=Surface(name=SurfaceView - )/@0xfcae462
03-07 18:20:38.422535  2507  2507 I BootPresenter: (-$$Lambda$Qut1UVg1Gu75cdlDy9b5jeBJWaU.java:2)bootAutoLogin---->500ms后重试 puid = 0 , faceId = 0 , isNetInited = false
03-07 18:20:38.422714  2784  3629 I SurfaceView: 91928240 Returned canvas: android.view.Surface$CompatibleCanvas@5099929
03-07 18:20:38.453585   702  6171 W GraphicBufferSource: released unpopulated slots: [1, 2, 3, 4, 5, 6, 7, 8, 9, 10, 11, 12, 13, 14, 15, 16, 17, 18, 19, 20, 21, 22, 23, 24, 25, 26, 27, 28, 29, 30, 31, 32, 33, 34, 35, 36, 37, 38, 39, 40, 41, 42, 43, 44, 45, 46, 47, 48, 49, 50, 51, 52, 53, 54, 55, 56, 57, 58, 59, 60, 61, 62, 63]
03-07 18:20:38.454024   702  6171 E media.codec: TWGraphicBufferProducer::detachNextBuffer - Invalid output buffer
03-07 18:20:38.470500  2891  2891 I CAR.VENDOR.AVM: onChange:newValue = CarPropertyValue{mPropertyId=0x21400470, mAreaId=0x0, mStatus=0, mTimestamp=645655473189, mValue=0}
03-07 18:20:38.470595  1579  1579 I CAR.VENDOR.AVM: onChange:newValue = CarPropertyValue{mPropertyId=0x21400470, mAreaId=0x0, mStatus=0, mTimestamp=645655473189, mValue=0}
03-07 18:20:38.473520  2784  3629 I SurfaceView: 91928240 Locking canvas... stopped=false, surfaceControl=Surface(name=SurfaceView - )/@0xfcae462
03-07 18:20:38.473784  2784  3629 I SurfaceView: 91928240 Returned canvas: android.view.Surface$CompatibleCanvas@5099929
03-07 18:20:38.489848   702  6171 W GraphicBufferSource: released unpopulated slots: [1, 2, 3, 4, 5, 6, 7, 8, 9, 10, 11, 12, 13, 14, 15, 16, 17, 18, 19, 20, 21, 22, 23, 24, 25, 26, 27, 28, 29, 30, 31, 32, 33, 34, 35, 36, 37, 38, 39, 40, 41, 42, 43, 44, 45, 46, 47, 48, 49, 50, 51, 52, 53, 54, 55, 56, 57, 58, 59, 60, 61, 62, 63]
03-07 18:20:38.490135   702  6171 E media.codec: TWGraphicBufferProducer::detachNextBuffer - Invalid output buffer
03-07 18:20:38.519765   702  6171 W GraphicBufferSource: released unpopulated slots: [1, 2, 3, 4, 5, 6, 7, 8, 9, 10, 11, 12, 13, 14, 15, 16, 17, 18, 19, 20, 21, 22, 23, 24, 25, 26, 27, 28, 29, 30, 31, 32, 33, 34, 35, 36, 37, 38, 39, 40, 41, 42, 43, 44, 45, 46, 47, 48, 49, 50, 51, 52, 53, 54, 55, 56, 57, 58, 59, 60, 61, 62, 63]
03-07 18:20:38.520010   702  6171 E media.codec: TWGraphicBufferProducer::detachNextBuffer - Invalid output buffer
03-07 18:20:38.525037  2784  3629 I SurfaceView: 91928240 Locking canvas... stopped=false, surfaceControl=Surface(name=SurfaceView - )/@0xfcae462
03-07 18:20:38.525253  2784  3629 I SurfaceView: 91928240 Returned canvas: android.view.Surface$CompatibleCanvas@5099929
03-07 18:20:38.575964  2784  3629 I SurfaceView: 91928240 Locking canvas... stopped=false, surfaceControl=Surface(name=SurfaceView - )/@0xfcae462
03-07 18:20:38.576199  2784  3629 I SurfaceView: 91928240 Returned canvas: android.view.Surface$CompatibleCanvas@5099929
03-07 18:20:38.578455   499   576 I CBaseMonitor: [run-318] Enter monitor android
03-07 18:20:38.579170   499   576 I CBaseMonitor: [run-344]current cycle is the only one :/mnt/user/log_android/cycle_49
03-07 18:20:38.579194   499   576 W CBaseMonitor: [run-347]get info failed
03-07 18:20:38.580129  2891  2891 I CAR.VENDOR.AVM: onChange:newValue = CarPropertyValue{mPropertyId=0x21400470, mAreaId=0x0, mStatus=0, mTimestamp=645764794803, mValue=0}
03-07 18:20:38.580212  1579  1579 I CAR.VENDOR.AVM: onChange:newValue = CarPropertyValue{mPropertyId=0x21400470, mAreaId=0x0, mStatus=0, mTimestamp=645764794803, mValue=0}
03-07 18:20:38.589820   702  6171 W GraphicBufferSource: released unpopulated slots: [1, 2, 3, 4, 5, 6, 7, 8, 9, 10, 11, 12, 13, 14, 15, 16, 17, 18, 19, 20, 21, 22, 23, 24, 25, 26, 27, 28, 29, 30, 31, 32, 33, 34, 35, 36, 37, 38, 39, 40, 41, 42, 43, 44, 45, 46, 47, 48, 49, 50, 51, 52, 53, 54, 55, 56, 57, 58, 59, 60, 61, 62, 63]
03-07 18:20:38.589988   702  6171 E media.codec: TWGraphicBufferProducer::detachNextBuffer - Invalid output buffer
03-07 18:20:38.615369   478  4695 W AudioHalHWBosch: in_read: 3072 bytes read in  in_read(). frame_size:24. frames_read:9868800. readOnce:9868800.out frame count:128. dataNum:77099. dataVal:77100. dataNormal:946. dataExt:0.dataLastValue:0. dateSame:1285.                 SysAmpIntVariant:0. data_analysis :0:0:0:0 :0:0:0:0 :7:0:-1:-4.
03-07 18:20:38.620232   702  6171 W GraphicBufferSource: released unpopulated slots: [1, 2, 3, 4, 5, 6, 7, 8, 9, 10, 11, 12, 13, 14, 15, 16, 17, 18, 19, 20, 21, 22, 23, 24, 25, 26, 27, 28, 29, 30, 31, 32, 33, 34, 35, 36, 37, 38, 39, 40, 41, 42, 43, 44, 45, 46, 47, 48, 49, 50, 51, 52, 53, 54, 55, 56, 57, 58, 59, 60, 61, 62, 63]
03-07 18:20:38.620389   702  6171 E media.codec: TWGraphicBufferProducer::detachNextBuffer - Invalid output buffer
03-07 18:20:38.627425  2784  3629 I SurfaceView: 91928240 Locking canvas... stopped=false, surfaceControl=Surface(name=SurfaceView - )/@0xfcae462
03-07 18:20:38.627620  2784  3629 I SurfaceView: 91928240 Returned canvas: android.view.Surface$CompatibleCanvas@5099929
--------- switch to system
03-07 18:20:37.693601  2747  5007 I chatty  : uid=1000(system) ReverseManagerA identical 8 lines
03-07 18:20:38.196531  2747  5007 W ContextImpl: Calling a method in the system process without a qualified user: android.app.ContextImpl.bindService:1611 android.content.ContextWrapper.bindService:698 com.gxa.service.camera.ReverseManager.connectCameraService:352 com.gxa.service.camera.ReverseManager.asyncHandleMessage:276 com.gxa.service.camera.ReverseManager.access$100:44 
03-07 18:20:38.647706  2747  3977 W ContextImpl: Calling a method in the system process without a qualified user: android.app.ContextImpl.sendBroadcast:1005 android.content.ContextWrapper.sendBroadcast:444 com.iflytek.auto.speechclient.sdk.guide.GuideManager.sendGuideBc:229 com.iflytek.auto.speechclient.sdk.guide.GuideManager.access$200:22 com.iflytek.auto.speechclient.sdk.guide.GuideManager$1.onTick:171 
--------- switch to main
03-07 18:20:38.653047  2784  2784 I LdwWindowT60: needShow: result = true
03-07 18:20:38.675679   702  6171 W GraphicBufferSource: released unpopulated slots: [1, 2, 3, 4, 5, 6, 7, 8, 9, 10, 11, 12, 13, 14, 15, 16, 17, 18, 19, 20, 21, 22, 23, 24, 25, 26, 27, 28, 29, 30, 31, 32, 33, 34, 35, 36, 37, 38, 39, 40, 41, 42, 43, 44, 45, 46, 47, 48, 49, 50, 51, 52, 53, 54, 55, 56, 57, 58, 59, 60, 61, 62, 63]
03-07 18:20:38.675838   702  6171 E media.codec: TWGraphicBufferProducer::detachNextBuffer - Invalid output buffer
03-07 18:20:38.679500  2784  3629 I SurfaceView: 91928240 Locking canvas... stopped=false, surfaceControl=Surface(name=SurfaceView - )/@0xfcae462
03-07 18:20:38.679717  2784  3629 I SurfaceView: 91928240 Returned canvas: android.view.Surface$CompatibleCanvas@5099929
03-07 18:20:38.689999   702  6171 W GraphicBufferSource: released unpopulated slots: [1, 2, 3, 4, 5, 6, 7, 8, 9, 10, 11, 12, 13, 14, 15, 16, 17, 18, 19, 20, 21, 22, 23, 24, 25, 26, 27, 28, 29, 30, 31, 32, 33, 34, 35, 36, 37, 38, 39, 40, 41, 42, 43, 44, 45, 46, 47, 48, 49, 50, 51, 52, 53, 54, 55, 56, 57, 58, 59, 60, 61, 62, 63]
03-07 18:20:38.690157   702  6171 E media.codec: TWGraphicBufferProducer::detachNextBuffer - Invalid output buffer
03-07 18:20:38.691152  2891  2891 I CAR.VENDOR.AVM: onChange:newValue = CarPropertyValue{mPropertyId=0x21400470, mAreaId=0x0, mStatus=0, mTimestamp=645874751939, mValue=0}
03-07 18:20:38.691250  1579  1579 I CAR.VENDOR.AVM: onChange:newValue = CarPropertyValue{mPropertyId=0x21400470, mAreaId=0x0, mStatus=0, mTimestamp=645874751939, mValue=0}
--------- switch to system
03-07 18:20:38.698536  2747  5007 W ContextImpl: Calling a method in the system process without a qualified user: android.app.ContextImpl.bindService:1611 android.content.ContextWrapper.bindService:698 com.gxa.service.camera.ReverseManager.connectCameraService:352 com.gxa.service.camera.ReverseManager.asyncHandleMessage:276 com.gxa.service.camera.ReverseManager.access$100:44 
--------- switch to main
03-07 18:20:38.731448  2784  3629 I SurfaceView: 91928240 Locking canvas... stopped=false, surfaceControl=Surface(name=SurfaceView - )/@0xfcae462
03-07 18:20:38.731877  2784  3629 I SurfaceView: 91928240 Returned canvas: android.view.Surface$CompatibleCanvas@5099929
03-07 18:20:38.753207   702  6171 W GraphicBufferSource: released unpopulated slots: [1, 2, 3, 4, 5, 6, 7, 8, 9, 10, 11, 12, 13, 14, 15, 16, 17, 18, 19, 20, 21, 22, 23, 24, 25, 26, 27, 28, 29, 30, 31, 32, 33, 34, 35, 36, 37, 38, 39, 40, 41, 42, 43, 44, 45, 46, 47, 48, 49, 50, 51, 52, 53, 54, 55, 56, 57, 58, 59, 60, 61, 62, 63]
03-07 18:20:38.753370   702  6171 E media.codec: TWGraphicBufferProducer::detachNextBuffer - Invalid output buffer
03-07 18:20:38.783475  2784  3629 I SurfaceView: 91928240 Locking canvas... stopped=false, surfaceControl=Surface(name=SurfaceView - )/@0xfcae462
03-07 18:20:38.783657  2784  3629 I SurfaceView: 91928240 Returned canvas: android.view.Surface$CompatibleCanvas@5099929
03-07 18:20:38.786799   702  6171 W GraphicBufferSource: released unpopulated slots: [1, 2, 3, 4, 5, 6, 7, 8, 9, 10, 11, 12, 13, 14, 15, 16, 17, 18, 19, 20, 21, 22, 23, 24, 25, 26, 27, 28, 29, 30, 31, 32, 33, 34, 35, 36, 37, 38, 39, 40, 41, 42, 43, 44, 45, 46, 47, 48, 49, 50, 51, 52, 53, 54, 55, 56, 57, 58, 59, 60, 61, 62, 63]
03-07 18:20:38.786975   702  6171 E media.codec: TWGraphicBufferProducer::detachNextBuffer - Invalid output buffer
03-07 18:20:38.799169  2891  2891 I CAR.VENDOR.AVM: onChange:newValue = CarPropertyValue{mPropertyId=0x21400470, mAreaId=0x0, mStatus=0, mTimestamp=645982775636, mValue=0}
03-07 18:20:38.799220  1579  1579 I CAR.VENDOR.AVM: onChange:newValue = CarPropertyValue{mPropertyId=0x21400470, mAreaId=0x0, mStatus=0, mTimestamp=645982775636, mValue=0}
03-07 18:20:38.819478   702  6171 W GraphicBufferSource: released unpopulated slots: [1, 2, 3, 4, 5, 6, 7, 8, 9, 10, 11, 12, 13, 14, 15, 16, 17, 18, 19, 20, 21, 22, 23, 24, 25, 26, 27, 28, 29, 30, 31, 32, 33, 34, 35, 36, 37, 38, 39, 40, 41, 42, 43, 44, 45, 46, 47, 48, 49, 50, 51, 52, 53, 54, 55, 56, 57, 58, 59, 60, 61, 62, 63]
03-07 18:20:38.819647   702  6171 E media.codec: TWGraphicBufferProducer::detachNextBuffer - Invalid output buffer
03-07 18:20:38.836603  2784  3629 I SurfaceView: 91928240 Locking canvas... stopped=false, surfaceControl=Surface(name=SurfaceView - )/@0xfcae462
03-07 18:20:38.837290  2784  3629 I SurfaceView: 91928240 Returned canvas: android.view.Surface$CompatibleCanvas@5099929
03-07 18:20:38.854153   702  6171 W GraphicBufferSource: released unpopulated slots: [1, 2, 3, 4, 5, 6, 7, 8, 9, 10, 11, 12, 13, 14, 15, 16, 17, 18, 19, 20, 21, 22, 23, 24, 25, 26, 27, 28, 29, 30, 31, 32, 33, 34, 35, 36, 37, 38, 39, 40, 41, 42, 43, 44, 45, 46, 47, 48, 49, 50, 51, 52, 53, 54, 55, 56, 57, 58, 59, 60, 61, 62, 63]
03-07 18:20:38.854354   702  6171 E media.codec: TWGraphicBufferProducer::detachNextBuffer - Invalid output buffer
03-07 18:20:38.873541  3015  4175 W DVRStreamSplitt: splitter index=0[video-encoder] fps=24.000000 own_buffers:
03-07 18:20:38.890468  2784  3629 I SurfaceView: 91928240 Locking canvas... stopped=false, surfaceControl=Surface(name=SurfaceView - )/@0xfcae462
03-07 18:20:38.890976  2784  3629 I SurfaceView: 91928240 Returned canvas: android.view.Surface$CompatibleCanvas@5099929
03-07 18:20:38.910627  1579  1579 I CAR.VENDOR.AVM: onChange:newValue = CarPropertyValue{mPropertyId=0x21400470, mAreaId=0x0, mStatus=0, mTimestamp=646093715272, mValue=0}
03-07 18:20:38.910807  2891  2891 I CAR.VENDOR.AVM: onChange:newValue = CarPropertyValue{mPropertyId=0x21400470, mAreaId=0x0, mStatus=0, mTimestamp=646093715272, mValue=0}
03-07 18:20:38.922079   702  6171 W GraphicBufferSource: released unpopulated slots: [1, 2, 3, 4, 5, 6, 7, 8, 9, 10, 11, 12, 13, 14, 15, 16, 17, 18, 19, 20, 21, 22, 23, 24, 25, 26, 27, 28, 29, 30, 31, 32, 33, 34, 35, 36, 37, 38, 39, 40, 41, 42, 43, 44, 45, 46, 47, 48, 49, 50, 51, 52, 53, 54, 55, 56, 57, 58, 59, 60, 61, 62, 63]
03-07 18:20:38.922240   702  6171 E media.codec: TWGraphicBufferProducer::detachNextBuffer - Invalid output buffer
03-07 18:20:38.925437  2507  2507 I BootPresenter: (-$$Lambda$Qut1UVg1Gu75cdlDy9b5jeBJWaU.java:2)bootQuickLogin---->puid = 0
03-07 18:20:38.925913  2507  2507 I BootPresenter: (-$$Lambda$Qut1UVg1Gu75cdlDy9b5jeBJWaU.java:2)bootAutoLogin---->500ms后重试 puid = 0 , faceId = 0 , isNetInited = false
03-07 18:20:38.931771  1156  1270 E WifiVendorHal: getWifiLinkLayerStats(l.937) failed {.code = ERROR_NOT_AVAILABLE, .description = }
03-07 18:20:38.935325  2815  3436 I OtaHMIService: DownloadControlImpl NetworkCallback_onCapabilitiesChanged: network = 100,networkCapabilities = [ Transports: WIFI Capabilities: NOT_METERED&INTERNET&NOT_RESTRICTED&TRUSTED&NOT_VPN&VALIDATED&NOT_ROAMING&FOREGROUND&NOT_CONGESTED&NOT_SUSPENDED Unwanted:  LinkUpBandwidth>=1048576Kbps LinkDnBandwidth>=1048576Kbps SignalStrength: -55 SSID: "智能软件内部"]
03-07 18:20:38.935432  1907  2167 I MapApplication-bindNetwork: onCapabilitiesChanged :[ Transports: WIFI Capabilities: NOT_METERED&INTERNET&NOT_RESTRICTED&TRUSTED&NOT_VPN&VALIDATED&NOT_ROAMING&FOREGROUND&NOT_CONGESTED&NOT_SUSPENDED Unwanted:  LinkUpBandwidth>=1048576Kbps LinkDnBandwidth>=1048576Kbps SignalStrength: -55 SSID: "智能软件内部"]
03-07 18:20:38.935493  1907  2167 I MXNavi-MXConnectivityManager: NetworkCallback onCapabilitiesChanged.
03-07 18:20:38.935666  1886  2533 I CarViceLauncher: NetWorkUtil onCapabilitiesChanged
03-07 18:20:38.935688  1886  2533 I CarViceLauncher: NetWorkUtil WIFI network
03-07 18:20:38.935716  1886  2533 I CarViceLauncher: NetWorkUtil notifyClientNetworkStatusChange-listener.size:5
03-07 18:20:38.935756  1886  2533 I CarViceLauncher: NetWorkUtil notifyClientNetworkStatusChange-listener:com.gxatek.cockpit.vicelauncher.view.IqyVarietyCardView{34f6297 V.E....L. ........ 1230,0-1640,630 #7f08011a app:id/media_card}
03-07 18:20:38.935778  1886  2533 I CarViceLauncher: IqyVarietyCardView networkAvailable--updateViewResult:true
03-07 18:20:38.935813  1886  2533 I CarViceLauncher: NetWorkUtil notifyClientNetworkStatusChange-listener:com.gxatek.cockpit.vicelauncher.view.YueTingCardView{ffb3802 V.E....L. ........ 1640,0-2050,630 #7f08011a app:id/media_card}
03-07 18:20:38.935827  1886  2533 I CarViceLauncher: YueTingCardView networkAvailable--
03-07 18:20:38.935856  1886  2533 I CarViceLauncher: NetWorkUtil notifyClientNetworkStatusChange-listener:com.gxatek.cockpit.vicelauncher.view.IqyMovieCardView{bc374bf V.E....L. ........ 410,0-820,630 #7f08011a app:id/media_card}
03-07 18:20:38.935871  1886  2533 I CarViceLauncher: IqyMovieCardView networkAvailable--updateViewResult:true
03-07 18:20:38.935895  1886  2533 I CarViceLauncher: NetWorkUtil notifyClientNetworkStatusChange-listener:com.gxatek.cockpit.vicelauncher.view.KaraokeCardView{a78dbd6 VFE...CL. ........ 2050,0-2460,630 #7f080100 app:id/ll_into_app}
03-07 18:20:38.935906  1886  2533 I CarViceLauncher: KaraokeCardView networkAvailable--
03-07 18:20:38.935894  3203  4189 I NetworkStateUtil: [KuwoMusic(sdk_kedaxunfei2.7.1.7)]onCapabilitiesChanged: [ Transports: WIFI Capabilities: NOT_METERED&INTERNET&NOT_RESTRICTED&TRUSTED&NOT_VPN&VALIDATED&NOT_ROAMING&FOREGROUND&NOT_CONGESTED&NOT_SUSPENDED Unwanted:  LinkUpBandwidth>=1048576Kbps LinkDnBandwidth>=1048576Kbps SignalStrength: -55 SSID: "智能软件内部"]
03-07 18:20:38.935936  3173  4133 I NetworkStateUtil: [KuwoMusic(sdk_kedaxunfei2.7.2.11)]onCapabilitiesChanged: [ Transports: WIFI Capabilities: NOT_METERED&INTERNET&NOT_RESTRICTED&TRUSTED&NOT_VPN&VALIDATED&NOT_ROAMING&FOREGROUND&NOT_CONGESTED&NOT_SUSPENDED Unwanted:  LinkUpBandwidth>=1048576Kbps LinkDnBandwidth>=1048576Kbps SignalStrength: -55 SSID: "智能软件内部"]
03-07 18:20:38.936113  3173  4170 I NetworkStateUtil: [KuwoMusic(sdk_kedaxunfei2.7.2.11)]getNetworkInfo
03-07 18:20:38.936209  3203  4511 I NetworkStateUtil: [KuwoMusic(sdk_kedaxunfei2.7.1.7)]getNetworkInfo
03-07 18:20:38.936260  1886  1886 I CarViceLauncher: YueTingCardView state==UPLOAD,url==
03-07 18:20:38.936675  4558  4749 I NetworkStateUtil: [KuwoMusic(sdk_kedaxunfei2.7.1.7)]onCapabilitiesChanged: [ Transports: WIFI Capabilities: NOT_METERED&INTERNET&NOT_RESTRICTED&TRUSTED&NOT_VPN&VALIDATED&NOT_ROAMING&FOREGROUND&NOT_CONGESTED&NOT_SUSPENDED Unwanted:  LinkUpBandwidth>=1048576Kbps LinkDnBandwidth>=1048576Kbps SignalStrength: -55 SSID: "智能软件内部"]
03-07 18:20:38.936765  4463  4611 I NetworkStateUtil: [KuwoMusic(sdk_kedaxunfei2.7.2.11)]onCapabilitiesChanged: [ Transports: WIFI Capabilities: NOT_METERED&INTERNET&NOT_RESTRICTED&TRUSTED&NOT_VPN&VALIDATED&NOT_ROAMING&FOREGROUND&NOT_CONGESTED&NOT_SUSPENDED Unwanted:  LinkUpBandwidth>=1048576Kbps LinkDnBandwidth>=1048576Kbps SignalStrength: -55 SSID: "智能软件内部"]
03-07 18:20:38.936781  3203  4511 E NetworkStateUtil: [KuwoMusic(sdk_kedaxunfei2.7.1.7)]info: [type: WIFI[], state: CONNECTED/CONNECTED, reason: (unspecified), extra: (none), failover: false, available: true, roaming: false]
03-07 18:20:38.936805  3203  4511 E NetworkStateUtil: [KuwoMusic(sdk_kedaxunfei2.7.1.7)]networkTypeName: WIFI
03-07 18:20:38.936823  3203  4511 I NetworkStateUtil: [KuwoMusic(sdk_kedaxunfei2.7.1.7)]last: true now: true
03-07 18:20:38.936848  5272  5298 I ApnManager: onCapabilitiesChanged,100,WIFI:true,APN2:false
03-07 18:20:38.937000  4558  4742 I NetworkStateUtil: [KuwoMusic(sdk_kedaxunfei2.7.1.7)]getNetworkInfo
03-07 18:20:38.937090  4463  4636 I NetworkStateUtil: [KuwoMusic(sdk_kedaxunfei2.7.2.11)]getNetworkInfo
03-07 18:20:38.937305  4463  4636 E NetworkStateUtil: [KuwoMusic(sdk_kedaxunfei2.7.2.11)]info: [type: WIFI[], state: CONNECTED/CONNECTED, reason: (unspecified), extra: (none), failover: false, available: true, roaming: false]
03-07 18:20:38.937327  4463  4636 E NetworkStateUtil: [KuwoMusic(sdk_kedaxunfei2.7.2.11)]networkTypeName: WIFI
03-07 18:20:38.937340  4463  4636 I NetworkStateUtil: [KuwoMusic(sdk_kedaxunfei2.7.2.11)]last: true now: true
03-07 18:20:38.937527  4558  4742 E NetworkStateUtil: [KuwoMusic(sdk_kedaxunfei2.7.1.7)]info: [type: WIFI[], state: CONNECTED/CONNECTED, reason: (unspecified), extra: (none), failover: false, available: true, roaming: false]
03-07 18:20:38.937550  4558  4742 E NetworkStateUtil: [KuwoMusic(sdk_kedaxunfei2.7.1.7)]networkTypeName: WIFI
03-07 18:20:38.937618  4558  4742 I NetworkStateUtil: [KuwoMusic(sdk_kedaxunfei2.7.1.7)]last: true now: true
03-07 18:20:38.935930  1886  2533 I CarViceLauncher: NetWorkUtil notifyClientNetworkStatusChange-listener:com.gxatek.cockpit.vicelauncher.view.IqyTvPlayCardView{e64b3cb V.E....L. ........ 820,0-1230,630 #7f08011a app:id/media_card}
03-07 18:20:38.937730  1886  2533 I CarViceLauncher: IqyTvPlayCardView networkAvailable--updateViewResult:true
03-07 18:20:38.938473  1886  1886 I CarViceLauncher: YueTingCardPresenter getDayRecommendCoverPic
03-07 18:20:38.938589  1886  1886 I RemoteControl: isBond = true
03-07 18:20:38.939042  2590  4125 I ApnManager: onCapabilitiesChanged,100,WIFI:true,APN2:false
03-07 18:20:38.939419  3203  3216 I Media-RPC: request: methodName = getDayRecommendCoverPic map = {}
03-07 18:20:38.939487  3203  3216 I Media-RPC: getDayRecommendCoverPic
03-07 18:20:38.939565  3173  4170 E NetworkStateUtil: [KuwoMusic(sdk_kedaxunfei2.7.2.11)]info: [type: WIFI[], state: CONNECTED/CONNECTED, reason: (unspecified), extra: (none), failover: false, available: true, roaming: false]
03-07 18:20:38.939600  3173  4170 E NetworkStateUtil: [KuwoMusic(sdk_kedaxunfei2.7.2.11)]networkTypeName: WIFI
03-07 18:20:38.939616  3173  4170 I NetworkStateUtil: [KuwoMusic(sdk_kedaxunfei2.7.2.11)]last: true now: true
03-07 18:20:38.941407  3203  4511 I KuWoAppProxy: getCarModel 4aTraditionalCar2
03-07 18:20:38.941475  3203  4511 I UrlManagerUtils: [KuwoMusic(sdk_kedaxunfei2.7.1.7)]createWDBParam data:{"uid":"","devId":"151481053498","sFrom":"kuwo_sdk","user_type":"AP","carSource":"kwplayercar_ar_2.7.1.7_sdk_kedaxunfei.apk","carModel":"4aTraditionalCar2"}
03-07 18:20:38.941778  3203  4511 I UrlManagerUtils: [KuwoMusic(sdk_kedaxunfei2.7.1.7)]getDailyMusicUrl:https://wbd.kuwo.cn/api/bd/playlist/dailyMusic?data=vjSrgzBfdhsyiXjo6ySjypN2Ppanhh5o5m9vzqIKOTQz7HgpdJHY%2F7lvV596eX%2BpsQ5Ii09tPMjYKvJQmMx6TurfA5RIf1hbD3PioggXStjK72b4MGc1%2FAjyUG1LQXpP7i9XxiTyqm4r3RjY5UJgaDkvbcnqwd2Nk0NqG10L8bXTUgp8peM6kKRgF4VP%2BZwpJsIk4Yd93YzZGW9mkcH9Kg%3D%3D&sign=C951B80D3496126EE8BF69831BE45006&appId=ayn9ffs7govi&time=1709806838941&q36=19b80670ea68e405e7a30304100010518304
03-07 18:20:38.941898  3203  4511 I HttpSession: [KuwoMusic(sdk_kedaxunfei2.7.1.7)]http url=https://wbd.kuwo.cn/api/bd/playlist/dailyMusic?data=vjSrgzBfdhsyiXjo6ySjypN2Ppanhh5o5m9vzqIKOTQz7HgpdJHY%2F7lvV596eX%2BpsQ5Ii09tPMjYKvJQmMx6TurfA5RIf1hbD3PioggXStjK72b4MGc1%2FAjyUG1LQXpP7i9XxiTyqm4r3RjY5UJgaDkvbcnqwd2Nk0NqG10L8bXTUgp8peM6kKRgF4VP%2BZwpJsIk4Yd93YzZGW9mkcH9Kg%3D%3D&sign=C951B80D3496126EE8BF69831BE45006&appId=ayn9ffs7govi&time=1709806838941&q36=19b80670ea68e405e7a30304100010518304
03-07 18:20:38.942045  3203  4511 I HttpSession: [KuwoMusic(sdk_kedaxunfei2.7.1.7)]测试getHost 1 host:wbd.kuwo.cn
03-07 18:20:38.942188  2784  3629 I SurfaceView: 91928240 Locking canvas... stopped=false, surfaceControl=Surface(name=SurfaceView - )/@0xfcae462
03-07 18:20:38.942639  2784  3629 I SurfaceView: 91928240 Returned canvas: android.view.Surface$CompatibleCanvas@5099929
03-07 18:20:38.954897   702  6171 W GraphicBufferSource: released unpopulated slots: [1, 2, 3, 4, 5, 6, 7, 8, 9, 10, 11, 12, 13, 14, 15, 16, 17, 18, 19, 20, 21, 22, 23, 24, 25, 26, 27, 28, 29, 30, 31, 32, 33, 34, 35, 36, 37, 38, 39, 40, 41, 42, 43, 44, 45, 46, 47, 48, 49, 50, 51, 52, 53, 54, 55, 56, 57, 58, 59, 60, 61, 62, 63]
03-07 18:20:38.955054   702  6171 E media.codec: TWGraphicBufferProducer::detachNextBuffer - Invalid output buffer
03-07 18:20:38.960056  3203  4511 I HttpUtil: [KuwoMusic(sdk_kedaxunfei2.7.1.7)]测试getHost 4 host:wbd.kuwo.cn serverIp:49.7.249.172
03-07 18:20:38.980505  1057  1082 E u-blox  : ublox::CGnssMeasurementExtension::navMeasurementUpdate: GnssMeasurementExtension callback is not initialized
03-07 18:20:38.986794   702  6171 W GraphicBufferSource: released unpopulated slots: [1, 2, 3, 4, 5, 6, 7, 8, 9, 10, 11, 12, 13, 14, 15, 16, 17, 18, 19, 20, 21, 22, 23, 24, 25, 26, 27, 28, 29, 30, 31, 32, 33, 34, 35, 36, 37, 38, 39, 40, 41, 42, 43, 44, 45, 46, 47, 48, 49, 50, 51, 52, 53, 54, 55, 56, 57, 58, 59, 60, 61, 62, 63]
03-07 18:20:38.986951   702  6171 E media.codec: TWGraphicBufferProducer::detachNextBuffer - Invalid output buffer
03-07 18:20:38.994964  2784  3629 I SurfaceView: 91928240 Locking canvas... stopped=false, surfaceControl=Surface(name=SurfaceView - )/@0xfcae462
03-07 18:20:38.995159  2784  3629 I SurfaceView: 91928240 Returned canvas: android.view.Surface$CompatibleCanvas@5099929
03-07 18:20:39.019625  2891  2891 I CAR.VENDOR.AVM: onChange:newValue = CarPropertyValue{mPropertyId=0x21400470, mAreaId=0x0, mStatus=0, mTimestamp=646204253032, mValue=0}
03-07 18:20:39.019654  1579  1579 I CAR.VENDOR.AVM: onChange:newValue = CarPropertyValue{mPropertyId=0x21400470, mAreaId=0x0, mStatus=0, mTimestamp=646204253032, mValue=0}
03-07 18:20:39.021375   702  6171 W GraphicBufferSource: released unpopulated slots: [1, 2, 3, 4, 5, 6, 7, 8, 9, 10, 11, 12, 13, 14, 15, 16, 17, 18, 19, 20, 21, 22, 23, 24, 25, 26, 27, 28, 29, 30, 31, 32, 33, 34, 35, 36, 37, 38, 39, 40, 41, 42, 43, 44, 45, 46, 47, 48, 49, 50, 51, 52, 53, 54, 55, 56, 57, 58, 59, 60, 61, 62, 63]
03-07 18:20:39.021589   702  6171 E media.codec: TWGraphicBufferProducer::detachNextBuffer - Invalid output buffer
03-07 18:20:39.047334  2784  3629 I SurfaceView: 91928240 Locking canvas... stopped=false, surfaceControl=Surface(name=SurfaceView - )/@0xfcae462
03-07 18:20:39.047583  2784  3629 I SurfaceView: 91928240 Returned canvas: android.view.Surface$CompatibleCanvas@5099929
03-07 18:20:39.086156   702  6171 W GraphicBufferSource: released unpopulated slots: [1, 2, 3, 4, 5, 6, 7, 8, 9, 10, 11, 12, 13, 14, 15, 16, 17, 18, 19, 20, 21, 22, 23, 24, 25, 26, 27, 28, 29, 30, 31, 32, 33, 34, 35, 36, 37, 38, 39, 40, 41, 42, 43, 44, 45, 46, 47, 48, 49, 50, 51, 52, 53, 54, 55, 56, 57, 58, 59, 60, 61, 62, 63]
03-07 18:20:39.086315   702  6171 E media.codec: TWGraphicBufferProducer::detachNextBuffer - Invalid output buffer
03-07 18:20:39.099430  2784  3629 I SurfaceView: 91928240 Locking canvas... stopped=false, surfaceControl=Surface(name=SurfaceView - )/@0xfcae462
03-07 18:20:39.099644  2784  3629 I SurfaceView: 91928240 Returned canvas: android.view.Surface$CompatibleCanvas@5099929
03-07 18:20:39.120368   702  6171 W GraphicBufferSource: released unpopulated slots: [1, 2, 3, 4, 5, 6, 7, 8, 9, 10, 11, 12, 13, 14, 15, 16, 17, 18, 19, 20, 21, 22, 23, 24, 25, 26, 27, 28, 29, 30, 31, 32, 33, 34, 35, 36, 37, 38, 39, 40, 41, 42, 43, 44, 45, 46, 47, 48, 49, 50, 51, 52, 53, 54, 55, 56, 57, 58, 59, 60, 61, 62, 63]
03-07 18:20:39.120538   702  6171 E media.codec: TWGraphicBufferProducer::detachNextBuffer - Invalid output buffer
03-07 18:20:39.132171  2891  2891 I CAR.VENDOR.AVM: onChange:newValue = CarPropertyValue{mPropertyId=0x21400470, mAreaId=0x0, mStatus=0, mTimestamp=646316656053, mValue=0}
03-07 18:20:39.132214  1579  1579 I CAR.VENDOR.AVM: onChange:newValue = CarPropertyValue{mPropertyId=0x21400470, mAreaId=0x0, mStatus=0, mTimestamp=646316656053, mValue=0}
03-07 18:20:39.152724  2784  3629 I SurfaceView: 91928240 Locking canvas... stopped=false, surfaceControl=Surface(name=SurfaceView - )/@0xfcae462
03-07 18:20:39.152959  2784  3629 I SurfaceView: 91928240 Returned canvas: android.view.Surface$CompatibleCanvas@5099929
03-07 18:20:39.153625   702  6171 W GraphicBufferSource: released unpopulated slots: [1, 2, 3, 4, 5, 6, 7, 8, 9, 10, 11, 12, 13, 14, 15, 16, 17, 18, 19, 20, 21, 22, 23, 24, 25, 26, 27, 28, 29, 30, 31, 32, 33, 34, 35, 36, 37, 38, 39, 40, 41, 42, 43, 44, 45, 46, 47, 48, 49, 50, 51, 52, 53, 54, 55, 56, 57, 58, 59, 60, 61, 62, 63]
03-07 18:20:39.153774   702  6171 E media.codec: TWGraphicBufferProducer::detachNextBuffer - Invalid output buffer
03-07 18:20:39.159915  1350  1850 E Property.service: getProperty: propId is not in config list:0x21600202
03-07 18:20:39.186902   702  6171 W GraphicBufferSource: released unpopulated slots: [1, 2, 3, 4, 5, 6, 7, 8, 9, 10, 11, 12, 13, 14, 15, 16, 17, 18, 19, 20, 21, 22, 23, 24, 25, 26, 27, 28, 29, 30, 31, 32, 33, 34, 35, 36, 37, 38, 39, 40, 41, 42, 43, 44, 45, 46, 47, 48, 49, 50, 51, 52, 53, 54, 55, 56, 57, 58, 59, 60, 61, 62, 63]
03-07 18:20:39.187063   702  6171 E media.codec: TWGraphicBufferProducer::detachNextBuffer - Invalid output buffer
03-07 18:20:39.205488  2784  3629 I SurfaceView: 91928240 Locking canvas... stopped=false, surfaceControl=Surface(name=SurfaceView - )/@0xfcae462
03-07 18:20:39.205840  2784  3629 I SurfaceView: 91928240 Returned canvas: android.view.Surface$CompatibleCanvas@5099929
03-07 18:20:39.244148  1579  1579 I CAR.VENDOR.AVM: onChange:newValue = CarPropertyValue{mPropertyId=0x21400470, mAreaId=0x0, mStatus=0, mTimestamp=646427564334, mValue=0}
03-07 18:20:39.244143  2891  2891 I CAR.VENDOR.AVM: onChange:newValue = CarPropertyValue{mPropertyId=0x21400470, mAreaId=0x0, mStatus=0, mTimestamp=646427564334, mValue=0}
03-07 18:20:39.255862   702  6171 W GraphicBufferSource: released unpopulated slots: [1, 2, 3, 4, 5, 6, 7, 8, 9, 10, 11, 12, 13, 14, 15, 16, 17, 18, 19, 20, 21, 22, 23, 24, 25, 26, 27, 28, 29, 30, 31, 32, 33, 34, 35, 36, 37, 38, 39, 40, 41, 42, 43, 44, 45, 46, 47, 48, 49, 50, 51, 52, 53, 54, 55, 56, 57, 58, 59, 60, 61, 62, 63]
03-07 18:20:39.256028   702  6171 E media.codec: TWGraphicBufferProducer::detachNextBuffer - Invalid output buffer
03-07 18:20:39.257236  2784  3629 I SurfaceView: 91928240 Locking canvas... stopped=false, surfaceControl=Surface(name=SurfaceView - )/@0xfcae462
03-07 18:20:39.257555  2784  3629 I SurfaceView: 91928240 Returned canvas: android.view.Surface$CompatibleCanvas@5099929
03-07 18:20:39.288675   702  6171 W GraphicBufferSource: released unpopulated slots: [1, 2, 3, 4, 5, 6, 7, 8, 9, 10, 11, 12, 13, 14, 15, 16, 17, 18, 19, 20, 21, 22, 23, 24, 25, 26, 27, 28, 29, 30, 31, 32, 33, 34, 35, 36, 37, 38, 39, 40, 41, 42, 43, 44, 45, 46, 47, 48, 49, 50, 51, 52, 53, 54, 55, 56, 57, 58, 59, 60, 61, 62, 63]
03-07 18:20:39.288834   702  6171 E media.codec: TWGraphicBufferProducer::detachNextBuffer - Invalid output buffer
03-07 18:20:39.301859  3203  4511 W KwHttpRunnable: [KuwoMusic(sdk_kedaxunfei2.7.1.7)]callBack code: 0 message: success extra: null
03-07 18:20:39.302269  3203  3203 I AbstractHttpObserver: onNext() code = 0
03-07 18:20:39.302789  3203  8136 I KwApi   : [KuwoMusic(sdk_kedaxunfei2.7.1.7)]fetchImage  invoked music 188393454 name: 黑桃A playfree: false download free: false path:  duration: 180
03-07 18:20:39.302866  3203  8136 I ListenerWrap: cn.kuwo.open.ListenerWrap$StrongReferenceListenerWrap@9517b1esetListener: com.iflytek.autofly.entadapter.cpsp.kuwo.repository.remote.KuWoMusicRepository$9@268bfff
03-07 18:20:39.302909  3203  8136 I DeviceUtils: [KuwoMusic(sdk_kedaxunfei2.7.1.7)]getVinCode:c2RrX2tlZGF4dW5mZWlfZDY1YzViY2Rf
03-07 18:20:39.303009  3203  8136 I ad      : [KuwoMusic(sdk_kedaxunfei2.7.1.7)]vinCode: c2RrX2tlZGF4dW5mZWlfZDY1YzViY2Rf
03-07 18:20:39.303064  3203  8136 I KwApi   : [KuwoMusic(sdk_kedaxunfei2.7.1.7)]checkValid valid
03-07 18:20:39.303151  3203  8136 I KwApi   : [KuwoMusic(sdk_kedaxunfei2.7.1.7)]fetchImagemusic 188393454 name: 黑桃A playfree: false download free: false path:  duration: 180size: SIZE_320
03-07 18:20:39.303547  3203  4511 I HttpSession: [KuwoMusic(sdk_kedaxunfei2.7.1.7)]http url=http://artistpicserver.kuwo.cn/pic.web?user=151481053498&randomcode=151481053498&prod=kwplayercar_ar_2.7.1.7&corp=kuwo&source=kwplayercar_ar_2.7.1.7_sdk_kedaxunfei.apk&carSource=kwplayercar_ar_2.7.1.7_sdk_kedaxunfei.apk&q36=19b80670ea68e405e7a30304100010518304&res_https=0&type=rid_pic&pictype=url&content=list&size=320&rid=188393454&songname=%E9%BB%91%E6%A1%83A&artist=DJ%E5%B0%8F%E9%B1%BC%E5%84%BF&album=%E9%BB%91%E6%A1%83A
03-07 18:20:39.303595  3203  4511 I HttpSession: [KuwoMusic(sdk_kedaxunfei2.7.1.7)]测试getHost 1 host:artistpicserver.kuwo.cn
03-07 18:20:39.305532  3203  4511 I HttpUtil: [KuwoMusic(sdk_kedaxunfei2.7.1.7)]测试getHost 4 host:artistpicserver.kuwo.cn serverIp:49.7.249.167
03-07 18:20:39.309453  2784  3629 I SurfaceView: 91928240 Locking canvas... stopped=false, surfaceControl=Surface(name=SurfaceView - )/@0xfcae462
03-07 18:20:39.309857  2784  3629 I SurfaceView: 91928240 Returned canvas: android.view.Surface$CompatibleCanvas@5099929
03-07 18:20:39.322455   702  6171 W GraphicBufferSource: released unpopulated slots: [1, 2, 3, 4, 5, 6, 7, 8, 9, 10, 11, 12, 13, 14, 15, 16, 17, 18, 19, 20, 21, 22, 23, 24, 25, 26, 27, 28, 29, 30, 31, 32, 33, 34, 35, 36, 37, 38, 39, 40, 41, 42, 43, 44, 45, 46, 47, 48, 49, 50, 51, 52, 53, 54, 55, 56, 57, 58, 59, 60, 61, 62, 63]
03-07 18:20:39.322613   702  6171 E media.codec: TWGraphicBufferProducer::detachNextBuffer - Invalid output buffer
03-07 18:20:39.329614  1907  1907 I MXNavi-onNmeaMessage GPGGA = : s = $GPGGA,,,,,,0,,,,,,,,*66\r
03-07 18:20:39.329649  1907  1907 I MXNavi-onNmeaMessage GPRMC = : s = $GPRMC,,V,,,,,,,,,,N*53
03-07 18:20:39.353660  1579  1579 I CAR.VENDOR.AVM: onChange:newValue = CarPropertyValue{mPropertyId=0x21400470, mAreaId=0x0, mStatus=0, mTimestamp=646537685532, mValue=0}
03-07 18:20:39.353772  2891  2891 I CAR.VENDOR.AVM: onChange:newValue = CarPropertyValue{mPropertyId=0x21400470, mAreaId=0x0, mStatus=0, mTimestamp=646537685532, mValue=0}
03-07 18:20:39.354253   702  6171 W GraphicBufferSource: released unpopulated slots: [1, 2, 3, 4, 5, 6, 7, 8, 9, 10, 11, 12, 13, 14, 15, 16, 17, 18, 19, 20, 21, 22, 23, 24, 25, 26, 27, 28, 29, 30, 31, 32, 33, 34, 35, 36, 37, 38, 39, 40, 41, 42, 43, 44, 45, 46, 47, 48, 49, 50, 51, 52, 53, 54, 55, 56, 57, 58, 59, 60, 61, 62, 63]
03-07 18:20:39.354409   702  6171 E media.codec: TWGraphicBufferProducer::detachNextBuffer - Invalid output buffer
03-07 18:20:39.362442  2784  3629 I SurfaceView: 91928240 Locking canvas... stopped=false, surfaceControl=Surface(name=SurfaceView - )/@0xfcae462
03-07 18:20:39.362664  2784  3629 I SurfaceView: 91928240 Returned canvas: android.view.Surface$CompatibleCanvas@5099929
03-07 18:20:39.399900  3203  4511 I KwApi   : [KuwoMusic(sdk_kedaxunfei2.7.1.7)]fetchImage fetch httpResult: true data: http://img1.kwcdn.kuwo.cn/star/albumcover/320/44/65/4051418373.jpg
03-07 18:20:39.400070  3203  3203 I KwApi   : [KuwoMusic(sdk_kedaxunfei2.7.1.7)]onFetched SUCCESS message: 获取成功
03-07 18:20:39.400093  3203  3203 I KuWoMusicRepository: onFetched(state:SUCCESS,message:获取成功,imageUrl:http://img1.kwcdn.kuwo.cn/star/albumcover/320/44/65/4051418373.jpg)
03-07 18:20:39.400266  3203  3203 I AbstractHttpObserver: onNext() code = 0
03-07 18:20:39.400538  1886  1886 I CarViceLauncher: YueTingCardPresenter updateCardView-DayRecommendCoverPic=http://img1.kwcdn.kuwo.cn/star/albumcover/320/44/65/4051418373.jpg
03-07 18:20:39.400570  1886  1886 I CarViceLauncher: YueTingCardView updateDayRecommendCoverPic--dayRecommendCoverPic:http://img1.kwcdn.kuwo.cn/star/albumcover/320/44/65/4051418373.jpg
03-07 18:20:39.400590  1886  1886 I CarViceLauncher: YueTingCardView state==SUCCESS,url==http://img1.kwcdn.kuwo.cn/star/albumcover/320/44/65/4051418373.jpg
03-07 18:20:39.413558  2784  3629 I SurfaceView: 91928240 Locking canvas... stopped=false, surfaceControl=Surface(name=SurfaceView - )/@0xfcae462
03-07 18:20:39.413757  2784  3629 I SurfaceView: 91928240 Returned canvas: android.view.Surface$CompatibleCanvas@5099929
03-07 18:20:39.420008   702  6171 W GraphicBufferSource: released unpopulated slots: [1, 2, 3, 4, 5, 6, 7, 8, 9, 10, 11, 12, 13, 14, 15, 16, 17, 18, 19, 20, 21, 22, 23, 24, 25, 26, 27, 28, 29, 30, 31, 32, 33, 34, 35, 36, 37, 38, 39, 40, 41, 42, 43, 44, 45, 46, 47, 48, 49, 50, 51, 52, 53, 54, 55, 56, 57, 58, 59, 60, 61, 62, 63]
03-07 18:20:39.420173   702  6171 E media.codec: TWGraphicBufferProducer::detachNextBuffer - Invalid output buffer
03-07 18:20:39.428114  2507  2507 I BootPresenter: (-$$Lambda$Qut1UVg1Gu75cdlDy9b5jeBJWaU.java:2)bootQuickLogin---->puid = 0
03-07 18:20:39.428598  2507  2507 I BootPresenter: (-$$Lambda$Qut1UVg1Gu75cdlDy9b5jeBJWaU.java:2)bootAutoLogin---->500ms后重试 puid = 0 , faceId = 0 , isNetInited = false
03-07 18:20:39.453631   702  6171 W GraphicBufferSource: released unpopulated slots: [1, 2, 3, 4, 5, 6, 7, 8, 9, 10, 11, 12, 13, 14, 15, 16, 17, 18, 19, 20, 21, 22, 23, 24, 25, 26, 27, 28, 29, 30, 31, 32, 33, 34, 35, 36, 37, 38, 39, 40, 41, 42, 43, 44, 45, 46, 47, 48, 49, 50, 51, 52, 53, 54, 55, 56, 57, 58, 59, 60, 61, 62, 63]
03-07 18:20:39.453792   702  6171 E media.codec: TWGraphicBufferProducer::detachNextBuffer - Invalid output buffer
03-07 18:20:39.462393  1579  1579 I CAR.VENDOR.AVM: onChange:newValue = CarPropertyValue{mPropertyId=0x21400470, mAreaId=0x0, mStatus=0, mTimestamp=646647476990, mValue=0}
03-07 18:20:39.462518  2891  2891 I CAR.VENDOR.AVM: onChange:newValue = CarPropertyValue{mPropertyId=0x21400470, mAreaId=0x0, mStatus=0, mTimestamp=646647476990, mValue=0}
03-07 18:20:39.466655  2784  3629 I SurfaceView: 91928240 Locking canvas... stopped=false, surfaceControl=Surface(name=SurfaceView - )/@0xfcae462
03-07 18:20:39.467024  2784  3629 I SurfaceView: 91928240 Returned canvas: android.view.Surface$CompatibleCanvas@5099929
03-07 18:20:39.488517   702  6171 W GraphicBufferSource: released unpopulated slots: [1, 2, 3, 4, 5, 6, 7, 8, 9, 10, 11, 12, 13, 14, 15, 16, 17, 18, 19, 20, 21, 22, 23, 24, 25, 26, 27, 28, 29, 30, 31, 32, 33, 34, 35, 36, 37, 38, 39, 40, 41, 42, 43, 44, 45, 46, 47, 48, 49, 50, 51, 52, 53, 54, 55, 56, 57, 58, 59, 60, 61, 62, 63]
03-07 18:20:39.488727   702  6171 E media.codec: TWGraphicBufferProducer::detachNextBuffer - Invalid output buffer
03-07 18:20:39.519480  2784  3629 I SurfaceView: 91928240 Locking canvas... stopped=false, surfaceControl=Surface(name=SurfaceView - )/@0xfcae462
03-07 18:20:39.519916  2784  3629 I SurfaceView: 91928240 Returned canvas: android.view.Surface$CompatibleCanvas@5099929
03-07 18:20:39.520901   702  6171 W GraphicBufferSource: released unpopulated slots: [1, 2, 3, 4, 5, 6, 7, 8, 9, 10, 11, 12, 13, 14, 15, 16, 17, 18, 19, 20, 21, 22, 23, 24, 25, 26, 27, 28, 29, 30, 31, 32, 33, 34, 35, 36, 37, 38, 39, 40, 41, 42, 43, 44, 45, 46, 47, 48, 49, 50, 51, 52, 53, 54, 55, 56, 57, 58, 59, 60, 61, 62, 63]
03-07 18:20:39.521052   702  6171 E media.codec: TWGraphicBufferProducer::detachNextBuffer - Invalid output buffer
03-07 18:20:39.572489  2784  3629 I SurfaceView: 91928240 Locking canvas... stopped=false, surfaceControl=Surface(name=SurfaceView - )/@0xfcae462
03-07 18:20:39.572902  2784  3629 I SurfaceView: 91928240 Returned canvas: android.view.Surface$CompatibleCanvas@5099929
03-07 18:20:39.574416  2891  2891 I CAR.VENDOR.AVM: onChange:newValue = CarPropertyValue{mPropertyId=0x21400470, mAreaId=0x0, mStatus=0, mTimestamp=646758794542, mValue=0}
03-07 18:20:39.574393  1579  1579 I CAR.VENDOR.AVM: onChange:newValue = CarPropertyValue{mPropertyId=0x21400470, mAreaId=0x0, mStatus=0, mTimestamp=646758794542, mValue=0}
03-07 18:20:39.588249   702  6171 W GraphicBufferSource: released unpopulated slots: [1, 2, 3, 4, 5, 6, 7, 8, 9, 10, 11, 12, 13, 14, 15, 16, 17, 18, 19, 20, 21, 22, 23, 24, 25, 26, 27, 28, 29, 30, 31, 32, 33, 34, 35, 36, 37, 38, 39, 40, 41, 42, 43, 44, 45, 46, 47, 48, 49, 50, 51, 52, 53, 54, 55, 56, 57, 58, 59, 60, 61, 62, 63]
03-07 18:20:39.588405   702  6171 E media.codec: TWGraphicBufferProducer::detachNextBuffer - Invalid output buffer
03-07 18:20:39.623309   702  6171 W GraphicBufferSource: released unpopulated slots: [1, 2, 3, 4, 5, 6, 7, 8, 9, 10, 11, 12, 13, 14, 15, 16, 17, 18, 19, 20, 21, 22, 23, 24, 25, 26, 27, 28, 29, 30, 31, 32, 33, 34, 35, 36, 37, 38, 39, 40, 41, 42, 43, 44, 45, 46, 47, 48, 49, 50, 51, 52, 53, 54, 55, 56, 57, 58, 59, 60, 61, 62, 63]
03-07 18:20:39.623455   702  6171 E media.codec: TWGraphicBufferProducer::detachNextBuffer - Invalid output buffer
03-07 18:20:39.624303  2784  3629 I SurfaceView: 91928240 Locking canvas... stopped=false, surfaceControl=Surface(name=SurfaceView - )/@0xfcae462
03-07 18:20:39.624655  2784  3629 I SurfaceView: 91928240 Returned canvas: android.view.Surface$CompatibleCanvas@5099929
03-07 18:20:39.666027   702  6171 W GraphicBufferSource: released unpopulated slots: [1, 2, 3, 4, 5, 6, 7, 8, 9, 10, 11, 12, 13, 14, 15, 16, 17, 18, 19, 20, 21, 22, 23, 24, 25, 26, 27, 28, 29, 30, 31, 32, 33, 34, 35, 36, 37, 38, 39, 40, 41, 42, 43, 44, 45, 46, 47, 48, 49, 50, 51, 52, 53, 54, 55, 56, 57, 58, 59, 60, 61, 62, 63]
03-07 18:20:39.666211   702  6171 E media.codec: TWGraphicBufferProducer::detachNextBuffer - Invalid output buffer
03-07 18:20:39.677561  2784  3629 I SurfaceView: 91928240 Locking canvas... stopped=false, surfaceControl=Surface(name=SurfaceView - )/@0xfcae462
03-07 18:20:39.678016  2784  3629 I SurfaceView: 91928240 Returned canvas: android.view.Surface$CompatibleCanvas@5099929
03-07 18:20:39.693115   702  6171 W GraphicBufferSource: released unpopulated slots: [1, 2, 3, 4, 5, 6, 7, 8, 9, 10, 11, 12, 13, 14, 15, 16, 17, 18, 19, 20, 21, 22, 23, 24, 25, 26, 27, 28, 29, 30, 31, 32, 33, 34, 35, 36, 37, 38, 39, 40, 41, 42, 43, 44, 45, 46, 47, 48, 49, 50, 51, 52, 53, 54, 55, 56, 57, 58, 59, 60, 61, 62, 63]
03-07 18:20:39.693311   702  6171 E media.codec: TWGraphicBufferProducer::detachNextBuffer - Invalid output buffer
03-07 18:20:39.693368  1579  1579 I CAR.VENDOR.AVM: onChange:newValue = CarPropertyValue{mPropertyId=0x21400470, mAreaId=0x0, mStatus=0, mTimestamp=646877164021, mValue=0}
03-07 18:20:39.694629  2891  2891 I CAR.VENDOR.AVM: onChange:newValue = CarPropertyValue{mPropertyId=0x21400470, mAreaId=0x0, mStatus=0, mTimestamp=646877164021, mValue=0}
03-07 18:20:39.730502  2784  3629 I SurfaceView: 91928240 Locking canvas... stopped=false, surfaceControl=Surface(name=SurfaceView - )/@0xfcae462
03-07 18:20:39.730932  2784  3629 I SurfaceView: 91928240 Returned canvas: android.view.Surface$CompatibleCanvas@5099929
03-07 18:20:39.755631   702  6171 W GraphicBufferSource: released unpopulated slots: [1, 2, 3, 4, 5, 6, 7, 8, 9, 10, 11, 12, 13, 14, 15, 16, 17, 18, 19, 20, 21, 22, 23, 24, 25, 26, 27, 28, 29, 30, 31, 32, 33, 34, 35, 36, 37, 38, 39, 40, 41, 42, 43, 44, 45, 46, 47, 48, 49, 50, 51, 52, 53, 54, 55, 56, 57, 58, 59, 60, 61, 62, 63]
03-07 18:20:39.755771   702  6171 E media.codec: TWGraphicBufferProducer::detachNextBuffer - Invalid output buffer
03-07 18:20:39.782743  2784  3629 I SurfaceView: 91928240 Locking canvas... stopped=false, surfaceControl=Surface(name=SurfaceView - )/@0xfcae462
03-07 18:20:39.783207  2784  3629 I SurfaceView: 91928240 Returned canvas: android.view.Surface$CompatibleCanvas@5099929
03-07 18:20:39.788086   702  6171 W GraphicBufferSource: released unpopulated slots: [1, 2, 3, 4, 5, 6, 7, 8, 9, 10, 11, 12, 13, 14, 15, 16, 17, 18, 19, 20, 21, 22, 23, 24, 25, 26, 27, 28, 29, 30, 31, 32, 33, 34, 35, 36, 37, 38, 39, 40, 41, 42, 43, 44, 45, 46, 47, 48, 49, 50, 51, 52, 53, 54, 55, 56, 57, 58, 59, 60, 61, 62, 63]
03-07 18:20:39.788240   702  6171 E media.codec: TWGraphicBufferProducer::detachNextBuffer - Invalid output buffer
03-07 18:20:39.795435  1579  1579 I CAR.VENDOR.AVM: onChange:newValue = CarPropertyValue{mPropertyId=0x21400470, mAreaId=0x0, mStatus=0, mTimestamp=646979830115, mValue=0}
03-07 18:20:39.795451  2891  2891 I CAR.VENDOR.AVM: onChange:newValue = CarPropertyValue{mPropertyId=0x21400470, mAreaId=0x0, mStatus=0, mTimestamp=646979830115, mValue=0}
03-07 18:20:39.820501   702  6171 W GraphicBufferSource: released unpopulated slots: [1, 2, 3, 4, 5, 6, 7, 8, 9, 10, 11, 12, 13, 14, 15, 16, 17, 18, 19, 20, 21, 22, 23, 24, 25, 26, 27, 28, 29, 30, 31, 32, 33, 34, 35, 36, 37, 38, 39, 40, 41, 42, 43, 44, 45, 46, 47, 48, 49, 50, 51, 52, 53, 54, 55, 56, 57, 58, 59, 60, 61, 62, 63]
03-07 18:20:39.820690   702  6171 E media.codec: TWGraphicBufferProducer::detachNextBuffer - Invalid output buffer
03-07 18:20:39.836492  2784  3629 I SurfaceView: 91928240 Locking canvas... stopped=false, surfaceControl=Surface(name=SurfaceView - )/@0xfcae462
03-07 18:20:39.837118  2784  3629 I SurfaceView: 91928240 Returned canvas: android.view.Surface$CompatibleCanvas@5099929
03-07 18:20:39.854169   702  6171 W GraphicBufferSource: released unpopulated slots: [1, 2, 3, 4, 5, 6, 7, 8, 9, 10, 11, 12, 13, 14, 15, 16, 17, 18, 19, 20, 21, 22, 23, 24, 25, 26, 27, 28, 29, 30, 31, 32, 33, 34, 35, 36, 37, 38, 39, 40, 41, 42, 43, 44, 45, 46, 47, 48, 49, 50, 51, 52, 53, 54, 55, 56, 57, 58, 59, 60, 61, 62, 63]
03-07 18:20:39.854348   702  6171 E media.codec: TWGraphicBufferProducer::detachNextBuffer - Invalid output buffer
03-07 18:20:39.889639  2784  3629 I SurfaceView: 91928240 Locking canvas... stopped=false, surfaceControl=Surface(name=SurfaceView - )/@0xfcae462
03-07 18:20:39.890035  2784  3629 I SurfaceView: 91928240 Returned canvas: android.view.Surface$CompatibleCanvas@5099929
03-07 18:20:39.905191  1579  1579 I CAR.VENDOR.AVM: onChange:newValue = CarPropertyValue{mPropertyId=0x21400470, mAreaId=0x0, mStatus=0, mTimestamp=647088642771, mValue=0}
03-07 18:20:39.905204  2891  2891 I CAR.VENDOR.AVM: onChange:newValue = CarPropertyValue{mPropertyId=0x21400470, mAreaId=0x0, mStatus=0, mTimestamp=647088642771, mValue=0}
03-07 18:20:39.920982   702  6171 W GraphicBufferSource: released unpopulated slots: [1, 2, 3, 4, 5, 6, 7, 8, 9, 10, 11, 12, 13, 14, 15, 16, 17, 18, 19, 20, 21, 22, 23, 24, 25, 26, 27, 28, 29, 30, 31, 32, 33, 34, 35, 36, 37, 38, 39, 40, 41, 42, 43, 44, 45, 46, 47, 48, 49, 50, 51, 52, 53, 54, 55, 56, 57, 58, 59, 60, 61, 62, 63]
03-07 18:20:39.921165   702  6171 E media.codec: TWGraphicBufferProducer::detachNextBuffer - Invalid output buffer
03-07 18:20:39.930346  2507  2507 I BootPresenter: (-$$Lambda$Qut1UVg1Gu75cdlDy9b5jeBJWaU.java:2)bootQuickLogin---->puid = 0
03-07 18:20:39.930928  2507  2507 I BootPresenter: (-$$Lambda$Qut1UVg1Gu75cdlDy9b5jeBJWaU.java:2)bootAutoLogin---->500ms后重试 puid = 0 , faceId = 0 , isNetInited = false
03-07 18:20:39.941481  3203  4512 I KwHttpRunnable: [KuwoMusic(sdk_kedaxunfei2.7.1.7)] startCheckTimeout waiting timeout running:false
03-07 18:20:39.942437  2784  3629 I SurfaceView: 91928240 Locking canvas... stopped=false, surfaceControl=Surface(name=SurfaceView - )/@0xfcae462
03-07 18:20:39.942849  2784  3629 I SurfaceView: 91928240 Returned canvas: android.view.Surface$CompatibleCanvas@5099929
03-07 18:20:39.954994   702  6171 W GraphicBufferSource: released unpopulated slots: [1, 2, 3, 4, 5, 6, 7, 8, 9, 10, 11, 12, 13, 14, 15, 16, 17, 18, 19, 20, 21, 22, 23, 24, 25, 26, 27, 28, 29, 30, 31, 32, 33, 34, 35, 36, 37, 38, 39, 40, 41, 42, 43, 44, 45, 46, 47, 48, 49, 50, 51, 52, 53, 54, 55, 56, 57, 58, 59, 60, 61, 62, 63]
03-07 18:20:39.955172   702  6171 E media.codec: TWGraphicBufferProducer::detachNextBuffer - Invalid output buffer
03-07 18:20:39.980537  1057  1082 E u-blox  : ublox::CGnssMeasurementExtension::navMeasurementUpdate: GnssMeasurementExtension callback is not initialized
03-07 18:20:39.988183   702  6171 W GraphicBufferSource: released unpopulated slots: [1, 2, 3, 4, 5, 6, 7, 8, 9, 10, 11, 12, 13, 14, 15, 16, 17, 18, 19, 20, 21, 22, 23, 24, 25, 26, 27, 28, 29, 30, 31, 32, 33, 34, 35, 36, 37, 38, 39, 40, 41, 42, 43, 44, 45, 46, 47, 48, 49, 50, 51, 52, 53, 54, 55, 56, 57, 58, 59, 60, 61, 62, 63]
03-07 18:20:39.988364   702  6171 E media.codec: TWGraphicBufferProducer::detachNextBuffer - Invalid output buffer
03-07 18:20:39.995501  2784  3629 I SurfaceView: 91928240 Locking canvas... stopped=false, surfaceControl=Surface(name=SurfaceView - )/@0xfcae462
03-07 18:20:39.995880  2784  3629 I SurfaceView: 91928240 Returned canvas: android.view.Surface$CompatibleCanvas@5099929
03-07 18:20:40.014402  1579  1579 I CAR.VENDOR.AVM: onChange:newValue = CarPropertyValue{mPropertyId=0x21400470, mAreaId=0x0, mStatus=0, mTimestamp=647198691573, mValue=0}
03-07 18:20:40.014522  2891  2891 I CAR.VENDOR.AVM: onChange:newValue = CarPropertyValue{mPropertyId=0x21400470, mAreaId=0x0, mStatus=0, mTimestamp=647198691573, mValue=0}
03-07 18:20:40.022628   702  6171 W GraphicBufferSource: released unpopulated slots: [1, 2, 3, 4, 5, 6, 7, 8, 9, 10, 11, 12, 13, 14, 15, 16, 17, 18, 19, 20, 21, 22, 23, 24, 25, 26, 27, 28, 29, 30, 31, 32, 33, 34, 35, 36, 37, 38, 39, 40, 41, 42, 43, 44, 45, 46, 47, 48, 49, 50, 51, 52, 53, 54, 55, 56, 57, 58, 59, 60, 61, 62, 63]
03-07 18:20:40.022810   702  6171 E media.codec: TWGraphicBufferProducer::detachNextBuffer - Invalid output buffer
03-07 18:20:40.048500  2784  3629 I SurfaceView: 91928240 Locking canvas... stopped=false, surfaceControl=Surface(name=SurfaceView - )/@0xfcae462
03-07 18:20:40.048922  2784  3629 I SurfaceView: 91928240 Returned canvas: android.view.Surface$CompatibleCanvas@5099929
03-07 18:20:40.087942   702  6171 W GraphicBufferSource: released unpopulated slots: [1, 2, 3, 4, 5, 6, 7, 8, 9, 10, 11, 12, 13, 14, 15, 16, 17, 18, 19, 20, 21, 22, 23, 24, 25, 26, 27, 28, 29, 30, 31, 32, 33, 34, 35, 36, 37, 38, 39, 40, 41, 42, 43, 44, 45, 46, 47, 48, 49, 50, 51, 52, 53, 54, 55, 56, 57, 58, 59, 60, 61, 62, 63]
03-07 18:20:40.088125   702  6171 E media.codec: TWGraphicBufferProducer::detachNextBuffer - Invalid output buffer
