03-07 18:28:24.451999  2784  3629 I SurfaceView: 91928240 Returned canvas: android.view.Surface$CompatibleCanvas@5099929
03-07 18:28:24.484609   702   847 W GraphicBufferSource: released unpopulated slots: [1, 2, 3, 4, 5, 6, 7, 8, 9, 10, 11, 12, 13, 14, 15, 16, 17, 18, 19, 20, 21, 22, 23, 24, 25, 26, 27, 28, 29, 30, 31, 32, 33, 34, 35, 36, 37, 38, 39, 40, 41, 42, 43, 44, 45, 46, 47, 48, 49, 50, 51, 52, 53, 54, 55, 56, 57, 58, 59, 60, 61, 62, 63]
03-07 18:28:24.485006   702   847 E media.codec: TWGraphicBufferProducer::detachNextBuffer - Invalid output buffer
03-07 18:28:24.504575  2784  3629 I SurfaceView: 91928240 Locking canvas... stopped=false, surfaceControl=Surface(name=SurfaceView - )/@0xfcae462
03-07 18:28:24.505278  2784  3629 I SurfaceView: 91928240 Returned canvas: android.view.Surface$CompatibleCanvas@5099929
03-07 18:28:24.522730   702   847 W GraphicBufferSource: released unpopulated slots: [1, 2, 3, 4, 5, 6, 7, 8, 9, 10, 11, 12, 13, 14, 15, 16, 17, 18, 19, 20, 21, 22, 23, 24, 25, 26, 27, 28, 29, 30, 31, 32, 33, 34, 35, 36, 37, 38, 39, 40, 41, 42, 43, 44, 45, 46, 47, 48, 49, 50, 51, 52, 53, 54, 55, 56, 57, 58, 59, 60, 61, 62, 63]
03-07 18:28:24.523012   702   847 E media.codec: TWGraphicBufferProducer::detachNextBuffer - Invalid output buffer
03-07 18:28:24.556133  2784  3629 I SurfaceView: 91928240 Locking canvas... stopped=false, surfaceControl=Surface(name=SurfaceView - )/@0xfcae462
03-07 18:28:24.556350  1579  1579 I CAR.VENDOR.AVM: onChange:newValue = CarPropertyValue{mPropertyId=0x21400470, mAreaId=0x0, mStatus=0, mTimestamp=1111741120355, mValue=0}
03-07 18:28:24.556388  2891  2891 I CAR.VENDOR.AVM: onChange:newValue = CarPropertyValue{mPropertyId=0x21400470, mAreaId=0x0, mStatus=0, mTimestamp=1111741120355, mValue=0}
03-07 18:28:24.556466  2784  3629 I SurfaceView: 91928240 Returned canvas: android.view.Surface$CompatibleCanvas@5099929
03-07 18:28:24.565271   702   847 W GraphicBufferSource: released unpopulated slots: [1, 2, 3, 4, 5, 6, 7, 8, 9, 10, 11, 12, 13, 14, 15, 16, 17, 18, 19, 20, 21, 22, 23, 24, 25, 26, 27, 28, 29, 30, 31, 32, 33, 34, 35, 36, 37, 38, 39, 40, 41, 42, 43, 44, 45, 46, 47, 48, 49, 50, 51, 52, 53, 54, 55, 56, 57, 58, 59, 60, 61, 62, 63]
03-07 18:28:24.565559   702   847 E media.codec: TWGraphicBufferProducer::detachNextBuffer - Invalid output buffer
03-07 18:28:24.586491   702   847 W GraphicBufferSource: released unpopulated slots: [1, 2, 3, 4, 5, 6, 7, 8, 9, 10, 11, 12, 13, 14, 15, 16, 17, 18, 19, 20, 21, 22, 23, 24, 25, 26, 27, 28, 29, 30, 31, 32, 33, 34, 35, 36, 37, 38, 39, 40, 41, 42, 43, 44, 45, 46, 47, 48, 49, 50, 51, 52, 53, 54, 55, 56, 57, 58, 59, 60, 61, 62, 63]
03-07 18:28:24.586772   702   847 E media.codec: TWGraphicBufferProducer::detachNextBuffer - Invalid output buffer
03-07 18:28:24.607825  2784  3629 I SurfaceView: 91928240 Locking canvas... stopped=false, surfaceControl=Surface(name=SurfaceView - )/@0xfcae462
03-07 18:28:24.608030  2784  3629 I SurfaceView: 91928240 Returned canvas: android.view.Surface$CompatibleCanvas@5099929
03-07 18:28:24.623377  2507  2507 I BootPresenter: (-$$Lambda$Qut1UVg1Gu75cdlDy9b5jeBJWaU.java:2)bootQuickLogin---->puid = 0
03-07 18:28:24.627749  2507  2507 I BootPresenter: (-$$Lambda$Qut1UVg1Gu75cdlDy9b5jeBJWaU.java:2)bootAutoLogin---->500ms后重试 puid = 0 , faceId = 0 , isNetInited = false
--------- switch to system
03-07 18:28:24.641767  2747  5007 W ContextImpl: Calling a method in the system process without a qualified user: android.app.ContextImpl.bindService:1611 android.content.ContextWrapper.bindService:698 com.gxa.service.camera.ReverseManager.connectCameraService:352 com.gxa.service.camera.ReverseManager.asyncHandleMessage:276 com.gxa.service.camera.ReverseManager.access$100:44 
--------- switch to main
03-07 18:28:24.649175  2891  2891 I CAR.VENDOR.AVM: onChange:newValue = CarPropertyValue{mPropertyId=0x21400470, mAreaId=0x0, mStatus=0, mTimestamp=1111833725302, mValue=0}
03-07 18:28:24.649260  1579  1579 I CAR.VENDOR.AVM: onChange:newValue = CarPropertyValue{mPropertyId=0x21400470, mAreaId=0x0, mStatus=0, mTimestamp=1111833725302, mValue=0}
03-07 18:28:24.653344   702   847 W GraphicBufferSource: released unpopulated slots: [1, 2, 3, 4, 5, 6, 7, 8, 9, 10, 11, 12, 13, 14, 15, 16, 17, 18, 19, 20, 21, 22, 23, 24, 25, 26, 27, 28, 29, 30, 31, 32, 33, 34, 35, 36, 37, 38, 39, 40, 41, 42, 43, 44, 45, 46, 47, 48, 49, 50, 51, 52, 53, 54, 55, 56, 57, 58, 59, 60, 61, 62, 63]
03-07 18:28:24.653739   702   847 E media.codec: TWGraphicBufferProducer::detachNextBuffer - Invalid output buffer
03-07 18:28:24.659505  2784  3629 I SurfaceView: 91928240 Locking canvas... stopped=false, surfaceControl=Surface(name=SurfaceView - )/@0xfcae462
03-07 18:28:24.659730  2784  3629 I SurfaceView: 91928240 Returned canvas: android.view.Surface$CompatibleCanvas@5099929
03-07 18:28:24.686094   702   847 W GraphicBufferSource: released unpopulated slots: [1, 2, 3, 4, 5, 6, 7, 8, 9, 10, 11, 12, 13, 14, 15, 16, 17, 18, 19, 20, 21, 22, 23, 24, 25, 26, 27, 28, 29, 30, 31, 32, 33, 34, 35, 36, 37, 38, 39, 40, 41, 42, 43, 44, 45, 46, 47, 48, 49, 50, 51, 52, 53, 54, 55, 56, 57, 58, 59, 60, 61, 62, 63]
03-07 18:28:24.686520   702   847 E media.codec: TWGraphicBufferProducer::detachNextBuffer - Invalid output buffer
03-07 18:28:24.710834  2784  3629 I SurfaceView: 91928240 Locking canvas... stopped=false, surfaceControl=Surface(name=SurfaceView - )/@0xfcae462
03-07 18:28:24.711078  2784  3629 I SurfaceView: 91928240 Returned canvas: android.view.Surface$CompatibleCanvas@5099929
03-07 18:28:24.719774   702   847 W GraphicBufferSource: released unpopulated slots: [1, 2, 3, 4, 5, 6, 7, 8, 9, 10, 11, 12, 13, 14, 15, 16, 17, 18, 19, 20, 21, 22, 23, 24, 25, 26, 27, 28, 29, 30, 31, 32, 33, 34, 35, 36, 37, 38, 39, 40, 41, 42, 43, 44, 45, 46, 47, 48, 49, 50, 51, 52, 53, 54, 55, 56, 57, 58, 59, 60, 61, 62, 63]
03-07 18:28:24.720073   702   847 E media.codec: TWGraphicBufferProducer::detachNextBuffer - Invalid output buffer
03-07 18:28:24.753320   702   847 W GraphicBufferSource: released unpopulated slots: [1, 2, 3, 4, 5, 6, 7, 8, 9, 10, 11, 12, 13, 14, 15, 16, 17, 18, 19, 20, 21, 22, 23, 24, 25, 26, 27, 28, 29, 30, 31, 32, 33, 34, 35, 36, 37, 38, 39, 40, 41, 42, 43, 44, 45, 46, 47, 48, 49, 50, 51, 52, 53, 54, 55, 56, 57, 58, 59, 60, 61, 62, 63]
03-07 18:28:24.753616   702   847 E media.codec: TWGraphicBufferProducer::detachNextBuffer - Invalid output buffer
03-07 18:28:24.759722  1579  1579 I CAR.VENDOR.AVM: onChange:newValue = CarPropertyValue{mPropertyId=0x21400470, mAreaId=0x0, mStatus=0, mTimestamp=1111943976605, mValue=0}
03-07 18:28:24.759725  2891  2891 I CAR.VENDOR.AVM: onChange:newValue = CarPropertyValue{mPropertyId=0x21400470, mAreaId=0x0, mStatus=0, mTimestamp=1111943976605, mValue=0}
03-07 18:28:24.762454  2784  3629 I SurfaceView: 91928240 Locking canvas... stopped=false, surfaceControl=Surface(name=SurfaceView - )/@0xfcae462
03-07 18:28:24.762642  2784  3629 I SurfaceView: 91928240 Returned canvas: android.view.Surface$CompatibleCanvas@5099929
03-07 18:28:24.813369  2784  3629 I SurfaceView: 91928240 Locking canvas... stopped=false, surfaceControl=Surface(name=SurfaceView - )/@0xfcae462
03-07 18:28:24.813585  2784  3629 I SurfaceView: 91928240 Returned canvas: android.view.Surface$CompatibleCanvas@5099929
03-07 18:28:24.821752   702   847 W GraphicBufferSource: released unpopulated slots: [1, 2, 3, 4, 5, 6, 7, 8, 9, 10, 11, 12, 13, 14, 15, 16, 17, 18, 19, 20, 21, 22, 23, 24, 25, 26, 27, 28, 29, 30, 31, 32, 33, 34, 35, 36, 37, 38, 39, 40, 41, 42, 43, 44, 45, 46, 47, 48, 49, 50, 51, 52, 53, 54, 55, 56, 57, 58, 59, 60, 61, 62, 63]
03-07 18:28:24.822099   702   847 E media.codec: TWGraphicBufferProducer::detachNextBuffer - Invalid output buffer
03-07 18:28:24.852677   702   847 W GraphicBufferSource: released unpopulated slots: [1, 2, 3, 4, 5, 6, 7, 8, 9, 10, 11, 12, 13, 14, 15, 16, 17, 18, 19, 20, 21, 22, 23, 24, 25, 26, 27, 28, 29, 30, 31, 32, 33, 34, 35, 36, 37, 38, 39, 40, 41, 42, 43, 44, 45, 46, 47, 48, 49, 50, 51, 52, 53, 54, 55, 56, 57, 58, 59, 60, 61, 62, 63]
03-07 18:28:24.852980   702   847 E media.codec: TWGraphicBufferProducer::detachNextBuffer - Invalid output buffer
03-07 18:28:24.860264  1156  1270 E WifiVendorHal: getWifiLinkLayerStats(l.937) failed {.code = ERROR_NOT_AVAILABLE, .description = }
03-07 18:28:24.865481  2784  3629 I SurfaceView: 91928240 Locking canvas... stopped=false, surfaceControl=Surface(name=SurfaceView - )/@0xfcae462
03-07 18:28:24.865721  2784  3629 I SurfaceView: 91928240 Returned canvas: android.view.Surface$CompatibleCanvas@5099929
03-07 18:28:24.868032  2891  2891 I CAR.VENDOR.AVM: onChange:newValue = CarPropertyValue{mPropertyId=0x21400470, mAreaId=0x0, mStatus=0, mTimestamp=1112053413896, mValue=0}
03-07 18:28:24.868084  1579  1579 I CAR.VENDOR.AVM: onChange:newValue = CarPropertyValue{mPropertyId=0x21400470, mAreaId=0x0, mStatus=0, mTimestamp=1112053413896, mValue=0}
03-07 18:28:24.888421   702   847 W GraphicBufferSource: released unpopulated slots: [1, 2, 3, 4, 5, 6, 7, 8, 9, 10, 11, 12, 13, 14, 15, 16, 17, 18, 19, 20, 21, 22, 23, 24, 25, 26, 27, 28, 29, 30, 31, 32, 33, 34, 35, 36, 37, 38, 39, 40, 41, 42, 43, 44, 45, 46, 47, 48, 49, 50, 51, 52, 53, 54, 55, 56, 57, 58, 59, 60, 61, 62, 63]
03-07 18:28:24.888763   702   847 E media.codec: TWGraphicBufferProducer::detachNextBuffer - Invalid output buffer
03-07 18:28:24.916444  2784  3629 I SurfaceView: 91928240 Locking canvas... stopped=false, surfaceControl=Surface(name=SurfaceView - )/@0xfcae462
03-07 18:28:24.916791  2784  3629 I SurfaceView: 91928240 Returned canvas: android.view.Surface$CompatibleCanvas@5099929
03-07 18:28:24.920086   702   847 W GraphicBufferSource: released unpopulated slots: [1, 2, 3, 4, 5, 6, 7, 8, 9, 10, 11, 12, 13, 14, 15, 16, 17, 18, 19, 20, 21, 22, 23, 24, 25, 26, 27, 28, 29, 30, 31, 32, 33, 34, 35, 36, 37, 38, 39, 40, 41, 42, 43, 44, 45, 46, 47, 48, 49, 50, 51, 52, 53, 54, 55, 56, 57, 58, 59, 60, 61, 62, 63]
03-07 18:28:24.920371   702   847 E media.codec: TWGraphicBufferProducer::detachNextBuffer - Invalid output buffer
03-07 18:28:24.963569  1907  1907 I MXNavi-onNmeaMessage GPGGA = : s = $GPGGA,,,,,,0,,,,,,,,*66\r
03-07 18:28:24.963620  1907  1907 I MXNavi-onNmeaMessage GPRMC = : s = $GPRMC,,V,,,,,,,,,,N*53
03-07 18:28:24.967709  2784  3629 I SurfaceView: 91928240 Locking canvas... stopped=false, surfaceControl=Surface(name=SurfaceView - )/@0xfcae462
03-07 18:28:24.967934  2784  3629 I SurfaceView: 91928240 Returned canvas: android.view.Surface$CompatibleCanvas@5099929
03-07 18:28:24.978538  2891  2891 I CAR.VENDOR.AVM: onChange:newValue = CarPropertyValue{mPropertyId=0x21400470, mAreaId=0x0, mStatus=0, mTimestamp=1112162272073, mValue=0}
03-07 18:28:24.979498  1579  1579 I CAR.VENDOR.AVM: onChange:newValue = CarPropertyValue{mPropertyId=0x21400470, mAreaId=0x0, mStatus=0, mTimestamp=1112162272073, mValue=0}
03-07 18:28:24.989045   702   847 W GraphicBufferSource: released unpopulated slots: [1, 2, 3, 4, 5, 6, 7, 8, 9, 10, 11, 12, 13, 14, 15, 16, 17, 18, 19, 20, 21, 22, 23, 24, 25, 26, 27, 28, 29, 30, 31, 32, 33, 34, 35, 36, 37, 38, 39, 40, 41, 42, 43, 44, 45, 46, 47, 48, 49, 50, 51, 52, 53, 54, 55, 56, 57, 58, 59, 60, 61, 62, 63]
03-07 18:28:24.989383   702   847 E media.codec: TWGraphicBufferProducer::detachNextBuffer - Invalid output buffer
03-07 18:28:24.992634  1057  1082 E u-blox  : ublox::CGnssMeasurementExtension::navMeasurementUpdate: GnssMeasurementExtension callback is not initialized
03-07 18:28:25.019444  2784  3629 I SurfaceView: 91928240 Locking canvas... stopped=false, surfaceControl=Surface(name=SurfaceView - )/@0xfcae462
03-07 18:28:25.019887  2784  3629 I SurfaceView: 91928240 Returned canvas: android.view.Surface$CompatibleCanvas@5099929
03-07 18:28:25.020089   702   847 W GraphicBufferSource: released unpopulated slots: [1, 2, 3, 4, 5, 6, 7, 8, 9, 10, 11, 12, 13, 14, 15, 16, 17, 18, 19, 20, 21, 22, 23, 24, 25, 26, 27, 28, 29, 30, 31, 32, 33, 34, 35, 36, 37, 38, 39, 40, 41, 42, 43, 44, 45, 46, 47, 48, 49, 50, 51, 52, 53, 54, 55, 56, 57, 58, 59, 60, 61, 62, 63]
03-07 18:28:25.020380   702   847 E media.codec: TWGraphicBufferProducer::detachNextBuffer - Invalid output buffer
03-07 18:28:25.052195   702   847 W GraphicBufferSource: released unpopulated slots: [1, 2, 3, 4, 5, 6, 7, 8, 9, 10, 11, 12, 13, 14, 15, 16, 17, 18, 19, 20, 21, 22, 23, 24, 25, 26, 27, 28, 29, 30, 31, 32, 33, 34, 35, 36, 37, 38, 39, 40, 41, 42, 43, 44, 45, 46, 47, 48, 49, 50, 51, 52, 53, 54, 55, 56, 57, 58, 59, 60, 61, 62, 63]
03-07 18:28:25.052498   702   847 E media.codec: TWGraphicBufferProducer::detachNextBuffer - Invalid output buffer
03-07 18:28:25.071394  2784  3629 I SurfaceView: 91928240 Locking canvas... stopped=false, surfaceControl=Surface(name=SurfaceView - )/@0xfcae462
03-07 18:28:25.071761  2784  3629 I SurfaceView: 91928240 Returned canvas: android.view.Surface$CompatibleCanvas@5099929
03-07 18:28:25.092147  2891  2891 I CAR.VENDOR.AVM: onChange:newValue = CarPropertyValue{mPropertyId=0x21400470, mAreaId=0x0, mStatus=0, mTimestamp=1112274705927, mValue=0}
03-07 18:28:25.092198  1579  1579 I CAR.VENDOR.AVM: onChange:newValue = CarPropertyValue{mPropertyId=0x21400470, mAreaId=0x0, mStatus=0, mTimestamp=1112274705927, mValue=0}
03-07 18:28:25.094147   702   847 W GraphicBufferSource: released unpopulated slots: [1, 2, 3, 4, 5, 6, 7, 8, 9, 10, 11, 12, 13, 14, 15, 16, 17, 18, 19, 20, 21, 22, 23, 24, 25, 26, 27, 28, 29, 30, 31, 32, 33, 34, 35, 36, 37, 38, 39, 40, 41, 42, 43, 44, 45, 46, 47, 48, 49, 50, 51, 52, 53, 54, 55, 56, 57, 58, 59, 60, 61, 62, 63]
03-07 18:28:25.094486   702   847 E media.codec: TWGraphicBufferProducer::detachNextBuffer - Invalid output buffer
03-07 18:28:25.122560  2784  3629 I SurfaceView: 91928240 Locking canvas... stopped=false, surfaceControl=Surface(name=SurfaceView - )/@0xfcae462
03-07 18:28:25.122792  2784  3629 I SurfaceView: 91928240 Returned canvas: android.view.Surface$CompatibleCanvas@5099929
03-07 18:28:25.130956  2507  2507 I BootPresenter: (-$$Lambda$Qut1UVg1Gu75cdlDy9b5jeBJWaU.java:2)bootQuickLogin---->puid = 0
03-07 18:28:25.132088  2507  2507 I BootPresenter: (-$$Lambda$Qut1UVg1Gu75cdlDy9b5jeBJWaU.java:2)bootAutoLogin---->500ms后重试 puid = 0 , faceId = 0 , isNetInited = false
03-07 18:28:25.152643   702   847 W GraphicBufferSource: released unpopulated slots: [1, 2, 3, 4, 5, 6, 7, 8, 9, 10, 11, 12, 13, 14, 15, 16, 17, 18, 19, 20, 21, 22, 23, 24, 25, 26, 27, 28, 29, 30, 31, 32, 33, 34, 35, 36, 37, 38, 39, 40, 41, 42, 43, 44, 45, 46, 47, 48, 49, 50, 51, 52, 53, 54, 55, 56, 57, 58, 59, 60, 61, 62, 63]
03-07 18:28:25.152845   702   847 E media.codec: TWGraphicBufferProducer::detachNextBuffer - Invalid output buffer
03-07 18:28:25.159254  1350  1850 E Property.service: getProperty: propId is not in config list:0x21600202
03-07 18:28:25.174507  2784  3629 I SurfaceView: 91928240 Locking canvas... stopped=false, surfaceControl=Surface(name=SurfaceView - )/@0xfcae462
03-07 18:28:25.174767  2784  3629 I SurfaceView: 91928240 Returned canvas: android.view.Surface$CompatibleCanvas@5099929
03-07 18:28:25.183991   702   847 W GraphicBufferSource: released unpopulated slots: [1, 2, 3, 4, 5, 6, 7, 8, 9, 10, 11, 12, 13, 14, 15, 16, 17, 18, 19, 20, 21, 22, 23, 24, 25, 26, 27, 28, 29, 30, 31, 32, 33, 34, 35, 36, 37, 38, 39, 40, 41, 42, 43, 44, 45, 46, 47, 48, 49, 50, 51, 52, 53, 54, 55, 56, 57, 58, 59, 60, 61, 62, 63]
03-07 18:28:25.184177   702   847 E media.codec: TWGraphicBufferProducer::detachNextBuffer - Invalid output buffer
03-07 18:28:25.201425  2891  2891 I CAR.VENDOR.AVM: onChange:newValue = CarPropertyValue{mPropertyId=0x21400470, mAreaId=0x0, mStatus=0, mTimestamp=1112384684677, mValue=0}
03-07 18:28:25.201503  1579  1579 I CAR.VENDOR.AVM: onChange:newValue = CarPropertyValue{mPropertyId=0x21400470, mAreaId=0x0, mStatus=0, mTimestamp=1112384684677, mValue=0}
03-07 18:28:25.220604   702   847 W GraphicBufferSource: released unpopulated slots: [1, 2, 3, 4, 5, 6, 7, 8, 9, 10, 11, 12, 13, 14, 15, 16, 17, 18, 19, 20, 21, 22, 23, 24, 25, 26, 27, 28, 29, 30, 31, 32, 33, 34, 35, 36, 37, 38, 39, 40, 41, 42, 43, 44, 45, 46, 47, 48, 49, 50, 51, 52, 53, 54, 55, 56, 57, 58, 59, 60, 61, 62, 63]
03-07 18:28:25.221166   702   847 E media.codec: TWGraphicBufferProducer::detachNextBuffer - Invalid output buffer
03-07 18:28:25.226459  2784  3629 I SurfaceView: 91928240 Locking canvas... stopped=false, surfaceControl=Surface(name=SurfaceView - )/@0xfcae462
03-07 18:28:25.226744  2784  3629 I SurfaceView: 91928240 Returned canvas: android.view.Surface$CompatibleCanvas@5099929
03-07 18:28:25.251527   702   847 W GraphicBufferSource: released unpopulated slots: [1, 2, 3, 4, 5, 6, 7, 8, 9, 10, 11, 12, 13, 14, 15, 16, 17, 18, 19, 20, 21, 22, 23, 24, 25, 26, 27, 28, 29, 30, 31, 32, 33, 34, 35, 36, 37, 38, 39, 40, 41, 42, 43, 44, 45, 46, 47, 48, 49, 50, 51, 52, 53, 54, 55, 56, 57, 58, 59, 60, 61, 62, 63]
03-07 18:28:25.251720   702  1724 E media.codec: TWGraphicBufferProducer::detachNextBuffer - Invalid output buffer
03-07 18:28:25.278679  2784  3629 I SurfaceView: 91928240 Locking canvas... stopped=false, surfaceControl=Surface(name=SurfaceView - )/@0xfcae462
03-07 18:28:25.278889  2784  3629 I SurfaceView: 91928240 Returned canvas: android.view.Surface$CompatibleCanvas@5099929
03-07 18:28:25.313154  1579  1579 I CAR.VENDOR.AVM: onChange:newValue = CarPropertyValue{mPropertyId=0x21400470, mAreaId=0x0, mStatus=0, mTimestamp=1112498274938, mValue=0}
03-07 18:28:25.313177  2891  2891 I CAR.VENDOR.AVM: onChange:newValue = CarPropertyValue{mPropertyId=0x21400470, mAreaId=0x0, mStatus=0, mTimestamp=1112498274938, mValue=0}
03-07 18:28:25.320039   702   847 W GraphicBufferSource: released unpopulated slots: [1, 2, 3, 4, 5, 6, 7, 8, 9, 10, 11, 12, 13, 14, 15, 16, 17, 18, 19, 20, 21, 22, 23, 24, 25, 26, 27, 28, 29, 30, 31, 32, 33, 34, 35, 36, 37, 38, 39, 40, 41, 42, 43, 44, 45, 46, 47, 48, 49, 50, 51, 52, 53, 54, 55, 56, 57, 58, 59, 60, 61, 62, 63]
03-07 18:28:25.320317   702  1724 E media.codec: TWGraphicBufferProducer::detachNextBuffer - Invalid output buffer
03-07 18:28:25.329760  2784  3629 I SurfaceView: 91928240 Locking canvas... stopped=false, surfaceControl=Surface(name=SurfaceView - )/@0xfcae462
03-07 18:28:25.329963  2784  3629 I SurfaceView: 91928240 Returned canvas: android.view.Surface$CompatibleCanvas@5099929
03-07 18:28:25.353496   702   847 W GraphicBufferSource: released unpopulated slots: [1, 2, 3, 4, 5, 6, 7, 8, 9, 10, 11, 12, 13, 14, 15, 16, 17, 18, 19, 20, 21, 22, 23, 24, 25, 26, 27, 28, 29, 30, 31, 32, 33, 34, 35, 36, 37, 38, 39, 40, 41, 42, 43, 44, 45, 46, 47, 48, 49, 50, 51, 52, 53, 54, 55, 56, 57, 58, 59, 60, 61, 62, 63]
03-07 18:28:25.353731   702  1724 E media.codec: TWGraphicBufferProducer::detachNextBuffer - Invalid output buffer
03-07 18:28:25.381644  2784  3629 I SurfaceView: 91928240 Locking canvas... stopped=false, surfaceControl=Surface(name=SurfaceView - )/@0xfcae462
03-07 18:28:25.381853  2784  3629 I SurfaceView: 91928240 Returned canvas: android.view.Surface$CompatibleCanvas@5099929
03-07 18:28:25.386629   702   847 W GraphicBufferSource: released unpopulated slots: [1, 2, 3, 4, 5, 6, 7, 8, 9, 10, 11, 12, 13, 14, 15, 16, 17, 18, 19, 20, 21, 22, 23, 24, 25, 26, 27, 28, 29, 30, 31, 32, 33, 34, 35, 36, 37, 38, 39, 40, 41, 42, 43, 44, 45, 46, 47, 48, 49, 50, 51, 52, 53, 54, 55, 56, 57, 58, 59, 60, 61, 62, 63]
03-07 18:28:25.386852   702  1724 E media.codec: TWGraphicBufferProducer::detachNextBuffer - Invalid output buffer
03-07 18:28:25.419335   702   847 W GraphicBufferSource: released unpopulated slots: [1, 2, 3, 4, 5, 6, 7, 8, 9, 10, 11, 12, 13, 14, 15, 16, 17, 18, 19, 20, 21, 22, 23, 24, 25, 26, 27, 28, 29, 30, 31, 32, 33, 34, 35, 36, 37, 38, 39, 40, 41, 42, 43, 44, 45, 46, 47, 48, 49, 50, 51, 52, 53, 54, 55, 56, 57, 58, 59, 60, 61, 62, 63]
03-07 18:28:25.419514   702  1724 E media.codec: TWGraphicBufferProducer::detachNextBuffer - Invalid output buffer
03-07 18:28:25.424154  1579  1579 I CAR.VENDOR.AVM: onChange:newValue = CarPropertyValue{mPropertyId=0x21400470, mAreaId=0x0, mStatus=0, mTimestamp=1112608932125, mValue=0}
03-07 18:28:25.424168  2891  2891 I CAR.VENDOR.AVM: onChange:newValue = CarPropertyValue{mPropertyId=0x21400470, mAreaId=0x0, mStatus=0, mTimestamp=1112608932125, mValue=0}
03-07 18:28:25.433495  2784  3629 I SurfaceView: 91928240 Locking canvas... stopped=false, surfaceControl=Surface(name=SurfaceView - )/@0xfcae462
03-07 18:28:25.433730  2784  3629 I SurfaceView: 91928240 Returned canvas: android.view.Surface$CompatibleCanvas@5099929
03-07 18:28:25.484478  2784  3629 I SurfaceView: 91928240 Locking canvas... stopped=false, surfaceControl=Surface(name=SurfaceView - )/@0xfcae462
03-07 18:28:25.484611   702  1724 W GraphicBufferSource: released unpopulated slots: [1, 2, 3, 4, 5, 6, 7, 8, 9, 10, 11, 12, 13, 14, 15, 16, 17, 18, 19, 20, 21, 22, 23, 24, 25, 26, 27, 28, 29, 30, 31, 32, 33, 34, 35, 36, 37, 38, 39, 40, 41, 42, 43, 44, 45, 46, 47, 48, 49, 50, 51, 52, 53, 54, 55, 56, 57, 58, 59, 60, 61, 62, 63]
03-07 18:28:25.484815  2784  3629 I SurfaceView: 91928240 Returned canvas: android.view.Surface$CompatibleCanvas@5099929
03-07 18:28:25.484841   702  1724 E media.codec: TWGraphicBufferProducer::detachNextBuffer - Invalid output buffer
03-07 18:28:25.517795   702  1724 W GraphicBufferSource: released unpopulated slots: [1, 2, 3, 4, 5, 6, 7, 8, 9, 10, 11, 12, 13, 14, 15, 16, 17, 18, 19, 20, 21, 22, 23, 24, 25, 26, 27, 28, 29, 30, 31, 32, 33, 34, 35, 36, 37, 38, 39, 40, 41, 42, 43, 44, 45, 46, 47, 48, 49, 50, 51, 52, 53, 54, 55, 56, 57, 58, 59, 60, 61, 62, 63]
03-07 18:28:25.517973   702  1724 E media.codec: TWGraphicBufferProducer::detachNextBuffer - Invalid output buffer
03-07 18:28:25.535741  2784  3629 I SurfaceView: 91928240 Locking canvas... stopped=false, surfaceControl=Surface(name=SurfaceView - )/@0xfcae462
03-07 18:28:25.536013  2784  3629 I SurfaceView: 91928240 Returned canvas: android.view.Surface$CompatibleCanvas@5099929
03-07 18:28:25.536506  1579  1579 I CAR.VENDOR.AVM: onChange:newValue = CarPropertyValue{mPropertyId=0x21400470, mAreaId=0x0, mStatus=0, mTimestamp=1112720264521, mValue=0}
03-07 18:28:25.536791  2891  2891 I CAR.VENDOR.AVM: onChange:newValue = CarPropertyValue{mPropertyId=0x21400470, mAreaId=0x0, mStatus=0, mTimestamp=1112720264521, mValue=0}
03-07 18:28:25.566573   702  1724 W GraphicBufferSource: released unpopulated slots: [1, 2, 3, 4, 5, 6, 7, 8, 9, 10, 11, 12, 13, 14, 15, 16, 17, 18, 19, 20, 21, 22, 23, 24, 25, 26, 27, 28, 29, 30, 31, 32, 33, 34, 35, 36, 37, 38, 39, 40, 41, 42, 43, 44, 45, 46, 47, 48, 49, 50, 51, 52, 53, 54, 55, 56, 57, 58, 59, 60, 61, 62, 63]
03-07 18:28:25.566774   702  1724 E media.codec: TWGraphicBufferProducer::detachNextBuffer - Invalid output buffer
03-07 18:28:25.584941   702  1724 W GraphicBufferSource: released unpopulated slots: [1, 2, 3, 4, 5, 6, 7, 8, 9, 10, 11, 12, 13, 14, 15, 16, 17, 18, 19, 20, 21, 22, 23, 24, 25, 26, 27, 28, 29, 30, 31, 32, 33, 34, 35, 36, 37, 38, 39, 40, 41, 42, 43, 44, 45, 46, 47, 48, 49, 50, 51, 52, 53, 54, 55, 56, 57, 58, 59, 60, 61, 62, 63]
03-07 18:28:25.585110   702  1724 E media.codec: TWGraphicBufferProducer::detachNextBuffer - Invalid output buffer
03-07 18:28:25.588706  2784  3629 I SurfaceView: 91928240 Locking canvas... stopped=false, surfaceControl=Surface(name=SurfaceView - )/@0xfcae462
03-07 18:28:25.589171  2784  3629 I SurfaceView: 91928240 Returned canvas: android.view.Surface$CompatibleCanvas@5099929
03-07 18:28:25.635646  2507  2507 I BootPresenter: (-$$Lambda$Qut1UVg1Gu75cdlDy9b5jeBJWaU.java:2)bootQuickLogin---->puid = 0
03-07 18:28:25.636616  2507  2507 I BootPresenter: (-$$Lambda$Qut1UVg1Gu75cdlDy9b5jeBJWaU.java:2)bootAutoLogin---->500ms后重试 puid = 0 , faceId = 0 , isNetInited = false
03-07 18:28:25.640562  2784  3629 I SurfaceView: 91928240 Locking canvas... stopped=false, surfaceControl=Surface(name=SurfaceView - )/@0xfcae462
03-07 18:28:25.640901  2784  3629 I SurfaceView: 91928240 Returned canvas: android.view.Surface$CompatibleCanvas@5099929
03-07 18:28:25.645340  1579  1579 I CAR.VENDOR.AVM: onChange:newValue = CarPropertyValue{mPropertyId=0x21400470, mAreaId=0x0, mStatus=0, mTimestamp=1112829367854, mValue=0}
03-07 18:28:25.645364  2891  2891 I CAR.VENDOR.AVM: onChange:newValue = CarPropertyValue{mPropertyId=0x21400470, mAreaId=0x0, mStatus=0, mTimestamp=1112829367854, mValue=0}
03-07 18:28:25.652255   702  1724 W GraphicBufferSource: released unpopulated slots: [1, 2, 3, 4, 5, 6, 7, 8, 9, 10, 11, 12, 13, 14, 15, 16, 17, 18, 19, 20, 21, 22, 23, 24, 25, 26, 27, 28, 29, 30, 31, 32, 33, 34, 35, 36, 37, 38, 39, 40, 41, 42, 43, 44, 45, 46, 47, 48, 49, 50, 51, 52, 53, 54, 55, 56, 57, 58, 59, 60, 61, 62, 63]
03-07 18:28:25.652809   702  1724 E media.codec: TWGraphicBufferProducer::detachNextBuffer - Invalid output buffer
03-07 18:28:25.686750   702  1724 W GraphicBufferSource: released unpopulated slots: [1, 2, 3, 4, 5, 6, 7, 8, 9, 10, 11, 12, 13, 14, 15, 16, 17, 18, 19, 20, 21, 22, 23, 24, 25, 26, 27, 28, 29, 30, 31, 32, 33, 34, 35, 36, 37, 38, 39, 40, 41, 42, 43, 44, 45, 46, 47, 48, 49, 50, 51, 52, 53, 54, 55, 56, 57, 58, 59, 60, 61, 62, 63]
03-07 18:28:25.686915   702  1724 E media.codec: TWGraphicBufferProducer::detachNextBuffer - Invalid output buffer
03-07 18:28:25.692232  2784  3629 I SurfaceView: 91928240 Locking canvas... stopped=false, surfaceControl=Surface(name=SurfaceView - )/@0xfcae462
03-07 18:28:25.692468  2784  3629 I SurfaceView: 91928240 Returned canvas: android.view.Surface$CompatibleCanvas@5099929
03-07 18:28:25.722194   702  1724 W GraphicBufferSource: released unpopulated slots: [1, 2, 3, 4, 5, 6, 7, 8, 9, 10, 11, 12, 13, 14, 15, 16, 17, 18, 19, 20, 21, 22, 23, 24, 25, 26, 27, 28, 29, 30, 31, 32, 33, 34, 35, 36, 37, 38, 39, 40, 41, 42, 43, 44, 45, 46, 47, 48, 49, 50, 51, 52, 53, 54, 55, 56, 57, 58, 59, 60, 61, 62, 63]
03-07 18:28:25.722369   702  1724 E media.codec: TWGraphicBufferProducer::detachNextBuffer - Invalid output buffer
03-07 18:28:25.743539  2784  3629 I SurfaceView: 91928240 Locking canvas... stopped=false, surfaceControl=Surface(name=SurfaceView - )/@0xfcae462
03-07 18:28:25.744595  2784  3629 I SurfaceView: 91928240 Returned canvas: android.view.Surface$CompatibleCanvas@5099929
03-07 18:28:25.752802  1579  1579 I CAR.VENDOR.AVM: onChange:newValue = CarPropertyValue{mPropertyId=0x21400470, mAreaId=0x0, mStatus=0, mTimestamp=1112937774625, mValue=0}
03-07 18:28:25.752842  2891  2891 I CAR.VENDOR.AVM: onChange:newValue = CarPropertyValue{mPropertyId=0x21400470, mAreaId=0x0, mStatus=0, mTimestamp=1112937774625, mValue=0}
03-07 18:28:25.755284   702  1724 W GraphicBufferSource: released unpopulated slots: [1, 2, 3, 4, 5, 6, 7, 8, 9, 10, 11, 12, 13, 14, 15, 16, 17, 18, 19, 20, 21, 22, 23, 24, 25, 26, 27, 28, 29, 30, 31, 32, 33, 34, 35, 36, 37, 38, 39, 40, 41, 42, 43, 44, 45, 46, 47, 48, 49, 50, 51, 52, 53, 54, 55, 56, 57, 58, 59, 60, 61, 62, 63]
03-07 18:28:25.755441   702  1724 E media.codec: TWGraphicBufferProducer::detachNextBuffer - Invalid output buffer
03-07 18:28:25.781166   805  3526 E gocserial: open usb serial err:No such device
--------- switch to kernel
01-01 00:18:43.058589     0     0 I rtk_btusb: btchr_open: BT usb char device is opening
01-01 00:18:43.059501     0     0 E rtk_btusb: btchr_open: Device not probed
--------- switch to main
03-07 18:28:25.797456  2784  3629 I SurfaceView: 91928240 Locking canvas... stopped=false, surfaceControl=Surface(name=SurfaceView - )/@0xfcae462
03-07 18:28:25.797667  2784  3629 I SurfaceView: 91928240 Returned canvas: android.view.Surface$CompatibleCanvas@5099929
03-07 18:28:25.821621   702  1724 W GraphicBufferSource: released unpopulated slots: [1, 2, 3, 4, 5, 6, 7, 8, 9, 10, 11, 12, 13, 14, 15, 16, 17, 18, 19, 20, 21, 22, 23, 24, 25, 26, 27, 28, 29, 30, 31, 32, 33, 34, 35, 36, 37, 38, 39, 40, 41, 42, 43, 44, 45, 46, 47, 48, 49, 50, 51, 52, 53, 54, 55, 56, 57, 58, 59, 60, 61, 62, 63]
03-07 18:28:25.821796   702  1724 E media.codec: TWGraphicBufferProducer::detachNextBuffer - Invalid output buffer
03-07 18:28:25.848424  2784  3629 I SurfaceView: 91928240 Locking canvas... stopped=false, surfaceControl=Surface(name=SurfaceView - )/@0xfcae462
03-07 18:28:25.848646  2784  3629 I SurfaceView: 91928240 Returned canvas: android.view.Surface$CompatibleCanvas@5099929
03-07 18:28:25.852453   702  1724 W GraphicBufferSource: released unpopulated slots: [1, 2, 3, 4, 5, 6, 7, 8, 9, 10, 11, 12, 13, 14, 15, 16, 17, 18, 19, 20, 21, 22, 23, 24, 25, 26, 27, 28, 29, 30, 31, 32, 33, 34, 35, 36, 37, 38, 39, 40, 41, 42, 43, 44, 45, 46, 47, 48, 49, 50, 51, 52, 53, 54, 55, 56, 57, 58, 59, 60, 61, 62, 63]
03-07 18:28:25.852613   702  1724 E media.codec: TWGraphicBufferProducer::detachNextBuffer - Invalid output buffer
03-07 18:28:25.863100  2891  2891 I CAR.VENDOR.AVM: onChange:newValue = CarPropertyValue{mPropertyId=0x21400470, mAreaId=0x0, mStatus=0, mTimestamp=1113046486604, mValue=0}
03-07 18:28:25.863185  1579  1579 I CAR.VENDOR.AVM: onChange:newValue = CarPropertyValue{mPropertyId=0x21400470, mAreaId=0x0, mStatus=0, mTimestamp=1113046486604, mValue=0}
03-07 18:28:25.885746   702  1724 W GraphicBufferSource: released unpopulated slots: [1, 2, 3, 4, 5, 6, 7, 8, 9, 10, 11, 12, 13, 14, 15, 16, 17, 18, 19, 20, 21, 22, 23, 24, 25, 26, 27, 28, 29, 30, 31, 32, 33, 34, 35, 36, 37, 38, 39, 40, 41, 42, 43, 44, 45, 46, 47, 48, 49, 50, 51, 52, 53, 54, 55, 56, 57, 58, 59, 60, 61, 62, 63]
03-07 18:28:25.885898   702  1724 E media.codec: TWGraphicBufferProducer::detachNextBuffer - Invalid output buffer
03-07 18:28:25.900445  2784  3629 I SurfaceView: 91928240 Locking canvas... stopped=false, surfaceControl=Surface(name=SurfaceView - )/@0xfcae462
03-07 18:28:25.900675  2784  3629 I SurfaceView: 91928240 Returned canvas: android.view.Surface$CompatibleCanvas@5099929
03-07 18:28:25.922133   702  1724 W GraphicBufferSource: released unpopulated slots: [1, 2, 3, 4, 5, 6, 7, 8, 9, 10, 11, 12, 13, 14, 15, 16, 17, 18, 19, 20, 21, 22, 23, 24, 25, 26, 27, 28, 29, 30, 31, 32, 33, 34, 35, 36, 37, 38, 39, 40, 41, 42, 43, 44, 45, 46, 47, 48, 49, 50, 51, 52, 53, 54, 55, 56, 57, 58, 59, 60, 61, 62, 63]
03-07 18:28:25.922774   702  1724 E media.codec: TWGraphicBufferProducer::detachNextBuffer - Invalid output buffer
03-07 18:28:25.952454  2784  3629 I SurfaceView: 91928240 Locking canvas... stopped=false, surfaceControl=Surface(name=SurfaceView - )/@0xfcae462
03-07 18:28:25.952672  2784  3629 I SurfaceView: 91928240 Returned canvas: android.view.Surface$CompatibleCanvas@5099929
03-07 18:28:25.964687  1907  1907 I MXNavi-onNmeaMessage GPGGA = : s = $GPGGA,,,,,,0,,,,,,,,*66\r
03-07 18:28:25.964773  1907  1907 I MXNavi-onNmeaMessage GPRMC = : s = $GPRMC,,V,,,,,,,,,,N*53
03-07 18:28:25.973251  2891  2891 I CAR.VENDOR.AVM: onChange:newValue = CarPropertyValue{mPropertyId=0x21400470, mAreaId=0x0, mStatus=0, mTimestamp=1113157747489, mValue=0}
03-07 18:28:25.973303  1579  1579 I CAR.VENDOR.AVM: onChange:newValue = CarPropertyValue{mPropertyId=0x21400470, mAreaId=0x0, mStatus=0, mTimestamp=1113157747489, mValue=0}
03-07 18:28:25.986421   702  1724 W GraphicBufferSource: released unpopulated slots: [1, 2, 3, 4, 5, 6, 7, 8, 9, 10, 11, 12, 13, 14, 15, 16, 17, 18, 19, 20, 21, 22, 23, 24, 25, 26, 27, 28, 29, 30, 31, 32, 33, 34, 35, 36, 37, 38, 39, 40, 41, 42, 43, 44, 45, 46, 47, 48, 49, 50, 51, 52, 53, 54, 55, 56, 57, 58, 59, 60, 61, 62, 63]
03-07 18:28:25.986577   702  1724 E media.codec: TWGraphicBufferProducer::detachNextBuffer - Invalid output buffer
03-07 18:28:25.992707  1057  1082 E u-blox  : ublox::CGnssMeasurementExtension::navMeasurementUpdate: GnssMeasurementExtension callback is not initialized
03-07 18:28:26.004793  2784  3629 I SurfaceView: 91928240 Locking canvas... stopped=false, surfaceControl=Surface(name=SurfaceView - )/@0xfcae462
03-07 18:28:26.005601  2784  3629 I SurfaceView: 91928240 Returned canvas: android.view.Surface$CompatibleCanvas@5099929
03-07 18:28:26.021240   702  1724 W GraphicBufferSource: released unpopulated slots: [1, 2, 3, 4, 5, 6, 7, 8, 9, 10, 11, 12, 13, 14, 15, 16, 17, 18, 19, 20, 21, 22, 23, 24, 25, 26, 27, 28, 29, 30, 31, 32, 33, 34, 35, 36, 37, 38, 39, 40, 41, 42, 43, 44, 45, 46, 47, 48, 49, 50, 51, 52, 53, 54, 55, 56, 57, 58, 59, 60, 61, 62, 63]
03-07 18:28:26.021403   702  1724 E media.codec: TWGraphicBufferProducer::detachNextBuffer - Invalid output buffer
03-07 18:28:26.051955   702  1724 W GraphicBufferSource: released unpopulated slots: [1, 2, 3, 4, 5, 6, 7, 8, 9, 10, 11, 12, 13, 14, 15, 16, 17, 18, 19, 20, 21, 22, 23, 24, 25, 26, 27, 28, 29, 30, 31, 32, 33, 34, 35, 36, 37, 38, 39, 40, 41, 42, 43, 44, 45, 46, 47, 48, 49, 50, 51, 52, 53, 54, 55, 56, 57, 58, 59, 60, 61, 62, 63]
03-07 18:28:26.052118   702  1724 E media.codec: TWGraphicBufferProducer::detachNextBuffer - Invalid output buffer
03-07 18:28:26.057493  2784  3629 I SurfaceView: 91928240 Locking canvas... stopped=false, surfaceControl=Surface(name=SurfaceView - )/@0xfcae462
03-07 18:28:26.057701  2784  3629 I SurfaceView: 91928240 Returned canvas: android.view.Surface$CompatibleCanvas@5099929
03-07 18:28:26.082014  1579  1579 I CAR.VENDOR.AVM: onChange:newValue = CarPropertyValue{mPropertyId=0x21400470, mAreaId=0x0, mStatus=0, mTimestamp=1113266155302, mValue=0}
03-07 18:28:26.082031  2891  2891 I CAR.VENDOR.AVM: onChange:newValue = CarPropertyValue{mPropertyId=0x21400470, mAreaId=0x0, mStatus=0, mTimestamp=1113266155302, mValue=0}
03-07 18:28:26.091906   702  1724 W GraphicBufferSource: released unpopulated slots: [1, 2, 3, 4, 5, 6, 7, 8, 9, 10, 11, 12, 13, 14, 15, 16, 17, 18, 19, 20, 21, 22, 23, 24, 25, 26, 27, 28, 29, 30, 31, 32, 33, 34, 35, 36, 37, 38, 39, 40, 41, 42, 43, 44, 45, 46, 47, 48, 49, 50, 51, 52, 53, 54, 55, 56, 57, 58, 59, 60, 61, 62, 63]
03-07 18:28:26.092073   702  1724 E media.codec: TWGraphicBufferProducer::detachNextBuffer - Invalid output buffer
03-07 18:28:26.110517  2784  3629 I SurfaceView: 91928240 Locking canvas... stopped=false, surfaceControl=Surface(name=SurfaceView - )/@0xfcae462
03-07 18:28:26.110732  2784  3629 I SurfaceView: 91928240 Returned canvas: android.view.Surface$CompatibleCanvas@5099929
03-07 18:28:26.138993  2507  2507 I BootPresenter: (-$$Lambda$Qut1UVg1Gu75cdlDy9b5jeBJWaU.java:2)bootQuickLogin---->puid = 0
03-07 18:28:26.139839  2507  2507 I BootPresenter: (-$$Lambda$Qut1UVg1Gu75cdlDy9b5jeBJWaU.java:2)bootAutoLogin---->500ms后重试 puid = 0 , faceId = 0 , isNetInited = false
03-07 18:28:26.152759   702  1724 W GraphicBufferSource: released unpopulated slots: [1, 2, 3, 4, 5, 6, 7, 8, 9, 10, 11, 12, 13, 14, 15, 16, 17, 18, 19, 20, 21, 22, 23, 24, 25, 26, 27, 28, 29, 30, 31, 32, 33, 34, 35, 36, 37, 38, 39, 40, 41, 42, 43, 44, 45, 46, 47, 48, 49, 50, 51, 52, 53, 54, 55, 56, 57, 58, 59, 60, 61, 62, 63]
03-07 18:28:26.152939   702  1724 E media.codec: TWGraphicBufferProducer::detachNextBuffer - Invalid output buffer
03-07 18:28:26.159863  1350  1850 E Property.service: getProperty: propId is not in config list:0x21600202
03-07 18:28:26.162495  2784  3629 I SurfaceView: 91928240 Locking canvas... stopped=false, surfaceControl=Surface(name=SurfaceView - )/@0xfcae462
03-07 18:28:26.162750  2784  3629 I SurfaceView: 91928240 Returned canvas: android.view.Surface$CompatibleCanvas@5099929
03-07 18:28:26.187398   702  1724 W GraphicBufferSource: released unpopulated slots: [1, 2, 3, 4, 5, 6, 7, 8, 9, 10, 11, 12, 13, 14, 15, 16, 17, 18, 19, 20, 21, 22, 23, 24, 25, 26, 27, 28, 29, 30, 31, 32, 33, 34, 35, 36, 37, 38, 39, 40, 41, 42, 43, 44, 45, 46, 47, 48, 49, 50, 51, 52, 53, 54, 55, 56, 57, 58, 59, 60, 61, 62, 63]
03-07 18:28:26.187563   702  1724 E media.codec: TWGraphicBufferProducer::detachNextBuffer - Invalid output buffer
03-07 18:28:26.190161  2891  2891 I CAR.VENDOR.AVM: onChange:newValue = CarPropertyValue{mPropertyId=0x21400470, mAreaId=0x0, mStatus=0, mTimestamp=1113374833427, mValue=0}
03-07 18:28:26.190442  1579  1579 I CAR.VENDOR.AVM: onChange:newValue = CarPropertyValue{mPropertyId=0x21400470, mAreaId=0x0, mStatus=0, mTimestamp=1113374833427, mValue=0}
03-07 18:28:26.214723  2784  3629 I SurfaceView: 91928240 Locking canvas... stopped=false, surfaceControl=Surface(name=SurfaceView - )/@0xfcae462
03-07 18:28:26.214930  2784  3629 I SurfaceView: 91928240 Returned canvas: android.view.Surface$CompatibleCanvas@5099929
03-07 18:28:26.221522   702  1724 W GraphicBufferSource: released unpopulated slots: [1, 2, 3, 4, 5, 6, 7, 8, 9, 10, 11, 12, 13, 14, 15, 16, 17, 18, 19, 20, 21, 22, 23, 24, 25, 26, 27, 28, 29, 30, 31, 32, 33, 34, 35, 36, 37, 38, 39, 40, 41, 42, 43, 44, 45, 46, 47, 48, 49, 50, 51, 52, 53, 54, 55, 56, 57, 58, 59, 60, 61, 62, 63]
03-07 18:28:26.221688   702  1724 E media.codec: TWGraphicBufferProducer::detachNextBuffer - Invalid output buffer
03-07 18:28:26.253270   702  1724 W GraphicBufferSource: released unpopulated slots: [1, 2, 3, 4, 5, 6, 7, 8, 9, 10, 11, 12, 13, 14, 15, 16, 17, 18, 19, 20, 21, 22, 23, 24, 25, 26, 27, 28, 29, 30, 31, 32, 33, 34, 35, 36, 37, 38, 39, 40, 41, 42, 43, 44, 45, 46, 47, 48, 49, 50, 51, 52, 53, 54, 55, 56, 57, 58, 59, 60, 61, 62, 63]
03-07 18:28:26.253434   702  1724 E media.codec: TWGraphicBufferProducer::detachNextBuffer - Invalid output buffer
03-07 18:28:26.267498  2784  3629 I SurfaceView: 91928240 Locking canvas... stopped=false, surfaceControl=Surface(name=SurfaceView - )/@0xfcae462
03-07 18:28:26.267727  2784  3629 I SurfaceView: 91928240 Returned canvas: android.view.Surface$CompatibleCanvas@5099929
03-07 18:28:26.302238  1579  1579 I CAR.VENDOR.AVM: onChange:newValue = CarPropertyValue{mPropertyId=0x21400470, mAreaId=0x0, mStatus=0, mTimestamp=1113486416291, mValue=0}
03-07 18:28:26.302270  2891  2891 I CAR.VENDOR.AVM: onChange:newValue = CarPropertyValue{mPropertyId=0x21400470, mAreaId=0x0, mStatus=0, mTimestamp=1113486416291, mValue=0}
03-07 18:28:26.319466  2784  3629 I SurfaceView: 91928240 Locking canvas... stopped=false, surfaceControl=Surface(name=SurfaceView - )/@0xfcae462
03-07 18:28:26.319729  2784  3629 I SurfaceView: 91928240 Returned canvas: android.view.Surface$CompatibleCanvas@5099929
03-07 18:28:26.322781   702  1724 W GraphicBufferSource: released unpopulated slots: [1, 2, 3, 4, 5, 6, 7, 8, 9, 10, 11, 12, 13, 14, 15, 16, 17, 18, 19, 20, 21, 22, 23, 24, 25, 26, 27, 28, 29, 30, 31, 32, 33, 34, 35, 36, 37, 38, 39, 40, 41, 42, 43, 44, 45, 46, 47, 48, 49, 50, 51, 52, 53, 54, 55, 56, 57, 58, 59, 60, 61, 62, 63]
03-07 18:28:26.322985   702  1724 E media.codec: TWGraphicBufferProducer::detachNextBuffer - Invalid output buffer
03-07 18:28:26.353316   702  1724 W GraphicBufferSource: released unpopulated slots: [1, 2, 3, 4, 5, 6, 7, 8, 9, 10, 11, 12, 13, 14, 15, 16, 17, 18, 19, 20, 21, 22, 23, 24, 25, 26, 27, 28, 29, 30, 31, 32, 33, 34, 35, 36, 37, 38, 39, 40, 41, 42, 43, 44, 45, 46, 47, 48, 49, 50, 51, 52, 53, 54, 55, 56, 57, 58, 59, 60, 61, 62, 63]
03-07 18:28:26.353481   702  1724 E media.codec: TWGraphicBufferProducer::detachNextBuffer - Invalid output buffer
03-07 18:28:26.371463  2784  3629 I SurfaceView: 91928240 Locking canvas... stopped=false, surfaceControl=Surface(name=SurfaceView - )/@0xfcae462
03-07 18:28:26.371744  2784  3629 I SurfaceView: 91928240 Returned canvas: android.view.Surface$CompatibleCanvas@5099929
03-07 18:28:26.387750   702  1724 W GraphicBufferSource: released unpopulated slots: [1, 2, 3, 4, 5, 6, 7, 8, 9, 10, 11, 12, 13, 14, 15, 16, 17, 18, 19, 20, 21, 22, 23, 24, 25, 26, 27, 28, 29, 30, 31, 32, 33, 34, 35, 36, 37, 38, 39, 40, 41, 42, 43, 44, 45, 46, 47, 48, 49, 50, 51, 52, 53, 54, 55, 56, 57, 58, 59, 60, 61, 62, 63]
03-07 18:28:26.387914   702  1724 E media.codec: TWGraphicBufferProducer::detachNextBuffer - Invalid output buffer
03-07 18:28:26.411158  2891  2891 I CAR.VENDOR.AVM: onChange:newValue = CarPropertyValue{mPropertyId=0x21400470, mAreaId=0x0, mStatus=0, mTimestamp=1113596049416, mValue=0}
03-07 18:28:26.411223  1579  1579 I CAR.VENDOR.AVM: onChange:newValue = CarPropertyValue{mPropertyId=0x21400470, mAreaId=0x0, mStatus=0, mTimestamp=1113596049416, mValue=0}
03-07 18:28:26.420478   702  1724 W GraphicBufferSource: released unpopulated slots: [1, 2, 3, 4, 5, 6, 7, 8, 9, 10, 11, 12, 13, 14, 15, 16, 17, 18, 19, 20, 21, 22, 23, 24, 25, 26, 27, 28, 29, 30, 31, 32, 33, 34, 35, 36, 37, 38, 39, 40, 41, 42, 43, 44, 45, 46, 47, 48, 49, 50, 51, 52, 53, 54, 55, 56, 57, 58, 59, 60, 61, 62, 63]
03-07 18:28:26.420642   702  1724 E media.codec: TWGraphicBufferProducer::detachNextBuffer - Invalid output buffer
03-07 18:28:26.422502  2784  3629 I SurfaceView: 91928240 Locking canvas... stopped=false, surfaceControl=Surface(name=SurfaceView - )/@0xfcae462
03-07 18:28:26.422786  2784  3629 I SurfaceView: 91928240 Returned canvas: android.view.Surface$CompatibleCanvas@5099929
03-07 18:28:26.473568  2784  3629 I SurfaceView: 91928240 Locking canvas... stopped=false, surfaceControl=Surface(name=SurfaceView - )/@0xfcae462
03-07 18:28:26.473774  2784  3629 I SurfaceView: 91928240 Returned canvas: android.view.Surface$CompatibleCanvas@5099929
03-07 18:28:26.489804   702  1724 W GraphicBufferSource: released unpopulated slots: [1, 2, 3, 4, 5, 6, 7, 8, 9, 10, 11, 12, 13, 14, 15, 16, 17, 18, 19, 20, 21, 22, 23, 24, 25, 26, 27, 28, 29, 30, 31, 32, 33, 34, 35, 36, 37, 38, 39, 40, 41, 42, 43, 44, 45, 46, 47, 48, 49, 50, 51, 52, 53, 54, 55, 56, 57, 58, 59, 60, 61, 62, 63]
03-07 18:28:26.489972   702  1724 E media.codec: TWGraphicBufferProducer::detachNextBuffer - Invalid output buffer
03-07 18:28:26.520672   702  1724 W GraphicBufferSource: released unpopulated slots: [1, 2, 3, 4, 5, 6, 7, 8, 9, 10, 11, 12, 13, 14, 15, 16, 17, 18, 19, 20, 21, 22, 23, 24, 25, 26, 27, 28, 29, 30, 31, 32, 33, 34, 35, 36, 37, 38, 39, 40, 41, 42, 43, 44, 45, 46, 47, 48, 49, 50, 51, 52, 53, 54, 55, 56, 57, 58, 59, 60, 61, 62, 63]
03-07 18:28:26.520838   702  1724 E media.codec: TWGraphicBufferProducer::detachNextBuffer - Invalid output buffer
03-07 18:28:26.524264  1579  1579 I CAR.VENDOR.AVM: onChange:newValue = CarPropertyValue{mPropertyId=0x21400470, mAreaId=0x0, mStatus=0, mTimestamp=1113708454052, mValue=0}
03-07 18:28:26.524270  2891  2891 I CAR.VENDOR.AVM: onChange:newValue = CarPropertyValue{mPropertyId=0x21400470, mAreaId=0x0, mStatus=0, mTimestamp=1113708454052, mValue=0}
03-07 18:28:26.524719  2784  3629 I SurfaceView: 91928240 Locking canvas... stopped=false, surfaceControl=Surface(name=SurfaceView - )/@0xfcae462
03-07 18:28:26.524978  2784  3629 I SurfaceView: 91928240 Returned canvas: android.view.Surface$CompatibleCanvas@5099929
03-07 18:28:26.565647   702  1724 W GraphicBufferSource: released unpopulated slots: [1, 2, 3, 4, 5, 6, 7, 8, 9, 10, 11, 12, 13, 14, 15, 16, 17, 18, 19, 20, 21, 22, 23, 24, 25, 26, 27, 28, 29, 30, 31, 32, 33, 34, 35, 36, 37, 38, 39, 40, 41, 42, 43, 44, 45, 46, 47, 48, 49, 50, 51, 52, 53, 54, 55, 56, 57, 58, 59, 60, 61, 62, 63]
03-07 18:28:26.565814   702  1724 E media.codec: TWGraphicBufferProducer::detachNextBuffer - Invalid output buffer
03-07 18:28:26.576388  2784  3629 I SurfaceView: 91928240 Locking canvas... stopped=false, surfaceControl=Surface(name=SurfaceView - )/@0xfcae462
03-07 18:28:26.576834  2784  3629 I SurfaceView: 91928240 Returned canvas: android.view.Surface$CompatibleCanvas@5099929
03-07 18:28:26.587347   702  1724 W GraphicBufferSource: released unpopulated slots: [1, 2, 3, 4, 5, 6, 7, 8, 9, 10, 11, 12, 13, 14, 15, 16, 17, 18, 19, 20, 21, 22, 23, 24, 25, 26, 27, 28, 29, 30, 31, 32, 33, 34, 35, 36, 37, 38, 39, 40, 41, 42, 43, 44, 45, 46, 47, 48, 49, 50, 51, 52, 53, 54, 55, 56, 57, 58, 59, 60, 61, 62, 63]
03-07 18:28:26.587531   702  1724 E media.codec: TWGraphicBufferProducer::detachNextBuffer - Invalid output buffer
03-07 18:28:26.615341   478  4695 W AudioHalHWBosch: in_read: 3072 bytes read in  in_read(). frame_size:24. frames_read:17356800. readOnce:17356800.out frame count:128. dataNum:135599. dataVal:135600. dataNormal:1619. dataExt:0.dataLastValue:0. dateSame:2260.                 SysAmpIntVariant:0. data_analysis :0:0:0:0 :0:0:0:0 :-16:-1:-2:1.
03-07 18:28:26.629493  2784  3629 I SurfaceView: 91928240 Locking canvas... stopped=false, surfaceControl=Surface(name=SurfaceView - )/@0xfcae462
03-07 18:28:26.630061  2784  3629 I SurfaceView: 91928240 Returned canvas: android.view.Surface$CompatibleCanvas@5099929
03-07 18:28:26.634648  2891  2891 I CAR.VENDOR.AVM: onChange:newValue = CarPropertyValue{mPropertyId=0x21400470, mAreaId=0x0, mStatus=0, mTimestamp=1113817823270, mValue=0}
03-07 18:28:26.634714  1579  1579 I CAR.VENDOR.AVM: onChange:newValue = CarPropertyValue{mPropertyId=0x21400470, mAreaId=0x0, mStatus=0, mTimestamp=1113817823270, mValue=0}
03-07 18:28:26.641305  2507  2507 I BootPresenter: (-$$Lambda$Qut1UVg1Gu75cdlDy9b5jeBJWaU.java:2)bootQuickLogin---->puid = 0
03-07 18:28:26.641882  2507  2507 I BootPresenter: (-$$Lambda$Qut1UVg1Gu75cdlDy9b5jeBJWaU.java:2)bootAutoLogin---->500ms后重试 puid = 0 , faceId = 0 , isNetInited = false
03-07 18:28:26.655897   702  1724 W GraphicBufferSource: released unpopulated slots: [1, 2, 3, 4, 5, 6, 7, 8, 9, 10, 11, 12, 13, 14, 15, 16, 17, 18, 19, 20, 21, 22, 23, 24, 25, 26, 27, 28, 29, 30, 31, 32, 33, 34, 35, 36, 37, 38, 39, 40, 41, 42, 43, 44, 45, 46, 47, 48, 49, 50, 51, 52, 53, 54, 55, 56, 57, 58, 59, 60, 61, 62, 63]
03-07 18:28:26.656074   702  1724 E media.codec: TWGraphicBufferProducer::detachNextBuffer - Invalid output buffer
03-07 18:28:26.682499  2784  3629 I SurfaceView: 91928240 Locking canvas... stopped=false, surfaceControl=Surface(name=SurfaceView - )/@0xfcae462
03-07 18:28:26.682932  2784  3629 I SurfaceView: 91928240 Returned canvas: android.view.Surface$CompatibleCanvas@5099929
03-07 18:28:26.685772   702  1724 W GraphicBufferSource: released unpopulated slots: [1, 2, 3, 4, 5, 6, 7, 8, 9, 10, 11, 12, 13, 14, 15, 16, 17, 18, 19, 20, 21, 22, 23, 24, 25, 26, 27, 28, 29, 30, 31, 32, 33, 34, 35, 36, 37, 38, 39, 40, 41, 42, 43, 44, 45, 46, 47, 48, 49, 50, 51, 52, 53, 54, 55, 56, 57, 58, 59, 60, 61, 62, 63]
03-07 18:28:26.685941   702  1724 E media.codec: TWGraphicBufferProducer::detachNextBuffer - Invalid output buffer
03-07 18:28:26.720477   702  1724 W GraphicBufferSource: released unpopulated slots: [1, 2, 3, 4, 5, 6, 7, 8, 9, 10, 11, 12, 13, 14, 15, 16, 17, 18, 19, 20, 21, 22, 23, 24, 25, 26, 27, 28, 29, 30, 31, 32, 33, 34, 35, 36, 37, 38, 39, 40, 41, 42, 43, 44, 45, 46, 47, 48, 49, 50, 51, 52, 53, 54, 55, 56, 57, 58, 59, 60, 61, 62, 63]
03-07 18:28:26.720660   702  1724 E media.codec: TWGraphicBufferProducer::detachNextBuffer - Invalid output buffer
03-07 18:28:26.735650  2784  3629 I SurfaceView: 91928240 Locking canvas... stopped=false, surfaceControl=Surface(name=SurfaceView - )/@0xfcae462
03-07 18:28:26.736167  2784  3629 I SurfaceView: 91928240 Returned canvas: android.view.Surface$CompatibleCanvas@5099929
03-07 18:28:26.741168  2891  2891 I CAR.VENDOR.AVM: onChange:newValue = CarPropertyValue{mPropertyId=0x21400470, mAreaId=0x0, mStatus=0, mTimestamp=1113925337437, mValue=0}
03-07 18:28:26.741262  1579  1579 I CAR.VENDOR.AVM: onChange:newValue = CarPropertyValue{mPropertyId=0x21400470, mAreaId=0x0, mStatus=0, mTimestamp=1113925337437, mValue=0}
03-07 18:28:26.756096   702  1724 W GraphicBufferSource: released unpopulated slots: [1, 2, 3, 4, 5, 6, 7, 8, 9, 10, 11, 12, 13, 14, 15, 16, 17, 18, 19, 20, 21, 22, 23, 24, 25, 26, 27, 28, 29, 30, 31, 32, 33, 34, 35, 36, 37, 38, 39, 40, 41, 42, 43, 44, 45, 46, 47, 48, 49, 50, 51, 52, 53, 54, 55, 56, 57, 58, 59, 60, 61, 62, 63]
03-07 18:28:26.756279   702  1724 E media.codec: TWGraphicBufferProducer::detachNextBuffer - Invalid output buffer
03-07 18:28:26.788450  2784  3629 I SurfaceView: 91928240 Locking canvas... stopped=false, surfaceControl=Surface(name=SurfaceView - )/@0xfcae462
03-07 18:28:26.788824  2784  3629 I SurfaceView: 91928240 Returned canvas: android.view.Surface$CompatibleCanvas@5099929
03-07 18:28:26.817628  3159  3663 I LocationManager: Choose AMap.
03-07 18:28:26.820864   702  1724 W GraphicBufferSource: released unpopulated slots: [1, 2, 3, 4, 5, 6, 7, 8, 9, 10, 11, 12, 13, 14, 15, 16, 17, 18, 19, 20, 21, 22, 23, 24, 25, 26, 27, 28, 29, 30, 31, 32, 33, 34, 35, 36, 37, 38, 39, 40, 41, 42, 43, 44, 45, 46, 47, 48, 49, 50, 51, 52, 53, 54, 55, 56, 57, 58, 59, 60, 61, 62, 63]
03-07 18:28:26.821326   702   847 E media.codec: TWGraphicBufferProducer::detachNextBuffer - Invalid output buffer
03-07 18:28:26.841684  2784  3629 I SurfaceView: 91928240 Locking canvas... stopped=false, surfaceControl=Surface(name=SurfaceView - )/@0xfcae462
03-07 18:28:26.842160  2784  3629 I SurfaceView: 91928240 Returned canvas: android.view.Surface$CompatibleCanvas@5099929
03-07 18:28:26.849127  1579  1579 I CAR.VENDOR.AVM: onChange:newValue = CarPropertyValue{mPropertyId=0x21400470, mAreaId=0x0, mStatus=0, mTimestamp=1114032631291, mValue=0}
03-07 18:28:26.849268  2891  2891 I CAR.VENDOR.AVM: onChange:newValue = CarPropertyValue{mPropertyId=0x21400470, mAreaId=0x0, mStatus=0, mTimestamp=1114032631291, mValue=0}
03-07 18:28:26.854816   702  1724 W GraphicBufferSource: released unpopulated slots: [1, 2, 3, 4, 5, 6, 7, 8, 9, 10, 11, 12, 13, 14, 15, 16, 17, 18, 19, 20, 21, 22, 23, 24, 25, 26, 27, 28, 29, 30, 31, 32, 33, 34, 35, 36, 37, 38, 39, 40, 41, 42, 43, 44, 45, 46, 47, 48, 49, 50, 51, 52, 53, 54, 55, 56, 57, 58, 59, 60, 61, 62, 63]
03-07 18:28:26.855129   702   847 E media.codec: TWGraphicBufferProducer::detachNextBuffer - Invalid output buffer
03-07 18:28:26.886145   702  1724 W GraphicBufferSource: released unpopulated slots: [1, 2, 3, 4, 5, 6, 7, 8, 9, 10, 11, 12, 13, 14, 15, 16, 17, 18, 19, 20, 21, 22, 23, 24, 25, 26, 27, 28, 29, 30, 31, 32, 33, 34, 35, 36, 37, 38, 39, 40, 41, 42, 43, 44, 45, 46, 47, 48, 49, 50, 51, 52, 53, 54, 55, 56, 57, 58, 59, 60, 61, 62, 63]
03-07 18:28:26.886531   702  1724 E media.codec: TWGraphicBufferProducer::detachNextBuffer - Invalid output buffer
