04-15 18:44:52.641823  2998  2998 I ICommonBinder: speed=25.56caller uid = 1000 ,pid = 2998
04-15 18:44:52.641840  2998  2998 I ICarBinder: mIGearCallback.size=0
04-15 18:44:52.641886  1913  1913 I MXNavi-SystemTts-VoiceModel: onReceiveCarProperty i:106 s:25.56
04-15 18:44:52.641986  1913 31331 I MXNavi-MainViewModel: onSpeedChanged:92.016 mSpeed:0.0 isCounting:false isStopTime:false
04-15 18:44:52.642020  1913 31331 I [Activate]ActivateManager: isActivation Methods are called by the class MainViewModel onSpeedChanged batchActivateResult:106
04-15 18:44:52.642033  1913 31331 E MXNavi-[Navi_Performance]: [ToolKit]: MainViewModel--onSpeedChanged activation == false
04-15 18:44:52.642042  1913 31331 E [Navi_Performance]: [ToolKit]: MainViewModel--onSpeedChanged activation == false
04-15 18:44:52.642512  3042  8437 I DVR     : |Binder:3042_5|DVRService RegisterManager onCarSensorDataChanged...unknown = 557844818 
04-15 18:44:52.642730  3264  3627 E FeatureSwitchStrategyManager: sceneNeedAction: start SCENE_DYNAMIC
04-15 18:44:52.655277  2824  3668 I SurfaceView: 111912830 Locking canvas... stopped=false, surfaceControl=Surface(name=SurfaceView - )/@0xd56e900
04-15 18:44:52.655548  2824  3668 I SurfaceView: 111912830 Returned canvas: android.view.Surface$CompatibleCanvas@d92e4df
04-15 18:44:52.695190  3264 12797 E FeatureSwitchManager: changeFeatureSwitch, algType:3,bitMask:1000,enable:false
04-15 18:44:52.695344  3264 12797 E TcpLibClient: 服务端端口: 10.0.0.34:5096, 指定服务端未连接
04-15 18:44:52.695424  3264 12797 E TcpManager: 与服务器连接已断开
04-15 18:44:52.695464  3264  3264 E IntelliSenseService: connect server close-> address:10.0.0.34
04-15 18:44:52.707152  2824  3668 I SurfaceView: 111912830 Locking canvas... stopped=false, surfaceControl=Surface(name=SurfaceView - )/@0xd56e900
04-15 18:44:52.707359  2824  3668 I SurfaceView: 111912830 Returned canvas: android.view.Surface$CompatibleCanvas@d92e4df
04-15 18:44:52.730190  1587  1587 I CAR.VENDOR.AVM: onChange:newValue = CarPropertyValue{mPropertyId=0x21400470, mAreaId=0x0, mStatus=0, mTimestamp=6383019330526, mValue=0}
04-15 18:44:52.730337  2814  2814 I CAR.VENDOR.AVM: onChange:newValue = CarPropertyValue{mPropertyId=0x21400470, mAreaId=0x0, mStatus=0, mTimestamp=6383019330526, mValue=0}
04-15 18:44:52.730876  2776  2776 I BoschCarServiceImp: onCarSpeedChanged:  0.0
04-15 18:44:52.731136  2776  3546 I FeiYuOS_CarPropertyImp: NOTIFY_CAR_PROPERTY_MESSAGE_CHANGE ++++++++++++++++++++++++++++++
04-15 18:44:52.731162  2776  3546 I FeiYuOS_CarPropertyImp: notifyCarPropertyMessageChange propId: 106, propValue: 0.0
04-15 18:44:52.731290  2998  2998 I ICommonBinder: speed=0.0caller uid = 1000 ,pid = 2998
04-15 18:44:52.731307  2998  2998 I ICarBinder: mIGearCallback.size=0
04-15 18:44:52.731537  3264  3627 E FeatureSwitchStrategyManager: sceneNeedAction: start SCENE_STATIC
04-15 18:44:52.731944  1913  1913 I MXNavi-SystemTts-VoiceModel: onReceiveCarProperty i:106 s:0.0
04-15 18:44:52.732025  1913 31332 I MXNavi-MainViewModel: onSpeedChanged:0.0 mSpeed:0.0 isCounting:false isStopTime:false
04-15 18:44:52.732055  1913 31332 I [Activate]ActivateManager: isActivation Methods are called by the class MainViewModel onSpeedChanged batchActivateResult:106
04-15 18:44:52.732067  1913 31332 E MXNavi-[Navi_Performance]: [ToolKit]: MainViewModel--onSpeedChanged activation == false
04-15 18:44:52.732076  1913 31332 E [Navi_Performance]: [ToolKit]: MainViewModel--onSpeedChanged activation == false
04-15 18:44:52.732334  3042  8437 I DVR     : |Binder:3042_5|DVRService RegisterManager onCarSensorDataChanged...unknown = 557844818 
04-15 18:44:52.741263  2776  2776 I BoschCarServiceImp: onCarSpeedChanged:  25.56
04-15 18:44:52.741506  2776  3546 I FeiYuOS_CarPropertyImp: NOTIFY_CAR_PROPERTY_MESSAGE_CHANGE ++++++++++++++++++++++++++++++
04-15 18:44:52.741527  2998  2998 I ICommonBinder: speed=25.56caller uid = 1000 ,pid = 2998
04-15 18:44:52.741545  2998  2998 I ICarBinder: mIGearCallback.size=0
04-15 18:44:52.741553  2776  3546 I FeiYuOS_CarPropertyImp: notifyCarPropertyMessageChange propId: 106, propValue: 25.56
04-15 18:44:52.741713  1913  1913 I MXNavi-SystemTts-VoiceModel: onReceiveCarProperty i:106 s:25.56
04-15 18:44:52.741738  3042  8437 I DVR     : |Binder:3042_5|DVRService RegisterManager onCarSensorDataChanged...unknown = 557844818 
04-15 18:44:52.742447  1913 31333 I MXNavi-MainViewModel: onSpeedChanged:92.016 mSpeed:0.0 isCounting:false isStopTime:false
04-15 18:44:52.742479  3264  3627 E carSpeedChanged: carSpeedChanged 25.56
04-15 18:44:52.742516  3264  3627 E judgeAllSceneStrategy: current speed = 92.016 mCurrentScene =0
04-15 18:44:52.742653  3264  3627 E FeatureSwitchStrategyManager: sceneNeedAction: start SCENE_DYNAMIC
04-15 18:44:52.742681  1913 31333 I [Activate]ActivateManager: isActivation Methods are called by the class MainViewModel onSpeedChanged batchActivateResult:106
04-15 18:44:52.742708  1913 31333 E MXNavi-[Navi_Performance]: [ToolKit]: MainViewModel--onSpeedChanged activation == false
04-15 18:44:52.742722  1913 31333 E [Navi_Performance]: [ToolKit]: MainViewModel--onSpeedChanged activation == false
04-15 18:44:52.743801  2533  2533 I BootPresenter: (-$$Lambda$Qut1UVg1Gu75cdlDy9b5jeBJWaU.java:2)bootQuickLogin---->puid = 0
04-15 18:44:52.744679  2533  2533 I BootPresenter: (-$$Lambda$Qut1UVg1Gu75cdlDy9b5jeBJWaU.java:2)bootAutoLogin---->500ms后重试 puid = 0 , faceId = 0 , isNetInited = false
04-15 18:44:52.758565  2824  3668 I SurfaceView: 111912830 Locking canvas... stopped=false, surfaceControl=Surface(name=SurfaceView - )/@0xd56e900
04-15 18:44:52.758814  2824  3668 I SurfaceView: 111912830 Returned canvas: android.view.Surface$CompatibleCanvas@d92e4df
04-15 18:44:52.797165  3264 12797 E FeatureSwitchManager: changeFeatureSwitch, algType:1,bitMask:1000,enable:true
04-15 18:44:52.797302  3264 12797 E TcpLibClient: 服务端端口: 10.0.0.34:5096, 指定服务端未连接
04-15 18:44:52.797544  3264 12797 E TcpManager: 与服务器连接已断开
04-15 18:44:52.797561  3264  3264 E IntelliSenseService: connect server close-> address:10.0.0.34
04-15 18:44:52.810239  2824  3668 I SurfaceView: 111912830 Locking canvas... stopped=false, surfaceControl=Surface(name=SurfaceView - )/@0xd56e900
04-15 18:44:52.810478  2824  3668 I SurfaceView: 111912830 Returned canvas: android.view.Surface$CompatibleCanvas@d92e4df
04-15 18:44:52.809000   498   498 I MonitorWorker: type=1400 audit(0.0:3038): avc: denied { unlink } for name="logcat.txt.17" dev="vdm" ino=805 scontext=u:r:logcat_file_count_sh:s0 tcontext=u:object_r:mnt_user_file:s0 tclass=file permissive=1
04-15 18:44:52.829715   498   580 I CBaseMonitor: [run-357]compress files,cur path is /mnt/user/log_android/cycle_195,last path is 
04-15 18:44:52.832696  2776  2776 I BoschCarServiceImp: onCarSpeedChanged:  0.0
04-15 18:44:52.832770  2776  3546 I FeiYuOS_CarPropertyImp: NOTIFY_CAR_PROPERTY_MESSAGE_CHANGE ++++++++++++++++++++++++++++++
04-15 18:44:52.832790  2776  3546 I FeiYuOS_CarPropertyImp: notifyCarPropertyMessageChange propId: 106, propValue: 0.0
04-15 18:44:52.832946  1913  1913 I MXNavi-SystemTts-VoiceModel: onReceiveCarProperty i:106 s:0.0
04-15 18:44:52.833047  1913 31334 I MXNavi-MainViewModel: onSpeedChanged:0.0 mSpeed:0.0 isCounting:false isStopTime:false
04-15 18:44:52.833132  1913 31334 I [Activate]ActivateManager: isActivation Methods are called by the class MainViewModel onSpeedChanged batchActivateResult:106
04-15 18:44:52.833146  1913 31334 E MXNavi-[Navi_Performance]: [ToolKit]: MainViewModel--onSpeedChanged activation == false
04-15 18:44:52.833154  1913 31334 E [Navi_Performance]: [ToolKit]: MainViewModel--onSpeedChanged activation == false
04-15 18:44:52.834454  3264  3627 E FeatureSwitchStrategyManager: sceneNeedAction: start SCENE_STATIC
04-15 18:44:52.834695  2998  2998 I ICommonBinder: speed=0.0caller uid = 1000 ,pid = 2998
04-15 18:44:52.834713  2998  2998 I ICarBinder: mIGearCallback.size=0
04-15 18:44:52.834725  3042  8437 I DVR     : |Binder:3042_5|DVRService RegisterManager onCarSensorDataChanged...unknown = 557844818 
04-15 18:44:52.842410  1587  1587 I CAR.VENDOR.AVM: onChange:newValue = CarPropertyValue{mPropertyId=0x21400470, mAreaId=0x0, mStatus=0, mTimestamp=6383131642818, mValue=0}
04-15 18:44:52.843991  2776  2776 I BoschCarServiceImp: onCarSpeedChanged:  25.56
04-15 18:44:52.844041  2776  3546 I FeiYuOS_CarPropertyImp: NOTIFY_CAR_PROPERTY_MESSAGE_CHANGE ++++++++++++++++++++++++++++++
04-15 18:44:52.844061  2776  3546 I FeiYuOS_CarPropertyImp: notifyCarPropertyMessageChange propId: 106, propValue: 25.56
04-15 18:44:52.844839  1913  1913 I MXNavi-SystemTts-VoiceModel: onReceiveCarProperty i:106 s:25.56
04-15 18:44:52.845305  2814  2814 I CAR.VENDOR.AVM: onChange:newValue = CarPropertyValue{mPropertyId=0x21400470, mAreaId=0x0, mStatus=0, mTimestamp=6383131642818, mValue=0}
04-15 18:44:52.845440  1913 31335 I MXNavi-MainViewModel: onSpeedChanged:92.016 mSpeed:0.0 isCounting:false isStopTime:false
04-15 18:44:52.845479  1913 31335 I [Activate]ActivateManager: isActivation Methods are called by the class MainViewModel onSpeedChanged batchActivateResult:106
04-15 18:44:52.845490  1913 31335 E MXNavi-[Navi_Performance]: [ToolKit]: MainViewModel--onSpeedChanged activation == false
04-15 18:44:52.845498  1913 31335 E [Navi_Performance]: [ToolKit]: MainViewModel--onSpeedChanged activation == false
04-15 18:44:52.845712  2998  2998 I ICommonBinder: speed=25.56caller uid = 1000 ,pid = 2998
04-15 18:44:52.845759  2998  2998 I ICarBinder: mIGearCallback.size=0
04-15 18:44:52.846002  3264  3627 E FeatureSwitchStrategyManager: sceneNeedAction: start SCENE_DYNAMIC
04-15 18:44:52.846889  3042  8437 I DVR     : |Binder:3042_5|DVRService RegisterManager onCarSensorDataChanged...unknown = 557844818 
04-15 18:44:52.862433  2824  3668 I SurfaceView: 111912830 Locking canvas... stopped=false, surfaceControl=Surface(name=SurfaceView - )/@0xd56e900
04-15 18:44:52.862662  2824  3668 I SurfaceView: 111912830 Returned canvas: android.view.Surface$CompatibleCanvas@d92e4df
04-15 18:44:52.899224  3264 12797 E FeatureSwitchManager: changeFeatureSwitch, algType:2,bitMask:1000,enable:true
04-15 18:44:52.899345  3264 12797 E TcpLibClient: 服务端端口: 10.0.0.34:5096, 指定服务端未连接
04-15 18:44:52.899451  3264 12797 E TcpManager: 与服务器连接已断开
04-15 18:44:52.899476  3264  3264 E IntelliSenseService: connect server close-> address:10.0.0.34
04-15 18:44:52.914219  2824  3668 I SurfaceView: 111912830 Locking canvas... stopped=false, surfaceControl=Surface(name=SurfaceView - )/@0xd56e900
04-15 18:44:52.914422  2824  3668 I SurfaceView: 111912830 Returned canvas: android.view.Surface$CompatibleCanvas@d92e4df
04-15 18:44:52.937906  2998  2998 I ICommonBinder: speed=0.0caller uid = 1000 ,pid = 2998
04-15 18:44:52.937950  2998  2998 I ICarBinder: mIGearCallback.size=0
04-15 18:44:52.938488  3042  8437 I DVR     : |Binder:3042_5|DVRService RegisterManager onCarSensorDataChanged...unknown = 557844818 
04-15 18:44:52.938981  3264  3627 E FeatureSwitchStrategyManager: sceneNeedAction: start SCENE_STATIC
04-15 18:44:52.939403  2998  2998 I ICommonBinder: speed=25.56caller uid = 1000 ,pid = 2998
04-15 18:44:52.939419  2998  2998 I ICarBinder: mIGearCallback.size=0
04-15 18:44:52.940177  3042  8437 I DVR     : |Binder:3042_5|DVRService RegisterManager onCarSensorDataChanged...unknown = 557844818 
04-15 18:44:52.941097  2776  2776 I BoschCarServiceImp: onCarSpeedChanged:  0.0
04-15 18:44:52.941259  2776  2776 I BoschCarServiceImp: onCarSpeedChanged:  25.56
04-15 18:44:52.941294  2776  3546 I FeiYuOS_CarPropertyImp: NOTIFY_CAR_PROPERTY_MESSAGE_CHANGE ++++++++++++++++++++++++++++++
04-15 18:44:52.941382  2776  3546 I FeiYuOS_CarPropertyImp: notifyCarPropertyMessageChange propId: 106, propValue: 0.0
04-15 18:44:52.941541  1913  1913 I MXNavi-SystemTts-VoiceModel: onReceiveCarProperty i:106 s:0.0
04-15 18:44:52.941701  2776  3546 I FeiYuOS_CarPropertyImp: NOTIFY_CAR_PROPERTY_MESSAGE_CHANGE ++++++++++++++++++++++++++++++
04-15 18:44:52.941715  2776  3546 I FeiYuOS_CarPropertyImp: notifyCarPropertyMessageChange propId: 106, propValue: 25.56
04-15 18:44:52.941759  1913 31336 I MXNavi-MainViewModel: onSpeedChanged:0.0 mSpeed:0.0 isCounting:false isStopTime:false
04-15 18:44:52.941824  1913  1913 I MXNavi-SystemTts-VoiceModel: onReceiveCarProperty i:106 s:25.56
04-15 18:44:52.941826  1913 31336 I [Activate]ActivateManager: isActivation Methods are called by the class MainViewModel onSpeedChanged batchActivateResult:106
04-15 18:44:52.941843  1913 31336 E MXNavi-[Navi_Performance]: [ToolKit]: MainViewModel--onSpeedChanged activation == false
04-15 18:44:52.941859  1913 31336 E [Navi_Performance]: [ToolKit]: MainViewModel--onSpeedChanged activation == false
04-15 18:44:52.941880  1913 31336 I MXNavi-MainViewModel: onSpeedChanged:92.016 mSpeed:0.0 isCounting:false isStopTime:false
04-15 18:44:52.941893  1913 31336 I [Activate]ActivateManager: isActivation Methods are called by the class MainViewModel onSpeedChanged batchActivateResult:106
04-15 18:44:52.941902  1913 31336 E MXNavi-[Navi_Performance]: [ToolKit]: MainViewModel--onSpeedChanged activation == false
04-15 18:44:52.941907  1913 31336 E [Navi_Performance]: [ToolKit]: MainViewModel--onSpeedChanged activation == false
04-15 18:44:52.949395  3264  3627 E FeatureSwitchStrategyManager: sceneNeedAction: start SCENE_DYNAMIC
04-15 18:44:52.953930  1587  1587 I CAR.VENDOR.AVM: onChange:newValue = CarPropertyValue{mPropertyId=0x21400470, mAreaId=0x0, mStatus=0, mTimestamp=6383243397193, mValue=0}
04-15 18:44:52.953923  2814  2814 I CAR.VENDOR.AVM: onChange:newValue = CarPropertyValue{mPropertyId=0x21400470, mAreaId=0x0, mStatus=0, mTimestamp=6383243397193, mValue=0}
04-15 18:44:52.967207  2824  3668 I SurfaceView: 111912830 Locking canvas... stopped=false, surfaceControl=Surface(name=SurfaceView - )/@0xd56e900
04-15 18:44:52.967417  2824  3668 I SurfaceView: 111912830 Returned canvas: android.view.Surface$CompatibleCanvas@d92e4df
04-15 18:44:53.001357  3264 12797 E FeatureSwitchManager: changeFeatureSwitch, algType:3,bitMask:1000,enable:true
04-15 18:44:53.001546  3264 12797 E TcpLibClient: 服务端端口: 10.0.0.34:5096, 指定服务端未连接
04-15 18:44:53.001628  3264 12797 E TcpManager: 与服务器连接已断开
04-15 18:44:53.001649  3264  3264 E IntelliSenseService: connect server close-> address:10.0.0.34
04-15 18:44:53.019182  2824  3668 I SurfaceView: 111912830 Locking canvas... stopped=false, surfaceControl=Surface(name=SurfaceView - )/@0xd56e900
04-15 18:44:53.019449  2824  3668 I SurfaceView: 111912830 Returned canvas: android.view.Surface$CompatibleCanvas@d92e4df
04-15 18:44:53.036216  2776  2776 I BoschCarServiceImp: onCarSpeedChanged:  0.0
04-15 18:44:53.036324  2776  3546 I FeiYuOS_CarPropertyImp: NOTIFY_CAR_PROPERTY_MESSAGE_CHANGE ++++++++++++++++++++++++++++++
04-15 18:44:53.036343  2776  3546 I FeiYuOS_CarPropertyImp: notifyCarPropertyMessageChange propId: 106, propValue: 0.0
04-15 18:44:53.036743  1913  1913 I MXNavi-SystemTts-VoiceModel: onReceiveCarProperty i:106 s:0.0
04-15 18:44:53.036908  1913 31338 I MXNavi-MainViewModel: onSpeedChanged:0.0 mSpeed:0.0 isCounting:false isStopTime:false
04-15 18:44:53.037022  1913 31338 I [Activate]ActivateManager: isActivation Methods are called by the class MainViewModel onSpeedChanged batchActivateResult:106
04-15 18:44:53.037047  1913 31338 E MXNavi-[Navi_Performance]: [ToolKit]: MainViewModel--onSpeedChanged activation == false
04-15 18:44:53.037179  1913 31338 E [Navi_Performance]: [ToolKit]: MainViewModel--onSpeedChanged activation == false
04-15 18:44:53.038233  2998  2998 I ICommonBinder: speed=0.0caller uid = 1000 ,pid = 2998
04-15 18:44:53.038256  2998  2998 I ICarBinder: mIGearCallback.size=0
04-15 18:44:53.038510  3264  3627 E FeatureSwitchStrategyManager: sceneNeedAction: start SCENE_STATIC
04-15 18:44:53.039255  3042  8437 I DVR     : |Binder:3042_5|DVRService RegisterManager onCarSensorDataChanged...unknown = 557844818 
04-15 18:44:53.039546  2776  2776 I BoschCarServiceImp: onCarSpeedChanged:  25.56
04-15 18:44:53.039588  2776  3546 I FeiYuOS_CarPropertyImp: NOTIFY_CAR_PROPERTY_MESSAGE_CHANGE ++++++++++++++++++++++++++++++
04-15 18:44:53.039615  2776  3546 I FeiYuOS_CarPropertyImp: notifyCarPropertyMessageChange propId: 106, propValue: 25.56
04-15 18:44:53.039810  1913  1913 I MXNavi-SystemTts-VoiceModel: onReceiveCarProperty i:106 s:25.56
04-15 18:44:53.039900  1913 31339 I MXNavi-MainViewModel: onSpeedChanged:92.016 mSpeed:0.0 isCounting:false isStopTime:false
04-15 18:44:53.039925  1913 31339 I [Activate]ActivateManager: isActivation Methods are called by the class MainViewModel onSpeedChanged batchActivateResult:106
04-15 18:44:53.039938  1913 31339 E MXNavi-[Navi_Performance]: [ToolKit]: MainViewModel--onSpeedChanged activation == false
04-15 18:44:53.039944  1913 31339 E [Navi_Performance]: [ToolKit]: MainViewModel--onSpeedChanged activation == false
04-15 18:44:53.040669  2998  2998 I ICommonBinder: speed=25.56caller uid = 1000 ,pid = 2998
04-15 18:44:53.040687  2998  2998 I ICarBinder: mIGearCallback.size=0
04-15 18:44:53.042207  3042  8437 I DVR     : |Binder:3042_5|DVRService RegisterManager onCarSensorDataChanged...unknown = 557844818 
04-15 18:44:53.047387  3264  3627 E FeatureSwitchStrategyManager: sceneNeedAction: start SCENE_DYNAMIC
04-15 18:44:53.063871  1587  1587 I CAR.VENDOR.AVM: onChange:newValue = CarPropertyValue{mPropertyId=0x21400470, mAreaId=0x0, mStatus=0, mTimestamp=6383352459745, mValue=0}
04-15 18:44:53.064013  2814  2814 I CAR.VENDOR.AVM: onChange:newValue = CarPropertyValue{mPropertyId=0x21400470, mAreaId=0x0, mStatus=0, mTimestamp=6383352459745, mValue=0}
04-15 18:44:53.070273  2824  3668 I SurfaceView: 111912830 Locking canvas... stopped=false, surfaceControl=Surface(name=SurfaceView - )/@0xd56e900
04-15 18:44:53.070493  2824  3668 I SurfaceView: 111912830 Returned canvas: android.view.Surface$CompatibleCanvas@d92e4df
04-15 18:44:53.101889  3264 12797 E FeatureSwitchManager: changeFeatureSwitch, algType:1,bitMask:1000,enable:false
04-15 18:44:53.102690  3264 12797 E TcpLibClient: 服务端端口: 10.0.0.34:5096, 指定服务端未连接
04-15 18:44:53.102771  3264 12797 E TcpManager: 与服务器连接已断开
04-15 18:44:53.102808  3264  3264 E IntelliSenseService: connect server close-> address:10.0.0.34
04-15 18:44:53.122193  2824  3668 I SurfaceView: 111912830 Locking canvas... stopped=false, surfaceControl=Surface(name=SurfaceView - )/@0xd56e900
04-15 18:44:53.122806  2824  3668 I SurfaceView: 111912830 Returned canvas: android.view.Surface$CompatibleCanvas@d92e4df
04-15 18:44:53.135866  2776  2776 I BoschCarServiceImp: onCarSpeedChanged:  0.0
04-15 18:44:53.135960  2776  3546 I FeiYuOS_CarPropertyImp: NOTIFY_CAR_PROPERTY_MESSAGE_CHANGE ++++++++++++++++++++++++++++++
04-15 18:44:53.135982  2776  3546 I FeiYuOS_CarPropertyImp: notifyCarPropertyMessageChange propId: 106, propValue: 0.0
04-15 18:44:53.136123  1913  1913 I MXNavi-SystemTts-VoiceModel: onReceiveCarProperty i:106 s:0.0
04-15 18:44:53.136212  1913 31340 I MXNavi-MainViewModel: onSpeedChanged:0.0 mSpeed:0.0 isCounting:false isStopTime:false
04-15 18:44:53.136243  1913 31340 I [Activate]ActivateManager: isActivation Methods are called by the class MainViewModel onSpeedChanged batchActivateResult:106
04-15 18:44:53.136253  1913 31340 E MXNavi-[Navi_Performance]: [ToolKit]: MainViewModel--onSpeedChanged activation == false
04-15 18:44:53.136262  1913 31340 E [Navi_Performance]: [ToolKit]: MainViewModel--onSpeedChanged activation == false
04-15 18:44:53.137176  2998  2998 I ICommonBinder: speed=0.0caller uid = 1000 ,pid = 2998
04-15 18:44:53.137218  2998  2998 I ICarBinder: mIGearCallback.size=0
04-15 18:44:53.137541  3264  3627 E FeatureSwitchStrategyManager: sceneNeedAction: start SCENE_STATIC
04-15 18:44:53.138046  3042  8437 I DVR     : |Binder:3042_5|DVRService RegisterManager onCarSensorDataChanged...unknown = 557844818 
04-15 18:44:53.138259  2776  2776 I BoschCarServiceImp: onCarSpeedChanged:  25.56
04-15 18:44:53.138317  2776  3546 I FeiYuOS_CarPropertyImp: NOTIFY_CAR_PROPERTY_MESSAGE_CHANGE ++++++++++++++++++++++++++++++
04-15 18:44:53.138340  2776  3546 I FeiYuOS_CarPropertyImp: notifyCarPropertyMessageChange propId: 106, propValue: 25.56
04-15 18:44:53.138461  1913  1913 I MXNavi-SystemTts-VoiceModel: onReceiveCarProperty i:106 s:25.56
04-15 18:44:53.138535  1913 31341 I MXNavi-MainViewModel: onSpeedChanged:92.016 mSpeed:0.0 isCounting:false isStopTime:false
04-15 18:44:53.138565  1913 31341 I [Activate]ActivateManager: isActivation Methods are called by the class MainViewModel onSpeedChanged batchActivateResult:106
04-15 18:44:53.138577  1913 31341 E MXNavi-[Navi_Performance]: [ToolKit]: MainViewModel--onSpeedChanged activation == false
04-15 18:44:53.138585  1913 31341 E [Navi_Performance]: [ToolKit]: MainViewModel--onSpeedChanged activation == false
04-15 18:44:53.139069  2998  2998 I ICommonBinder: speed=25.56caller uid = 1000 ,pid = 2998
04-15 18:44:53.139084  2998  2998 I ICarBinder: mIGearCallback.size=0
04-15 18:44:53.139697  3042  8437 I DVR     : |Binder:3042_5|DVRService RegisterManager onCarSensorDataChanged...unknown = 557844818 
04-15 18:44:53.151942  3264  3627 E FeatureSwitchStrategyManager: sceneNeedAction: start SCENE_DYNAMIC
04-15 18:44:53.169872  1587  1587 I CAR.VENDOR.AVM: onChange:newValue = CarPropertyValue{mPropertyId=0x21400470, mAreaId=0x0, mStatus=0, mTimestamp=6383459503703, mValue=0}
04-15 18:44:53.169969  2814  2814 I CAR.VENDOR.AVM: onChange:newValue = CarPropertyValue{mPropertyId=0x21400470, mAreaId=0x0, mStatus=0, mTimestamp=6383459503703, mValue=0}
04-15 18:44:53.174290  2824  3668 I SurfaceView: 111912830 Locking canvas... stopped=false, surfaceControl=Surface(name=SurfaceView - )/@0xd56e900
04-15 18:44:53.174473  2824  3668 I SurfaceView: 111912830 Returned canvas: android.view.Surface$CompatibleCanvas@d92e4df
04-15 18:44:53.202199  3264 12797 E FeatureSwitchManager: changeFeatureSwitch, algType:2,bitMask:1000,enable:false
04-15 18:44:53.202324  3264 12797 E TcpLibClient: 服务端端口: 10.0.0.34:5096, 指定服务端未连接
04-15 18:44:53.202370  3264 12797 E TcpManager: 与服务器连接已断开
04-15 18:44:53.202397  3264  3264 E IntelliSenseService: connect server close-> address:10.0.0.34
04-15 18:44:53.226246  2824  3668 I SurfaceView: 111912830 Locking canvas... stopped=false, surfaceControl=Surface(name=SurfaceView - )/@0xd56e900
04-15 18:44:53.226462  2824  3668 I SurfaceView: 111912830 Returned canvas: android.view.Surface$CompatibleCanvas@d92e4df
04-15 18:44:53.237424  2776  2776 I BoschCarServiceImp: onCarSpeedChanged:  0.0
04-15 18:44:53.237706  2776  3546 I FeiYuOS_CarPropertyImp: NOTIFY_CAR_PROPERTY_MESSAGE_CHANGE ++++++++++++++++++++++++++++++
04-15 18:44:53.237732  2776  3546 I FeiYuOS_CarPropertyImp: notifyCarPropertyMessageChange propId: 106, propValue: 0.0
04-15 18:44:53.238430  1913  1913 I MXNavi-SystemTts-VoiceModel: onReceiveCarProperty i:106 s:0.0
04-15 18:44:53.238545  2998  2998 I ICommonBinder: speed=0.0caller uid = 1000 ,pid = 2998
04-15 18:44:53.238582  2998  2998 I ICarBinder: mIGearCallback.size=0
04-15 18:44:53.238581  1913 31342 I MXNavi-MainViewModel: onSpeedChanged:0.0 mSpeed:0.0 isCounting:false isStopTime:false
04-15 18:44:53.238638  1913 31342 I [Activate]ActivateManager: isActivation Methods are called by the class MainViewModel onSpeedChanged batchActivateResult:106
04-15 18:44:53.238718  1913 31342 E MXNavi-[Navi_Performance]: [ToolKit]: MainViewModel--onSpeedChanged activation == false
04-15 18:44:53.239948  1913 31342 E [Navi_Performance]: [ToolKit]: MainViewModel--onSpeedChanged activation == false
04-15 18:44:53.240124  3264  3627 E FeatureSwitchStrategyManager: sceneNeedAction: start SCENE_STATIC
04-15 18:44:53.241134  3042  8437 I DVR     : |Binder:3042_5|DVRService RegisterManager onCarSensorDataChanged...unknown = 557844818 
04-15 18:44:53.241332  2776  2776 I BoschCarServiceImp: onCarSpeedChanged:  25.56
04-15 18:44:53.241434  2776  3546 I FeiYuOS_CarPropertyImp: NOTIFY_CAR_PROPERTY_MESSAGE_CHANGE ++++++++++++++++++++++++++++++
04-15 18:44:53.241457  2776  3546 I FeiYuOS_CarPropertyImp: notifyCarPropertyMessageChange propId: 106, propValue: 25.56
04-15 18:44:53.241609  1913  1913 I MXNavi-SystemTts-VoiceModel: onReceiveCarProperty i:106 s:25.56
04-15 18:44:53.241711  1913 31328 I MXNavi-MainViewModel: onSpeedChanged:92.016 mSpeed:0.0 isCounting:false isStopTime:false
04-15 18:44:53.241743  1913 31328 I [Activate]ActivateManager: isActivation Methods are called by the class MainViewModel onSpeedChanged batchActivateResult:106
04-15 18:44:53.241755  1913 31328 E MXNavi-[Navi_Performance]: [ToolKit]: MainViewModel--onSpeedChanged activation == false
04-15 18:44:53.241763  1913 31328 E [Navi_Performance]: [ToolKit]: MainViewModel--onSpeedChanged activation == false
04-15 18:44:53.242072  2998  2998 I ICommonBinder: speed=25.56caller uid = 1000 ,pid = 2998
04-15 18:44:53.242086  2998  2998 I ICarBinder: mIGearCallback.size=0
04-15 18:44:53.242429  3042  8437 I DVR     : |Binder:3042_5|DVRService RegisterManager onCarSensorDataChanged...unknown = 557844818 
04-15 18:44:53.246855  3264  3627 E FeatureSwitchStrategyManager: sceneNeedAction: start SCENE_DYNAMIC
04-15 18:44:53.247328  2533  2533 I BootPresenter: (-$$Lambda$Qut1UVg1Gu75cdlDy9b5jeBJWaU.java:2)bootQuickLogin---->puid = 0
04-15 18:44:53.248229  2533  2533 I BootPresenter: (-$$Lambda$Qut1UVg1Gu75cdlDy9b5jeBJWaU.java:2)bootAutoLogin---->500ms后重试 puid = 0 , faceId = 0 , isNetInited = false
04-15 18:44:53.278216  2824  3668 I SurfaceView: 111912830 Locking canvas... stopped=false, surfaceControl=Surface(name=SurfaceView - )/@0xd56e900
04-15 18:44:53.278556  2824  3668 I SurfaceView: 111912830 Returned canvas: android.view.Surface$CompatibleCanvas@d92e4df
04-15 18:44:53.282317  2814  2814 I CAR.VENDOR.AVM: onChange:newValue = CarPropertyValue{mPropertyId=0x21400470, mAreaId=0x0, mStatus=0, mTimestamp=6383571522713, mValue=0}
04-15 18:44:53.282505  1587  1587 I CAR.VENDOR.AVM: onChange:newValue = CarPropertyValue{mPropertyId=0x21400470, mAreaId=0x0, mStatus=0, mTimestamp=6383571522713, mValue=0}
04-15 18:44:53.303160  3264 12797 E FeatureSwitchManager: changeFeatureSwitch, algType:3,bitMask:1000,enable:false
04-15 18:44:53.303298  3264 12797 E TcpLibClient: 服务端端口: 10.0.0.34:5096, 指定服务端未连接
04-15 18:44:53.303361  3264 12797 E TcpManager: 与服务器连接已断开
04-15 18:44:53.303378  3264  3264 E IntelliSenseService: connect server close-> address:10.0.0.34
04-15 18:44:53.330208  2824  3668 I SurfaceView: 111912830 Locking canvas... stopped=false, surfaceControl=Surface(name=SurfaceView - )/@0xd56e900
04-15 18:44:53.330397  2824  3668 I SurfaceView: 111912830 Returned canvas: android.view.Surface$CompatibleCanvas@d92e4df
04-15 18:44:53.333976  2776  2776 I BoschCarServiceImp: onCarSpeedChanged:  0.0
04-15 18:44:53.334152  2776  3546 I FeiYuOS_CarPropertyImp: NOTIFY_CAR_PROPERTY_MESSAGE_CHANGE ++++++++++++++++++++++++++++++
04-15 18:44:53.334318  2776  3546 I FeiYuOS_CarPropertyImp: notifyCarPropertyMessageChange propId: 106, propValue: 0.0
04-15 18:44:53.334459  1913  1913 I MXNavi-SystemTts-VoiceModel: onReceiveCarProperty i:106 s:0.0
04-15 18:44:53.334580  1913 31329 I MXNavi-MainViewModel: onSpeedChanged:0.0 mSpeed:0.0 isCounting:false isStopTime:false
04-15 18:44:53.334675  1913 31329 I [Activate]ActivateManager: isActivation Methods are called by the class MainViewModel onSpeedChanged batchActivateResult:106
04-15 18:44:53.334701  1913 31329 E MXNavi-[Navi_Performance]: [ToolKit]: MainViewModel--onSpeedChanged activation == false
04-15 18:44:53.334715  1913 31329 E [Navi_Performance]: [ToolKit]: MainViewModel--onSpeedChanged activation == false
04-15 18:44:53.335126  2998  2998 I ICommonBinder: speed=0.0caller uid = 1000 ,pid = 2998
04-15 18:44:53.335141  2998  2998 I ICarBinder: mIGearCallback.size=0
04-15 18:44:53.335524  3264  3627 E FeatureSwitchStrategyManager: sceneNeedAction: start SCENE_STATIC
04-15 18:44:53.335936  3042  8437 I DVR     : |Binder:3042_5|DVRService RegisterManager onCarSensorDataChanged...unknown = 557844818 
04-15 18:44:53.336712  2776  2776 I BoschCarServiceImp: onCarSpeedChanged:  25.56
04-15 18:44:53.336777  2776  3546 I FeiYuOS_CarPropertyImp: NOTIFY_CAR_PROPERTY_MESSAGE_CHANGE ++++++++++++++++++++++++++++++
04-15 18:44:53.336802  2776  3546 I FeiYuOS_CarPropertyImp: notifyCarPropertyMessageChange propId: 106, propValue: 25.56
04-15 18:44:53.337012  1913  1913 I MXNavi-SystemTts-VoiceModel: onReceiveCarProperty i:106 s:25.56
04-15 18:44:53.337087  1913 31330 I MXNavi-MainViewModel: onSpeedChanged:92.016 mSpeed:0.0 isCounting:false isStopTime:false
04-15 18:44:53.337122  1913 31330 I [Activate]ActivateManager: isActivation Methods are called by the class MainViewModel onSpeedChanged batchActivateResult:106
04-15 18:44:53.337135  1913 31330 E MXNavi-[Navi_Performance]: [ToolKit]: MainViewModel--onSpeedChanged activation == false
04-15 18:44:53.337143  1913 31330 E [Navi_Performance]: [ToolKit]: MainViewModel--onSpeedChanged activation == false
04-15 18:44:53.338316  2998  2998 I ICommonBinder: speed=25.56caller uid = 1000 ,pid = 2998
04-15 18:44:53.338339  2998  2998 I ICarBinder: mIGearCallback.size=0
04-15 18:44:53.339156  3042  8437 I DVR     : |Binder:3042_5|DVRService RegisterManager onCarSensorDataChanged...unknown = 557844818 
04-15 18:44:53.343534  3264  3627 E FeatureSwitchStrategyManager: sceneNeedAction: start SCENE_DYNAMIC
04-15 18:44:53.349283  1913  1913 I MXNavi-onNmeaMessage GPGGA = : s = $GPGGA,,,,,,0,,,,,,,,*66\r
04-15 18:44:53.349328  1913  1913 I MXNavi-onNmeaMessage GPRMC = : s = $GPRMC,,V,,,,,,,,,,N*53
04-15 18:44:53.382169  2824  3668 I SurfaceView: 111912830 Locking canvas... stopped=false, surfaceControl=Surface(name=SurfaceView - )/@0xd56e900
04-15 18:44:53.382405  2824  3668 I SurfaceView: 111912830 Returned canvas: android.view.Surface$CompatibleCanvas@d92e4df
04-15 18:44:53.387527  1133  1137 E u-blox  : ublox::CGnssMeasurementExtension::navMeasurementUpdate: GnssMeasurementExtension callback is not initialized
04-15 18:44:53.397905  1587  1587 I CAR.VENDOR.AVM: onChange:newValue = CarPropertyValue{mPropertyId=0x21400470, mAreaId=0x0, mStatus=0, mTimestamp=6383685566776, mValue=0}
04-15 18:44:53.398342  2814  2814 I CAR.VENDOR.AVM: onChange:newValue = CarPropertyValue{mPropertyId=0x21400470, mAreaId=0x0, mStatus=0, mTimestamp=6383685566776, mValue=0}
04-15 18:44:53.398776  1349  1911 E Property.service: getProperty: propId is not in config list:0x21600202
04-15 18:44:53.404226  3264 12797 E FeatureSwitchManager: changeFeatureSwitch, algType:1,bitMask:1000,enable:true
04-15 18:44:53.404377  3264 12797 E TcpLibClient: 服务端端口: 10.0.0.34:5096, 指定服务端未连接
04-15 18:44:53.404447  3264 12797 E TcpManager: 与服务器连接已断开
04-15 18:44:53.404481  3264  3264 E IntelliSenseService: connect server close-> address:10.0.0.34
04-15 18:44:53.433342  2776  2776 I BoschCarServiceImp: onCarSpeedChanged:  0.0
04-15 18:44:53.433702  2776  3546 I FeiYuOS_CarPropertyImp: NOTIFY_CAR_PROPERTY_MESSAGE_CHANGE ++++++++++++++++++++++++++++++
04-15 18:44:53.433754  2824  3668 I SurfaceView: 111912830 Locking canvas... stopped=false, surfaceControl=Surface(name=SurfaceView - )/@0xd56e900
04-15 18:44:53.433762  2776  3546 I FeiYuOS_CarPropertyImp: notifyCarPropertyMessageChange propId: 106, propValue: 0.0
04-15 18:44:53.433861  1913  1913 I MXNavi-SystemTts-VoiceModel: onReceiveCarProperty i:106 s:0.0
04-15 18:44:53.433923  1913 31331 I MXNavi-MainViewModel: onSpeedChanged:0.0 mSpeed:0.0 isCounting:false isStopTime:false
04-15 18:44:53.433963  1913 31331 I [Activate]ActivateManager: isActivation Methods are called by the class MainViewModel onSpeedChanged batchActivateResult:106
04-15 18:44:53.433973  1913 31331 E MXNavi-[Navi_Performance]: [ToolKit]: MainViewModel--onSpeedChanged activation == false
04-15 18:44:53.433986  1913 31331 E [Navi_Performance]: [ToolKit]: MainViewModel--onSpeedChanged activation == false
04-15 18:44:53.434044  2998  2998 I ICommonBinder: speed=0.0caller uid = 1000 ,pid = 2998
04-15 18:44:53.434061  2998  2998 I ICarBinder: mIGearCallback.size=0
04-15 18:44:53.434301  2824  3668 I SurfaceView: 111912830 Returned canvas: android.view.Surface$CompatibleCanvas@d92e4df
04-15 18:44:53.434520  3264  3627 E FeatureSwitchStrategyManager: sceneNeedAction: start SCENE_STATIC
04-15 18:44:53.434966  3042  8437 I DVR     : |Binder:3042_5|DVRService RegisterManager onCarSensorDataChanged...unknown = 557844818 
04-15 18:44:53.434987  2776  2776 I BoschCarServiceImp: onCarSpeedChanged:  25.56
04-15 18:44:53.435041  2776  3546 I FeiYuOS_CarPropertyImp: NOTIFY_CAR_PROPERTY_MESSAGE_CHANGE ++++++++++++++++++++++++++++++
04-15 18:44:53.435062  2776  3546 I FeiYuOS_CarPropertyImp: notifyCarPropertyMessageChange propId: 106, propValue: 25.56
04-15 18:44:53.435163  1913  1913 I MXNavi-SystemTts-VoiceModel: onReceiveCarProperty i:106 s:25.56
04-15 18:44:53.435238  1913 31332 I MXNavi-MainViewModel: onSpeedChanged:92.016 mSpeed:0.0 isCounting:false isStopTime:false
04-15 18:44:53.435262  1913 31332 I [Activate]ActivateManager: isActivation Methods are called by the class MainViewModel onSpeedChanged batchActivateResult:106
04-15 18:44:53.435274  1913 31332 E MXNavi-[Navi_Performance]: [ToolKit]: MainViewModel--onSpeedChanged activation == false
04-15 18:44:53.435288  1913 31332 E [Navi_Performance]: [ToolKit]: MainViewModel--onSpeedChanged activation == false
04-15 18:44:53.435583  2998  2998 I ICommonBinder: speed=25.56caller uid = 1000 ,pid = 2998
04-15 18:44:53.435598  2998  2998 I ICarBinder: mIGearCallback.size=0
04-15 18:44:53.436086  3042  8437 I DVR     : |Binder:3042_5|DVRService RegisterManager onCarSensorDataChanged...unknown = 557844818 
04-15 18:44:53.442156  3264  3627 E FeatureSwitchStrategyManager: sceneNeedAction: start SCENE_DYNAMIC
04-15 18:44:53.480147   477  4410 W AudioHalHWBosch: in_read: 3072 bytes read in  in_read(). frame_size:24. frames_read:101683200. readOnce:101683200.out frame count:128. dataNum:794399. dataVal:794400. dataNormal:0. dataExt:0.dataLastValue:0. dateSame:13240.                 SysAmpIntVariant:0. data_analysis :0:0:0:0 :0:0:0:0 :-1:-1:-1:-2.
04-15 18:44:53.486380  2824  3668 I SurfaceView: 111912830 Locking canvas... stopped=false, surfaceControl=Surface(name=SurfaceView - )/@0xd56e900
04-15 18:44:53.486743  2824  3668 I SurfaceView: 111912830 Returned canvas: android.view.Surface$CompatibleCanvas@d92e4df
04-15 18:44:53.506213  3264 12797 E FeatureSwitchManager: changeFeatureSwitch, algType:2,bitMask:1000,enable:true
04-15 18:44:53.506360  3264 12797 E TcpLibClient: 服务端端口: 10.0.0.34:5096, 指定服务端未连接
04-15 18:44:53.506432  3264 12797 E TcpManager: 与服务器连接已断开
04-15 18:44:53.506450  3264  3264 E IntelliSenseService: connect server close-> address:10.0.0.34
04-15 18:44:53.508825  1587  1587 I CAR.VENDOR.AVM: onChange:newValue = CarPropertyValue{mPropertyId=0x21400470, mAreaId=0x0, mStatus=0, mTimestamp=6383797637661, mValue=0}
04-15 18:44:53.508861  2814  2814 I CAR.VENDOR.AVM: onChange:newValue = CarPropertyValue{mPropertyId=0x21400470, mAreaId=0x0, mStatus=0, mTimestamp=6383797637661, mValue=0}
04-15 18:44:53.531620  2776  2776 I BoschCarServiceImp: onCarSpeedChanged:  0.0
04-15 18:44:53.531690  2776  3546 I FeiYuOS_CarPropertyImp: NOTIFY_CAR_PROPERTY_MESSAGE_CHANGE ++++++++++++++++++++++++++++++
04-15 18:44:53.531711  2776  3546 I FeiYuOS_CarPropertyImp: notifyCarPropertyMessageChange propId: 106, propValue: 0.0
04-15 18:44:53.532118  1913  1913 I MXNavi-SystemTts-VoiceModel: onReceiveCarProperty i:106 s:0.0
04-15 18:44:53.532406  1913 31333 I MXNavi-MainViewModel: onSpeedChanged:0.0 mSpeed:0.0 isCounting:false isStopTime:false
04-15 18:44:53.532505  2998  2998 I ICommonBinder: speed=0.0caller uid = 1000 ,pid = 2998
04-15 18:44:53.532522  2998  2998 I ICarBinder: mIGearCallback.size=0
04-15 18:44:53.532534  1913 31333 I [Activate]ActivateManager: isActivation Methods are called by the class MainViewModel onSpeedChanged batchActivateResult:106
04-15 18:44:53.532559  1913 31333 E MXNavi-[Navi_Performance]: [ToolKit]: MainViewModel--onSpeedChanged activation == false
04-15 18:44:53.532583  1913 31333 E [Navi_Performance]: [ToolKit]: MainViewModel--onSpeedChanged activation == false
04-15 18:44:53.532699  3264  3627 E FeatureSwitchStrategyManager: sceneNeedAction: start SCENE_STATIC
04-15 18:44:53.533337  3042  8437 I DVR     : |Binder:3042_5|DVRService RegisterManager onCarSensorDataChanged...unknown = 557844818 
04-15 18:44:53.533698  2776  2776 I BoschCarServiceImp: onCarSpeedChanged:  25.56
04-15 18:44:53.533844  2776  3546 I FeiYuOS_CarPropertyImp: NOTIFY_CAR_PROPERTY_MESSAGE_CHANGE ++++++++++++++++++++++++++++++
04-15 18:44:53.534397  2776  3546 I FeiYuOS_CarPropertyImp: notifyCarPropertyMessageChange propId: 106, propValue: 25.56
04-15 18:44:53.534561  2998  2998 I ICommonBinder: speed=25.56caller uid = 1000 ,pid = 2998
04-15 18:44:53.534575  2998  2998 I ICarBinder: mIGearCallback.size=0
04-15 18:44:53.534850  1913  1913 I MXNavi-SystemTts-VoiceModel: onReceiveCarProperty i:106 s:25.56
04-15 18:44:53.534955  1913 31334 I MXNavi-MainViewModel: onSpeedChanged:92.016 mSpeed:0.0 isCounting:false isStopTime:false
04-15 18:44:53.534978  1913 31334 I [Activate]ActivateManager: isActivation Methods are called by the class MainViewModel onSpeedChanged batchActivateResult:106
04-15 18:44:53.534988  1913 31334 E MXNavi-[Navi_Performance]: [ToolKit]: MainViewModel--onSpeedChanged activation == false
04-15 18:44:53.534997  1913 31334 E [Navi_Performance]: [ToolKit]: MainViewModel--onSpeedChanged activation == false
04-15 18:44:53.536546  3042  8437 I DVR     : |Binder:3042_5|DVRService RegisterManager onCarSensorDataChanged...unknown = 557844818 
04-15 18:44:53.537574  2824  3668 I SurfaceView: 111912830 Locking canvas... stopped=false, surfaceControl=Surface(name=SurfaceView - )/@0xd56e900
04-15 18:44:53.537741  2824  3668 I SurfaceView: 111912830 Returned canvas: android.view.Surface$CompatibleCanvas@d92e4df
04-15 18:44:53.541808  3264  3627 E FeatureSwitchStrategyManager: sceneNeedAction: start SCENE_DYNAMIC
04-15 18:44:53.588463  2824  3668 I SurfaceView: 111912830 Locking canvas... stopped=false, surfaceControl=Surface(name=SurfaceView - )/@0xd56e900
04-15 18:44:53.588858  2824  3668 I SurfaceView: 111912830 Returned canvas: android.view.Surface$CompatibleCanvas@d92e4df
04-15 18:44:53.606734  3264 12797 E FeatureSwitchManager: changeFeatureSwitch, algType:3,bitMask:1000,enable:true
04-15 18:44:53.607745  3264 12797 E TcpLibClient: 服务端端口: 10.0.0.34:5096, 指定服务端未连接
04-15 18:44:53.608462  3264 12797 E TcpManager: 与服务器连接已断开
04-15 18:44:53.608543  3264  3264 E IntelliSenseService: connect server close-> address:10.0.0.34
04-15 18:44:53.618661  2814  2814 I CAR.VENDOR.AVM: onChange:newValue = CarPropertyValue{mPropertyId=0x21400470, mAreaId=0x0, mStatus=0, mTimestamp=6383908323599, mValue=0}
04-15 18:44:53.618661  1587  1587 I CAR.VENDOR.AVM: onChange:newValue = CarPropertyValue{mPropertyId=0x21400470, mAreaId=0x0, mStatus=0, mTimestamp=6383908323599, mValue=0}
04-15 18:44:53.630836  2776  2776 I BoschCarServiceImp: onCarSpeedChanged:  0.0
04-15 18:44:53.630897  2776  3546 I FeiYuOS_CarPropertyImp: NOTIFY_CAR_PROPERTY_MESSAGE_CHANGE ++++++++++++++++++++++++++++++
04-15 18:44:53.630920  2776  3546 I FeiYuOS_CarPropertyImp: notifyCarPropertyMessageChange propId: 106, propValue: 0.0
04-15 18:44:53.631116  1913  1913 I MXNavi-SystemTts-VoiceModel: onReceiveCarProperty i:106 s:0.0
04-15 18:44:53.631163  2998  2998 I ICommonBinder: speed=0.0caller uid = 1000 ,pid = 2998
04-15 18:44:53.631179  2998  2998 I ICarBinder: mIGearCallback.size=0
04-15 18:44:53.631320  1913 31335 I MXNavi-MainViewModel: onSpeedChanged:0.0 mSpeed:0.0 isCounting:false isStopTime:false
04-15 18:44:53.631352  1913 31335 I [Activate]ActivateManager: isActivation Methods are called by the class MainViewModel onSpeedChanged batchActivateResult:106
04-15 18:44:53.631365  1913 31335 E MXNavi-[Navi_Performance]: [ToolKit]: MainViewModel--onSpeedChanged activation == false
04-15 18:44:53.631379  1913 31335 E [Navi_Performance]: [ToolKit]: MainViewModel--onSpeedChanged activation == false
04-15 18:44:53.631441  3264  3627 E FeatureSwitchStrategyManager: sceneNeedAction: start SCENE_STATIC
04-15 18:44:53.632226  3042  8437 I DVR     : |Binder:3042_5|DVRService RegisterManager onCarSensorDataChanged...unknown = 557844818 
04-15 18:44:53.639660  2824  3668 I SurfaceView: 111912830 Locking canvas... stopped=false, surfaceControl=Surface(name=SurfaceView - )/@0xd56e900
04-15 18:44:53.639843  2824  3668 I SurfaceView: 111912830 Returned canvas: android.view.Surface$CompatibleCanvas@d92e4df
04-15 18:44:53.641409  2776  2776 I BoschCarServiceImp: onCarSpeedChanged:  25.56
04-15 18:44:53.641529  2776  3546 I FeiYuOS_CarPropertyImp: NOTIFY_CAR_PROPERTY_MESSAGE_CHANGE ++++++++++++++++++++++++++++++
04-15 18:44:53.641553  2776  3546 I FeiYuOS_CarPropertyImp: notifyCarPropertyMessageChange propId: 106, propValue: 25.56
04-15 18:44:53.641711  1913  1913 I MXNavi-SystemTts-VoiceModel: onReceiveCarProperty i:106 s:25.56
04-15 18:44:53.641799  1913 31336 I MXNavi-MainViewModel: onSpeedChanged:92.016 mSpeed:0.0 isCounting:false isStopTime:false
04-15 18:44:53.641834  1913 31336 I [Activate]ActivateManager: isActivation Methods are called by the class MainViewModel onSpeedChanged batchActivateResult:106
04-15 18:44:53.641846  1913 31336 E MXNavi-[Navi_Performance]: [ToolKit]: MainViewModel--onSpeedChanged activation == false
04-15 18:44:53.641856  1913 31336 E [Navi_Performance]: [ToolKit]: MainViewModel--onSpeedChanged activation == false
04-15 18:44:53.641922  2998  2998 I ICommonBinder: speed=25.56caller uid = 1000 ,pid = 2998
04-15 18:44:53.641936  2998  2998 I ICarBinder: mIGearCallback.size=0
04-15 18:44:53.642045  3264  3627 E FeatureSwitchStrategyManager: sceneNeedAction: start SCENE_DYNAMIC
04-15 18:44:53.642811  3042  8437 I DVR     : |Binder:3042_5|DVRService RegisterManager onCarSensorDataChanged...unknown = 557844818 
04-15 18:44:53.692204  2824  3668 I SurfaceView: 111912830 Locking canvas... stopped=false, surfaceControl=Surface(name=SurfaceView - )/@0xd56e900
04-15 18:44:53.692397  2824  3668 I SurfaceView: 111912830 Returned canvas: android.view.Surface$CompatibleCanvas@d92e4df
04-15 18:44:53.707828  3264 12797 E FeatureSwitchManager: changeFeatureSwitch, algType:1,bitMask:1000,enable:false
04-15 18:44:53.707957  3264 12797 E TcpLibClient: 服务端端口: 10.0.0.34:5096, 指定服务端未连接
04-15 18:44:53.708030  3264 12797 E TcpManager: 与服务器连接已断开
04-15 18:44:53.708065  3264  3264 E IntelliSenseService: connect server close-> address:10.0.0.34
04-15 18:44:53.730022  1587  1587 I CAR.VENDOR.AVM: onChange:newValue = CarPropertyValue{mPropertyId=0x21400470, mAreaId=0x0, mStatus=0, mTimestamp=6384018017869, mValue=0}
04-15 18:44:53.730259  2814  2814 I CAR.VENDOR.AVM: onChange:newValue = CarPropertyValue{mPropertyId=0x21400470, mAreaId=0x0, mStatus=0, mTimestamp=6384018017869, mValue=0}
04-15 18:44:53.730614  2776  2776 I BoschCarServiceImp: onCarSpeedChanged:  0.0
04-15 18:44:53.730765  2776  3546 I FeiYuOS_CarPropertyImp: NOTIFY_CAR_PROPERTY_MESSAGE_CHANGE ++++++++++++++++++++++++++++++
04-15 18:44:53.730790  2776  3546 I FeiYuOS_CarPropertyImp: notifyCarPropertyMessageChange propId: 106, propValue: 0.0
04-15 18:44:53.731071  1913  1913 I MXNavi-SystemTts-VoiceModel: onReceiveCarProperty i:106 s:0.0
04-15 18:44:53.731183  2998  2998 I ICommonBinder: speed=0.0caller uid = 1000 ,pid = 2998
04-15 18:44:53.731216  2998  2998 I ICarBinder: mIGearCallback.size=0
04-15 18:44:53.731406  1913 31337 I MXNavi-MainViewModel: onSpeedChanged:0.0 mSpeed:0.0 isCounting:false isStopTime:false
04-15 18:44:53.731439  1913 31337 I [Activate]ActivateManager: isActivation Methods are called by the class MainViewModel onSpeedChanged batchActivateResult:106
04-15 18:44:53.731566  1913 31337 E MXNavi-[Navi_Performance]: [ToolKit]: MainViewModel--onSpeedChanged activation == false
04-15 18:44:53.731591  1913 31337 E [Navi_Performance]: [ToolKit]: MainViewModel--onSpeedChanged activation == false
04-15 18:44:53.731753  3042  8437 I DVR     : |Binder:3042_5|DVRService RegisterManager onCarSensorDataChanged...unknown = 557844818 
04-15 18:44:53.731858  3264  3627 E FeatureSwitchStrategyManager: sceneNeedAction: start SCENE_STATIC
04-15 18:44:53.744327  2824  3668 I SurfaceView: 111912830 Locking canvas... stopped=false, surfaceControl=Surface(name=SurfaceView - )/@0xd56e900
04-15 18:44:53.744770  2824  3668 I SurfaceView: 111912830 Returned canvas: android.view.Surface$CompatibleCanvas@d92e4df
04-15 18:44:53.748861  2776  2776 I BoschCarServiceImp: onCarSpeedChanged:  25.56
04-15 18:44:53.749183  2776  3546 I FeiYuOS_CarPropertyImp: NOTIFY_CAR_PROPERTY_MESSAGE_CHANGE ++++++++++++++++++++++++++++++
04-15 18:44:53.749218  2776  3546 I FeiYuOS_CarPropertyImp: notifyCarPropertyMessageChange propId: 106, propValue: 25.56
04-15 18:44:53.749328  1913  1913 I MXNavi-SystemTts-VoiceModel: onReceiveCarProperty i:106 s:25.56
04-15 18:44:53.749844  2998  2998 I ICommonBinder: speed=25.56caller uid = 1000 ,pid = 2998
04-15 18:44:53.749866  2998  2998 I ICarBinder: mIGearCallback.size=0
04-15 18:44:53.749943  3264  3627 E carSpeedChanged: carSpeedChanged 25.56
04-15 18:44:53.749966  3264  3627 E judgeAllSceneStrategy: current speed = 92.016 mCurrentScene =0
04-15 18:44:53.749976  3264  3627 E FeatureSwitchStrategyManager: sceneNeedAction: start SCENE_DYNAMIC
04-15 18:44:53.750466  1913 31338 I MXNavi-MainViewModel: onSpeedChanged:92.016 mSpeed:0.0 isCounting:false isStopTime:false
04-15 18:44:53.750480  2533  2533 I BootPresenter: (-$$Lambda$Qut1UVg1Gu75cdlDy9b5jeBJWaU.java:2)bootQuickLogin---->puid = 0
04-15 18:44:53.750497  1913 31338 I [Activate]ActivateManager: isActivation Methods are called by the class MainViewModel onSpeedChanged batchActivateResult:106
04-15 18:44:53.750510  1913 31338 E MXNavi-[Navi_Performance]: [ToolKit]: MainViewModel--onSpeedChanged activation == false
04-15 18:44:53.750516  1913 31338 E [Navi_Performance]: [ToolKit]: MainViewModel--onSpeedChanged activation == false
04-15 18:44:53.750714  3042  8437 I DVR     : |Binder:3042_5|DVRService RegisterManager onCarSensorDataChanged...unknown = 557844818 
04-15 18:44:53.751701  2533  2533 I BootPresenter: (-$$Lambda$Qut1UVg1Gu75cdlDy9b5jeBJWaU.java:2)bootAutoLogin---->500ms后重试 puid = 0 , faceId = 0 , isNetInited = false
04-15 18:44:53.796149  2824  3668 I SurfaceView: 111912830 Locking canvas... stopped=false, surfaceControl=Surface(name=SurfaceView - )/@0xd56e900
04-15 18:44:53.796353  2824  3668 I SurfaceView: 111912830 Returned canvas: android.view.Surface$CompatibleCanvas@d92e4df
04-15 18:44:53.808068  3264 12797 E FeatureSwitchManager: changeFeatureSwitch, algType:2,bitMask:1000,enable:false
04-15 18:44:53.808221  3264 12797 E TcpLibClient: 服务端端口: 10.0.0.34:5096, 指定服务端未连接
04-15 18:44:53.808290  3264 12797 E TcpManager: 与服务器连接已断开
04-15 18:44:53.808307  3264  3264 E IntelliSenseService: connect server close-> address:10.0.0.34
04-15 18:44:53.836714  1587  1587 I CAR.VENDOR.AVM: onChange:newValue = CarPropertyValue{mPropertyId=0x21400470, mAreaId=0x0, mStatus=0, mTimestamp=6384128417297, mValue=0}
04-15 18:44:53.837257  2776  2776 I BoschCarServiceImp: onCarSpeedChanged:  0.0
04-15 18:44:53.837490  2998  2998 I ICommonBinder: speed=0.0caller uid = 1000 ,pid = 2998
04-15 18:44:53.837507  2998  2998 I ICarBinder: mIGearCallback.size=0
04-15 18:44:53.837730  2814  2814 I CAR.VENDOR.AVM: onChange:newValue = CarPropertyValue{mPropertyId=0x21400470, mAreaId=0x0, mStatus=0, mTimestamp=6384128417297, mValue=0}
04-15 18:44:53.837937  2776  3546 I FeiYuOS_CarPropertyImp: NOTIFY_CAR_PROPERTY_MESSAGE_CHANGE ++++++++++++++++++++++++++++++
04-15 18:44:53.837958  2776  3546 I FeiYuOS_CarPropertyImp: notifyCarPropertyMessageChange propId: 106, propValue: 0.0
04-15 18:44:53.838487  3042  8437 I DVR     : |Binder:3042_5|DVRService RegisterManager onCarSensorDataChanged...unknown = 557844818 
04-15 18:44:53.838584  3264  3627 E FeatureSwitchStrategyManager: sceneNeedAction: start SCENE_STATIC
04-15 18:44:53.838733  1913  1913 I MXNavi-SystemTts-VoiceModel: onReceiveCarProperty i:106 s:0.0
04-15 18:44:53.838844  1913 31339 I MXNavi-MainViewModel: onSpeedChanged:0.0 mSpeed:0.0 isCounting:false isStopTime:false
04-15 18:44:53.838873  1913 31339 I [Activate]ActivateManager: isActivation Methods are called by the class MainViewModel onSpeedChanged batchActivateResult:106
04-15 18:44:53.838882  1913 31339 E MXNavi-[Navi_Performance]: [ToolKit]: MainViewModel--onSpeedChanged activation == false
04-15 18:44:53.838889  1913 31339 E [Navi_Performance]: [ToolKit]: MainViewModel--onSpeedChanged activation == false
04-15 18:44:53.847472  2824  3668 I SurfaceView: 111912830 Locking canvas... stopped=false, surfaceControl=Surface(name=SurfaceView - )/@0xd56e900
04-15 18:44:53.847858  2776  2776 I BoschCarServiceImp: onCarSpeedChanged:  25.56
04-15 18:44:53.847892  2824  3668 I SurfaceView: 111912830 Returned canvas: android.view.Surface$CompatibleCanvas@d92e4df
04-15 18:44:53.848714  2998  2998 I ICommonBinder: speed=25.56caller uid = 1000 ,pid = 2998
04-15 18:44:53.848734  2998  2998 I ICarBinder: mIGearCallback.size=0
04-15 18:44:53.848918  2776  3546 I FeiYuOS_CarPropertyImp: NOTIFY_CAR_PROPERTY_MESSAGE_CHANGE ++++++++++++++++++++++++++++++
04-15 18:44:53.848964  2776  3546 I FeiYuOS_CarPropertyImp: notifyCarPropertyMessageChange propId: 106, propValue: 25.56
04-15 18:44:53.849241  3264  3627 E FeatureSwitchStrategyManager: sceneNeedAction: start SCENE_DYNAMIC
04-15 18:44:53.849270  1913  1913 I MXNavi-SystemTts-VoiceModel: onReceiveCarProperty i:106 s:25.56
04-15 18:44:53.849787  1913 31340 I MXNavi-MainViewModel: onSpeedChanged:92.016 mSpeed:0.0 isCounting:false isStopTime:false
04-15 18:44:53.849813  1913 31340 I [Activate]ActivateManager: isActivation Methods are called by the class MainViewModel onSpeedChanged batchActivateResult:106
