04-15 18:44:51.435906  2998  2998 I ICommonBinder: speed=0.0caller uid = 1000 ,pid = 2998
04-15 18:44:51.435933  2998  2998 I ICarBinder: mIGearCallback.size=0
04-15 18:44:51.436506  1913 31336 I MXNavi-MainViewModel: onSpeedChanged:0.0 mSpeed:0.0 isCounting:false isStopTime:false
04-15 18:44:51.436535  1913 31336 I [Activate]ActivateManager: isActivation Methods are called by the class MainViewModel onSpeedChanged batchActivateResult:106
04-15 18:44:51.436548  1913 31336 E MXNavi-[Navi_Performance]: [ToolKit]: MainViewModel--onSpeedChanged activation == false
04-15 18:44:51.436553  1913 31336 E [Navi_Performance]: [ToolKit]: MainViewModel--onSpeedChanged activation == false
04-15 18:44:51.436864  3264  3627 E FeatureSwitchStrategyManager: sceneNeedAction: start SCENE_STATIC
04-15 18:44:51.441094  2776  2776 I BoschCarServiceImp: onCarSpeedChanged:  25.56
04-15 18:44:51.441221  3042  8437 I DVR     : |Binder:3042_5|DVRService RegisterManager onCarSensorDataChanged...unknown = 557844818 
04-15 18:44:51.441322  2776  3546 I FeiYuOS_CarPropertyImp: NOTIFY_CAR_PROPERTY_MESSAGE_CHANGE ++++++++++++++++++++++++++++++
04-15 18:44:51.441368  2776  3546 I FeiYuOS_CarPropertyImp: notifyCarPropertyMessageChange propId: 106, propValue: 25.56
04-15 18:44:51.441709  1913  1913 I MXNavi-SystemTts-VoiceModel: onReceiveCarProperty i:106 s:25.56
04-15 18:44:51.441852  1913 31337 I MXNavi-MainViewModel: onSpeedChanged:92.016 mSpeed:0.0 isCounting:false isStopTime:false
04-15 18:44:51.441907  1913 31337 I [Activate]ActivateManager: isActivation Methods are called by the class MainViewModel onSpeedChanged batchActivateResult:106
04-15 18:44:51.441923  2998  2998 I ICommonBinder: speed=25.56caller uid = 1000 ,pid = 2998
04-15 18:44:51.441939  1913 31337 E MXNavi-[Navi_Performance]: [ToolKit]: MainViewModel--onSpeedChanged activation == false
04-15 18:44:51.441949  1913 31337 E [Navi_Performance]: [ToolKit]: MainViewModel--onSpeedChanged activation == false
04-15 18:44:51.441962  2998  2998 I ICarBinder: mIGearCallback.size=0
04-15 18:44:51.443405  3042  8437 I DVR     : |Binder:3042_5|DVRService RegisterManager onCarSensorDataChanged...unknown = 557844818 
04-15 18:44:51.448568  3264  3627 E FeatureSwitchStrategyManager: sceneNeedAction: start SCENE_DYNAMIC
04-15 18:44:51.453237  2824  3668 I SurfaceView: 111912830 Locking canvas... stopped=false, surfaceControl=Surface(name=SurfaceView - )/@0xd56e900
04-15 18:44:51.453679  2824  3668 I SurfaceView: 111912830 Returned canvas: android.view.Surface$CompatibleCanvas@d92e4df
04-15 18:44:51.484793  3264 12797 E FeatureSwitchManager: changeFeatureSwitch, algType:3,bitMask:1000,enable:false
04-15 18:44:51.484913  3264 12797 E TcpLibClient: 服务端端口: 10.0.0.34:5096, 指定服务端未连接
04-15 18:44:51.484977  3264 12797 E TcpManager: 与服务器连接已断开
04-15 18:44:51.485015  3264  3264 E IntelliSenseService: connect server close-> address:10.0.0.34
04-15 18:44:51.505442  2824  3668 I SurfaceView: 111912830 Locking canvas... stopped=false, surfaceControl=Surface(name=SurfaceView - )/@0xd56e900
04-15 18:44:51.506218  2824  3668 I SurfaceView: 111912830 Returned canvas: android.view.Surface$CompatibleCanvas@d92e4df
04-15 18:44:51.521444  1587  1587 I CAR.VENDOR.AVM: onChange:newValue = CarPropertyValue{mPropertyId=0x21400470, mAreaId=0x0, mStatus=0, mTimestamp=6381807717349, mValue=0}
04-15 18:44:51.521527  2814  2814 I CAR.VENDOR.AVM: onChange:newValue = CarPropertyValue{mPropertyId=0x21400470, mAreaId=0x0, mStatus=0, mTimestamp=6381807717349, mValue=0}
04-15 18:44:51.533886  2776  2776 I BoschCarServiceImp: onCarSpeedChanged:  0.0
04-15 18:44:51.534237  2776  3546 I FeiYuOS_CarPropertyImp: NOTIFY_CAR_PROPERTY_MESSAGE_CHANGE ++++++++++++++++++++++++++++++
04-15 18:44:51.534275  2776  3546 I FeiYuOS_CarPropertyImp: notifyCarPropertyMessageChange propId: 106, propValue: 0.0
04-15 18:44:51.534436  1913  1913 I MXNavi-SystemTts-VoiceModel: onReceiveCarProperty i:106 s:0.0
04-15 18:44:51.534541  1913 31338 I MXNavi-MainViewModel: onSpeedChanged:0.0 mSpeed:0.0 isCounting:false isStopTime:false
04-15 18:44:51.534583  1913 31338 I [Activate]ActivateManager: isActivation Methods are called by the class MainViewModel onSpeedChanged batchActivateResult:106
04-15 18:44:51.534605  1913 31338 E MXNavi-[Navi_Performance]: [ToolKit]: MainViewModel--onSpeedChanged activation == false
04-15 18:44:51.534619  1913 31338 E [Navi_Performance]: [ToolKit]: MainViewModel--onSpeedChanged activation == false
04-15 18:44:51.534781  2998  2998 I ICommonBinder: speed=0.0caller uid = 1000 ,pid = 2998
04-15 18:44:51.534807  2998  2998 I ICarBinder: mIGearCallback.size=0
04-15 18:44:51.535365  3264  3627 E FeatureSwitchStrategyManager: sceneNeedAction: start SCENE_STATIC
04-15 18:44:51.536084  3042  8437 I DVR     : |Binder:3042_5|DVRService RegisterManager onCarSensorDataChanged...unknown = 557844818 
04-15 18:44:51.536864  2776  2776 I BoschCarServiceImp: onCarSpeedChanged:  25.56
04-15 18:44:51.537036  2776  3546 I FeiYuOS_CarPropertyImp: NOTIFY_CAR_PROPERTY_MESSAGE_CHANGE ++++++++++++++++++++++++++++++
04-15 18:44:51.537239  2776  3546 I FeiYuOS_CarPropertyImp: notifyCarPropertyMessageChange propId: 106, propValue: 25.56
04-15 18:44:51.537492  2998  2998 I ICommonBinder: speed=25.56caller uid = 1000 ,pid = 2998
04-15 18:44:51.537520  2998  2998 I ICarBinder: mIGearCallback.size=0
04-15 18:44:51.537712  1913  1913 I MXNavi-SystemTts-VoiceModel: onReceiveCarProperty i:106 s:25.56
04-15 18:44:51.537804  1913 31339 I MXNavi-MainViewModel: onSpeedChanged:92.016 mSpeed:0.0 isCounting:false isStopTime:false
04-15 18:44:51.537844  1913 31339 I [Activate]ActivateManager: isActivation Methods are called by the class MainViewModel onSpeedChanged batchActivateResult:106
04-15 18:44:51.537858  1913 31339 E MXNavi-[Navi_Performance]: [ToolKit]: MainViewModel--onSpeedChanged activation == false
04-15 18:44:51.537867  1913 31339 E [Navi_Performance]: [ToolKit]: MainViewModel--onSpeedChanged activation == false
04-15 18:44:51.539112  3042  8437 I DVR     : |Binder:3042_5|DVRService RegisterManager onCarSensorDataChanged...unknown = 557844818 
04-15 18:44:51.545423  3264  3627 E FeatureSwitchStrategyManager: sceneNeedAction: start SCENE_DYNAMIC
04-15 18:44:51.557737  2824  3668 I SurfaceView: 111912830 Locking canvas... stopped=false, surfaceControl=Surface(name=SurfaceView - )/@0xd56e900
04-15 18:44:51.558159  2824  3668 I SurfaceView: 111912830 Returned canvas: android.view.Surface$CompatibleCanvas@d92e4df
04-15 18:44:51.586231  3264 12797 E FeatureSwitchManager: changeFeatureSwitch, algType:1,bitMask:1000,enable:true
04-15 18:44:51.586388  3264 12797 E TcpLibClient: 服务端端口: 10.0.0.34:5096, 指定服务端未连接
04-15 18:44:51.586453  3264 12797 E TcpManager: 与服务器连接已断开
04-15 18:44:51.586492  3264  3264 E IntelliSenseService: connect server close-> address:10.0.0.34
04-15 18:44:51.610208  2824  3668 I SurfaceView: 111912830 Locking canvas... stopped=false, surfaceControl=Surface(name=SurfaceView - )/@0xd56e900
04-15 18:44:51.610576  2824  3668 I SurfaceView: 111912830 Returned canvas: android.view.Surface$CompatibleCanvas@d92e4df
04-15 18:44:51.628087  1587  1587 I CAR.VENDOR.AVM: onChange:newValue = CarPropertyValue{mPropertyId=0x21400470, mAreaId=0x0, mStatus=0, mTimestamp=6381916735214, mValue=0}
04-15 18:44:51.628291  2814  2814 I CAR.VENDOR.AVM: onChange:newValue = CarPropertyValue{mPropertyId=0x21400470, mAreaId=0x0, mStatus=0, mTimestamp=6381916735214, mValue=0}
04-15 18:44:51.630411  2776  2776 I BoschCarServiceImp: onCarSpeedChanged:  0.0
04-15 18:44:51.630492  2776  3546 I FeiYuOS_CarPropertyImp: NOTIFY_CAR_PROPERTY_MESSAGE_CHANGE ++++++++++++++++++++++++++++++
04-15 18:44:51.630545  2776  3546 I FeiYuOS_CarPropertyImp: notifyCarPropertyMessageChange propId: 106, propValue: 0.0
04-15 18:44:51.630642  2998  2998 I ICommonBinder: speed=0.0caller uid = 1000 ,pid = 2998
04-15 18:44:51.630668  2998  2998 I ICarBinder: mIGearCallback.size=0
04-15 18:44:51.630813  1913  1913 I MXNavi-SystemTts-VoiceModel: onReceiveCarProperty i:106 s:0.0
04-15 18:44:51.630898  1913 31340 I MXNavi-MainViewModel: onSpeedChanged:0.0 mSpeed:0.0 isCounting:false isStopTime:false
04-15 18:44:51.630924  1913 31340 I [Activate]ActivateManager: isActivation Methods are called by the class MainViewModel onSpeedChanged batchActivateResult:106
04-15 18:44:51.630936  1913 31340 E MXNavi-[Navi_Performance]: [ToolKit]: MainViewModel--onSpeedChanged activation == false
04-15 18:44:51.630951  1913 31340 E [Navi_Performance]: [ToolKit]: MainViewModel--onSpeedChanged activation == false
04-15 18:44:51.631879  3042  8437 I DVR     : |Binder:3042_5|DVRService RegisterManager onCarSensorDataChanged...unknown = 557844818 
04-15 18:44:51.632461  3264  3627 E FeatureSwitchStrategyManager: sceneNeedAction: start SCENE_STATIC
04-15 18:44:51.643256  2776  2776 I BoschCarServiceImp: onCarSpeedChanged:  25.56
04-15 18:44:51.643344  2776  3546 I FeiYuOS_CarPropertyImp: NOTIFY_CAR_PROPERTY_MESSAGE_CHANGE ++++++++++++++++++++++++++++++
04-15 18:44:51.643384  2776  3546 I FeiYuOS_CarPropertyImp: notifyCarPropertyMessageChange propId: 106, propValue: 25.56
04-15 18:44:51.643807  2998  2998 I ICommonBinder: speed=25.56caller uid = 1000 ,pid = 2998
04-15 18:44:51.643836  2998  2998 I ICarBinder: mIGearCallback.size=0
04-15 18:44:51.643844  1913  1913 I MXNavi-SystemTts-VoiceModel: onReceiveCarProperty i:106 s:25.56
04-15 18:44:51.643920  1913 31341 I MXNavi-MainViewModel: onSpeedChanged:92.016 mSpeed:0.0 isCounting:false isStopTime:false
04-15 18:44:51.643944  1913 31341 I [Activate]ActivateManager: isActivation Methods are called by the class MainViewModel onSpeedChanged batchActivateResult:106
04-15 18:44:51.643957  1913 31341 E MXNavi-[Navi_Performance]: [ToolKit]: MainViewModel--onSpeedChanged activation == false
04-15 18:44:51.643973  1913 31341 E [Navi_Performance]: [ToolKit]: MainViewModel--onSpeedChanged activation == false
04-15 18:44:51.644746  3042  8437 I DVR     : |Binder:3042_5|DVRService RegisterManager onCarSensorDataChanged...unknown = 557844818 
04-15 18:44:51.644971  3264  3627 E FeatureSwitchStrategyManager: sceneNeedAction: start SCENE_DYNAMIC
04-15 18:44:51.663213  2824  3668 I SurfaceView: 111912830 Locking canvas... stopped=false, surfaceControl=Surface(name=SurfaceView - )/@0xd56e900
04-15 18:44:51.663612  2824  3668 I SurfaceView: 111912830 Returned canvas: android.view.Surface$CompatibleCanvas@d92e4df
04-15 18:44:51.688506  3264 12797 E FeatureSwitchManager: changeFeatureSwitch, algType:2,bitMask:1000,enable:true
04-15 18:44:51.688634  3264 12797 E TcpLibClient: 服务端端口: 10.0.0.34:5096, 指定服务端未连接
04-15 18:44:51.688697  3264 12797 E TcpManager: 与服务器连接已断开
04-15 18:44:51.688809  3264  3264 E IntelliSenseService: connect server close-> address:10.0.0.34
04-15 18:44:51.716211  2824  3668 I SurfaceView: 111912830 Locking canvas... stopped=false, surfaceControl=Surface(name=SurfaceView - )/@0xd56e900
04-15 18:44:51.716584  2824  3668 I SurfaceView: 111912830 Returned canvas: android.view.Surface$CompatibleCanvas@d92e4df
04-15 18:44:51.730981  2776  2776 I BoschCarServiceImp: onCarSpeedChanged:  0.0
04-15 18:44:51.731266  2776  3546 I FeiYuOS_CarPropertyImp: NOTIFY_CAR_PROPERTY_MESSAGE_CHANGE ++++++++++++++++++++++++++++++
04-15 18:44:51.731303  2776  3546 I FeiYuOS_CarPropertyImp: notifyCarPropertyMessageChange propId: 106, propValue: 0.0
04-15 18:44:51.731485  2998  2998 I ICommonBinder: speed=0.0caller uid = 1000 ,pid = 2998
04-15 18:44:51.731513  2998  2998 I ICarBinder: mIGearCallback.size=0
04-15 18:44:51.731656  1913  1913 I MXNavi-SystemTts-VoiceModel: onReceiveCarProperty i:106 s:0.0
04-15 18:44:51.731911  1913 31342 I MXNavi-MainViewModel: onSpeedChanged:0.0 mSpeed:0.0 isCounting:false isStopTime:false
04-15 18:44:51.731954  1913 31342 I [Activate]ActivateManager: isActivation Methods are called by the class MainViewModel onSpeedChanged batchActivateResult:106
04-15 18:44:51.731975  1913 31342 E MXNavi-[Navi_Performance]: [ToolKit]: MainViewModel--onSpeedChanged activation == false
04-15 18:44:51.732000  1913 31342 E [Navi_Performance]: [ToolKit]: MainViewModel--onSpeedChanged activation == false
04-15 18:44:51.732675  2776  2776 I BoschCarServiceImp: onCarSpeedChanged:  25.56
04-15 18:44:51.732911  2998  2998 I ICommonBinder: speed=25.56caller uid = 1000 ,pid = 2998
04-15 18:44:51.732941  2776  3546 I FeiYuOS_CarPropertyImp: NOTIFY_CAR_PROPERTY_MESSAGE_CHANGE ++++++++++++++++++++++++++++++
04-15 18:44:51.732946  2998  2998 I ICarBinder: mIGearCallback.size=0
04-15 18:44:51.732964  2776  3546 I FeiYuOS_CarPropertyImp: notifyCarPropertyMessageChange propId: 106, propValue: 25.56
04-15 18:44:51.733065  1913  1913 I MXNavi-SystemTts-VoiceModel: onReceiveCarProperty i:106 s:25.56
04-15 18:44:51.733135  1913 31328 I MXNavi-MainViewModel: onSpeedChanged:92.016 mSpeed:0.0 isCounting:false isStopTime:false
04-15 18:44:51.733154  1913 31328 I [Activate]ActivateManager: isActivation Methods are called by the class MainViewModel onSpeedChanged batchActivateResult:106
04-15 18:44:51.733164  1913 31328 E MXNavi-[Navi_Performance]: [ToolKit]: MainViewModel--onSpeedChanged activation == false
04-15 18:44:51.733175  1913 31328 E [Navi_Performance]: [ToolKit]: MainViewModel--onSpeedChanged activation == false
04-15 18:44:51.733645  3264  3627 E FeatureSwitchStrategyManager: sceneNeedAction: start SCENE_STATIC
04-15 18:44:51.735511  2533  2533 I BootPresenter: (-$$Lambda$Qut1UVg1Gu75cdlDy9b5jeBJWaU.java:2)bootQuickLogin---->puid = 0
04-15 18:44:51.735557  3042  8437 I DVR     : |Binder:3042_5|DVRService RegisterManager onCarSensorDataChanged...unknown = 557844818 
04-15 18:44:51.735675  3042  8437 I DVR     : |Binder:3042_5|DVRService RegisterManager onCarSensorDataChanged...unknown = 557844818 
04-15 18:44:51.736585  2533  2533 I BootPresenter: (-$$Lambda$Qut1UVg1Gu75cdlDy9b5jeBJWaU.java:2)bootAutoLogin---->500ms后重试 puid = 0 , faceId = 0 , isNetInited = false
04-15 18:44:51.741300  3264  3627 E carSpeedChanged: carSpeedChanged 25.56
04-15 18:44:51.741356  3264  3627 E judgeAllSceneStrategy: current speed = 92.016 mCurrentScene =0
04-15 18:44:51.741369  3264  3627 E FeatureSwitchStrategyManager: sceneNeedAction: start SCENE_DYNAMIC
04-15 18:44:51.741486  1587  1587 I CAR.VENDOR.AVM: onChange:newValue = CarPropertyValue{mPropertyId=0x21400470, mAreaId=0x0, mStatus=0, mTimestamp=6382030507870, mValue=0}
04-15 18:44:51.741848  2814  2814 I CAR.VENDOR.AVM: onChange:newValue = CarPropertyValue{mPropertyId=0x21400470, mAreaId=0x0, mStatus=0, mTimestamp=6382030507870, mValue=0}
04-15 18:44:51.753261  1160  1270 E WifiVendorHal: getWifiLinkLayerStats(l.937) failed {.code = ERROR_NOT_AVAILABLE, .description = }
04-15 18:44:51.768304  2824  3668 I SurfaceView: 111912830 Locking canvas... stopped=false, surfaceControl=Surface(name=SurfaceView - )/@0xd56e900
04-15 18:44:51.768707  2824  3668 I SurfaceView: 111912830 Returned canvas: android.view.Surface$CompatibleCanvas@d92e4df
04-15 18:44:51.789013  3264 12797 E FeatureSwitchManager: changeFeatureSwitch, algType:3,bitMask:1000,enable:true
04-15 18:44:51.789288  3264 12797 E TcpLibClient: 服务端端口: 10.0.0.34:5096, 指定服务端未连接
04-15 18:44:51.789415  3264 12797 E TcpManager: 与服务器连接已断开
04-15 18:44:51.789481  3264  3264 E IntelliSenseService: connect server close-> address:10.0.0.34
04-15 18:44:51.821278  2824  3668 I SurfaceView: 111912830 Locking canvas... stopped=false, surfaceControl=Surface(name=SurfaceView - )/@0xd56e900
04-15 18:44:51.821770  2824  3668 I SurfaceView: 111912830 Returned canvas: android.view.Surface$CompatibleCanvas@d92e4df
04-15 18:44:51.832357  3042  8437 I DVR     : |Binder:3042_5|DVRService RegisterManager onCarSensorDataChanged...unknown = 557844818 
04-15 18:44:51.832670  2776  2776 I BoschCarServiceImp: onCarSpeedChanged:  0.0
04-15 18:44:51.832731  2776  3546 I FeiYuOS_CarPropertyImp: NOTIFY_CAR_PROPERTY_MESSAGE_CHANGE ++++++++++++++++++++++++++++++
04-15 18:44:51.832752  2776  3546 I FeiYuOS_CarPropertyImp: notifyCarPropertyMessageChange propId: 106, propValue: 0.0
04-15 18:44:51.832923  1913  1913 I MXNavi-SystemTts-VoiceModel: onReceiveCarProperty i:106 s:0.0
04-15 18:44:51.833063  1913 31329 I MXNavi-MainViewModel: onSpeedChanged:0.0 mSpeed:0.0 isCounting:false isStopTime:false
04-15 18:44:51.833159  1913 31329 I [Activate]ActivateManager: isActivation Methods are called by the class MainViewModel onSpeedChanged batchActivateResult:106
04-15 18:44:51.833182  1913 31329 E MXNavi-[Navi_Performance]: [ToolKit]: MainViewModel--onSpeedChanged activation == false
04-15 18:44:51.833207  1913 31329 E [Navi_Performance]: [ToolKit]: MainViewModel--onSpeedChanged activation == false
04-15 18:44:51.833285  2998  2998 I ICommonBinder: speed=0.0caller uid = 1000 ,pid = 2998
04-15 18:44:51.833311  2998  2998 I ICarBinder: mIGearCallback.size=0
04-15 18:44:51.833939  3264  3627 E FeatureSwitchStrategyManager: sceneNeedAction: start SCENE_STATIC
04-15 18:44:51.841035  1587  1587 I CAR.VENDOR.AVM: onChange:newValue = CarPropertyValue{mPropertyId=0x21400470, mAreaId=0x0, mStatus=0, mTimestamp=6382140553704, mValue=0}
04-15 18:44:51.841421  2776  2776 I BoschCarServiceImp: onCarSpeedChanged:  25.56
04-15 18:44:51.841512  2776  3546 I FeiYuOS_CarPropertyImp: NOTIFY_CAR_PROPERTY_MESSAGE_CHANGE ++++++++++++++++++++++++++++++
04-15 18:44:51.841543  2776  3546 I FeiYuOS_CarPropertyImp: notifyCarPropertyMessageChange propId: 106, propValue: 25.56
04-15 18:44:51.841645  3042  8437 I DVR     : |Binder:3042_5|DVRService RegisterManager onCarSensorDataChanged...unknown = 557844818 
04-15 18:44:51.841781  1913  1913 I MXNavi-SystemTts-VoiceModel: onReceiveCarProperty i:106 s:25.56
04-15 18:44:51.841903  1913 31330 I MXNavi-MainViewModel: onSpeedChanged:92.016 mSpeed:0.0 isCounting:false isStopTime:false
04-15 18:44:51.841943  1913 31330 I [Activate]ActivateManager: isActivation Methods are called by the class MainViewModel onSpeedChanged batchActivateResult:106
04-15 18:44:51.841956  1913 31330 E MXNavi-[Navi_Performance]: [ToolKit]: MainViewModel--onSpeedChanged activation == false
04-15 18:44:51.841982  1913 31330 E [Navi_Performance]: [ToolKit]: MainViewModel--onSpeedChanged activation == false
04-15 18:44:51.842418  2998  2998 I ICommonBinder: speed=25.56caller uid = 1000 ,pid = 2998
04-15 18:44:51.842438  2998  2998 I ICarBinder: mIGearCallback.size=0
04-15 18:44:51.842635  3264  3627 E FeatureSwitchStrategyManager: sceneNeedAction: start SCENE_DYNAMIC
04-15 18:44:51.843490  2814  2814 I CAR.VENDOR.AVM: onChange:newValue = CarPropertyValue{mPropertyId=0x21400470, mAreaId=0x0, mStatus=0, mTimestamp=6382140553704, mValue=0}
04-15 18:44:51.874156  2824  3668 I SurfaceView: 111912830 Locking canvas... stopped=false, surfaceControl=Surface(name=SurfaceView - )/@0xd56e900
04-15 18:44:51.874434  2824  3668 I SurfaceView: 111912830 Returned canvas: android.view.Surface$CompatibleCanvas@d92e4df
04-15 18:44:51.889254  3264 12797 E FeatureSwitchManager: changeFeatureSwitch, algType:1,bitMask:1000,enable:false
04-15 18:44:51.889405  3264 12797 E TcpLibClient: 服务端端口: 10.0.0.34:5096, 指定服务端未连接
04-15 18:44:51.889471  3264 12797 E TcpManager: 与服务器连接已断开
04-15 18:44:51.889537  3264  3264 E IntelliSenseService: connect server close-> address:10.0.0.34
04-15 18:44:51.926444  2824  3668 I SurfaceView: 111912830 Locking canvas... stopped=false, surfaceControl=Surface(name=SurfaceView - )/@0xd56e900
04-15 18:44:51.926686  2824  3668 I SurfaceView: 111912830 Returned canvas: android.view.Surface$CompatibleCanvas@d92e4df
04-15 18:44:51.932420  2776  2776 I BoschCarServiceImp: onCarSpeedChanged:  0.0
04-15 18:44:51.932963  2998  2998 I ICommonBinder: speed=0.0caller uid = 1000 ,pid = 2998
04-15 18:44:51.932979  2998  2998 I ICarBinder: mIGearCallback.size=0
04-15 18:44:51.933315  3042  8437 I DVR     : |Binder:3042_5|DVRService RegisterManager onCarSensorDataChanged...unknown = 557844818 
04-15 18:44:51.934198  3264  3627 E FeatureSwitchStrategyManager: sceneNeedAction: start SCENE_STATIC
04-15 18:44:51.934888  2776  3546 I FeiYuOS_CarPropertyImp: NOTIFY_CAR_PROPERTY_MESSAGE_CHANGE ++++++++++++++++++++++++++++++
04-15 18:44:51.934914  2776  3546 I FeiYuOS_CarPropertyImp: notifyCarPropertyMessageChange propId: 106, propValue: 0.0
04-15 18:44:51.935262  1913  1913 I MXNavi-SystemTts-VoiceModel: onReceiveCarProperty i:106 s:0.0
04-15 18:44:51.935338  1913 31331 I MXNavi-MainViewModel: onSpeedChanged:0.0 mSpeed:0.0 isCounting:false isStopTime:false
04-15 18:44:51.935362  1913 31331 I [Activate]ActivateManager: isActivation Methods are called by the class MainViewModel onSpeedChanged batchActivateResult:106
04-15 18:44:51.935374  1913 31331 E MXNavi-[Navi_Performance]: [ToolKit]: MainViewModel--onSpeedChanged activation == false
04-15 18:44:51.935381  1913 31331 E [Navi_Performance]: [ToolKit]: MainViewModel--onSpeedChanged activation == false
04-15 18:44:51.950923  2998  2998 I ICommonBinder: speed=25.56caller uid = 1000 ,pid = 2998
04-15 18:44:51.950955  2998  2998 I ICarBinder: mIGearCallback.size=0
04-15 18:44:51.951648  3042  8437 I DVR     : |Binder:3042_5|DVRService RegisterManager onCarSensorDataChanged...unknown = 557844818 
04-15 18:44:51.951902  2776  2776 I BoschCarServiceImp: onCarSpeedChanged:  25.56
04-15 18:44:51.951999  2776  3546 I FeiYuOS_CarPropertyImp: NOTIFY_CAR_PROPERTY_MESSAGE_CHANGE ++++++++++++++++++++++++++++++
04-15 18:44:51.952202  3264  3627 E FeatureSwitchStrategyManager: sceneNeedAction: start SCENE_DYNAMIC
04-15 18:44:51.952287  2776  3546 I FeiYuOS_CarPropertyImp: notifyCarPropertyMessageChange propId: 106, propValue: 25.56
04-15 18:44:51.952466  1913  1913 I MXNavi-SystemTts-VoiceModel: onReceiveCarProperty i:106 s:25.56
04-15 18:44:51.953764  1913 31332 I MXNavi-MainViewModel: onSpeedChanged:92.016 mSpeed:0.0 isCounting:false isStopTime:false
04-15 18:44:51.953809  1913 31332 I [Activate]ActivateManager: isActivation Methods are called by the class MainViewModel onSpeedChanged batchActivateResult:106
04-15 18:44:51.953822  1913 31332 E MXNavi-[Navi_Performance]: [ToolKit]: MainViewModel--onSpeedChanged activation == false
04-15 18:44:51.953828  1913 31332 E [Navi_Performance]: [ToolKit]: MainViewModel--onSpeedChanged activation == false
04-15 18:44:51.961072  1587  1587 I CAR.VENDOR.AVM: onChange:newValue = CarPropertyValue{mPropertyId=0x21400470, mAreaId=0x0, mStatus=0, mTimestamp=6382250276412, mValue=0}
04-15 18:44:51.963663  2814  2814 I CAR.VENDOR.AVM: onChange:newValue = CarPropertyValue{mPropertyId=0x21400470, mAreaId=0x0, mStatus=0, mTimestamp=6382250276412, mValue=0}
04-15 18:44:51.978181  2824  3668 I SurfaceView: 111912830 Locking canvas... stopped=false, surfaceControl=Surface(name=SurfaceView - )/@0xd56e900
04-15 18:44:51.978514  2824  3668 I SurfaceView: 111912830 Returned canvas: android.view.Surface$CompatibleCanvas@d92e4df
04-15 18:44:51.990293  3264 12797 E FeatureSwitchManager: changeFeatureSwitch, algType:2,bitMask:1000,enable:false
04-15 18:44:51.990397  3264 12797 E TcpLibClient: 服务端端口: 10.0.0.34:5096, 指定服务端未连接
04-15 18:44:51.990452  3264 12797 E TcpManager: 与服务器连接已断开
04-15 18:44:51.990540  3264  3264 E IntelliSenseService: connect server close-> address:10.0.0.34
04-15 18:44:52.031227  2824  3668 I SurfaceView: 111912830 Locking canvas... stopped=false, surfaceControl=Surface(name=SurfaceView - )/@0xd56e900
04-15 18:44:52.031429  2824  3668 I SurfaceView: 111912830 Returned canvas: android.view.Surface$CompatibleCanvas@d92e4df
04-15 18:44:52.038278  2998  2998 I ICommonBinder: speed=0.0caller uid = 1000 ,pid = 2998
04-15 18:44:52.038304  2998  2998 I ICarBinder: mIGearCallback.size=0
04-15 18:44:52.038700  2776  2776 I BoschCarServiceImp: onCarSpeedChanged:  0.0
04-15 18:44:52.038764  2776  3546 I FeiYuOS_CarPropertyImp: NOTIFY_CAR_PROPERTY_MESSAGE_CHANGE ++++++++++++++++++++++++++++++
04-15 18:44:52.038785  2776  3546 I FeiYuOS_CarPropertyImp: notifyCarPropertyMessageChange propId: 106, propValue: 0.0
04-15 18:44:52.038865  3042  8437 I DVR     : |Binder:3042_5|DVRService RegisterManager onCarSensorDataChanged...unknown = 557844818 
04-15 18:44:52.039017  1913  1913 I MXNavi-SystemTts-VoiceModel: onReceiveCarProperty i:106 s:0.0
04-15 18:44:52.039169  1913 31333 I MXNavi-MainViewModel: onSpeedChanged:0.0 mSpeed:0.0 isCounting:false isStopTime:false
04-15 18:44:52.039212  1913 31333 I [Activate]ActivateManager: isActivation Methods are called by the class MainViewModel onSpeedChanged batchActivateResult:106
04-15 18:44:52.039233  1913 31333 E MXNavi-[Navi_Performance]: [ToolKit]: MainViewModel--onSpeedChanged activation == false
04-15 18:44:52.039247  1913 31333 E [Navi_Performance]: [ToolKit]: MainViewModel--onSpeedChanged activation == false
04-15 18:44:52.039582  2998  2998 I ICommonBinder: speed=25.56caller uid = 1000 ,pid = 2998
04-15 18:44:52.039593  2998  2998 I ICarBinder: mIGearCallback.size=0
04-15 18:44:52.039922  3042  8437 I DVR     : |Binder:3042_5|DVRService RegisterManager onCarSensorDataChanged...unknown = 557844818 
04-15 18:44:52.039997  2776  2776 I BoschCarServiceImp: onCarSpeedChanged:  25.56
04-15 18:44:52.040145  2776  3546 I FeiYuOS_CarPropertyImp: NOTIFY_CAR_PROPERTY_MESSAGE_CHANGE ++++++++++++++++++++++++++++++
04-15 18:44:52.040165  2776  3546 I FeiYuOS_CarPropertyImp: notifyCarPropertyMessageChange propId: 106, propValue: 25.56
04-15 18:44:52.040472  1913  1913 I MXNavi-SystemTts-VoiceModel: onReceiveCarProperty i:106 s:25.56
04-15 18:44:52.040510  3264  3627 E FeatureSwitchStrategyManager: sceneNeedAction: start SCENE_STATIC
04-15 18:44:52.040554  1913 31334 I MXNavi-MainViewModel: onSpeedChanged:92.016 mSpeed:0.0 isCounting:false isStopTime:false
04-15 18:44:52.040579  1913 31334 I [Activate]ActivateManager: isActivation Methods are called by the class MainViewModel onSpeedChanged batchActivateResult:106
04-15 18:44:52.040590  1913 31334 E MXNavi-[Navi_Performance]: [ToolKit]: MainViewModel--onSpeedChanged activation == false
04-15 18:44:52.040596  1913 31334 E [Navi_Performance]: [ToolKit]: MainViewModel--onSpeedChanged activation == false
04-15 18:44:52.048389  3264  3627 E FeatureSwitchStrategyManager: sceneNeedAction: start SCENE_DYNAMIC
04-15 18:44:52.071005  1587  1587 I CAR.VENDOR.AVM: onChange:newValue = CarPropertyValue{mPropertyId=0x21400470, mAreaId=0x0, mStatus=0, mTimestamp=6382359780266, mValue=0}
04-15 18:44:52.071640  2814  2814 I CAR.VENDOR.AVM: onChange:newValue = CarPropertyValue{mPropertyId=0x21400470, mAreaId=0x0, mStatus=0, mTimestamp=6382359780266, mValue=0}
04-15 18:44:52.083171  2824  3668 I SurfaceView: 111912830 Locking canvas... stopped=false, surfaceControl=Surface(name=SurfaceView - )/@0xd56e900
04-15 18:44:52.083511  2824  3668 I SurfaceView: 111912830 Returned canvas: android.view.Surface$CompatibleCanvas@d92e4df
04-15 18:44:52.090797  3264 12797 E FeatureSwitchManager: changeFeatureSwitch, algType:3,bitMask:1000,enable:false
04-15 18:44:52.091017  3264 12797 E TcpLibClient: 服务端端口: 10.0.0.34:5096, 指定服务端未连接
04-15 18:44:52.091206  3264 12797 E TcpManager: 与服务器连接已断开
04-15 18:44:52.091287  3264  3264 E IntelliSenseService: connect server close-> address:10.0.0.34
04-15 18:44:52.135409  2824  3668 I SurfaceView: 111912830 Locking canvas... stopped=false, surfaceControl=Surface(name=SurfaceView - )/@0xd56e900
04-15 18:44:52.135681  2824  3668 I SurfaceView: 111912830 Returned canvas: android.view.Surface$CompatibleCanvas@d92e4df
04-15 18:44:52.138354  2776  2776 I BoschCarServiceImp: onCarSpeedChanged:  0.0
04-15 18:44:52.138460  2776  3546 I FeiYuOS_CarPropertyImp: NOTIFY_CAR_PROPERTY_MESSAGE_CHANGE ++++++++++++++++++++++++++++++
04-15 18:44:52.138482  2776  3546 I FeiYuOS_CarPropertyImp: notifyCarPropertyMessageChange propId: 106, propValue: 0.0
04-15 18:44:52.138803  2998  2998 I ICommonBinder: speed=0.0caller uid = 1000 ,pid = 2998
04-15 18:44:52.138820  2998  2998 I ICarBinder: mIGearCallback.size=0
04-15 18:44:52.138989  1913  1913 I MXNavi-SystemTts-VoiceModel: onReceiveCarProperty i:106 s:0.0
04-15 18:44:52.139078  1913 31335 I MXNavi-MainViewModel: onSpeedChanged:0.0 mSpeed:0.0 isCounting:false isStopTime:false
04-15 18:44:52.139101  1913 31335 I [Activate]ActivateManager: isActivation Methods are called by the class MainViewModel onSpeedChanged batchActivateResult:106
04-15 18:44:52.139113  1913 31335 E MXNavi-[Navi_Performance]: [ToolKit]: MainViewModel--onSpeedChanged activation == false
04-15 18:44:52.139115  3042  8437 I DVR     : |Binder:3042_5|DVRService RegisterManager onCarSensorDataChanged...unknown = 557844818 
04-15 18:44:52.139120  1913 31335 E [Navi_Performance]: [ToolKit]: MainViewModel--onSpeedChanged activation == false
04-15 18:44:52.139923  3264  3627 E FeatureSwitchStrategyManager: sceneNeedAction: start SCENE_STATIC
04-15 18:44:52.139974  3042  8437 I DVR     : |Binder:3042_5|DVRService RegisterManager onCarSensorDataChanged...unknown = 557844818 
04-15 18:44:52.140824  2998  2998 I ICommonBinder: speed=25.56caller uid = 1000 ,pid = 2998
04-15 18:44:52.140841  2998  2998 I ICarBinder: mIGearCallback.size=0
04-15 18:44:52.140897  2776  2776 I BoschCarServiceImp: onCarSpeedChanged:  25.56
04-15 18:44:52.140957  2776  3546 I FeiYuOS_CarPropertyImp: NOTIFY_CAR_PROPERTY_MESSAGE_CHANGE ++++++++++++++++++++++++++++++
04-15 18:44:52.140978  2776  3546 I FeiYuOS_CarPropertyImp: notifyCarPropertyMessageChange propId: 106, propValue: 25.56
04-15 18:44:52.142508  1913  1913 I MXNavi-SystemTts-VoiceModel: onReceiveCarProperty i:106 s:25.56
04-15 18:44:52.142580  1913 31336 I MXNavi-MainViewModel: onSpeedChanged:92.016 mSpeed:0.0 isCounting:false isStopTime:false
04-15 18:44:52.142612  1913 31336 I [Activate]ActivateManager: isActivation Methods are called by the class MainViewModel onSpeedChanged batchActivateResult:106
04-15 18:44:52.142626  1913 31336 E MXNavi-[Navi_Performance]: [ToolKit]: MainViewModel--onSpeedChanged activation == false
04-15 18:44:52.142635  1913 31336 E [Navi_Performance]: [ToolKit]: MainViewModel--onSpeedChanged activation == false
04-15 18:44:52.146797  1913  2316 W Settings: Setting android_id has moved from android.provider.Settings.System to android.provider.Settings.Secure, returning read-only value.
04-15 18:44:52.147565  1913  2316 I chatty  : uid=1000(system) GNaviMap-0 identical 1 line
04-15 18:44:52.147835  1913  2316 W Settings: Setting android_id has moved from android.provider.Settings.System to android.provider.Settings.Secure, returning read-only value.
04-15 18:44:52.149007  3264  3627 E FeatureSwitchStrategyManager: sceneNeedAction: start SCENE_DYNAMIC
04-15 18:44:52.181226  1587  1587 I CAR.VENDOR.AVM: onChange:newValue = CarPropertyValue{mPropertyId=0x21400470, mAreaId=0x0, mStatus=0, mTimestamp=6382470065318, mValue=0}
04-15 18:44:52.181779  2814  2814 I CAR.VENDOR.AVM: onChange:newValue = CarPropertyValue{mPropertyId=0x21400470, mAreaId=0x0, mStatus=0, mTimestamp=6382470065318, mValue=0}
04-15 18:44:52.187177  2824  3668 I SurfaceView: 111912830 Locking canvas... stopped=false, surfaceControl=Surface(name=SurfaceView - )/@0xd56e900
04-15 18:44:52.187482  2824  3668 I SurfaceView: 111912830 Returned canvas: android.view.Surface$CompatibleCanvas@d92e4df
04-15 18:44:52.190441  3264 12797 E FeatureSwitchManager: changeFeatureSwitch, algType:1,bitMask:1000,enable:true
04-15 18:44:52.190537  3264 12797 E TcpLibClient: 服务端端口: 10.0.0.34:5096, 指定服务端未连接
04-15 18:44:52.190582  3264 12797 E TcpManager: 与服务器连接已断开
04-15 18:44:52.190618  3264  3264 E IntelliSenseService: connect server close-> address:10.0.0.34
04-15 18:44:52.236816  2776  2776 I BoschCarServiceImp: onCarSpeedChanged:  0.0
04-15 18:44:52.237288  2998  2998 I ICommonBinder: speed=0.0caller uid = 1000 ,pid = 2998
04-15 18:44:52.237365  2998  2998 I ICarBinder: mIGearCallback.size=0
04-15 18:44:52.237483  2776  3546 I FeiYuOS_CarPropertyImp: NOTIFY_CAR_PROPERTY_MESSAGE_CHANGE ++++++++++++++++++++++++++++++
04-15 18:44:52.237505  2776  3546 I FeiYuOS_CarPropertyImp: notifyCarPropertyMessageChange propId: 106, propValue: 0.0
04-15 18:44:52.237781  1913  1913 I MXNavi-SystemTts-VoiceModel: onReceiveCarProperty i:106 s:0.0
04-15 18:44:52.237848  3042  8437 I DVR     : |Binder:3042_5|DVRService RegisterManager onCarSensorDataChanged...unknown = 557844818 
04-15 18:44:52.237855  1913 31337 I MXNavi-MainViewModel: onSpeedChanged:0.0 mSpeed:0.0 isCounting:false isStopTime:false
04-15 18:44:52.238022  1913 31337 I [Activate]ActivateManager: isActivation Methods are called by the class MainViewModel onSpeedChanged batchActivateResult:106
04-15 18:44:52.238036  1913 31337 E MXNavi-[Navi_Performance]: [ToolKit]: MainViewModel--onSpeedChanged activation == false
04-15 18:44:52.238050  1913 31337 E [Navi_Performance]: [ToolKit]: MainViewModel--onSpeedChanged activation == false
04-15 18:44:52.238171  2776  2776 I BoschCarServiceImp: onCarSpeedChanged:  25.56
04-15 18:44:52.238212  2824  3668 I SurfaceView: 111912830 Locking canvas... stopped=false, surfaceControl=Surface(name=SurfaceView - )/@0xd56e900
04-15 18:44:52.238329  3264  3627 E FeatureSwitchStrategyManager: sceneNeedAction: start SCENE_STATIC
04-15 18:44:52.238337  2776  3546 I FeiYuOS_CarPropertyImp: NOTIFY_CAR_PROPERTY_MESSAGE_CHANGE ++++++++++++++++++++++++++++++
04-15 18:44:52.238358  2776  3546 I FeiYuOS_CarPropertyImp: notifyCarPropertyMessageChange propId: 106, propValue: 25.56
04-15 18:44:52.238477  1913  1913 I MXNavi-SystemTts-VoiceModel: onReceiveCarProperty i:106 s:25.56
04-15 18:44:52.238632  1913 31338 I MXNavi-MainViewModel: onSpeedChanged:92.016 mSpeed:0.0 isCounting:false isStopTime:false
04-15 18:44:52.238671  2998  2998 I ICommonBinder: speed=25.56caller uid = 1000 ,pid = 2998
04-15 18:44:52.238674  1913 31338 I [Activate]ActivateManager: isActivation Methods are called by the class MainViewModel onSpeedChanged batchActivateResult:106
04-15 18:44:52.238686  2998  2998 I ICarBinder: mIGearCallback.size=0
04-15 18:44:52.238694  1913 31338 E MXNavi-[Navi_Performance]: [ToolKit]: MainViewModel--onSpeedChanged activation == false
04-15 18:44:52.238710  1913 31338 E [Navi_Performance]: [ToolKit]: MainViewModel--onSpeedChanged activation == false
04-15 18:44:52.239284  2824  3668 I SurfaceView: 111912830 Returned canvas: android.view.Surface$CompatibleCanvas@d92e4df
04-15 18:44:52.239901  2533  2533 I BootPresenter: (-$$Lambda$Qut1UVg1Gu75cdlDy9b5jeBJWaU.java:2)bootQuickLogin---->puid = 0
04-15 18:44:52.240791  3042  8437 I DVR     : |Binder:3042_5|DVRService RegisterManager onCarSensorDataChanged...unknown = 557844818 
04-15 18:44:52.241406  2533  2533 I BootPresenter: (-$$Lambda$Qut1UVg1Gu75cdlDy9b5jeBJWaU.java:2)bootAutoLogin---->500ms后重试 puid = 0 , faceId = 0 , isNetInited = false
04-15 18:44:52.245478  3264  3627 E FeatureSwitchStrategyManager: sceneNeedAction: start SCENE_DYNAMIC
04-15 18:44:52.291152  2824  3668 I SurfaceView: 111912830 Locking canvas... stopped=false, surfaceControl=Surface(name=SurfaceView - )/@0xd56e900
04-15 18:44:52.291368  2824  3668 I SurfaceView: 111912830 Returned canvas: android.view.Surface$CompatibleCanvas@d92e4df
04-15 18:44:52.292375  3264 12797 E FeatureSwitchManager: changeFeatureSwitch, algType:2,bitMask:1000,enable:true
04-15 18:44:52.292517  3264 12797 E TcpLibClient: 服务端端口: 10.0.0.34:5096, 指定服务端未连接
04-15 18:44:52.292603  3264 12797 E TcpManager: 与服务器连接已断开
04-15 18:44:52.292680  3264  3264 E IntelliSenseService: connect server close-> address:10.0.0.34
04-15 18:44:52.301275  1587  1587 I CAR.VENDOR.AVM: onChange:newValue = CarPropertyValue{mPropertyId=0x21400470, mAreaId=0x0, mStatus=0, mTimestamp=6382589478026, mValue=0}
04-15 18:44:52.301846  2814  2814 I CAR.VENDOR.AVM: onChange:newValue = CarPropertyValue{mPropertyId=0x21400470, mAreaId=0x0, mStatus=0, mTimestamp=6382589478026, mValue=0}
04-15 18:44:52.335301  2776  2776 I BoschCarServiceImp: onCarSpeedChanged:  0.0
04-15 18:44:52.335371  2776  3546 I FeiYuOS_CarPropertyImp: NOTIFY_CAR_PROPERTY_MESSAGE_CHANGE ++++++++++++++++++++++++++++++
04-15 18:44:52.335400  2776  3546 I FeiYuOS_CarPropertyImp: notifyCarPropertyMessageChange propId: 106, propValue: 0.0
04-15 18:44:52.335683  2998  2998 I ICommonBinder: speed=0.0caller uid = 1000 ,pid = 2998
04-15 18:44:52.335701  2998  2998 I ICarBinder: mIGearCallback.size=0
04-15 18:44:52.335801  1913  1913 I MXNavi-SystemTts-VoiceModel: onReceiveCarProperty i:106 s:0.0
04-15 18:44:52.335919  1913 31339 I MXNavi-MainViewModel: onSpeedChanged:0.0 mSpeed:0.0 isCounting:false isStopTime:false
04-15 18:44:52.335942  1913 31339 I [Activate]ActivateManager: isActivation Methods are called by the class MainViewModel onSpeedChanged batchActivateResult:106
04-15 18:44:52.335953  1913 31339 E MXNavi-[Navi_Performance]: [ToolKit]: MainViewModel--onSpeedChanged activation == false
04-15 18:44:52.335966  1913 31339 E [Navi_Performance]: [ToolKit]: MainViewModel--onSpeedChanged activation == false
04-15 18:44:52.336015  3042  8437 I DVR     : |Binder:3042_5|DVRService RegisterManager onCarSensorDataChanged...unknown = 557844818 
04-15 18:44:52.336675  2998  2998 I ICommonBinder: speed=25.56caller uid = 1000 ,pid = 2998
04-15 18:44:52.336688  2998  2998 I ICarBinder: mIGearCallback.size=0
04-15 18:44:52.337405  3042  8437 I DVR     : |Binder:3042_5|DVRService RegisterManager onCarSensorDataChanged...unknown = 557844818 
04-15 18:44:52.337820  2776  2776 I BoschCarServiceImp: onCarSpeedChanged:  25.56
04-15 18:44:52.337887  2776  3546 I FeiYuOS_CarPropertyImp: NOTIFY_CAR_PROPERTY_MESSAGE_CHANGE ++++++++++++++++++++++++++++++
04-15 18:44:52.337910  2776  3546 I FeiYuOS_CarPropertyImp: notifyCarPropertyMessageChange propId: 106, propValue: 25.56
04-15 18:44:52.338036  1913  1913 I MXNavi-SystemTts-VoiceModel: onReceiveCarProperty i:106 s:25.56
04-15 18:44:52.338124  1913 31340 I MXNavi-MainViewModel: onSpeedChanged:92.016 mSpeed:0.0 isCounting:false isStopTime:false
04-15 18:44:52.338149  1913 31340 I [Activate]ActivateManager: isActivation Methods are called by the class MainViewModel onSpeedChanged batchActivateResult:106
04-15 18:44:52.338160  1913 31340 E MXNavi-[Navi_Performance]: [ToolKit]: MainViewModel--onSpeedChanged activation == false
04-15 18:44:52.338166  1913 31340 E [Navi_Performance]: [ToolKit]: MainViewModel--onSpeedChanged activation == false
04-15 18:44:52.339520  3264  3627 E FeatureSwitchStrategyManager: sceneNeedAction: start SCENE_STATIC
04-15 18:44:52.343154  2824  3668 I SurfaceView: 111912830 Locking canvas... stopped=false, surfaceControl=Surface(name=SurfaceView - )/@0xd56e900
04-15 18:44:52.343371  2824  3668 I SurfaceView: 111912830 Returned canvas: android.view.Surface$CompatibleCanvas@d92e4df
04-15 18:44:52.345371  3264  3627 E FeatureSwitchStrategyManager: sceneNeedAction: start SCENE_DYNAMIC
04-15 18:44:52.346458  1913  1913 I MXNavi-onNmeaMessage GPGGA = : s = $GPGGA,,,,,,0,,,,,,,,*66\r
04-15 18:44:52.346509  1913  1913 I MXNavi-onNmeaMessage GPRMC = : s = $GPRMC,,V,,,,,,,,,,N*53
04-15 18:44:52.387629  1133  1137 E u-blox  : ublox::CGnssMeasurementExtension::navMeasurementUpdate: GnssMeasurementExtension callback is not initialized
04-15 18:44:52.393983  3264 12797 E FeatureSwitchManager: changeFeatureSwitch, algType:3,bitMask:1000,enable:true
04-15 18:44:52.394150  3264 12797 E TcpLibClient: 服务端端口: 10.0.0.34:5096, 指定服务端未连接
04-15 18:44:52.394200  3264 12797 E TcpManager: 与服务器连接已断开
04-15 18:44:52.394256  3264  3264 E IntelliSenseService: connect server close-> address:10.0.0.34
04-15 18:44:52.394321  2824  3668 I SurfaceView: 111912830 Locking canvas... stopped=false, surfaceControl=Surface(name=SurfaceView - )/@0xd56e900
04-15 18:44:52.394538  2824  3668 I SurfaceView: 111912830 Returned canvas: android.view.Surface$CompatibleCanvas@d92e4df
04-15 18:44:52.398225  1349  1911 E Property.service: getProperty: propId is not in config list:0x21600202
04-15 18:44:52.400924  2814  2814 I CAR.VENDOR.AVM: onChange:newValue = CarPropertyValue{mPropertyId=0x21400470, mAreaId=0x0, mStatus=0, mTimestamp=6382690440422, mValue=0}
04-15 18:44:52.400973  1587  1587 I CAR.VENDOR.AVM: onChange:newValue = CarPropertyValue{mPropertyId=0x21400470, mAreaId=0x0, mStatus=0, mTimestamp=6382690440422, mValue=0}
04-15 18:44:52.435250  2776  2776 I BoschCarServiceImp: onCarSpeedChanged:  0.0
04-15 18:44:52.435322  2776  3546 I FeiYuOS_CarPropertyImp: NOTIFY_CAR_PROPERTY_MESSAGE_CHANGE ++++++++++++++++++++++++++++++
04-15 18:44:52.435343  2776  3546 I FeiYuOS_CarPropertyImp: notifyCarPropertyMessageChange propId: 106, propValue: 0.0
04-15 18:44:52.435621  1913  1913 I MXNavi-SystemTts-VoiceModel: onReceiveCarProperty i:106 s:0.0
04-15 18:44:52.435691  1913 31341 I MXNavi-MainViewModel: onSpeedChanged:0.0 mSpeed:0.0 isCounting:false isStopTime:false
04-15 18:44:52.435695  2998  2998 I ICommonBinder: speed=0.0caller uid = 1000 ,pid = 2998
04-15 18:44:52.435712  2998  2998 I ICarBinder: mIGearCallback.size=0
04-15 18:44:52.435715  1913 31341 I [Activate]ActivateManager: isActivation Methods are called by the class MainViewModel onSpeedChanged batchActivateResult:106
04-15 18:44:52.435727  1913 31341 E MXNavi-[Navi_Performance]: [ToolKit]: MainViewModel--onSpeedChanged activation == false
04-15 18:44:52.435734  1913 31341 E [Navi_Performance]: [ToolKit]: MainViewModel--onSpeedChanged activation == false
04-15 18:44:52.435834  3042  8437 I DVR     : |Binder:3042_5|DVRService RegisterManager onCarSensorDataChanged...unknown = 557844818 
04-15 18:44:52.436885  2998  2998 I ICommonBinder: speed=25.56caller uid = 1000 ,pid = 2998
04-15 18:44:52.436901  2998  2998 I ICarBinder: mIGearCallback.size=0
04-15 18:44:52.437052  3042  8437 I DVR     : |Binder:3042_5|DVRService RegisterManager onCarSensorDataChanged...unknown = 557844818 
04-15 18:44:52.437096  3264  3627 E FeatureSwitchStrategyManager: sceneNeedAction: start SCENE_STATIC
04-15 18:44:52.437652  2776  2776 I BoschCarServiceImp: onCarSpeedChanged:  25.56
04-15 18:44:52.437693  2776  3546 I FeiYuOS_CarPropertyImp: NOTIFY_CAR_PROPERTY_MESSAGE_CHANGE ++++++++++++++++++++++++++++++
04-15 18:44:52.437712  2776  3546 I FeiYuOS_CarPropertyImp: notifyCarPropertyMessageChange propId: 106, propValue: 25.56
04-15 18:44:52.437880  1913  1913 I MXNavi-SystemTts-VoiceModel: onReceiveCarProperty i:106 s:25.56
04-15 18:44:52.437981  1913 31342 I MXNavi-MainViewModel: onSpeedChanged:92.016 mSpeed:0.0 isCounting:false isStopTime:false
04-15 18:44:52.438021  1913 31342 I [Activate]ActivateManager: isActivation Methods are called by the class MainViewModel onSpeedChanged batchActivateResult:106
04-15 18:44:52.438041  1913 31342 E MXNavi-[Navi_Performance]: [ToolKit]: MainViewModel--onSpeedChanged activation == false
04-15 18:44:52.438055  1913 31342 E [Navi_Performance]: [ToolKit]: MainViewModel--onSpeedChanged activation == false
04-15 18:44:52.446018  3264  3627 E FeatureSwitchStrategyManager: sceneNeedAction: start SCENE_DYNAMIC
04-15 18:44:52.446398  2824  3668 I SurfaceView: 111912830 Locking canvas... stopped=false, surfaceControl=Surface(name=SurfaceView - )/@0xd56e900
04-15 18:44:52.446634  2824  3668 I SurfaceView: 111912830 Returned canvas: android.view.Surface$CompatibleCanvas@d92e4df
04-15 18:44:52.493880  3264 12797 E FeatureSwitchManager: changeFeatureSwitch, algType:1,bitMask:1000,enable:false
04-15 18:44:52.494030  3264 12797 E TcpLibClient: 服务端端口: 10.0.0.34:5096, 指定服务端未连接
04-15 18:44:52.494077  3264 12797 E TcpManager: 与服务器连接已断开
04-15 18:44:52.494118  3264  3264 E IntelliSenseService: connect server close-> address:10.0.0.34
04-15 18:44:52.500306  2824  3668 I SurfaceView: 111912830 Locking canvas... stopped=false, surfaceControl=Surface(name=SurfaceView - )/@0xd56e900
04-15 18:44:52.500492  2824  3668 I SurfaceView: 111912830 Returned canvas: android.view.Surface$CompatibleCanvas@d92e4df
04-15 18:44:52.509982  1587  1587 I CAR.VENDOR.AVM: onChange:newValue = CarPropertyValue{mPropertyId=0x21400470, mAreaId=0x0, mStatus=0, mTimestamp=6382799423807, mValue=0}
04-15 18:44:52.510701  2814  2814 I CAR.VENDOR.AVM: onChange:newValue = CarPropertyValue{mPropertyId=0x21400470, mAreaId=0x0, mStatus=0, mTimestamp=6382799423807, mValue=0}
04-15 18:44:52.529340   498   580 I CBaseMonitor: [run-318] Enter monitor android
04-15 18:44:52.519000   498   498 I MonitorWorker: type=1400 audit(0.0:3035): avc: denied { rename } for name="logcat.txt.001" dev="vdm" ino=805 scontext=u:r:logcat_file_count_sh:s0 tcontext=u:object_r:mnt_user_file:s0 tclass=file permissive=1
04-15 18:44:52.532983  2776  2776 I BoschCarServiceImp: onCarSpeedChanged:  0.0
04-15 18:44:52.533081  2776  3546 I FeiYuOS_CarPropertyImp: NOTIFY_CAR_PROPERTY_MESSAGE_CHANGE ++++++++++++++++++++++++++++++
04-15 18:44:52.533102  2776  3546 I FeiYuOS_CarPropertyImp: notifyCarPropertyMessageChange propId: 106, propValue: 0.0
04-15 18:44:52.533297  2998  2998 I ICommonBinder: speed=0.0caller uid = 1000 ,pid = 2998
04-15 18:44:52.533313  2998  2998 I ICarBinder: mIGearCallback.size=0
04-15 18:44:52.533516  3042  8437 I DVR     : |Binder:3042_5|DVRService RegisterManager onCarSensorDataChanged...unknown = 557844818 
04-15 18:44:52.533702  1913  1913 I MXNavi-SystemTts-VoiceModel: onReceiveCarProperty i:106 s:0.0
04-15 18:44:52.533929  1913 31328 I MXNavi-MainViewModel: onSpeedChanged:0.0 mSpeed:0.0 isCounting:false isStopTime:false
04-15 18:44:52.533955  1913 31328 I [Activate]ActivateManager: isActivation Methods are called by the class MainViewModel onSpeedChanged batchActivateResult:106
04-15 18:44:52.533965  1913 31328 E MXNavi-[Navi_Performance]: [ToolKit]: MainViewModel--onSpeedChanged activation == false
04-15 18:44:52.533971  1913 31328 E [Navi_Performance]: [ToolKit]: MainViewModel--onSpeedChanged activation == false
04-15 18:44:52.534466  3042  8437 I DVR     : |Binder:3042_5|DVRService RegisterManager onCarSensorDataChanged...unknown = 557844818 
04-15 18:44:52.534513  2998  2998 I ICommonBinder: speed=25.56caller uid = 1000 ,pid = 2998
04-15 18:44:52.534527  2998  2998 I ICarBinder: mIGearCallback.size=0
04-15 18:44:52.534727  3264  3627 E FeatureSwitchStrategyManager: sceneNeedAction: start SCENE_STATIC
04-15 18:44:52.538300  2776  2776 I BoschCarServiceImp: onCarSpeedChanged:  25.56
04-15 18:44:52.538345  2776  3546 I FeiYuOS_CarPropertyImp: NOTIFY_CAR_PROPERTY_MESSAGE_CHANGE ++++++++++++++++++++++++++++++
04-15 18:44:52.538366  2776  3546 I FeiYuOS_CarPropertyImp: notifyCarPropertyMessageChange propId: 106, propValue: 25.56
04-15 18:44:52.538746  1913  1913 I MXNavi-SystemTts-VoiceModel: onReceiveCarProperty i:106 s:25.56
04-15 18:44:52.538993  1913 31329 I MXNavi-MainViewModel: onSpeedChanged:92.016 mSpeed:0.0 isCounting:false isStopTime:false
04-15 18:44:52.539040  1913 31329 I [Activate]ActivateManager: isActivation Methods are called by the class MainViewModel onSpeedChanged batchActivateResult:106
04-15 18:44:52.539060  1913 31329 E MXNavi-[Navi_Performance]: [ToolKit]: MainViewModel--onSpeedChanged activation == false
04-15 18:44:52.539075  1913 31329 E [Navi_Performance]: [ToolKit]: MainViewModel--onSpeedChanged activation == false
04-15 18:44:52.541867  3264  3627 E FeatureSwitchStrategyManager: sceneNeedAction: start SCENE_DYNAMIC
04-15 18:44:52.552524  2824  3668 I SurfaceView: 111912830 Locking canvas... stopped=false, surfaceControl=Surface(name=SurfaceView - )/@0xd56e900
04-15 18:44:52.552750  2824  3668 I SurfaceView: 111912830 Returned canvas: android.view.Surface$CompatibleCanvas@d92e4df
04-15 18:44:52.593208  3264 12797 E FeatureSwitchManager: changeFeatureSwitch, algType:2,bitMask:1000,enable:false
04-15 18:44:52.593318  3264 12797 E TcpLibClient: 服务端端口: 10.0.0.34:5096, 指定服务端未连接
04-15 18:44:52.593363  3264 12797 E TcpManager: 与服务器连接已断开
04-15 18:44:52.593414  3264  3264 E IntelliSenseService: connect server close-> address:10.0.0.34
04-15 18:44:52.603596  2824  3668 I SurfaceView: 111912830 Locking canvas... stopped=false, surfaceControl=Surface(name=SurfaceView - )/@0xd56e900
04-15 18:44:52.603873  2824  3668 I SurfaceView: 111912830 Returned canvas: android.view.Surface$CompatibleCanvas@d92e4df
04-15 18:44:52.622673  2814  2814 I CAR.VENDOR.AVM: onChange:newValue = CarPropertyValue{mPropertyId=0x21400470, mAreaId=0x0, mStatus=0, mTimestamp=6382910453026, mValue=0}
04-15 18:44:52.622703  1587  1587 I CAR.VENDOR.AVM: onChange:newValue = CarPropertyValue{mPropertyId=0x21400470, mAreaId=0x0, mStatus=0, mTimestamp=6382910453026, mValue=0}
04-15 18:44:52.623963  2776  2776 I BoschCarServiceImp: onCarSpeedChanged:  0.0
04-15 18:44:52.624073  3042  8437 I DVR     : |Binder:3042_5|DVRService RegisterManager onCarSensorDataChanged...unknown = 557844818 
04-15 18:44:52.624156  2776  3546 I FeiYuOS_CarPropertyImp: NOTIFY_CAR_PROPERTY_MESSAGE_CHANGE ++++++++++++++++++++++++++++++
04-15 18:44:52.624210  2776  3546 I FeiYuOS_CarPropertyImp: notifyCarPropertyMessageChange propId: 106, propValue: 0.0
04-15 18:44:52.624238  2998  2998 I ICommonBinder: speed=0.0caller uid = 1000 ,pid = 2998
04-15 18:44:52.624253  2998  2998 I ICarBinder: mIGearCallback.size=0
04-15 18:44:52.624540  3264  3627 E FeatureSwitchStrategyManager: sceneNeedAction: start SCENE_STATIC
04-15 18:44:52.625277  1913  1913 I MXNavi-SystemTts-VoiceModel: onReceiveCarProperty i:106 s:0.0
04-15 18:44:52.625448  1913 31330 I MXNavi-MainViewModel: onSpeedChanged:0.0 mSpeed:0.0 isCounting:false isStopTime:false
04-15 18:44:52.625480  1913 31330 I [Activate]ActivateManager: isActivation Methods are called by the class MainViewModel onSpeedChanged batchActivateResult:106
04-15 18:44:52.625493  1913 31330 E MXNavi-[Navi_Performance]: [ToolKit]: MainViewModel--onSpeedChanged activation == false
04-15 18:44:52.625501  1913 31330 E [Navi_Performance]: [ToolKit]: MainViewModel--onSpeedChanged activation == false
04-15 18:44:52.641597  2776  2776 I BoschCarServiceImp: onCarSpeedChanged:  25.56
04-15 18:44:52.641723  2776  3546 I FeiYuOS_CarPropertyImp: NOTIFY_CAR_PROPERTY_MESSAGE_CHANGE ++++++++++++++++++++++++++++++
04-15 18:44:52.641747  2776  3546 I FeiYuOS_CarPropertyImp: notifyCarPropertyMessageChange propId: 106, propValue: 25.56
