04-15 18:44:50.200246  2824  3668 I SurfaceView: 111912830 Locking canvas... stopped=false, surfaceControl=Surface(name=SurfaceView - )/@0xd56e900
04-15 18:44:50.200468  2824  3668 I SurfaceView: 111912830 Returned canvas: android.view.Surface$CompatibleCanvas@d92e4df
04-15 18:44:50.228252  2533  2533 I BootPresenter: (-$$Lambda$Qut1UVg1Gu75cdlDy9b5jeBJWaU.java:2)bootQuickLogin---->puid = 0
04-15 18:44:50.228779  2533  2533 I BootPresenter: (-$$Lambda$Qut1UVg1Gu75cdlDy9b5jeBJWaU.java:2)bootAutoLogin---->500ms后重试 puid = 0 , faceId = 0 , isNetInited = false
04-15 18:44:50.238510  2776  2776 I BoschCarServiceImp: onCarSpeedChanged:  0.0
04-15 18:44:50.238633  2776  3546 I FeiYuOS_CarPropertyImp: NOTIFY_CAR_PROPERTY_MESSAGE_CHANGE ++++++++++++++++++++++++++++++
04-15 18:44:50.238667  2776  3546 I FeiYuOS_CarPropertyImp: notifyCarPropertyMessageChange propId: 106, propValue: 0.0
04-15 18:44:50.238836  1913  1913 I MXNavi-SystemTts-VoiceModel: onReceiveCarProperty i:106 s:0.0
04-15 18:44:50.238993  2998  2998 I ICommonBinder: speed=0.0caller uid = 1000 ,pid = 2998
04-15 18:44:50.239021  2998  2998 I ICarBinder: mIGearCallback.size=0
04-15 18:44:50.239433  1913 31342 I MXNavi-MainViewModel: onSpeedChanged:0.0 mSpeed:0.0 isCounting:false isStopTime:false
04-15 18:44:50.239481  1913 31342 I [Activate]ActivateManager: isActivation Methods are called by the class MainViewModel onSpeedChanged batchActivateResult:106
04-15 18:44:50.239502  1913 31342 E MXNavi-[Navi_Performance]: [ToolKit]: MainViewModel--onSpeedChanged activation == false
04-15 18:44:50.239517  1913 31342 E [Navi_Performance]: [ToolKit]: MainViewModel--onSpeedChanged activation == false
04-15 18:44:50.239808  3264  3627 E FeatureSwitchStrategyManager: sceneNeedAction: start SCENE_STATIC
04-15 18:44:50.239984  3042  8437 I DVR     : |Binder:3042_5|DVRService RegisterManager onCarSensorDataChanged...unknown = 557844818 
04-15 18:44:50.240280  2776  2776 I BoschCarServiceImp: onCarSpeedChanged:  25.56
04-15 18:44:50.240336  2776  3546 I FeiYuOS_CarPropertyImp: NOTIFY_CAR_PROPERTY_MESSAGE_CHANGE ++++++++++++++++++++++++++++++
04-15 18:44:50.240374  2776  3546 I FeiYuOS_CarPropertyImp: notifyCarPropertyMessageChange propId: 106, propValue: 25.56
04-15 18:44:50.240543  1913  1913 I MXNavi-SystemTts-VoiceModel: onReceiveCarProperty i:106 s:25.56
04-15 18:44:50.240637  1913 31328 I MXNavi-MainViewModel: onSpeedChanged:92.016 mSpeed:0.0 isCounting:false isStopTime:false
04-15 18:44:50.240660  1913 31328 I [Activate]ActivateManager: isActivation Methods are called by the class MainViewModel onSpeedChanged batchActivateResult:106
04-15 18:44:50.240672  1913 31328 E MXNavi-[Navi_Performance]: [ToolKit]: MainViewModel--onSpeedChanged activation == false
04-15 18:44:50.240678  1913 31328 E [Navi_Performance]: [ToolKit]: MainViewModel--onSpeedChanged activation == false
04-15 18:44:50.246900  2998  2998 I ICommonBinder: speed=25.56caller uid = 1000 ,pid = 2998
04-15 18:44:50.246956  2998  2998 I ICarBinder: mIGearCallback.size=0
04-15 18:44:50.247735  3264  3627 E FeatureSwitchStrategyManager: sceneNeedAction: start SCENE_DYNAMIC
04-15 18:44:50.248200  3042  8437 I DVR     : |Binder:3042_5|DVRService RegisterManager onCarSensorDataChanged...unknown = 557844818 
04-15 18:44:50.252240  2824  3668 I SurfaceView: 111912830 Locking canvas... stopped=false, surfaceControl=Surface(name=SurfaceView - )/@0xd56e900
04-15 18:44:50.252468  2824  3668 I SurfaceView: 111912830 Returned canvas: android.view.Surface$CompatibleCanvas@d92e4df
04-15 18:44:50.276168  3264 12797 E FeatureSwitchManager: changeFeatureSwitch, algType:3,bitMask:1000,enable:false
04-15 18:44:50.276293  3264 12797 E TcpLibClient: 服务端端口: 10.0.0.34:5096, 指定服务端未连接
04-15 18:44:50.276338  3264 12797 E TcpManager: 与服务器连接已断开
04-15 18:44:50.276690  3264  3264 E IntelliSenseService: connect server close-> address:10.0.0.34
04-15 18:44:50.305178  2824  3668 I SurfaceView: 111912830 Locking canvas... stopped=false, surfaceControl=Surface(name=SurfaceView - )/@0xd56e900
04-15 18:44:50.305388  2824  3668 I SurfaceView: 111912830 Returned canvas: android.view.Surface$CompatibleCanvas@d92e4df
04-15 18:44:50.320032  2814  2814 I CAR.VENDOR.AVM: onChange:newValue = CarPropertyValue{mPropertyId=0x21400470, mAreaId=0x0, mStatus=0, mTimestamp=6380608556152, mValue=0}
04-15 18:44:50.320080  1587  1587 I CAR.VENDOR.AVM: onChange:newValue = CarPropertyValue{mPropertyId=0x21400470, mAreaId=0x0, mStatus=0, mTimestamp=6380608556152, mValue=0}
04-15 18:44:50.336513  2776  2776 I BoschCarServiceImp: onCarSpeedChanged:  0.0
04-15 18:44:50.336766  2776  3546 I FeiYuOS_CarPropertyImp: NOTIFY_CAR_PROPERTY_MESSAGE_CHANGE ++++++++++++++++++++++++++++++
04-15 18:44:50.336805  2776  3546 I FeiYuOS_CarPropertyImp: notifyCarPropertyMessageChange propId: 106, propValue: 0.0
04-15 18:44:50.336997  2998  2998 I ICommonBinder: speed=0.0caller uid = 1000 ,pid = 2998
04-15 18:44:50.337172  2998  2998 I ICarBinder: mIGearCallback.size=0
04-15 18:44:50.337696  1913  1913 I MXNavi-SystemTts-VoiceModel: onReceiveCarProperty i:106 s:0.0
04-15 18:44:50.337805  1913 31329 I MXNavi-MainViewModel: onSpeedChanged:0.0 mSpeed:0.0 isCounting:false isStopTime:false
04-15 18:44:50.337848  1913 31329 I [Activate]ActivateManager: isActivation Methods are called by the class MainViewModel onSpeedChanged batchActivateResult:106
04-15 18:44:50.337847  3264  3627 E FeatureSwitchStrategyManager: sceneNeedAction: start SCENE_STATIC
04-15 18:44:50.337869  1913 31329 E MXNavi-[Navi_Performance]: [ToolKit]: MainViewModel--onSpeedChanged activation == false
04-15 18:44:50.337882  1913 31329 E [Navi_Performance]: [ToolKit]: MainViewModel--onSpeedChanged activation == false
04-15 18:44:50.338080  3042  8437 I DVR     : |Binder:3042_5|DVRService RegisterManager onCarSensorDataChanged...unknown = 557844818 
04-15 18:44:50.338295  2776  2776 I BoschCarServiceImp: onCarSpeedChanged:  25.56
04-15 18:44:50.338350  2776  3546 I FeiYuOS_CarPropertyImp: NOTIFY_CAR_PROPERTY_MESSAGE_CHANGE ++++++++++++++++++++++++++++++
04-15 18:44:50.338428  2776  3546 I FeiYuOS_CarPropertyImp: notifyCarPropertyMessageChange propId: 106, propValue: 25.56
04-15 18:44:50.338592  1913  1913 I MXNavi-SystemTts-VoiceModel: onReceiveCarProperty i:106 s:25.56
04-15 18:44:50.338595  2998  2998 I ICommonBinder: speed=25.56caller uid = 1000 ,pid = 2998
04-15 18:44:50.338621  2998  2998 I ICarBinder: mIGearCallback.size=0
04-15 18:44:50.338695  1913 31330 I MXNavi-MainViewModel: onSpeedChanged:92.016 mSpeed:0.0 isCounting:false isStopTime:false
04-15 18:44:50.338727  1913 31330 I [Activate]ActivateManager: isActivation Methods are called by the class MainViewModel onSpeedChanged batchActivateResult:106
04-15 18:44:50.338746  1913 31330 E MXNavi-[Navi_Performance]: [ToolKit]: MainViewModel--onSpeedChanged activation == false
04-15 18:44:50.338761  1913 31330 E [Navi_Performance]: [ToolKit]: MainViewModel--onSpeedChanged activation == false
04-15 18:44:50.339103  3042  8437 I DVR     : |Binder:3042_5|DVRService RegisterManager onCarSensorDataChanged...unknown = 557844818 
04-15 18:44:50.344348  1913  1913 I MXNavi-onNmeaMessage GPGGA = : s = $GPGGA,,,,,,0,,,,,,,,*66\r
04-15 18:44:50.344399  1913  1913 I MXNavi-onNmeaMessage GPRMC = : s = $GPRMC,,V,,,,,,,,,,N*53
04-15 18:44:50.344847  3264  3627 E FeatureSwitchStrategyManager: sceneNeedAction: start SCENE_DYNAMIC
04-15 18:44:50.357558  2824  3668 I SurfaceView: 111912830 Locking canvas... stopped=false, surfaceControl=Surface(name=SurfaceView - )/@0xd56e900
04-15 18:44:50.357932  2824  3668 I SurfaceView: 111912830 Returned canvas: android.view.Surface$CompatibleCanvas@d92e4df
04-15 18:44:50.378053  3264 12797 E FeatureSwitchManager: changeFeatureSwitch, algType:1,bitMask:1000,enable:true
04-15 18:44:50.378179  3264 12797 E TcpLibClient: 服务端端口: 10.0.0.34:5096, 指定服务端未连接
04-15 18:44:50.378228  3264 12797 E TcpManager: 与服务器连接已断开
04-15 18:44:50.378403  3264  3264 E IntelliSenseService: connect server close-> address:10.0.0.34
04-15 18:44:50.387631  1133  1137 E u-blox  : ublox::CGnssMeasurementExtension::navMeasurementUpdate: GnssMeasurementExtension callback is not initialized
04-15 18:44:50.399324  1349  1911 E Property.service: getProperty: propId is not in config list:0x21600202
04-15 18:44:50.409191  2824  3668 I SurfaceView: 111912830 Locking canvas... stopped=false, surfaceControl=Surface(name=SurfaceView - )/@0xd56e900
04-15 18:44:50.409411  2824  3668 I SurfaceView: 111912830 Returned canvas: android.view.Surface$CompatibleCanvas@d92e4df
04-15 18:44:50.411757  1587  1587 I CAR.VENDOR.AVM: onChange:newValue = CarPropertyValue{mPropertyId=0x21400470, mAreaId=0x0, mStatus=0, mTimestamp=6380699859746, mValue=0}
04-15 18:44:50.411926  2814  2814 I CAR.VENDOR.AVM: onChange:newValue = CarPropertyValue{mPropertyId=0x21400470, mAreaId=0x0, mStatus=0, mTimestamp=6380699859746, mValue=0}
04-15 18:44:50.436375  2776  2776 I BoschCarServiceImp: onCarSpeedChanged:  0.0
04-15 18:44:50.436921  2776  3546 I FeiYuOS_CarPropertyImp: NOTIFY_CAR_PROPERTY_MESSAGE_CHANGE ++++++++++++++++++++++++++++++
04-15 18:44:50.436960  2776  3546 I FeiYuOS_CarPropertyImp: notifyCarPropertyMessageChange propId: 106, propValue: 0.0
04-15 18:44:50.437656  2998  2998 I ICommonBinder: speed=0.0caller uid = 1000 ,pid = 2998
04-15 18:44:50.437722  2998  2998 I ICarBinder: mIGearCallback.size=0
04-15 18:44:50.438265  1913  1913 I MXNavi-SystemTts-VoiceModel: onReceiveCarProperty i:106 s:0.0
04-15 18:44:50.438354  1913 31331 I MXNavi-MainViewModel: onSpeedChanged:0.0 mSpeed:0.0 isCounting:false isStopTime:false
04-15 18:44:50.438411  1913 31331 I [Activate]ActivateManager: isActivation Methods are called by the class MainViewModel onSpeedChanged batchActivateResult:106
04-15 18:44:50.438425  1913 31331 E MXNavi-[Navi_Performance]: [ToolKit]: MainViewModel--onSpeedChanged activation == false
04-15 18:44:50.438434  1913 31331 E [Navi_Performance]: [ToolKit]: MainViewModel--onSpeedChanged activation == false
04-15 18:44:50.438784  3264  3627 E FeatureSwitchStrategyManager: sceneNeedAction: start SCENE_STATIC
04-15 18:44:50.438839  3042  8437 I DVR     : |Binder:3042_5|DVRService RegisterManager onCarSensorDataChanged...unknown = 557844818 
04-15 18:44:50.438969  2776  2776 I BoschCarServiceImp: onCarSpeedChanged:  25.56
04-15 18:44:50.439189  2776  3546 I FeiYuOS_CarPropertyImp: NOTIFY_CAR_PROPERTY_MESSAGE_CHANGE ++++++++++++++++++++++++++++++
04-15 18:44:50.439310  2776  3546 I FeiYuOS_CarPropertyImp: notifyCarPropertyMessageChange propId: 106, propValue: 25.56
04-15 18:44:50.440275  2998  2998 I ICommonBinder: speed=25.56caller uid = 1000 ,pid = 2998
04-15 18:44:50.440399  2998  2998 I ICarBinder: mIGearCallback.size=0
04-15 18:44:50.440483  1913  1913 I MXNavi-SystemTts-VoiceModel: onReceiveCarProperty i:106 s:25.56
04-15 18:44:50.440563  1913 31332 I MXNavi-MainViewModel: onSpeedChanged:92.016 mSpeed:0.0 isCounting:false isStopTime:false
04-15 18:44:50.440597  1913 31332 I [Activate]ActivateManager: isActivation Methods are called by the class MainViewModel onSpeedChanged batchActivateResult:106
04-15 18:44:50.440610  1913 31332 E MXNavi-[Navi_Performance]: [ToolKit]: MainViewModel--onSpeedChanged activation == false
04-15 18:44:50.440618  1913 31332 E [Navi_Performance]: [ToolKit]: MainViewModel--onSpeedChanged activation == false
04-15 18:44:50.441978  3042  8437 I DVR     : |Binder:3042_5|DVRService RegisterManager onCarSensorDataChanged...unknown = 557844818 
04-15 18:44:50.448019  3264  3627 E FeatureSwitchStrategyManager: sceneNeedAction: start SCENE_DYNAMIC
04-15 18:44:50.461389  2824  3668 I SurfaceView: 111912830 Locking canvas... stopped=false, surfaceControl=Surface(name=SurfaceView - )/@0xd56e900
04-15 18:44:50.461750  2824  3668 I SurfaceView: 111912830 Returned canvas: android.view.Surface$CompatibleCanvas@d92e4df
04-15 18:44:50.478509  3264 12797 E FeatureSwitchManager: changeFeatureSwitch, algType:2,bitMask:1000,enable:true
04-15 18:44:50.478658  3264 12797 E TcpLibClient: 服务端端口: 10.0.0.34:5096, 指定服务端未连接
04-15 18:44:50.478789  3264 12797 E TcpManager: 与服务器连接已断开
04-15 18:44:50.478945  3264  3264 E IntelliSenseService: connect server close-> address:10.0.0.34
04-15 18:44:50.513826  2824  3668 I SurfaceView: 111912830 Locking canvas... stopped=false, surfaceControl=Surface(name=SurfaceView - )/@0xd56e900
04-15 18:44:50.514054  2824  3668 I SurfaceView: 111912830 Returned canvas: android.view.Surface$CompatibleCanvas@d92e4df
04-15 18:44:50.522908  1587  1587 I CAR.VENDOR.AVM: onChange:newValue = CarPropertyValue{mPropertyId=0x21400470, mAreaId=0x0, mStatus=0, mTimestamp=6380810172871, mValue=0}
04-15 18:44:50.523011  2814  2814 I CAR.VENDOR.AVM: onChange:newValue = CarPropertyValue{mPropertyId=0x21400470, mAreaId=0x0, mStatus=0, mTimestamp=6380810172871, mValue=0}
04-15 18:44:50.536607  2776  2776 I BoschCarServiceImp: onCarSpeedChanged:  0.0
04-15 18:44:50.536710  2776  3546 I FeiYuOS_CarPropertyImp: NOTIFY_CAR_PROPERTY_MESSAGE_CHANGE ++++++++++++++++++++++++++++++
04-15 18:44:50.536760  2776  3546 I FeiYuOS_CarPropertyImp: notifyCarPropertyMessageChange propId: 106, propValue: 0.0
04-15 18:44:50.537072  1913  1913 I MXNavi-SystemTts-VoiceModel: onReceiveCarProperty i:106 s:0.0
04-15 18:44:50.537236  1913 31333 I MXNavi-MainViewModel: onSpeedChanged:0.0 mSpeed:0.0 isCounting:false isStopTime:false
04-15 18:44:50.537290  1913 31333 I [Activate]ActivateManager: isActivation Methods are called by the class MainViewModel onSpeedChanged batchActivateResult:106
04-15 18:44:50.537311  1913 31333 E MXNavi-[Navi_Performance]: [ToolKit]: MainViewModel--onSpeedChanged activation == false
04-15 18:44:50.537327  1913 31333 E [Navi_Performance]: [ToolKit]: MainViewModel--onSpeedChanged activation == false
04-15 18:44:50.537540  2998  2998 I ICommonBinder: speed=0.0caller uid = 1000 ,pid = 2998
04-15 18:44:50.537569  2998  2998 I ICarBinder: mIGearCallback.size=0
04-15 18:44:50.538064  3042  8437 I DVR     : |Binder:3042_5|DVRService RegisterManager onCarSensorDataChanged...unknown = 557844818 
04-15 18:44:50.538204  3264  3627 E FeatureSwitchStrategyManager: sceneNeedAction: start SCENE_STATIC
04-15 18:44:50.539554  2998  2998 I ICommonBinder: speed=25.56caller uid = 1000 ,pid = 2998
04-15 18:44:50.539592  2998  2998 I ICarBinder: mIGearCallback.size=0
04-15 18:44:50.539643  2776  2776 I BoschCarServiceImp: onCarSpeedChanged:  25.56
04-15 18:44:50.539802  2776  3546 I FeiYuOS_CarPropertyImp: NOTIFY_CAR_PROPERTY_MESSAGE_CHANGE ++++++++++++++++++++++++++++++
04-15 18:44:50.539881  2776  3546 I FeiYuOS_CarPropertyImp: notifyCarPropertyMessageChange propId: 106, propValue: 25.56
04-15 18:44:50.540350  1913  1913 I MXNavi-SystemTts-VoiceModel: onReceiveCarProperty i:106 s:25.56
04-15 18:44:50.540548  1913 31334 I MXNavi-MainViewModel: onSpeedChanged:92.016 mSpeed:0.0 isCounting:false isStopTime:false
04-15 18:44:50.540626  1913 31334 I [Activate]ActivateManager: isActivation Methods are called by the class MainViewModel onSpeedChanged batchActivateResult:106
04-15 18:44:50.540644  1913 31334 E MXNavi-[Navi_Performance]: [ToolKit]: MainViewModel--onSpeedChanged activation == false
04-15 18:44:50.540654  1913 31334 E [Navi_Performance]: [ToolKit]: MainViewModel--onSpeedChanged activation == false
04-15 18:44:50.540908  3042  8437 I DVR     : |Binder:3042_5|DVRService RegisterManager onCarSensorDataChanged...unknown = 557844818 
04-15 18:44:50.546551  3264  3627 E FeatureSwitchStrategyManager: sceneNeedAction: start SCENE_DYNAMIC
04-15 18:44:50.565153  2824  3668 I SurfaceView: 111912830 Locking canvas... stopped=false, surfaceControl=Surface(name=SurfaceView - )/@0xd56e900
04-15 18:44:50.565337  2824  3668 I SurfaceView: 111912830 Returned canvas: android.view.Surface$CompatibleCanvas@d92e4df
04-15 18:44:50.579464  3264 12797 E FeatureSwitchManager: changeFeatureSwitch, algType:3,bitMask:1000,enable:true
04-15 18:44:50.579583  3264 12797 E TcpLibClient: 服务端端口: 10.0.0.34:5096, 指定服务端未连接
04-15 18:44:50.579629  3264 12797 E TcpManager: 与服务器连接已断开
04-15 18:44:50.579683  3264  3264 E IntelliSenseService: connect server close-> address:10.0.0.34
04-15 18:44:50.616297  2824  3668 I SurfaceView: 111912830 Locking canvas... stopped=false, surfaceControl=Surface(name=SurfaceView - )/@0xd56e900
04-15 18:44:50.616645  2824  3668 I SurfaceView: 111912830 Returned canvas: android.view.Surface$CompatibleCanvas@d92e4df
04-15 18:44:50.633295  2814  2814 I CAR.VENDOR.AVM: onChange:newValue = CarPropertyValue{mPropertyId=0x21400470, mAreaId=0x0, mStatus=0, mTimestamp=6380921566985, mValue=0}
04-15 18:44:50.633331  1587  1587 I CAR.VENDOR.AVM: onChange:newValue = CarPropertyValue{mPropertyId=0x21400470, mAreaId=0x0, mStatus=0, mTimestamp=6380921566985, mValue=0}
04-15 18:44:50.634854  3042  8437 I DVR     : |Binder:3042_5|DVRService RegisterManager onCarSensorDataChanged...unknown = 557844818 
04-15 18:44:50.635149  3264  3627 E FeatureSwitchStrategyManager: sceneNeedAction: start SCENE_STATIC
04-15 18:44:50.635287  2776  2776 I BoschCarServiceImp: onCarSpeedChanged:  0.0
04-15 18:44:50.635876  2776  3546 I FeiYuOS_CarPropertyImp: NOTIFY_CAR_PROPERTY_MESSAGE_CHANGE ++++++++++++++++++++++++++++++
04-15 18:44:50.635946  2776  3546 I FeiYuOS_CarPropertyImp: notifyCarPropertyMessageChange propId: 106, propValue: 0.0
04-15 18:44:50.635999  2998  2998 I ICommonBinder: speed=0.0caller uid = 1000 ,pid = 2998
04-15 18:44:50.636027  2998  2998 I ICarBinder: mIGearCallback.size=0
04-15 18:44:50.636229  1913  1913 I MXNavi-SystemTts-VoiceModel: onReceiveCarProperty i:106 s:0.0
04-15 18:44:50.636827  1913 31335 I MXNavi-MainViewModel: onSpeedChanged:0.0 mSpeed:0.0 isCounting:false isStopTime:false
04-15 18:44:50.636927  1913 31335 I [Activate]ActivateManager: isActivation Methods are called by the class MainViewModel onSpeedChanged batchActivateResult:106
04-15 18:44:50.636942  1913 31335 E MXNavi-[Navi_Performance]: [ToolKit]: MainViewModel--onSpeedChanged activation == false
04-15 18:44:50.636951  1913 31335 E [Navi_Performance]: [ToolKit]: MainViewModel--onSpeedChanged activation == false
04-15 18:44:50.644272  2776  2776 I BoschCarServiceImp: onCarSpeedChanged:  25.56
04-15 18:44:50.644565  2776  3546 I FeiYuOS_CarPropertyImp: NOTIFY_CAR_PROPERTY_MESSAGE_CHANGE ++++++++++++++++++++++++++++++
04-15 18:44:50.644605  2776  3546 I FeiYuOS_CarPropertyImp: notifyCarPropertyMessageChange propId: 106, propValue: 25.56
04-15 18:44:50.644821  2998  2998 I ICommonBinder: speed=25.56caller uid = 1000 ,pid = 2998
04-15 18:44:50.644849  2998  2998 I ICarBinder: mIGearCallback.size=0
04-15 18:44:50.645008  1913  1913 I MXNavi-SystemTts-VoiceModel: onReceiveCarProperty i:106 s:25.56
04-15 18:44:50.645079  1913 31336 I MXNavi-MainViewModel: onSpeedChanged:92.016 mSpeed:0.0 isCounting:false isStopTime:false
04-15 18:44:50.645390  1913 31336 I [Activate]ActivateManager: isActivation Methods are called by the class MainViewModel onSpeedChanged batchActivateResult:106
04-15 18:44:50.645406  1913 31336 E MXNavi-[Navi_Performance]: [ToolKit]: MainViewModel--onSpeedChanged activation == false
04-15 18:44:50.645422  1913 31336 E [Navi_Performance]: [ToolKit]: MainViewModel--onSpeedChanged activation == false
04-15 18:44:50.645696  3264  3627 E FeatureSwitchStrategyManager: sceneNeedAction: start SCENE_DYNAMIC
04-15 18:44:50.646001  3042  8437 I DVR     : |Binder:3042_5|DVRService RegisterManager onCarSensorDataChanged...unknown = 557844818 
04-15 18:44:50.669188  2824  3668 I SurfaceView: 111912830 Locking canvas... stopped=false, surfaceControl=Surface(name=SurfaceView - )/@0xd56e900
04-15 18:44:50.669453  2824  3668 I SurfaceView: 111912830 Returned canvas: android.view.Surface$CompatibleCanvas@d92e4df
04-15 18:44:50.680315  3264 12797 E FeatureSwitchManager: changeFeatureSwitch, algType:1,bitMask:1000,enable:false
04-15 18:44:50.680454  3264 12797 E TcpLibClient: 服务端端口: 10.0.0.34:5096, 指定服务端未连接
04-15 18:44:50.680501  3264 12797 E TcpManager: 与服务器连接已断开
04-15 18:44:50.680540  3264  3264 E IntelliSenseService: connect server close-> address:10.0.0.34
04-15 18:44:50.720658  2824  3668 I SurfaceView: 111912830 Locking canvas... stopped=false, surfaceControl=Surface(name=SurfaceView - )/@0xd56e900
04-15 18:44:50.720863  2824  3668 I SurfaceView: 111912830 Returned canvas: android.view.Surface$CompatibleCanvas@d92e4df
04-15 18:44:50.730867  2533  2533 I BootPresenter: (-$$Lambda$Qut1UVg1Gu75cdlDy9b5jeBJWaU.java:2)bootQuickLogin---->puid = 0
04-15 18:44:50.731416  2533  2533 I BootPresenter: (-$$Lambda$Qut1UVg1Gu75cdlDy9b5jeBJWaU.java:2)bootAutoLogin---->500ms后重试 puid = 0 , faceId = 0 , isNetInited = false
04-15 18:44:50.732043  2814  2814 I CAR.VENDOR.AVM: onChange:newValue = CarPropertyValue{mPropertyId=0x21400470, mAreaId=0x0, mStatus=0, mTimestamp=6381030721881, mValue=0}
04-15 18:44:50.732999  1587  1587 I CAR.VENDOR.AVM: onChange:newValue = CarPropertyValue{mPropertyId=0x21400470, mAreaId=0x0, mStatus=0, mTimestamp=6381030721881, mValue=0}
04-15 18:44:50.733132  2776  2776 I BoschCarServiceImp: onCarSpeedChanged:  0.0
04-15 18:44:50.733275  2776  3546 I FeiYuOS_CarPropertyImp: NOTIFY_CAR_PROPERTY_MESSAGE_CHANGE ++++++++++++++++++++++++++++++
04-15 18:44:50.733309  2776  3546 I FeiYuOS_CarPropertyImp: notifyCarPropertyMessageChange propId: 106, propValue: 0.0
04-15 18:44:50.733689  1913  1913 I MXNavi-SystemTts-VoiceModel: onReceiveCarProperty i:106 s:0.0
04-15 18:44:50.733730  2998  2998 I ICommonBinder: speed=0.0caller uid = 1000 ,pid = 2998
04-15 18:44:50.733759  2998  2998 I ICarBinder: mIGearCallback.size=0
04-15 18:44:50.733795  1913 31337 I MXNavi-MainViewModel: onSpeedChanged:0.0 mSpeed:0.0 isCounting:false isStopTime:false
04-15 18:44:50.733828  1913 31337 I [Activate]ActivateManager: isActivation Methods are called by the class MainViewModel onSpeedChanged batchActivateResult:106
04-15 18:44:50.733925  1913 31337 E MXNavi-[Navi_Performance]: [ToolKit]: MainViewModel--onSpeedChanged activation == false
04-15 18:44:50.733998  1913 31337 E [Navi_Performance]: [ToolKit]: MainViewModel--onSpeedChanged activation == false
04-15 18:44:50.734576  3042  8437 I DVR     : |Binder:3042_5|DVRService RegisterManager onCarSensorDataChanged...unknown = 557844818 
04-15 18:44:50.734882  2776  2776 I BoschCarServiceImp: onCarSpeedChanged:  25.56
04-15 18:44:50.734977  2776  3546 I FeiYuOS_CarPropertyImp: NOTIFY_CAR_PROPERTY_MESSAGE_CHANGE ++++++++++++++++++++++++++++++
04-15 18:44:50.735014  2776  3546 I FeiYuOS_CarPropertyImp: notifyCarPropertyMessageChange propId: 106, propValue: 25.56
04-15 18:44:50.735574  1913  1913 I MXNavi-SystemTts-VoiceModel: onReceiveCarProperty i:106 s:25.56
04-15 18:44:50.735851  1913 31338 I MXNavi-MainViewModel: onSpeedChanged:92.016 mSpeed:0.0 isCounting:false isStopTime:false
04-15 18:44:50.735897  1913 31338 I [Activate]ActivateManager: isActivation Methods are called by the class MainViewModel onSpeedChanged batchActivateResult:106
04-15 18:44:50.735919  1913 31338 E MXNavi-[Navi_Performance]: [ToolKit]: MainViewModel--onSpeedChanged activation == false
04-15 18:44:50.735944  1913 31338 E [Navi_Performance]: [ToolKit]: MainViewModel--onSpeedChanged activation == false
04-15 18:44:50.736161  2998  2998 I ICommonBinder: speed=25.56caller uid = 1000 ,pid = 2998
04-15 18:44:50.736201  2998  2998 I ICarBinder: mIGearCallback.size=0
04-15 18:44:50.736205  3264  3627 E carSpeedChanged: carSpeedChanged 0.0
04-15 18:44:50.736226  3264  3627 E judgeAllSceneStrategy: current speed = 0.0 mCurrentScene =8801
04-15 18:44:50.736235  3264  3627 E FeatureSwitchStrategyManager: sceneNeedAction: start SCENE_STATIC
04-15 18:44:50.736393  3042  8437 I DVR     : |Binder:3042_5|DVRService RegisterManager onCarSensorDataChanged...unknown = 557844818 
04-15 18:44:50.744861  3264  3627 E FeatureSwitchStrategyManager: sceneNeedAction: start SCENE_DYNAMIC
04-15 18:44:50.772199  2824  3668 I SurfaceView: 111912830 Locking canvas... stopped=false, surfaceControl=Surface(name=SurfaceView - )/@0xd56e900
04-15 18:44:50.772431  2824  3668 I SurfaceView: 111912830 Returned canvas: android.view.Surface$CompatibleCanvas@d92e4df
04-15 18:44:50.781247  3264 12797 E FeatureSwitchManager: changeFeatureSwitch, algType:2,bitMask:1000,enable:false
04-15 18:44:50.781366  3264 12797 E TcpLibClient: 服务端端口: 10.0.0.34:5096, 指定服务端未连接
04-15 18:44:50.781414  3264 12797 E TcpManager: 与服务器连接已断开
04-15 18:44:50.781473  3264  3264 E IntelliSenseService: connect server close-> address:10.0.0.34
04-15 18:44:50.824228  2824  3668 I SurfaceView: 111912830 Locking canvas... stopped=false, surfaceControl=Surface(name=SurfaceView - )/@0xd56e900
04-15 18:44:50.824426  2824  3668 I SurfaceView: 111912830 Returned canvas: android.view.Surface$CompatibleCanvas@d92e4df
04-15 18:44:50.830637  2776  2776 I BoschCarServiceImp: onCarSpeedChanged:  0.0
04-15 18:44:50.830758  2776  3546 I FeiYuOS_CarPropertyImp: NOTIFY_CAR_PROPERTY_MESSAGE_CHANGE ++++++++++++++++++++++++++++++
04-15 18:44:50.830791  2776  3546 I FeiYuOS_CarPropertyImp: notifyCarPropertyMessageChange propId: 106, propValue: 0.0
04-15 18:44:50.831041  2998  2998 I ICommonBinder: speed=0.0caller uid = 1000 ,pid = 2998
04-15 18:44:50.831069  2998  2998 I ICarBinder: mIGearCallback.size=0
04-15 18:44:50.831365  1913  1913 I MXNavi-SystemTts-VoiceModel: onReceiveCarProperty i:106 s:0.0
04-15 18:44:50.831469  1913 31339 I MXNavi-MainViewModel: onSpeedChanged:0.0 mSpeed:0.0 isCounting:false isStopTime:false
04-15 18:44:50.831496  1913 31339 I [Activate]ActivateManager: isActivation Methods are called by the class MainViewModel onSpeedChanged batchActivateResult:106
04-15 18:44:50.831510  1913 31339 E MXNavi-[Navi_Performance]: [ToolKit]: MainViewModel--onSpeedChanged activation == false
04-15 18:44:50.831516  1913 31339 E [Navi_Performance]: [ToolKit]: MainViewModel--onSpeedChanged activation == false
04-15 18:44:50.831797  3264  3627 E FeatureSwitchStrategyManager: sceneNeedAction: start SCENE_STATIC
04-15 18:44:50.832018  3042  8437 I DVR     : |Binder:3042_5|DVRService RegisterManager onCarSensorDataChanged...unknown = 557844818 
04-15 18:44:50.841951  2776  2776 I BoschCarServiceImp: onCarSpeedChanged:  25.56
04-15 18:44:50.842471  2776  3546 I FeiYuOS_CarPropertyImp: NOTIFY_CAR_PROPERTY_MESSAGE_CHANGE ++++++++++++++++++++++++++++++
04-15 18:44:50.842521  3042  8437 I DVR     : |Binder:3042_5|DVRService RegisterManager onCarSensorDataChanged...unknown = 557844818 
04-15 18:44:50.842557  3264  3627 E FeatureSwitchStrategyManager: sceneNeedAction: start SCENE_DYNAMIC
04-15 18:44:50.842647  2776  3546 I FeiYuOS_CarPropertyImp: notifyCarPropertyMessageChange propId: 106, propValue: 25.56
04-15 18:44:50.843151  2998  2998 I ICommonBinder: speed=25.56caller uid = 1000 ,pid = 2998
04-15 18:44:50.844166  1913  1913 I MXNavi-SystemTts-VoiceModel: onReceiveCarProperty i:106 s:25.56
04-15 18:44:50.844200  2998  2998 I ICarBinder: mIGearCallback.size=0
04-15 18:44:50.844261  1913 31340 I MXNavi-MainViewModel: onSpeedChanged:92.016 mSpeed:0.0 isCounting:false isStopTime:false
04-15 18:44:50.844294  1913 31340 I [Activate]ActivateManager: isActivation Methods are called by the class MainViewModel onSpeedChanged batchActivateResult:106
04-15 18:44:50.844305  1913 31340 E MXNavi-[Navi_Performance]: [ToolKit]: MainViewModel--onSpeedChanged activation == false
04-15 18:44:50.844315  1913 31340 E [Navi_Performance]: [ToolKit]: MainViewModel--onSpeedChanged activation == false
04-15 18:44:50.851212  1587  1587 I CAR.VENDOR.AVM: onChange:newValue = CarPropertyValue{mPropertyId=0x21400470, mAreaId=0x0, mStatus=0, mTimestamp=6381141042402, mValue=0}
04-15 18:44:50.851213  2814  2814 I CAR.VENDOR.AVM: onChange:newValue = CarPropertyValue{mPropertyId=0x21400470, mAreaId=0x0, mStatus=0, mTimestamp=6381141042402, mValue=0}
04-15 18:44:50.876157  2824  3668 I SurfaceView: 111912830 Locking canvas... stopped=false, surfaceControl=Surface(name=SurfaceView - )/@0xd56e900
04-15 18:44:50.876384  2824  3668 I SurfaceView: 111912830 Returned canvas: android.view.Surface$CompatibleCanvas@d92e4df
04-15 18:44:50.881939  3264 12797 E FeatureSwitchManager: changeFeatureSwitch, algType:3,bitMask:1000,enable:false
04-15 18:44:50.882063  3264 12797 E TcpLibClient: 服务端端口: 10.0.0.34:5096, 指定服务端未连接
04-15 18:44:50.882111  3264 12797 E TcpManager: 与服务器连接已断开
04-15 18:44:50.882344  3264  3264 E IntelliSenseService: connect server close-> address:10.0.0.34
04-15 18:44:50.928758  2824  3668 I SurfaceView: 111912830 Locking canvas... stopped=false, surfaceControl=Surface(name=SurfaceView - )/@0xd56e900
04-15 18:44:50.929035  2824  3668 I SurfaceView: 111912830 Returned canvas: android.view.Surface$CompatibleCanvas@d92e4df
04-15 18:44:50.930083  2776  2776 I BoschCarServiceImp: onCarSpeedChanged:  0.0
04-15 18:44:50.930206  2776  3546 I FeiYuOS_CarPropertyImp: NOTIFY_CAR_PROPERTY_MESSAGE_CHANGE ++++++++++++++++++++++++++++++
04-15 18:44:50.930296  2776  3546 I FeiYuOS_CarPropertyImp: notifyCarPropertyMessageChange propId: 106, propValue: 0.0
04-15 18:44:50.930520  1913  1913 I MXNavi-SystemTts-VoiceModel: onReceiveCarProperty i:106 s:0.0
04-15 18:44:50.930593  1913 31341 I MXNavi-MainViewModel: onSpeedChanged:0.0 mSpeed:0.0 isCounting:false isStopTime:false
04-15 18:44:50.930625  1913 31341 I [Activate]ActivateManager: isActivation Methods are called by the class MainViewModel onSpeedChanged batchActivateResult:106
04-15 18:44:50.930637  1913 31341 E MXNavi-[Navi_Performance]: [ToolKit]: MainViewModel--onSpeedChanged activation == false
04-15 18:44:50.930646  1913 31341 E [Navi_Performance]: [ToolKit]: MainViewModel--onSpeedChanged activation == false
04-15 18:44:50.931309  2998  2998 I ICommonBinder: speed=0.0caller uid = 1000 ,pid = 2998
04-15 18:44:50.931343  2998  2998 I ICarBinder: mIGearCallback.size=0
04-15 18:44:50.931662  3264  3627 E FeatureSwitchStrategyManager: sceneNeedAction: start SCENE_STATIC
04-15 18:44:50.931991  3042  8437 I DVR     : |Binder:3042_5|DVRService RegisterManager onCarSensorDataChanged...unknown = 557844818 
04-15 18:44:50.945593  2776  2776 I BoschCarServiceImp: onCarSpeedChanged:  25.56
04-15 18:44:50.946013  2776  3546 I FeiYuOS_CarPropertyImp: NOTIFY_CAR_PROPERTY_MESSAGE_CHANGE ++++++++++++++++++++++++++++++
04-15 18:44:50.946061  2776  3546 I FeiYuOS_CarPropertyImp: notifyCarPropertyMessageChange propId: 106, propValue: 25.56
04-15 18:44:50.946322  2998  2998 I ICommonBinder: speed=25.56caller uid = 1000 ,pid = 2998
04-15 18:44:50.946354  2998  2998 I ICarBinder: mIGearCallback.size=0
04-15 18:44:50.946655  1913  1913 I MXNavi-SystemTts-VoiceModel: onReceiveCarProperty i:106 s:25.56
04-15 18:44:50.946769  1913 31342 I MXNavi-MainViewModel: onSpeedChanged:92.016 mSpeed:0.0 isCounting:false isStopTime:false
04-15 18:44:50.946777  3042  8437 I DVR     : |Binder:3042_5|DVRService RegisterManager onCarSensorDataChanged...unknown = 557844818 
04-15 18:44:50.946795  3264  3627 E FeatureSwitchStrategyManager: sceneNeedAction: start SCENE_DYNAMIC
04-15 18:44:50.946821  1913 31342 I [Activate]ActivateManager: isActivation Methods are called by the class MainViewModel onSpeedChanged batchActivateResult:106
04-15 18:44:50.946843  1913 31342 E MXNavi-[Navi_Performance]: [ToolKit]: MainViewModel--onSpeedChanged activation == false
04-15 18:44:50.946859  1913 31342 E [Navi_Performance]: [ToolKit]: MainViewModel--onSpeedChanged activation == false
04-15 18:44:50.962447  1587  1587 I CAR.VENDOR.AVM: onChange:newValue = CarPropertyValue{mPropertyId=0x21400470, mAreaId=0x0, mStatus=0, mTimestamp=6381249780058, mValue=0}
04-15 18:44:50.962576  2814  2814 I CAR.VENDOR.AVM: onChange:newValue = CarPropertyValue{mPropertyId=0x21400470, mAreaId=0x0, mStatus=0, mTimestamp=6381249780058, mValue=0}
04-15 18:44:50.980316  2824  3668 I SurfaceView: 111912830 Locking canvas... stopped=false, surfaceControl=Surface(name=SurfaceView - )/@0xd56e900
04-15 18:44:50.980960  2824  3668 I SurfaceView: 111912830 Returned canvas: android.view.Surface$CompatibleCanvas@d92e4df
04-15 18:44:50.981741  3264 12797 E FeatureSwitchManager: changeFeatureSwitch, algType:1,bitMask:1000,enable:true
04-15 18:44:50.981833  3264 12797 E TcpLibClient: 服务端端口: 10.0.0.34:5096, 指定服务端未连接
04-15 18:44:50.981878  3264 12797 E TcpManager: 与服务器连接已断开
04-15 18:44:50.981928  3264  3264 E IntelliSenseService: connect server close-> address:10.0.0.34
04-15 18:44:51.030104  2776  2776 I BoschCarServiceImp: onCarSpeedChanged:  0.0
04-15 18:44:51.030387  2776  3546 I FeiYuOS_CarPropertyImp: NOTIFY_CAR_PROPERTY_MESSAGE_CHANGE ++++++++++++++++++++++++++++++
04-15 18:44:51.030423  2776  3546 I FeiYuOS_CarPropertyImp: notifyCarPropertyMessageChange propId: 106, propValue: 0.0
04-15 18:44:51.030713  1913  1913 I MXNavi-SystemTts-VoiceModel: onReceiveCarProperty i:106 s:0.0
04-15 18:44:51.030898  1913 31328 I MXNavi-MainViewModel: onSpeedChanged:0.0 mSpeed:0.0 isCounting:false isStopTime:false
04-15 18:44:51.030931  1913 31328 I [Activate]ActivateManager: isActivation Methods are called by the class MainViewModel onSpeedChanged batchActivateResult:106
04-15 18:44:51.030926  2998  2998 I ICommonBinder: speed=0.0caller uid = 1000 ,pid = 2998
04-15 18:44:51.030942  1913 31328 E MXNavi-[Navi_Performance]: [ToolKit]: MainViewModel--onSpeedChanged activation == false
04-15 18:44:51.030951  1913 31328 E [Navi_Performance]: [ToolKit]: MainViewModel--onSpeedChanged activation == false
04-15 18:44:51.030954  2998  2998 I ICarBinder: mIGearCallback.size=0
04-15 18:44:51.031589  3264  3627 E FeatureSwitchStrategyManager: sceneNeedAction: start SCENE_STATIC
04-15 18:44:51.032256  2824  3668 I SurfaceView: 111912830 Locking canvas... stopped=false, surfaceControl=Surface(name=SurfaceView - )/@0xd56e900
04-15 18:44:51.032495  3042  8437 I DVR     : |Binder:3042_5|DVRService RegisterManager onCarSensorDataChanged...unknown = 557844818 
04-15 18:44:51.032569  2824  3668 I SurfaceView: 111912830 Returned canvas: android.view.Surface$CompatibleCanvas@d92e4df
04-15 18:44:51.048912  2776  2776 I BoschCarServiceImp: onCarSpeedChanged:  25.56
04-15 18:44:51.048992  2776  3546 I FeiYuOS_CarPropertyImp: NOTIFY_CAR_PROPERTY_MESSAGE_CHANGE ++++++++++++++++++++++++++++++
04-15 18:44:51.049035  2776  3546 I FeiYuOS_CarPropertyImp: notifyCarPropertyMessageChange propId: 106, propValue: 25.56
04-15 18:44:51.049332  1913  1913 I MXNavi-SystemTts-VoiceModel: onReceiveCarProperty i:106 s:25.56
04-15 18:44:51.049489  1913 31329 I MXNavi-MainViewModel: onSpeedChanged:92.016 mSpeed:0.0 isCounting:false isStopTime:false
04-15 18:44:51.049545  1913 31329 I [Activate]ActivateManager: isActivation Methods are called by the class MainViewModel onSpeedChanged batchActivateResult:106
04-15 18:44:51.049567  1913 31329 E MXNavi-[Navi_Performance]: [ToolKit]: MainViewModel--onSpeedChanged activation == false
04-15 18:44:51.049582  1913 31329 E [Navi_Performance]: [ToolKit]: MainViewModel--onSpeedChanged activation == false
04-15 18:44:51.049746  2998  2998 I ICommonBinder: speed=25.56caller uid = 1000 ,pid = 2998
04-15 18:44:51.049772  2998  2998 I ICarBinder: mIGearCallback.size=0
04-15 18:44:51.050081  3264  3627 E FeatureSwitchStrategyManager: sceneNeedAction: start SCENE_DYNAMIC
04-15 18:44:51.051244  3042  8437 I DVR     : |Binder:3042_5|DVRService RegisterManager onCarSensorDataChanged...unknown = 557844818 
04-15 18:44:51.072179  1587  1587 I CAR.VENDOR.AVM: onChange:newValue = CarPropertyValue{mPropertyId=0x21400470, mAreaId=0x0, mStatus=0, mTimestamp=6381360538860, mValue=0}
04-15 18:44:51.072251  2814  2814 I CAR.VENDOR.AVM: onChange:newValue = CarPropertyValue{mPropertyId=0x21400470, mAreaId=0x0, mStatus=0, mTimestamp=6381360538860, mValue=0}
04-15 18:44:51.080369   477  4410 W AudioHalHWBosch: in_read: 3072 bytes read in  in_read(). frame_size:24. frames_read:101644800. readOnce:101644800.out frame count:128. dataNum:794099. dataVal:794100. dataNormal:0. dataExt:0.dataLastValue:0. dateSame:13235.                 SysAmpIntVariant:0. data_analysis :0:0:0:0 :0:0:0:0 :-1:-1:-1:0.
04-15 18:44:51.082420  3264 12797 E FeatureSwitchManager: changeFeatureSwitch, algType:2,bitMask:1000,enable:true
04-15 18:44:51.082550  3264 12797 E TcpLibClient: 服务端端口: 10.0.0.34:5096, 指定服务端未连接
04-15 18:44:51.082607  3264 12797 E TcpManager: 与服务器连接已断开
04-15 18:44:51.082644  3264  3264 E IntelliSenseService: connect server close-> address:10.0.0.34
04-15 18:44:51.085203  2824  3668 I SurfaceView: 111912830 Locking canvas... stopped=false, surfaceControl=Surface(name=SurfaceView - )/@0xd56e900
04-15 18:44:51.085646  2824  3668 I SurfaceView: 111912830 Returned canvas: android.view.Surface$CompatibleCanvas@d92e4df
04-15 18:44:51.137607  2824  3668 I SurfaceView: 111912830 Locking canvas... stopped=false, surfaceControl=Surface(name=SurfaceView - )/@0xd56e900
04-15 18:44:51.137942  2824  3668 I SurfaceView: 111912830 Returned canvas: android.view.Surface$CompatibleCanvas@d92e4df
04-15 18:44:51.137966  2776  2776 I BoschCarServiceImp: onCarSpeedChanged:  0.0
04-15 18:44:51.139101  2776  3546 I FeiYuOS_CarPropertyImp: NOTIFY_CAR_PROPERTY_MESSAGE_CHANGE ++++++++++++++++++++++++++++++
04-15 18:44:51.139139  2776  3546 I FeiYuOS_CarPropertyImp: notifyCarPropertyMessageChange propId: 106, propValue: 0.0
04-15 18:44:51.139523  1913  1913 I MXNavi-SystemTts-VoiceModel: onReceiveCarProperty i:106 s:0.0
04-15 18:44:51.139600  2998  2998 I ICommonBinder: speed=0.0caller uid = 1000 ,pid = 2998
04-15 18:44:51.139628  2998  2998 I ICarBinder: mIGearCallback.size=0
04-15 18:44:51.139708  1913 31330 I MXNavi-MainViewModel: onSpeedChanged:0.0 mSpeed:0.0 isCounting:false isStopTime:false
04-15 18:44:51.139759  1913 31330 I [Activate]ActivateManager: isActivation Methods are called by the class MainViewModel onSpeedChanged batchActivateResult:106
04-15 18:44:51.139781  1913 31330 E MXNavi-[Navi_Performance]: [ToolKit]: MainViewModel--onSpeedChanged activation == false
04-15 18:44:51.139795  1913 31330 E [Navi_Performance]: [ToolKit]: MainViewModel--onSpeedChanged activation == false
04-15 18:44:51.140153  3264  3627 E FeatureSwitchStrategyManager: sceneNeedAction: start SCENE_STATIC
04-15 18:44:51.141472  3042  8437 I DVR     : |Binder:3042_5|DVRService RegisterManager onCarSensorDataChanged...unknown = 557844818 
04-15 18:44:51.148324  2776  2776 I BoschCarServiceImp: onCarSpeedChanged:  25.56
04-15 18:44:51.149408  2776  3546 I FeiYuOS_CarPropertyImp: NOTIFY_CAR_PROPERTY_MESSAGE_CHANGE ++++++++++++++++++++++++++++++
04-15 18:44:51.149451  2776  3546 I FeiYuOS_CarPropertyImp: notifyCarPropertyMessageChange propId: 106, propValue: 25.56
04-15 18:44:51.149616  1913  1913 I MXNavi-SystemTts-VoiceModel: onReceiveCarProperty i:106 s:25.56
04-15 18:44:51.149691  1913 31331 I MXNavi-MainViewModel: onSpeedChanged:92.016 mSpeed:0.0 isCounting:false isStopTime:false
04-15 18:44:51.149716  1913 31331 I [Activate]ActivateManager: isActivation Methods are called by the class MainViewModel onSpeedChanged batchActivateResult:106
04-15 18:44:51.149727  1913 31331 E MXNavi-[Navi_Performance]: [ToolKit]: MainViewModel--onSpeedChanged activation == false
04-15 18:44:51.149741  1913 31331 E [Navi_Performance]: [ToolKit]: MainViewModel--onSpeedChanged activation == false
04-15 18:44:51.149846  2998  2998 I ICommonBinder: speed=25.56caller uid = 1000 ,pid = 2998
04-15 18:44:51.149909  2998  2998 I ICarBinder: mIGearCallback.size=0
04-15 18:44:51.150321  3264  3627 E FeatureSwitchStrategyManager: sceneNeedAction: start SCENE_DYNAMIC
04-15 18:44:51.150907  3042  8437 I DVR     : |Binder:3042_5|DVRService RegisterManager onCarSensorDataChanged...unknown = 557844818 
04-15 18:44:51.183188  3264 12797 E FeatureSwitchManager: changeFeatureSwitch, algType:3,bitMask:1000,enable:true
04-15 18:44:51.183298  3264 12797 E TcpLibClient: 服务端端口: 10.0.0.34:5096, 指定服务端未连接
04-15 18:44:51.183342  3264 12797 E TcpManager: 与服务器连接已断开
04-15 18:44:51.183379  3264  3264 E IntelliSenseService: connect server close-> address:10.0.0.34
04-15 18:44:51.184845  1587  1587 I CAR.VENDOR.AVM: onChange:newValue = CarPropertyValue{mPropertyId=0x21400470, mAreaId=0x0, mStatus=0, mTimestamp=6381473716933, mValue=0}
04-15 18:44:51.185056  2814  2814 I CAR.VENDOR.AVM: onChange:newValue = CarPropertyValue{mPropertyId=0x21400470, mAreaId=0x0, mStatus=0, mTimestamp=6381473716933, mValue=0}
04-15 18:44:51.190444  2824  3668 I SurfaceView: 111912830 Locking canvas... stopped=false, surfaceControl=Surface(name=SurfaceView - )/@0xd56e900
04-15 18:44:51.190830  2824  3668 I SurfaceView: 111912830 Returned canvas: android.view.Surface$CompatibleCanvas@d92e4df
04-15 18:44:51.233522  2533  2533 I BootPresenter: (-$$Lambda$Qut1UVg1Gu75cdlDy9b5jeBJWaU.java:2)bootQuickLogin---->puid = 0
04-15 18:44:51.234073  2533  2533 I BootPresenter: (-$$Lambda$Qut1UVg1Gu75cdlDy9b5jeBJWaU.java:2)bootAutoLogin---->500ms后重试 puid = 0 , faceId = 0 , isNetInited = false
04-15 18:44:51.237884  2776  2776 I BoschCarServiceImp: onCarSpeedChanged:  0.0
04-15 18:44:51.238285  2776  3546 I FeiYuOS_CarPropertyImp: NOTIFY_CAR_PROPERTY_MESSAGE_CHANGE ++++++++++++++++++++++++++++++
04-15 18:44:51.238336  2776  3546 I FeiYuOS_CarPropertyImp: notifyCarPropertyMessageChange propId: 106, propValue: 0.0
04-15 18:44:51.238633  1913  1913 I MXNavi-SystemTts-VoiceModel: onReceiveCarProperty i:106 s:0.0
04-15 18:44:51.238743  2998  2998 I ICommonBinder: speed=0.0caller uid = 1000 ,pid = 2998
04-15 18:44:51.238770  2998  2998 I ICarBinder: mIGearCallback.size=0
04-15 18:44:51.238806  1913 31332 I MXNavi-MainViewModel: onSpeedChanged:0.0 mSpeed:0.0 isCounting:false isStopTime:false
04-15 18:44:51.238833  1913 31332 I [Activate]ActivateManager: isActivation Methods are called by the class MainViewModel onSpeedChanged batchActivateResult:106
04-15 18:44:51.238845  1913 31332 E MXNavi-[Navi_Performance]: [ToolKit]: MainViewModel--onSpeedChanged activation == false
04-15 18:44:51.238858  1913 31332 E [Navi_Performance]: [ToolKit]: MainViewModel--onSpeedChanged activation == false
04-15 18:44:51.239023  3264  3627 E FeatureSwitchStrategyManager: sceneNeedAction: start SCENE_STATIC
04-15 18:44:51.240081  3042  8437 I DVR     : |Binder:3042_5|DVRService RegisterManager onCarSensorDataChanged...unknown = 557844818 
04-15 18:44:51.240456  2776  2776 I BoschCarServiceImp: onCarSpeedChanged:  25.56
04-15 18:44:51.240976  2998  2998 I ICommonBinder: speed=25.56caller uid = 1000 ,pid = 2998
04-15 18:44:51.241010  2998  2998 I ICarBinder: mIGearCallback.size=0
04-15 18:44:51.241556  2776  3546 I FeiYuOS_CarPropertyImp: NOTIFY_CAR_PROPERTY_MESSAGE_CHANGE ++++++++++++++++++++++++++++++
04-15 18:44:51.241601  2776  3546 I FeiYuOS_CarPropertyImp: notifyCarPropertyMessageChange propId: 106, propValue: 25.56
04-15 18:44:51.241793  1913  1913 I MXNavi-SystemTts-VoiceModel: onReceiveCarProperty i:106 s:25.56
04-15 18:44:51.241929  1913 31333 I MXNavi-MainViewModel: onSpeedChanged:92.016 mSpeed:0.0 isCounting:false isStopTime:false
04-15 18:44:51.242053  1913 31333 I [Activate]ActivateManager: isActivation Methods are called by the class MainViewModel onSpeedChanged batchActivateResult:106
04-15 18:44:51.242073  2824  3668 I SurfaceView: 111912830 Locking canvas... stopped=false, surfaceControl=Surface(name=SurfaceView - )/@0xd56e900
04-15 18:44:51.242078  1913 31333 E MXNavi-[Navi_Performance]: [ToolKit]: MainViewModel--onSpeedChanged activation == false
04-15 18:44:51.242107  1913 31333 E [Navi_Performance]: [ToolKit]: MainViewModel--onSpeedChanged activation == false
04-15 18:44:51.242402  2824  3668 I SurfaceView: 111912830 Returned canvas: android.view.Surface$CompatibleCanvas@d92e4df
04-15 18:44:51.242488  3042  8437 I DVR     : |Binder:3042_5|DVRService RegisterManager onCarSensorDataChanged...unknown = 557844818 
04-15 18:44:51.246495  3264  3627 E FeatureSwitchStrategyManager: sceneNeedAction: start SCENE_DYNAMIC
04-15 18:44:51.283490  3264 12797 E FeatureSwitchManager: changeFeatureSwitch, algType:1,bitMask:1000,enable:false
04-15 18:44:51.283608  3264 12797 E TcpLibClient: 服务端端口: 10.0.0.34:5096, 指定服务端未连接
04-15 18:44:51.283658  3264 12797 E TcpManager: 与服务器连接已断开
04-15 18:44:51.283869  3264  3264 E IntelliSenseService: connect server close-> address:10.0.0.34
04-15 18:44:51.295550  2824  3668 I SurfaceView: 111912830 Locking canvas... stopped=false, surfaceControl=Surface(name=SurfaceView - )/@0xd56e900
04-15 18:44:51.295949  2824  3668 I SurfaceView: 111912830 Returned canvas: android.view.Surface$CompatibleCanvas@d92e4df
04-15 18:44:51.297835  2814  2814 I CAR.VENDOR.AVM: onChange:newValue = CarPropertyValue{mPropertyId=0x21400470, mAreaId=0x0, mStatus=0, mTimestamp=6381586492402, mValue=0}
04-15 18:44:51.297839  1587  1587 I CAR.VENDOR.AVM: onChange:newValue = CarPropertyValue{mPropertyId=0x21400470, mAreaId=0x0, mStatus=0, mTimestamp=6381586492402, mValue=0}
04-15 18:44:51.326448  3164  3633 I LocationManager: Choose AMap.
04-15 18:44:51.337610  2998  2998 I ICommonBinder: speed=0.0caller uid = 1000 ,pid = 2998
04-15 18:44:51.337694  2776  2776 I BoschCarServiceImp: onCarSpeedChanged:  0.0
04-15 18:44:51.337695  2998  2998 I ICarBinder: mIGearCallback.size=0
04-15 18:44:51.337756  2776  3546 I FeiYuOS_CarPropertyImp: NOTIFY_CAR_PROPERTY_MESSAGE_CHANGE ++++++++++++++++++++++++++++++
04-15 18:44:51.337789  2776  3546 I FeiYuOS_CarPropertyImp: notifyCarPropertyMessageChange propId: 106, propValue: 0.0
04-15 18:44:51.337993  1913  1913 I MXNavi-SystemTts-VoiceModel: onReceiveCarProperty i:106 s:0.0
04-15 18:44:51.338084  1913 31334 I MXNavi-MainViewModel: onSpeedChanged:0.0 mSpeed:0.0 isCounting:false isStopTime:false
04-15 18:44:51.338108  1913 31334 I [Activate]ActivateManager: isActivation Methods are called by the class MainViewModel onSpeedChanged batchActivateResult:106
04-15 18:44:51.338117  1913 31334 E MXNavi-[Navi_Performance]: [ToolKit]: MainViewModel--onSpeedChanged activation == false
04-15 18:44:51.338131  1913 31334 E [Navi_Performance]: [ToolKit]: MainViewModel--onSpeedChanged activation == false
04-15 18:44:51.338187  3264  3627 E FeatureSwitchStrategyManager: sceneNeedAction: start SCENE_STATIC
04-15 18:44:51.339097  3042  8437 I DVR     : |Binder:3042_5|DVRService RegisterManager onCarSensorDataChanged...unknown = 557844818 
04-15 18:44:51.339948  2776  2776 I BoschCarServiceImp: onCarSpeedChanged:  25.56
04-15 18:44:51.340058  2776  3546 I FeiYuOS_CarPropertyImp: NOTIFY_CAR_PROPERTY_MESSAGE_CHANGE ++++++++++++++++++++++++++++++
04-15 18:44:51.340095  2776  3546 I FeiYuOS_CarPropertyImp: notifyCarPropertyMessageChange propId: 106, propValue: 25.56
04-15 18:44:51.340736  1913  1913 I MXNavi-SystemTts-VoiceModel: onReceiveCarProperty i:106 s:25.56
04-15 18:44:51.340825  1913 31335 I MXNavi-MainViewModel: onSpeedChanged:92.016 mSpeed:0.0 isCounting:false isStopTime:false
04-15 18:44:51.340852  1913 31335 I [Activate]ActivateManager: isActivation Methods are called by the class MainViewModel onSpeedChanged batchActivateResult:106
04-15 18:44:51.340840  2998  2998 I ICommonBinder: speed=25.56caller uid = 1000 ,pid = 2998
04-15 18:44:51.340864  1913 31335 E MXNavi-[Navi_Performance]: [ToolKit]: MainViewModel--onSpeedChanged activation == false
04-15 18:44:51.340868  2998  2998 I ICarBinder: mIGearCallback.size=0
04-15 18:44:51.340929  1913 31335 E [Navi_Performance]: [ToolKit]: MainViewModel--onSpeedChanged activation == false
04-15 18:44:51.342540  3042  8437 I DVR     : |Binder:3042_5|DVRService RegisterManager onCarSensorDataChanged...unknown = 557844818 
04-15 18:44:51.345416  1913  1913 I MXNavi-onNmeaMessage GPGGA = : s = $GPGGA,,,,,,0,,,,,,,,*66\r
04-15 18:44:51.345465  1913  1913 I MXNavi-onNmeaMessage GPRMC = : s = $GPRMC,,V,,,,,,,,,,N*53
04-15 18:44:51.346258  3264  3627 E FeatureSwitchStrategyManager: sceneNeedAction: start SCENE_DYNAMIC
04-15 18:44:51.348202  2824  3668 I SurfaceView: 111912830 Locking canvas... stopped=false, surfaceControl=Surface(name=SurfaceView - )/@0xd56e900
04-15 18:44:51.348509  2824  3668 I SurfaceView: 111912830 Returned canvas: android.view.Surface$CompatibleCanvas@d92e4df
04-15 18:44:51.384186  3264 12797 E FeatureSwitchManager: changeFeatureSwitch, algType:2,bitMask:1000,enable:false
04-15 18:44:51.384316  3264 12797 E TcpLibClient: 服务端端口: 10.0.0.34:5096, 指定服务端未连接
04-15 18:44:51.384372  3264 12797 E TcpManager: 与服务器连接已断开
04-15 18:44:51.384418  3264  3264 E IntelliSenseService: connect server close-> address:10.0.0.34
04-15 18:44:51.387420  1133  1137 E u-blox  : ublox::CGnssMeasurementExtension::navMeasurementUpdate: GnssMeasurementExtension callback is not initialized
04-15 18:44:51.399297  1349  1911 E Property.service: getProperty: propId is not in config list:0x21600202
04-15 18:44:51.401218  2824  3668 I SurfaceView: 111912830 Locking canvas... stopped=false, surfaceControl=Surface(name=SurfaceView - )/@0xd56e900
04-15 18:44:51.401539  2824  3668 I SurfaceView: 111912830 Returned canvas: android.view.Surface$CompatibleCanvas@d92e4df
04-15 18:44:51.404943   829  3441 E gocserial: open usb serial err:No such device
04-15 18:44:51.405963  1587  1587 I CAR.VENDOR.AVM: onChange:newValue = CarPropertyValue{mPropertyId=0x21400470, mAreaId=0x0, mStatus=0, mTimestamp=6381694849797, mValue=0}
--------- switch to kernel
01-01 01:46:30.802081     0     0 I rtk_btusb: btchr_open: BT usb char device is opening
01-01 01:46:30.802957     0     0 E rtk_btusb: btchr_open: Device not probed
--------- switch to main
04-15 18:44:51.406952  2814  2814 I CAR.VENDOR.AVM: onChange:newValue = CarPropertyValue{mPropertyId=0x21400470, mAreaId=0x0, mStatus=0, mTimestamp=6381694849797, mValue=0}
04-15 18:44:51.435340  2776  2776 I BoschCarServiceImp: onCarSpeedChanged:  0.0
04-15 18:44:51.435545  2776  3546 I FeiYuOS_CarPropertyImp: NOTIFY_CAR_PROPERTY_MESSAGE_CHANGE ++++++++++++++++++++++++++++++
04-15 18:44:51.435621  2776  3546 I FeiYuOS_CarPropertyImp: notifyCarPropertyMessageChange propId: 106, propValue: 0.0
04-15 18:44:51.435872  1913  1913 I MXNavi-SystemTts-VoiceModel: onReceiveCarProperty i:106 s:0.0
