04-15 18:44:49.000295  1913  2430 W Settings: Setting android_id has moved from android.provider.Settings.System to android.provider.Settings.Secure, returning read-only value.
04-15 18:44:49.002054  1913  2430 I chatty  : uid=1000(system) GNaviMap-0 identical 4 lines
04-15 18:44:49.002359  1913  2430 W Settings: Setting android_id has moved from android.provider.Settings.System to android.provider.Settings.Secure, returning read-only value.
04-15 18:44:49.029942  2824  3668 I SurfaceView: 111912830 Locking canvas... stopped=false, surfaceControl=Surface(name=SurfaceView - )/@0xd56e900
04-15 18:44:49.032548  2824  3668 I SurfaceView: 111912830 Returned canvas: android.view.Surface$CompatibleCanvas@d92e4df
04-15 18:44:49.032726  2776  2776 I BoschCarServiceImp: onCarSpeedChanged:  0.0
04-15 18:44:49.032805  2776  3546 I FeiYuOS_CarPropertyImp: NOTIFY_CAR_PROPERTY_MESSAGE_CHANGE ++++++++++++++++++++++++++++++
04-15 18:44:49.032833  2776  3546 I FeiYuOS_CarPropertyImp: notifyCarPropertyMessageChange propId: 106, propValue: 0.0
04-15 18:44:49.032996  1913  1913 I MXNavi-SystemTts-VoiceModel: onReceiveCarProperty i:106 s:0.0
04-15 18:44:49.033254  1913 31333 I MXNavi-MainViewModel: onSpeedChanged:0.0 mSpeed:0.0 isCounting:false isStopTime:false
04-15 18:44:49.033281  1913 31333 I [Activate]ActivateManager: isActivation Methods are called by the class MainViewModel onSpeedChanged batchActivateResult:106
04-15 18:44:49.033294  1913 31333 E MXNavi-[Navi_Performance]: [ToolKit]: MainViewModel--onSpeedChanged activation == false
04-15 18:44:49.033305  1913 31333 E [Navi_Performance]: [ToolKit]: MainViewModel--onSpeedChanged activation == false
04-15 18:44:49.033921  2998  2998 I ICommonBinder: speed=0.0caller uid = 1000 ,pid = 2998
04-15 18:44:49.033940  2998  2998 I ICarBinder: mIGearCallback.size=0
04-15 18:44:49.034533  3042  3056 I DVR     : |Binder:3042_1|DVRService RegisterManager onCarSensorDataChanged...unknown = 557844818 
04-15 18:44:49.034671  2776  2776 I BoschCarServiceImp: onCarSpeedChanged:  25.56
04-15 18:44:49.034733  2776  3546 I FeiYuOS_CarPropertyImp: NOTIFY_CAR_PROPERTY_MESSAGE_CHANGE ++++++++++++++++++++++++++++++
04-15 18:44:49.034756  2776  3546 I FeiYuOS_CarPropertyImp: notifyCarPropertyMessageChange propId: 106, propValue: 25.56
04-15 18:44:49.034883  1913  1913 I MXNavi-SystemTts-VoiceModel: onReceiveCarProperty i:106 s:25.56
04-15 18:44:49.035418  1913 31334 I MXNavi-MainViewModel: onSpeedChanged:92.016 mSpeed:0.0 isCounting:false isStopTime:false
04-15 18:44:49.035443  1913 31334 I [Activate]ActivateManager: isActivation Methods are called by the class MainViewModel onSpeedChanged batchActivateResult:106
04-15 18:44:49.035455  1913 31334 E MXNavi-[Navi_Performance]: [ToolKit]: MainViewModel--onSpeedChanged activation == false
04-15 18:44:49.035468  1913 31334 E [Navi_Performance]: [ToolKit]: MainViewModel--onSpeedChanged activation == false
04-15 18:44:49.035825  2998  2998 I ICommonBinder: speed=25.56caller uid = 1000 ,pid = 2998
04-15 18:44:49.035841  2998  2998 I ICarBinder: mIGearCallback.size=0
04-15 18:44:49.036226  3264  3627 E FeatureSwitchStrategyManager: sceneNeedAction: start SCENE_STATIC
04-15 18:44:49.036967  3042  3056 I DVR     : |Binder:3042_1|DVRService RegisterManager onCarSensorDataChanged...unknown = 557844818 
04-15 18:44:49.047955  3264  3627 E FeatureSwitchStrategyManager: sceneNeedAction: start SCENE_DYNAMIC
04-15 18:44:49.062183  3264 12797 E FeatureSwitchManager: changeFeatureSwitch, algType:3,bitMask:1000,enable:false
04-15 18:44:49.062286  3264 12797 E TcpLibClient: 服务端端口: 10.0.0.34:5096, 指定服务端未连接
04-15 18:44:49.062328  3264 12797 E TcpManager: 与服务器连接已断开
04-15 18:44:49.062362  3264  3264 E IntelliSenseService: connect server close-> address:10.0.0.34
04-15 18:44:49.085244  2824  3668 I SurfaceView: 111912830 Locking canvas... stopped=false, surfaceControl=Surface(name=SurfaceView - )/@0xd56e900
04-15 18:44:49.085743  2824  3668 I SurfaceView: 111912830 Returned canvas: android.view.Surface$CompatibleCanvas@d92e4df
04-15 18:44:49.090870  1587  1587 I CAR.VENDOR.AVM: onChange:newValue = CarPropertyValue{mPropertyId=0x21400470, mAreaId=0x0, mStatus=0, mTimestamp=6379379969538, mValue=0}
04-15 18:44:49.090982  2814  2814 I CAR.VENDOR.AVM: onChange:newValue = CarPropertyValue{mPropertyId=0x21400470, mAreaId=0x0, mStatus=0, mTimestamp=6379379969538, mValue=0}
04-15 18:44:49.130239  2776  2776 I BoschCarServiceImp: onCarSpeedChanged:  0.0
04-15 18:44:49.130325  2776  3546 I FeiYuOS_CarPropertyImp: NOTIFY_CAR_PROPERTY_MESSAGE_CHANGE ++++++++++++++++++++++++++++++
04-15 18:44:49.130347  2776  3546 I FeiYuOS_CarPropertyImp: notifyCarPropertyMessageChange propId: 106, propValue: 0.0
04-15 18:44:49.130499  1913  1913 I MXNavi-SystemTts-VoiceModel: onReceiveCarProperty i:106 s:0.0
04-15 18:44:49.130589  1913 31335 I MXNavi-MainViewModel: onSpeedChanged:0.0 mSpeed:0.0 isCounting:false isStopTime:false
04-15 18:44:49.130617  1913 31335 I [Activate]ActivateManager: isActivation Methods are called by the class MainViewModel onSpeedChanged batchActivateResult:106
04-15 18:44:49.130630  1913 31335 E MXNavi-[Navi_Performance]: [ToolKit]: MainViewModel--onSpeedChanged activation == false
04-15 18:44:49.130675  1913 31335 E [Navi_Performance]: [ToolKit]: MainViewModel--onSpeedChanged activation == false
04-15 18:44:49.131338  2998  2998 I ICommonBinder: speed=0.0caller uid = 1000 ,pid = 2998
04-15 18:44:49.131402  2998  2998 I ICarBinder: mIGearCallback.size=0
04-15 18:44:49.132111  3264  3627 E FeatureSwitchStrategyManager: sceneNeedAction: start SCENE_STATIC
04-15 18:44:49.132476  3042  3056 I DVR     : |Binder:3042_1|DVRService RegisterManager onCarSensorDataChanged...unknown = 557844818 
04-15 18:44:49.139194  2824  3668 I SurfaceView: 111912830 Locking canvas... stopped=false, surfaceControl=Surface(name=SurfaceView - )/@0xd56e900
04-15 18:44:49.139671  2824  3668 I SurfaceView: 111912830 Returned canvas: android.view.Surface$CompatibleCanvas@d92e4df
04-15 18:44:49.141459  2776  2776 I BoschCarServiceImp: onCarSpeedChanged:  25.56
04-15 18:44:49.141535  2776  3546 I FeiYuOS_CarPropertyImp: NOTIFY_CAR_PROPERTY_MESSAGE_CHANGE ++++++++++++++++++++++++++++++
04-15 18:44:49.141557  2776  3546 I FeiYuOS_CarPropertyImp: notifyCarPropertyMessageChange propId: 106, propValue: 25.56
04-15 18:44:49.141701  1913  1913 I MXNavi-SystemTts-VoiceModel: onReceiveCarProperty i:106 s:25.56
04-15 18:44:49.141861  1913 31336 I MXNavi-MainViewModel: onSpeedChanged:92.016 mSpeed:0.0 isCounting:false isStopTime:false
04-15 18:44:49.142000  1913 31336 I [Activate]ActivateManager: isActivation Methods are called by the class MainViewModel onSpeedChanged batchActivateResult:106
04-15 18:44:49.142025  1913 31336 E MXNavi-[Navi_Performance]: [ToolKit]: MainViewModel--onSpeedChanged activation == false
04-15 18:44:49.142052  1913 31336 E [Navi_Performance]: [ToolKit]: MainViewModel--onSpeedChanged activation == false
04-15 18:44:49.142591  2998  2998 I ICommonBinder: speed=25.56caller uid = 1000 ,pid = 2998
04-15 18:44:49.142625  2998  2998 I ICarBinder: mIGearCallback.size=0
04-15 18:44:49.142965  3264  3627 E FeatureSwitchStrategyManager: sceneNeedAction: start SCENE_DYNAMIC
04-15 18:44:49.143666  3042  3056 I DVR     : |Binder:3042_1|DVRService RegisterManager onCarSensorDataChanged...unknown = 557844818 
04-15 18:44:49.163231  3264 12797 E FeatureSwitchManager: changeFeatureSwitch, algType:1,bitMask:1000,enable:true
04-15 18:44:49.163443  3264 12797 E TcpLibClient: 服务端端口: 10.0.0.34:5096, 指定服务端未连接
04-15 18:44:49.163494  3264 12797 E TcpManager: 与服务器连接已断开
04-15 18:44:49.163693  3264  3264 E IntelliSenseService: connect server close-> address:10.0.0.34
04-15 18:44:49.191225  2824  3668 I SurfaceView: 111912830 Locking canvas... stopped=false, surfaceControl=Surface(name=SurfaceView - )/@0xd56e900
04-15 18:44:49.191651  2824  3668 I SurfaceView: 111912830 Returned canvas: android.view.Surface$CompatibleCanvas@d92e4df
04-15 18:44:49.201162  1587  1587 I CAR.VENDOR.AVM: onChange:newValue = CarPropertyValue{mPropertyId=0x21400470, mAreaId=0x0, mStatus=0, mTimestamp=6379490436517, mValue=0}
04-15 18:44:49.201255  2814  2814 I CAR.VENDOR.AVM: onChange:newValue = CarPropertyValue{mPropertyId=0x21400470, mAreaId=0x0, mStatus=0, mTimestamp=6379490436517, mValue=0}
04-15 18:44:49.224035  2533  2533 I BootPresenter: (-$$Lambda$Qut1UVg1Gu75cdlDy9b5jeBJWaU.java:2)bootQuickLogin---->puid = 0
04-15 18:44:49.224717  2533  2533 I BootPresenter: (-$$Lambda$Qut1UVg1Gu75cdlDy9b5jeBJWaU.java:2)bootAutoLogin---->500ms后重试 puid = 0 , faceId = 0 , isNetInited = false
04-15 18:44:49.231582  2776  2776 I BoschCarServiceImp: onCarSpeedChanged:  0.0
04-15 18:44:49.231715  2776  3546 I FeiYuOS_CarPropertyImp: NOTIFY_CAR_PROPERTY_MESSAGE_CHANGE ++++++++++++++++++++++++++++++
04-15 18:44:49.231736  2776  3546 I FeiYuOS_CarPropertyImp: notifyCarPropertyMessageChange propId: 106, propValue: 0.0
04-15 18:44:49.232374  1913  1913 I MXNavi-SystemTts-VoiceModel: onReceiveCarProperty i:106 s:0.0
04-15 18:44:49.232521  1913 31337 I MXNavi-MainViewModel: onSpeedChanged:0.0 mSpeed:0.0 isCounting:false isStopTime:false
04-15 18:44:49.232605  1913 31337 I [Activate]ActivateManager: isActivation Methods are called by the class MainViewModel onSpeedChanged batchActivateResult:106
04-15 18:44:49.232629  1913 31337 E MXNavi-[Navi_Performance]: [ToolKit]: MainViewModel--onSpeedChanged activation == false
04-15 18:44:49.232657  1913 31337 E [Navi_Performance]: [ToolKit]: MainViewModel--onSpeedChanged activation == false
04-15 18:44:49.233263  2998  2998 I ICommonBinder: speed=0.0caller uid = 1000 ,pid = 2998
04-15 18:44:49.233296  2998  2998 I ICarBinder: mIGearCallback.size=0
04-15 18:44:49.233450  3264  3627 E FeatureSwitchStrategyManager: sceneNeedAction: start SCENE_STATIC
04-15 18:44:49.234930  3042  3056 I DVR     : |Binder:3042_1|DVRService RegisterManager onCarSensorDataChanged...unknown = 557844818 
04-15 18:44:49.245281  2824  3668 I SurfaceView: 111912830 Locking canvas... stopped=false, surfaceControl=Surface(name=SurfaceView - )/@0xd56e900
04-15 18:44:49.245757  2824  3668 I SurfaceView: 111912830 Returned canvas: android.view.Surface$CompatibleCanvas@d92e4df
04-15 18:44:49.248533  2776  2776 I BoschCarServiceImp: onCarSpeedChanged:  25.56
04-15 18:44:49.248577  2776  3546 I FeiYuOS_CarPropertyImp: NOTIFY_CAR_PROPERTY_MESSAGE_CHANGE ++++++++++++++++++++++++++++++
04-15 18:44:49.248597  2776  3546 I FeiYuOS_CarPropertyImp: notifyCarPropertyMessageChange propId: 106, propValue: 25.56
04-15 18:44:49.248801  1913  1913 I MXNavi-SystemTts-VoiceModel: onReceiveCarProperty i:106 s:25.56
04-15 18:44:49.248945  1913 31338 I MXNavi-MainViewModel: onSpeedChanged:92.016 mSpeed:0.0 isCounting:false isStopTime:false
04-15 18:44:49.248970  1913 31338 I [Activate]ActivateManager: isActivation Methods are called by the class MainViewModel onSpeedChanged batchActivateResult:106
04-15 18:44:49.248984  1913 31338 E MXNavi-[Navi_Performance]: [ToolKit]: MainViewModel--onSpeedChanged activation == false
04-15 18:44:49.248991  1913 31338 E [Navi_Performance]: [ToolKit]: MainViewModel--onSpeedChanged activation == false
04-15 18:44:49.249140  2998  2998 I ICommonBinder: speed=25.56caller uid = 1000 ,pid = 2998
04-15 18:44:49.249169  2998  2998 I ICarBinder: mIGearCallback.size=0
04-15 18:44:49.249332  3264  3627 E FeatureSwitchStrategyManager: sceneNeedAction: start SCENE_DYNAMIC
04-15 18:44:49.249992  3042  3056 I DVR     : |Binder:3042_1|DVRService RegisterManager onCarSensorDataChanged...unknown = 557844818 
04-15 18:44:49.265166  3264 12797 E FeatureSwitchManager: changeFeatureSwitch, algType:2,bitMask:1000,enable:true
04-15 18:44:49.265300  3264 12797 E TcpLibClient: 服务端端口: 10.0.0.34:5096, 指定服务端未连接
04-15 18:44:49.265347  3264 12797 E TcpManager: 与服务器连接已断开
04-15 18:44:49.265487  3264  3264 E IntelliSenseService: connect server close-> address:10.0.0.34
04-15 18:44:49.269111  2824  2824 I LdwWindowT60: needShow: result = true
04-15 18:44:49.298238  2824  3668 I SurfaceView: 111912830 Locking canvas... stopped=false, surfaceControl=Surface(name=SurfaceView - )/@0xd56e900
04-15 18:44:49.298618  2824  3668 I SurfaceView: 111912830 Returned canvas: android.view.Surface$CompatibleCanvas@d92e4df
04-15 18:44:49.317485  2814  2814 I CAR.VENDOR.AVM: onChange:newValue = CarPropertyValue{mPropertyId=0x21400470, mAreaId=0x0, mStatus=0, mTimestamp=6379605628027, mValue=0}
04-15 18:44:49.317716  1587  1587 I CAR.VENDOR.AVM: onChange:newValue = CarPropertyValue{mPropertyId=0x21400470, mAreaId=0x0, mStatus=0, mTimestamp=6379605628027, mValue=0}
04-15 18:44:49.337043  1913  1913 I NaviMapView20240130: onSurfaceTextureUpdated mIsSurfaceUpdate:true ,mIsShowCrossView: false
04-15 18:44:49.339061  2776  2776 I BoschCarServiceImp: onCarSpeedChanged:  0.0
04-15 18:44:49.339253  2776  3546 I FeiYuOS_CarPropertyImp: NOTIFY_CAR_PROPERTY_MESSAGE_CHANGE ++++++++++++++++++++++++++++++
04-15 18:44:49.339289  2776  3546 I FeiYuOS_CarPropertyImp: notifyCarPropertyMessageChange propId: 106, propValue: 0.0
04-15 18:44:49.339592  2998  2998 I ICommonBinder: speed=0.0caller uid = 1000 ,pid = 2998
04-15 18:44:49.339620  2998  2998 I ICarBinder: mIGearCallback.size=0
04-15 18:44:49.339729  1913  1913 I MXNavi-SystemTts-VoiceModel: onReceiveCarProperty i:106 s:0.0
04-15 18:44:49.340154  1913 31339 I MXNavi-MainViewModel: onSpeedChanged:0.0 mSpeed:0.0 isCounting:false isStopTime:false
04-15 18:44:49.340165  3264  3627 E FeatureSwitchStrategyManager: sceneNeedAction: start SCENE_STATIC
04-15 18:44:49.340187  1913 31339 I [Activate]ActivateManager: isActivation Methods are called by the class MainViewModel onSpeedChanged batchActivateResult:106
04-15 18:44:49.340197  1913 31339 E MXNavi-[Navi_Performance]: [ToolKit]: MainViewModel--onSpeedChanged activation == false
04-15 18:44:49.340204  1913 31339 E [Navi_Performance]: [ToolKit]: MainViewModel--onSpeedChanged activation == false
04-15 18:44:49.340754  3042  3056 I DVR     : |Binder:3042_1|DVRService RegisterManager onCarSensorDataChanged...unknown = 557844818 
04-15 18:44:49.341009  2776  2776 I BoschCarServiceImp: onCarSpeedChanged:  25.56
04-15 18:44:49.341086  2776  3546 I FeiYuOS_CarPropertyImp: NOTIFY_CAR_PROPERTY_MESSAGE_CHANGE ++++++++++++++++++++++++++++++
04-15 18:44:49.341124  2776  3546 I FeiYuOS_CarPropertyImp: notifyCarPropertyMessageChange propId: 106, propValue: 25.56
04-15 18:44:49.341356  1913  1913 I MXNavi-SystemTts-VoiceModel: onReceiveCarProperty i:106 s:25.56
04-15 18:44:49.341419  1913 31340 I MXNavi-MainViewModel: onSpeedChanged:92.016 mSpeed:0.0 isCounting:false isStopTime:false
04-15 18:44:49.341441  2998  2998 I ICommonBinder: speed=25.56caller uid = 1000 ,pid = 2998
04-15 18:44:49.341467  2998  2998 I ICarBinder: mIGearCallback.size=0
04-15 18:44:49.341472  1913 31340 I [Activate]ActivateManager: isActivation Methods are called by the class MainViewModel onSpeedChanged batchActivateResult:106
04-15 18:44:49.341488  1913 31340 E MXNavi-[Navi_Performance]: [ToolKit]: MainViewModel--onSpeedChanged activation == false
04-15 18:44:49.341506  1913 31340 E [Navi_Performance]: [ToolKit]: MainViewModel--onSpeedChanged activation == false
04-15 18:44:49.341906  1913  2476 W Settings: Setting android_id has moved from android.provider.Settings.System to android.provider.Settings.Secure, returning read-only value.
04-15 18:44:49.342631  3042  3056 I DVR     : |Binder:3042_1|DVRService RegisterManager onCarSensorDataChanged...unknown = 557844818 
04-15 18:44:49.342638  1913  2476 W Settings: Setting android_id has moved from android.provider.Settings.System to android.provider.Settings.Secure, returning read-only value.
04-15 18:44:49.342948  1913  2476 I chatty  : uid=1000(system) GNaviMap-0 identical 1 line
04-15 18:44:49.343680  1913  2476 W Settings: Setting android_id has moved from android.provider.Settings.System to android.provider.Settings.Secure, returning read-only value.
04-15 18:44:49.343986  1913  1913 I MXNavi-onNmeaMessage GPGGA = : s = $GPGGA,,,,,,0,,,,,,,,*66\r
04-15 18:44:49.344019  1913  2476 W Settings: Setting android_id has moved from android.provider.Settings.System to android.provider.Settings.Secure, returning read-only value.
04-15 18:44:49.344004  1913  1913 I MXNavi-onNmeaMessage GPRMC = : s = $GPRMC,,V,,,,,,,,,,N*53
04-15 18:44:49.344254  1913  2476 W Settings: Setting android_id has moved from android.provider.Settings.System to android.provider.Settings.Secure, returning read-only value.
04-15 18:44:49.348089  3264  3627 E FeatureSwitchStrategyManager: sceneNeedAction: start SCENE_DYNAMIC
04-15 18:44:49.350299  2824  3668 I SurfaceView: 111912830 Locking canvas... stopped=false, surfaceControl=Surface(name=SurfaceView - )/@0xd56e900
04-15 18:44:49.350714  2824  3668 I SurfaceView: 111912830 Returned canvas: android.view.Surface$CompatibleCanvas@d92e4df
04-15 18:44:49.366299  3264 12797 E FeatureSwitchManager: changeFeatureSwitch, algType:3,bitMask:1000,enable:true
04-15 18:44:49.366589  3264 12797 E TcpLibClient: 服务端端口: 10.0.0.34:5096, 指定服务端未连接
04-15 18:44:49.366640  3264 12797 E TcpManager: 与服务器连接已断开
04-15 18:44:49.366678  3264  3264 E IntelliSenseService: connect server close-> address:10.0.0.34
04-15 18:44:49.387920  1133  1137 E u-blox  : ublox::CGnssMeasurementExtension::navMeasurementUpdate: GnssMeasurementExtension callback is not initialized
04-15 18:44:49.398494  1349  1911 E Property.service: getProperty: propId is not in config list:0x21600202
04-15 18:44:49.404247  2824  3668 I SurfaceView: 111912830 Locking canvas... stopped=false, surfaceControl=Surface(name=SurfaceView - )/@0xd56e900
04-15 18:44:49.404664  2824  3668 I SurfaceView: 111912830 Returned canvas: android.view.Surface$CompatibleCanvas@d92e4df
04-15 18:44:49.417986  1587  1587 I CAR.VENDOR.AVM: onChange:newValue = CarPropertyValue{mPropertyId=0x21400470, mAreaId=0x0, mStatus=0, mTimestamp=6379706651361, mValue=0}
04-15 18:44:49.417840  2814  2814 I CAR.VENDOR.AVM: onChange:newValue = CarPropertyValue{mPropertyId=0x21400470, mAreaId=0x0, mStatus=0, mTimestamp=6379706651361, mValue=0}
04-15 18:44:49.438390  2776  2776 I BoschCarServiceImp: onCarSpeedChanged:  0.0
04-15 18:44:49.438666  2776  3546 I FeiYuOS_CarPropertyImp: NOTIFY_CAR_PROPERTY_MESSAGE_CHANGE ++++++++++++++++++++++++++++++
04-15 18:44:49.438716  2776  3546 I FeiYuOS_CarPropertyImp: notifyCarPropertyMessageChange propId: 106, propValue: 0.0
04-15 18:44:49.438943  1913  1913 I MXNavi-SystemTts-VoiceModel: onReceiveCarProperty i:106 s:0.0
04-15 18:44:49.439018  1913 31341 I MXNavi-MainViewModel: onSpeedChanged:0.0 mSpeed:0.0 isCounting:false isStopTime:false
04-15 18:44:49.439067  2998  2998 I ICommonBinder: speed=0.0caller uid = 1000 ,pid = 2998
04-15 18:44:49.439111  2998  2998 I ICarBinder: mIGearCallback.size=0
04-15 18:44:49.439118  1913 31341 I [Activate]ActivateManager: isActivation Methods are called by the class MainViewModel onSpeedChanged batchActivateResult:106
04-15 18:44:49.439134  1913 31341 E MXNavi-[Navi_Performance]: [ToolKit]: MainViewModel--onSpeedChanged activation == false
04-15 18:44:49.439146  1913 31341 E [Navi_Performance]: [ToolKit]: MainViewModel--onSpeedChanged activation == false
04-15 18:44:49.439317  3264  3627 E FeatureSwitchStrategyManager: sceneNeedAction: start SCENE_STATIC
04-15 18:44:49.440870  3042  3056 I DVR     : |Binder:3042_1|DVRService RegisterManager onCarSensorDataChanged...unknown = 557844818 
04-15 18:44:49.441124  2776  2776 I BoschCarServiceImp: onCarSpeedChanged:  25.56
04-15 18:44:49.441613  2776  3546 I FeiYuOS_CarPropertyImp: NOTIFY_CAR_PROPERTY_MESSAGE_CHANGE ++++++++++++++++++++++++++++++
04-15 18:44:49.441711  2776  3546 I FeiYuOS_CarPropertyImp: notifyCarPropertyMessageChange propId: 106, propValue: 25.56
04-15 18:44:49.441922  1913  1913 I MXNavi-SystemTts-VoiceModel: onReceiveCarProperty i:106 s:25.56
04-15 18:44:49.442018  1913 31342 I MXNavi-MainViewModel: onSpeedChanged:92.016 mSpeed:0.0 isCounting:false isStopTime:false
04-15 18:44:49.442061  1913 31342 I [Activate]ActivateManager: isActivation Methods are called by the class MainViewModel onSpeedChanged batchActivateResult:106
04-15 18:44:49.442082  1913 31342 E MXNavi-[Navi_Performance]: [ToolKit]: MainViewModel--onSpeedChanged activation == false
04-15 18:44:49.442109  1913 31342 E [Navi_Performance]: [ToolKit]: MainViewModel--onSpeedChanged activation == false
04-15 18:44:49.442586  2998  2998 I ICommonBinder: speed=25.56caller uid = 1000 ,pid = 2998
04-15 18:44:49.442621  2998  2998 I ICarBinder: mIGearCallback.size=0
04-15 18:44:49.444107  3042  3056 I DVR     : |Binder:3042_1|DVRService RegisterManager onCarSensorDataChanged...unknown = 557844818 
04-15 18:44:49.447521  3264  3627 E FeatureSwitchStrategyManager: sceneNeedAction: start SCENE_DYNAMIC
04-15 18:44:49.460250  2824  3668 I SurfaceView: 111912830 Locking canvas... stopped=false, surfaceControl=Surface(name=SurfaceView - )/@0xd56e900
04-15 18:44:49.460632  2824  3668 I SurfaceView: 111912830 Returned canvas: android.view.Surface$CompatibleCanvas@d92e4df
04-15 18:44:49.467266  3264 12797 E FeatureSwitchManager: changeFeatureSwitch, algType:1,bitMask:1000,enable:false
04-15 18:44:49.467400  3264 12797 E TcpLibClient: 服务端端口: 10.0.0.34:5096, 指定服务端未连接
04-15 18:44:49.467448  3264 12797 E TcpManager: 与服务器连接已断开
04-15 18:44:49.467516  3264  3264 E IntelliSenseService: connect server close-> address:10.0.0.34
04-15 18:44:49.480187  1133  1137 I u-blox  : CAndroidDatabase::CommitSvStatus: reportSvStatus
04-15 18:44:49.480530  1160  1229 I GnssLocationProvider: WakeLock acquired by sendMessage(REPORT_SV_STATUS, 0, com.android.server.location.GnssLocationProvider$SvStatusInfo@df6b01d)
04-15 18:44:49.486836  1160  1174 I GnssLocationProvider: WakeLock released by handleMessage(REPORT_SV_STATUS, 0, com.android.server.location.GnssLocationProvider$SvStatusInfo@df6b01d)
04-15 18:44:49.488189  1913  2438 I MXNavi-PosManager: GpsSatellite num is 1
04-15 18:44:49.513267  2824  3668 I SurfaceView: 111912830 Locking canvas... stopped=false, surfaceControl=Surface(name=SurfaceView - )/@0xd56e900
04-15 18:44:49.513672  2824  3668 I SurfaceView: 111912830 Returned canvas: android.view.Surface$CompatibleCanvas@d92e4df
04-15 18:44:49.530066  1587  1587 I CAR.VENDOR.AVM: onChange:newValue = CarPropertyValue{mPropertyId=0x21400470, mAreaId=0x0, mStatus=0, mTimestamp=6379818511777, mValue=0}
04-15 18:44:49.530073  2814  2814 I CAR.VENDOR.AVM: onChange:newValue = CarPropertyValue{mPropertyId=0x21400470, mAreaId=0x0, mStatus=0, mTimestamp=6379818511777, mValue=0}
04-15 18:44:49.530560  2776  2776 I BoschCarServiceImp: onCarSpeedChanged:  0.0
04-15 18:44:49.530659  2776  3546 I FeiYuOS_CarPropertyImp: NOTIFY_CAR_PROPERTY_MESSAGE_CHANGE ++++++++++++++++++++++++++++++
04-15 18:44:49.530730  2776  3546 I FeiYuOS_CarPropertyImp: notifyCarPropertyMessageChange propId: 106, propValue: 0.0
04-15 18:44:49.531055  1913  1913 I MXNavi-SystemTts-VoiceModel: onReceiveCarProperty i:106 s:0.0
04-15 18:44:49.531114  2998  2998 I ICommonBinder: speed=0.0caller uid = 1000 ,pid = 2998
04-15 18:44:49.531127  1913 31328 I MXNavi-MainViewModel: onSpeedChanged:0.0 mSpeed:0.0 isCounting:false isStopTime:false
04-15 18:44:49.531143  2998  2998 I ICarBinder: mIGearCallback.size=0
04-15 18:44:49.531152  1913 31328 I [Activate]ActivateManager: isActivation Methods are called by the class MainViewModel onSpeedChanged batchActivateResult:106
04-15 18:44:49.531165  1913 31328 E MXNavi-[Navi_Performance]: [ToolKit]: MainViewModel--onSpeedChanged activation == false
04-15 18:44:49.531180  1913 31328 E [Navi_Performance]: [ToolKit]: MainViewModel--onSpeedChanged activation == false
04-15 18:44:49.531229  3264  3627 E FeatureSwitchStrategyManager: sceneNeedAction: start SCENE_STATIC
04-15 18:44:49.535683  3042  3056 I DVR     : |Binder:3042_1|DVRService RegisterManager onCarSensorDataChanged...unknown = 557844818 
04-15 18:44:49.546819  2776  2776 I BoschCarServiceImp: onCarSpeedChanged:  25.56
04-15 18:44:49.547451  3042  3056 I DVR     : |Binder:3042_1|DVRService RegisterManager onCarSensorDataChanged...unknown = 557844818 
04-15 18:44:49.547937  3264  3627 E FeatureSwitchStrategyManager: sceneNeedAction: start SCENE_DYNAMIC
04-15 18:44:49.548778  2776  3546 I FeiYuOS_CarPropertyImp: NOTIFY_CAR_PROPERTY_MESSAGE_CHANGE ++++++++++++++++++++++++++++++
04-15 18:44:49.548828  2776  3546 I FeiYuOS_CarPropertyImp: notifyCarPropertyMessageChange propId: 106, propValue: 25.56
04-15 18:44:49.549054  2998  2998 I ICommonBinder: speed=25.56caller uid = 1000 ,pid = 2998
04-15 18:44:49.549080  2998  2998 I ICarBinder: mIGearCallback.size=0
04-15 18:44:49.549783   507   604 E TBOX_PROTOCOL: socket: 7, ip:192.168.225.1, port:7788,  connect tbox server fails, error: Connection timed out
04-15 18:44:49.549855  1913  1913 I MXNavi-SystemTts-VoiceModel: onReceiveCarProperty i:106 s:25.56
04-15 18:44:49.550002  1913 31329 I MXNavi-MainViewModel: onSpeedChanged:92.016 mSpeed:0.0 isCounting:false isStopTime:false
04-15 18:44:49.550046  1913 31329 I [Activate]ActivateManager: isActivation Methods are called by the class MainViewModel onSpeedChanged batchActivateResult:106
04-15 18:44:49.550067  1913 31329 E MXNavi-[Navi_Performance]: [ToolKit]: MainViewModel--onSpeedChanged activation == false
04-15 18:44:49.550091  1913 31329 E [Navi_Performance]: [ToolKit]: MainViewModel--onSpeedChanged activation == false
04-15 18:44:49.566897  2824  3668 I SurfaceView: 111912830 Locking canvas... stopped=false, surfaceControl=Surface(name=SurfaceView - )/@0xd56e900
04-15 18:44:49.567561  2824  3668 I SurfaceView: 111912830 Returned canvas: android.view.Surface$CompatibleCanvas@d92e4df
04-15 18:44:49.567836  3264 12797 E FeatureSwitchManager: changeFeatureSwitch, algType:2,bitMask:1000,enable:false
04-15 18:44:49.567926  3264 12797 E TcpLibClient: 服务端端口: 10.0.0.34:5096, 指定服务端未连接
04-15 18:44:49.567969  3264 12797 E TcpManager: 与服务器连接已断开
04-15 18:44:49.568010  3264  3264 E IntelliSenseService: connect server close-> address:10.0.0.34
04-15 18:44:49.619263  2824  3668 I SurfaceView: 111912830 Locking canvas... stopped=false, surfaceControl=Surface(name=SurfaceView - )/@0xd56e900
04-15 18:44:49.619743  2824  3668 I SurfaceView: 111912830 Returned canvas: android.view.Surface$CompatibleCanvas@d92e4df
04-15 18:44:49.635973  2814  2814 I CAR.VENDOR.AVM: onChange:newValue = CarPropertyValue{mPropertyId=0x21400470, mAreaId=0x0, mStatus=0, mTimestamp=6379927547923, mValue=0}
04-15 18:44:49.636366  1587  1587 I CAR.VENDOR.AVM: onChange:newValue = CarPropertyValue{mPropertyId=0x21400470, mAreaId=0x0, mStatus=0, mTimestamp=6379927547923, mValue=0}
04-15 18:44:49.637955  2776  2776 I BoschCarServiceImp: onCarSpeedChanged:  0.0
04-15 18:44:49.638008  2776  2776 I BoschCarServiceImp: onCarSpeedChanged:  25.56
04-15 18:44:49.638030  3042  8437 I DVR     : |Binder:3042_5|DVRService RegisterManager onCarSensorDataChanged...unknown = 557844818 
04-15 18:44:49.638046  2776  3546 I FeiYuOS_CarPropertyImp: NOTIFY_CAR_PROPERTY_MESSAGE_CHANGE ++++++++++++++++++++++++++++++
04-15 18:44:49.638080  2776  3546 I FeiYuOS_CarPropertyImp: notifyCarPropertyMessageChange propId: 106, propValue: 0.0
04-15 18:44:49.638400  2998  2998 I ICommonBinder: speed=0.0caller uid = 1000 ,pid = 2998
04-15 18:44:49.638427  2998  2998 I ICarBinder: mIGearCallback.size=0
04-15 18:44:49.638460  2998  2998 I ICommonBinder: speed=25.56caller uid = 1000 ,pid = 2998
04-15 18:44:49.638474  2998  2998 I ICarBinder: mIGearCallback.size=0
04-15 18:44:49.638591  3264  3627 E FeatureSwitchStrategyManager: sceneNeedAction: start SCENE_STATIC
04-15 18:44:49.640182  2776  3546 I FeiYuOS_CarPropertyImp: NOTIFY_CAR_PROPERTY_MESSAGE_CHANGE ++++++++++++++++++++++++++++++
04-15 18:44:49.640202  1913  1913 I MXNavi-SystemTts-VoiceModel: onReceiveCarProperty i:106 s:0.0
04-15 18:44:49.640223  2776  3546 I FeiYuOS_CarPropertyImp: notifyCarPropertyMessageChange propId: 106, propValue: 25.56
04-15 18:44:49.640331  1913 31330 I MXNavi-MainViewModel: onSpeedChanged:0.0 mSpeed:0.0 isCounting:false isStopTime:false
04-15 18:44:49.640374  1913 31330 I [Activate]ActivateManager: isActivation Methods are called by the class MainViewModel onSpeedChanged batchActivateResult:106
04-15 18:44:49.640395  1913 31330 E MXNavi-[Navi_Performance]: [ToolKit]: MainViewModel--onSpeedChanged activation == false
04-15 18:44:49.640428  1913 31330 E [Navi_Performance]: [ToolKit]: MainViewModel--onSpeedChanged activation == false
04-15 18:44:49.640629  1913  1913 I MXNavi-SystemTts-VoiceModel: onReceiveCarProperty i:106 s:25.56
04-15 18:44:49.640680  1913 31331 I MXNavi-MainViewModel: onSpeedChanged:92.016 mSpeed:0.0 isCounting:false isStopTime:false
04-15 18:44:49.640696  1913 31331 I [Activate]ActivateManager: isActivation Methods are called by the class MainViewModel onSpeedChanged batchActivateResult:106
04-15 18:44:49.640704  1913 31331 E MXNavi-[Navi_Performance]: [ToolKit]: MainViewModel--onSpeedChanged activation == false
04-15 18:44:49.640710  1913 31331 E [Navi_Performance]: [ToolKit]: MainViewModel--onSpeedChanged activation == false
04-15 18:44:49.641786  3042  8437 I DVR     : |Binder:3042_5|DVRService RegisterManager onCarSensorDataChanged...unknown = 557844818 
04-15 18:44:49.647930  3264  3627 E carSpeedChanged: carSpeedChanged 25.56
04-15 18:44:49.648342  3264  3627 E judgeAllSceneStrategy: current speed = 92.016 mCurrentScene =0
04-15 18:44:49.649468  3264  3627 E FeatureSwitchStrategyManager: sceneNeedAction: start SCENE_DYNAMIC
04-15 18:44:49.669319  3264 12797 E FeatureSwitchManager: changeFeatureSwitch, algType:3,bitMask:1000,enable:false
04-15 18:44:49.669478  3264 12797 E TcpLibClient: 服务端端口: 10.0.0.34:5096, 指定服务端未连接
04-15 18:44:49.669523  3264 12797 E TcpManager: 与服务器连接已断开
04-15 18:44:49.669588  3264  3264 E IntelliSenseService: connect server close-> address:10.0.0.34
04-15 18:44:49.672241  2824  3668 I SurfaceView: 111912830 Locking canvas... stopped=false, surfaceControl=Surface(name=SurfaceView - )/@0xd56e900
04-15 18:44:49.672612  2824  3668 I SurfaceView: 111912830 Returned canvas: android.view.Surface$CompatibleCanvas@d92e4df
04-15 18:44:49.724384  2824  3668 I SurfaceView: 111912830 Locking canvas... stopped=false, surfaceControl=Surface(name=SurfaceView - )/@0xd56e900
04-15 18:44:49.724763  2824  3668 I SurfaceView: 111912830 Returned canvas: android.view.Surface$CompatibleCanvas@d92e4df
04-15 18:44:49.725998  2533  2533 I BootPresenter: (-$$Lambda$Qut1UVg1Gu75cdlDy9b5jeBJWaU.java:2)bootQuickLogin---->puid = 0
04-15 18:44:49.726743  2533  2533 I BootPresenter: (-$$Lambda$Qut1UVg1Gu75cdlDy9b5jeBJWaU.java:2)bootAutoLogin---->500ms后重试 puid = 0 , faceId = 0 , isNetInited = false
04-15 18:44:49.733503  2776  2776 I BoschCarServiceImp: onCarSpeedChanged:  0.0
04-15 18:44:49.733760  2776  3546 I FeiYuOS_CarPropertyImp: NOTIFY_CAR_PROPERTY_MESSAGE_CHANGE ++++++++++++++++++++++++++++++
04-15 18:44:49.733784  2776  3546 I FeiYuOS_CarPropertyImp: notifyCarPropertyMessageChange propId: 106, propValue: 0.0
04-15 18:44:49.733868  2998  2998 I ICommonBinder: speed=0.0caller uid = 1000 ,pid = 2998
04-15 18:44:49.733896  2998  2998 I ICarBinder: mIGearCallback.size=0
04-15 18:44:49.733985  1913  1913 I MXNavi-SystemTts-VoiceModel: onReceiveCarProperty i:106 s:0.0
04-15 18:44:49.734221  1913 31332 I MXNavi-MainViewModel: onSpeedChanged:0.0 mSpeed:0.0 isCounting:false isStopTime:false
04-15 18:44:49.734247  1913 31332 I [Activate]ActivateManager: isActivation Methods are called by the class MainViewModel onSpeedChanged batchActivateResult:106
04-15 18:44:49.734266  1913 31332 E MXNavi-[Navi_Performance]: [ToolKit]: MainViewModel--onSpeedChanged activation == false
04-15 18:44:49.734273  1913 31332 E [Navi_Performance]: [ToolKit]: MainViewModel--onSpeedChanged activation == false
04-15 18:44:49.734423  3264  3627 E FeatureSwitchStrategyManager: sceneNeedAction: start SCENE_STATIC
04-15 18:44:49.734817  3042  8437 I DVR     : |Binder:3042_5|DVRService RegisterManager onCarSensorDataChanged...unknown = 557844818 
04-15 18:44:49.734948  2776  2776 I BoschCarServiceImp: onCarSpeedChanged:  25.56
04-15 18:44:49.735003  2776  3546 I FeiYuOS_CarPropertyImp: NOTIFY_CAR_PROPERTY_MESSAGE_CHANGE ++++++++++++++++++++++++++++++
04-15 18:44:49.735291  2776  3546 I FeiYuOS_CarPropertyImp: notifyCarPropertyMessageChange propId: 106, propValue: 25.56
04-15 18:44:49.735428  1913  1913 I MXNavi-SystemTts-VoiceModel: onReceiveCarProperty i:106 s:25.56
04-15 18:44:49.736034  1913 31333 I MXNavi-MainViewModel: onSpeedChanged:92.016 mSpeed:0.0 isCounting:false isStopTime:false
04-15 18:44:49.736085  1913 31333 I [Activate]ActivateManager: isActivation Methods are called by the class MainViewModel onSpeedChanged batchActivateResult:106
04-15 18:44:49.736108  1913 31333 E MXNavi-[Navi_Performance]: [ToolKit]: MainViewModel--onSpeedChanged activation == false
04-15 18:44:49.736125  1913 31333 E [Navi_Performance]: [ToolKit]: MainViewModel--onSpeedChanged activation == false
04-15 18:44:49.739063  3042  8437 I DVR     : |Binder:3042_5|DVRService RegisterManager onCarSensorDataChanged...unknown = 557844818 
04-15 18:44:49.739624  2998  2998 I ICommonBinder: speed=25.56caller uid = 1000 ,pid = 2998
04-15 18:44:49.739658  2998  2998 I ICarBinder: mIGearCallback.size=0
04-15 18:44:49.745814  2814  2814 I CAR.VENDOR.AVM: onChange:newValue = CarPropertyValue{mPropertyId=0x21400470, mAreaId=0x0, mStatus=0, mTimestamp=6380034439069, mValue=0}
04-15 18:44:49.745834  1587  1587 I CAR.VENDOR.AVM: onChange:newValue = CarPropertyValue{mPropertyId=0x21400470, mAreaId=0x0, mStatus=0, mTimestamp=6380034439069, mValue=0}
04-15 18:44:49.746548  3264  3627 E FeatureSwitchStrategyManager: sceneNeedAction: start SCENE_DYNAMIC
04-15 18:44:49.770269  3264 12797 E FeatureSwitchManager: changeFeatureSwitch, algType:1,bitMask:1000,enable:true
04-15 18:44:49.770392  3264 12797 E TcpLibClient: 服务端端口: 10.0.0.34:5096, 指定服务端未连接
04-15 18:44:49.770439  3264 12797 E TcpManager: 与服务器连接已断开
04-15 18:44:49.770474  3264  3264 E IntelliSenseService: connect server close-> address:10.0.0.34
04-15 18:44:49.777532  2824  3668 I SurfaceView: 111912830 Locking canvas... stopped=false, surfaceControl=Surface(name=SurfaceView - )/@0xd56e900
04-15 18:44:49.777861  2824  3668 I SurfaceView: 111912830 Returned canvas: android.view.Surface$CompatibleCanvas@d92e4df
04-15 18:44:49.828916  2824  3668 I SurfaceView: 111912830 Locking canvas... stopped=false, surfaceControl=Surface(name=SurfaceView - )/@0xd56e900
04-15 18:44:49.829957  2824  3668 I SurfaceView: 111912830 Returned canvas: android.view.Surface$CompatibleCanvas@d92e4df
04-15 18:44:49.833243  2776  2776 I BoschCarServiceImp: onCarSpeedChanged:  0.0
04-15 18:44:49.833557  2776  3546 I FeiYuOS_CarPropertyImp: NOTIFY_CAR_PROPERTY_MESSAGE_CHANGE ++++++++++++++++++++++++++++++
04-15 18:44:49.833700  2776  3546 I FeiYuOS_CarPropertyImp: notifyCarPropertyMessageChange propId: 106, propValue: 0.0
04-15 18:44:49.834040  2998  2998 I ICommonBinder: speed=0.0caller uid = 1000 ,pid = 2998
04-15 18:44:49.834066  2998  2998 I ICarBinder: mIGearCallback.size=0
04-15 18:44:49.834252  1913  1913 I MXNavi-SystemTts-VoiceModel: onReceiveCarProperty i:106 s:0.0
04-15 18:44:49.834336  1913 31334 I MXNavi-MainViewModel: onSpeedChanged:0.0 mSpeed:0.0 isCounting:false isStopTime:false
04-15 18:44:49.834386  1913 31334 I [Activate]ActivateManager: isActivation Methods are called by the class MainViewModel onSpeedChanged batchActivateResult:106
04-15 18:44:49.834402  1913 31334 E MXNavi-[Navi_Performance]: [ToolKit]: MainViewModel--onSpeedChanged activation == false
04-15 18:44:49.834408  1913 31334 E [Navi_Performance]: [ToolKit]: MainViewModel--onSpeedChanged activation == false
04-15 18:44:49.834506  3042  8437 I DVR     : |Binder:3042_5|DVRService RegisterManager onCarSensorDataChanged...unknown = 557844818 
04-15 18:44:49.834599  2776  2776 I BoschCarServiceImp: onCarSpeedChanged:  25.56
04-15 18:44:49.834663  3264  3627 E FeatureSwitchStrategyManager: sceneNeedAction: start SCENE_STATIC
04-15 18:44:49.834690  2776  3546 I FeiYuOS_CarPropertyImp: NOTIFY_CAR_PROPERTY_MESSAGE_CHANGE ++++++++++++++++++++++++++++++
04-15 18:44:49.834711  2776  3546 I FeiYuOS_CarPropertyImp: notifyCarPropertyMessageChange propId: 106, propValue: 25.56
04-15 18:44:49.835008  2998  2998 I ICommonBinder: speed=25.56caller uid = 1000 ,pid = 2998
04-15 18:44:49.835022  1913  1913 I MXNavi-SystemTts-VoiceModel: onReceiveCarProperty i:106 s:25.56
04-15 18:44:49.835036  2998  2998 I ICarBinder: mIGearCallback.size=0
04-15 18:44:49.835097  1913 31335 I MXNavi-MainViewModel: onSpeedChanged:92.016 mSpeed:0.0 isCounting:false isStopTime:false
04-15 18:44:49.835115  1913 31335 I [Activate]ActivateManager: isActivation Methods are called by the class MainViewModel onSpeedChanged batchActivateResult:106
04-15 18:44:49.835125  1913 31335 E MXNavi-[Navi_Performance]: [ToolKit]: MainViewModel--onSpeedChanged activation == false
04-15 18:44:49.835130  1913 31335 E [Navi_Performance]: [ToolKit]: MainViewModel--onSpeedChanged activation == false
04-15 18:44:49.835608  3042  8437 I DVR     : |Binder:3042_5|DVRService RegisterManager onCarSensorDataChanged...unknown = 557844818 
04-15 18:44:49.844363  3264  3627 E FeatureSwitchStrategyManager: sceneNeedAction: start SCENE_DYNAMIC
04-15 18:44:49.858859  1587  1587 I CAR.VENDOR.AVM: onChange:newValue = CarPropertyValue{mPropertyId=0x21400470, mAreaId=0x0, mStatus=0, mTimestamp=6380144618704, mValue=0}
04-15 18:44:49.858890  2814  2814 I CAR.VENDOR.AVM: onChange:newValue = CarPropertyValue{mPropertyId=0x21400470, mAreaId=0x0, mStatus=0, mTimestamp=6380144618704, mValue=0}
04-15 18:44:49.872217  3264 12797 E FeatureSwitchManager: changeFeatureSwitch, algType:2,bitMask:1000,enable:true
04-15 18:44:49.872335  3264 12797 E TcpLibClient: 服务端端口: 10.0.0.34:5096, 指定服务端未连接
04-15 18:44:49.872383  3264 12797 E TcpManager: 与服务器连接已断开
04-15 18:44:49.872457  3264  3264 E IntelliSenseService: connect server close-> address:10.0.0.34
04-15 18:44:49.882395  2824  3668 I SurfaceView: 111912830 Locking canvas... stopped=false, surfaceControl=Surface(name=SurfaceView - )/@0xd56e900
04-15 18:44:49.882895  2824  3668 I SurfaceView: 111912830 Returned canvas: android.view.Surface$CompatibleCanvas@d92e4df
04-15 18:44:49.932233  2776  2776 I BoschCarServiceImp: onCarSpeedChanged:  0.0
04-15 18:44:49.932778  2776  3546 I FeiYuOS_CarPropertyImp: NOTIFY_CAR_PROPERTY_MESSAGE_CHANGE ++++++++++++++++++++++++++++++
04-15 18:44:49.932823  2776  3546 I FeiYuOS_CarPropertyImp: notifyCarPropertyMessageChange propId: 106, propValue: 0.0
04-15 18:44:49.933207  2998  2998 I ICommonBinder: speed=0.0caller uid = 1000 ,pid = 2998
04-15 18:44:49.933235  2998  2998 I ICarBinder: mIGearCallback.size=0
04-15 18:44:49.933333  3042  8437 I DVR     : |Binder:3042_5|DVRService RegisterManager onCarSensorDataChanged...unknown = 557844818 
04-15 18:44:49.933585  2998  2998 I ICommonBinder: speed=25.56caller uid = 1000 ,pid = 2998
04-15 18:44:49.933655  2998  2998 I ICarBinder: mIGearCallback.size=0
04-15 18:44:49.933851  2824  3668 I SurfaceView: 111912830 Locking canvas... stopped=false, surfaceControl=Surface(name=SurfaceView - )/@0xd56e900
04-15 18:44:49.933969  3042  3056 I DVR     : |Binder:3042_1|DVRService RegisterManager onCarSensorDataChanged...unknown = 557844818 
04-15 18:44:49.934356  2776  2776 I BoschCarServiceImp: onCarSpeedChanged:  25.56
04-15 18:44:49.934471  3264  3627 E FeatureSwitchStrategyManager: sceneNeedAction: start SCENE_STATIC
04-15 18:44:49.934486  2824  3668 I SurfaceView: 111912830 Returned canvas: android.view.Surface$CompatibleCanvas@d92e4df
04-15 18:44:49.934735  1913  1913 I MXNavi-SystemTts-VoiceModel: onReceiveCarProperty i:106 s:0.0
04-15 18:44:49.934775  2776  3546 I FeiYuOS_CarPropertyImp: NOTIFY_CAR_PROPERTY_MESSAGE_CHANGE ++++++++++++++++++++++++++++++
04-15 18:44:49.934831  2776  3546 I FeiYuOS_CarPropertyImp: notifyCarPropertyMessageChange propId: 106, propValue: 25.56
04-15 18:44:49.935080  1913  1913 I MXNavi-SystemTts-VoiceModel: onReceiveCarProperty i:106 s:25.56
04-15 18:44:49.935194  1913 31336 I MXNavi-MainViewModel: onSpeedChanged:0.0 mSpeed:0.0 isCounting:false isStopTime:false
04-15 18:44:49.935219  1913 31336 I [Activate]ActivateManager: isActivation Methods are called by the class MainViewModel onSpeedChanged batchActivateResult:106
04-15 18:44:49.935229  1913 31336 E MXNavi-[Navi_Performance]: [ToolKit]: MainViewModel--onSpeedChanged activation == false
04-15 18:44:49.935234  1913 31336 E [Navi_Performance]: [ToolKit]: MainViewModel--onSpeedChanged activation == false
04-15 18:44:49.935248  1913 31336 I MXNavi-MainViewModel: onSpeedChanged:92.016 mSpeed:0.0 isCounting:false isStopTime:false
04-15 18:44:49.935269  1913 31336 I [Activate]ActivateManager: isActivation Methods are called by the class MainViewModel onSpeedChanged batchActivateResult:106
04-15 18:44:49.935279  1913 31336 E MXNavi-[Navi_Performance]: [ToolKit]: MainViewModel--onSpeedChanged activation == false
04-15 18:44:49.935289  1913 31336 E [Navi_Performance]: [ToolKit]: MainViewModel--onSpeedChanged activation == false
04-15 18:44:49.941833  3264  3627 E FeatureSwitchStrategyManager: sceneNeedAction: start SCENE_DYNAMIC
04-15 18:44:49.967252  1587  1587 I CAR.VENDOR.AVM: onChange:newValue = CarPropertyValue{mPropertyId=0x21400470, mAreaId=0x0, mStatus=0, mTimestamp=6380254934329, mValue=0}
04-15 18:44:49.967125  2814  2814 I CAR.VENDOR.AVM: onChange:newValue = CarPropertyValue{mPropertyId=0x21400470, mAreaId=0x0, mStatus=0, mTimestamp=6380254934329, mValue=0}
04-15 18:44:49.973194  3264 12797 E FeatureSwitchManager: changeFeatureSwitch, algType:3,bitMask:1000,enable:true
04-15 18:44:49.973333  3264 12797 E TcpLibClient: 服务端端口: 10.0.0.34:5096, 指定服务端未连接
04-15 18:44:49.973385  3264 12797 E TcpManager: 与服务器连接已断开
04-15 18:44:49.973422  3264  3264 E IntelliSenseService: connect server close-> address:10.0.0.34
04-15 18:44:49.987618  2824  3668 I SurfaceView: 111912830 Locking canvas... stopped=false, surfaceControl=Surface(name=SurfaceView - )/@0xd56e900
04-15 18:44:49.988019  2824  3668 I SurfaceView: 111912830 Returned canvas: android.view.Surface$CompatibleCanvas@d92e4df
04-15 18:44:50.030372  2776  2776 I BoschCarServiceImp: onCarSpeedChanged:  0.0
04-15 18:44:50.030549  2776  3546 I FeiYuOS_CarPropertyImp: NOTIFY_CAR_PROPERTY_MESSAGE_CHANGE ++++++++++++++++++++++++++++++
04-15 18:44:50.030593  2776  3546 I FeiYuOS_CarPropertyImp: notifyCarPropertyMessageChange propId: 106, propValue: 0.0
04-15 18:44:50.030742  2998  2998 I ICommonBinder: speed=0.0caller uid = 1000 ,pid = 2998
04-15 18:44:50.030769  2998  2998 I ICarBinder: mIGearCallback.size=0
04-15 18:44:50.031298  1913  1913 I MXNavi-SystemTts-VoiceModel: onReceiveCarProperty i:106 s:0.0
04-15 18:44:50.031422  1913 31338 I MXNavi-MainViewModel: onSpeedChanged:0.0 mSpeed:0.0 isCounting:false isStopTime:false
04-15 18:44:50.031456  1913 31338 I [Activate]ActivateManager: isActivation Methods are called by the class MainViewModel onSpeedChanged batchActivateResult:106
04-15 18:44:50.031470  1913 31338 E MXNavi-[Navi_Performance]: [ToolKit]: MainViewModel--onSpeedChanged activation == false
04-15 18:44:50.031479  1913 31338 E [Navi_Performance]: [ToolKit]: MainViewModel--onSpeedChanged activation == false
04-15 18:44:50.031680  3042  3056 I DVR     : |Binder:3042_1|DVRService RegisterManager onCarSensorDataChanged...unknown = 557844818 
04-15 18:44:50.031797  3264  3627 E FeatureSwitchStrategyManager: sceneNeedAction: start SCENE_STATIC
04-15 18:44:50.040285  2824  3668 I SurfaceView: 111912830 Locking canvas... stopped=false, surfaceControl=Surface(name=SurfaceView - )/@0xd56e900
04-15 18:44:50.041630  2824  3668 I SurfaceView: 111912830 Returned canvas: android.view.Surface$CompatibleCanvas@d92e4df
04-15 18:44:50.041685  2776  2776 I BoschCarServiceImp: onCarSpeedChanged:  25.56
04-15 18:44:50.042874  2776  3546 I FeiYuOS_CarPropertyImp: NOTIFY_CAR_PROPERTY_MESSAGE_CHANGE ++++++++++++++++++++++++++++++
04-15 18:44:50.042929  2776  3546 I FeiYuOS_CarPropertyImp: notifyCarPropertyMessageChange propId: 106, propValue: 25.56
04-15 18:44:50.043038  2998  2998 I ICommonBinder: speed=25.56caller uid = 1000 ,pid = 2998
04-15 18:44:50.043066  2998  2998 I ICarBinder: mIGearCallback.size=0
04-15 18:44:50.043796  1913  1913 I MXNavi-SystemTts-VoiceModel: onReceiveCarProperty i:106 s:25.56
04-15 18:44:50.043966  1913 31339 I MXNavi-MainViewModel: onSpeedChanged:92.016 mSpeed:0.0 isCounting:false isStopTime:false
04-15 18:44:50.043993  1913 31339 I [Activate]ActivateManager: isActivation Methods are called by the class MainViewModel onSpeedChanged batchActivateResult:106
04-15 18:44:50.044003  1913 31339 E MXNavi-[Navi_Performance]: [ToolKit]: MainViewModel--onSpeedChanged activation == false
04-15 18:44:50.044016  1913 31339 E [Navi_Performance]: [ToolKit]: MainViewModel--onSpeedChanged activation == false
04-15 18:44:50.045058  3042  3056 I DVR     : |Binder:3042_1|DVRService RegisterManager onCarSensorDataChanged...unknown = 557844818 
04-15 18:44:50.045216  3264  3627 E FeatureSwitchStrategyManager: sceneNeedAction: start SCENE_DYNAMIC
04-15 18:44:50.073776  3264 12797 E FeatureSwitchManager: changeFeatureSwitch, algType:1,bitMask:1000,enable:false
04-15 18:44:50.073897  3264 12797 E TcpLibClient: 服务端端口: 10.0.0.34:5096, 指定服务端未连接
04-15 18:44:50.073944  3264 12797 E TcpManager: 与服务器连接已断开
04-15 18:44:50.073980  3264  3264 E IntelliSenseService: connect server close-> address:10.0.0.34
04-15 18:44:50.076876  1587  1587 I CAR.VENDOR.AVM: onChange:newValue = CarPropertyValue{mPropertyId=0x21400470, mAreaId=0x0, mStatus=0, mTimestamp=6380366490788, mValue=0}
04-15 18:44:50.077302  2814  2814 I CAR.VENDOR.AVM: onChange:newValue = CarPropertyValue{mPropertyId=0x21400470, mAreaId=0x0, mStatus=0, mTimestamp=6380366490788, mValue=0}
04-15 18:44:50.095244  2824  3668 I SurfaceView: 111912830 Locking canvas... stopped=false, surfaceControl=Surface(name=SurfaceView - )/@0xd56e900
04-15 18:44:50.095720  2824  3668 I SurfaceView: 111912830 Returned canvas: android.view.Surface$CompatibleCanvas@d92e4df
04-15 18:44:50.130307  2776  2776 I BoschCarServiceImp: onCarSpeedChanged:  0.0
04-15 18:44:50.130491  2776  3546 I FeiYuOS_CarPropertyImp: NOTIFY_CAR_PROPERTY_MESSAGE_CHANGE ++++++++++++++++++++++++++++++
04-15 18:44:50.130538  2776  3546 I FeiYuOS_CarPropertyImp: notifyCarPropertyMessageChange propId: 106, propValue: 0.0
04-15 18:44:50.130949  1913  1913 I MXNavi-SystemTts-VoiceModel: onReceiveCarProperty i:106 s:0.0
04-15 18:44:50.131015  2998  2998 I ICommonBinder: speed=0.0caller uid = 1000 ,pid = 2998
04-15 18:44:50.131039  1913 31340 I MXNavi-MainViewModel: onSpeedChanged:0.0 mSpeed:0.0 isCounting:false isStopTime:false
04-15 18:44:50.131045  2998  2998 I ICarBinder: mIGearCallback.size=0
04-15 18:44:50.131064  1913 31340 I [Activate]ActivateManager: isActivation Methods are called by the class MainViewModel onSpeedChanged batchActivateResult:106
04-15 18:44:50.131075  1913 31340 E MXNavi-[Navi_Performance]: [ToolKit]: MainViewModel--onSpeedChanged activation == false
04-15 18:44:50.131070  3264  3627 E FeatureSwitchStrategyManager: sceneNeedAction: start SCENE_STATIC
04-15 18:44:50.131080  1913 31340 E [Navi_Performance]: [ToolKit]: MainViewModel--onSpeedChanged activation == false
04-15 18:44:50.131569  3042  8437 I DVR     : |Binder:3042_5|DVRService RegisterManager onCarSensorDataChanged...unknown = 557844818 
04-15 18:44:50.147233  2824  3668 I SurfaceView: 111912830 Locking canvas... stopped=false, surfaceControl=Surface(name=SurfaceView - )/@0xd56e900
04-15 18:44:50.147583  2824  3668 I SurfaceView: 111912830 Returned canvas: android.view.Surface$CompatibleCanvas@d92e4df
04-15 18:44:50.148303  2776  2776 I BoschCarServiceImp: onCarSpeedChanged:  25.56
04-15 18:44:50.148711  2776  3546 I FeiYuOS_CarPropertyImp: NOTIFY_CAR_PROPERTY_MESSAGE_CHANGE ++++++++++++++++++++++++++++++
04-15 18:44:50.148754  2776  3546 I FeiYuOS_CarPropertyImp: notifyCarPropertyMessageChange propId: 106, propValue: 25.56
04-15 18:44:50.148936  2998  2998 I ICommonBinder: speed=25.56caller uid = 1000 ,pid = 2998
04-15 18:44:50.148964  2998  2998 I ICarBinder: mIGearCallback.size=0
04-15 18:44:50.149245  3264  3627 E FeatureSwitchStrategyManager: sceneNeedAction: start SCENE_DYNAMIC
04-15 18:44:50.149516  1913  1913 I MXNavi-SystemTts-VoiceModel: onReceiveCarProperty i:106 s:25.56
04-15 18:44:50.149583  1913 31341 I MXNavi-MainViewModel: onSpeedChanged:92.016 mSpeed:0.0 isCounting:false isStopTime:false
04-15 18:44:50.149609  1913 31341 I [Activate]ActivateManager: isActivation Methods are called by the class MainViewModel onSpeedChanged batchActivateResult:106
04-15 18:44:50.149622  1913 31341 E MXNavi-[Navi_Performance]: [ToolKit]: MainViewModel--onSpeedChanged activation == false
04-15 18:44:50.149630  1913 31341 E [Navi_Performance]: [ToolKit]: MainViewModel--onSpeedChanged activation == false
04-15 18:44:50.149711  3042  8437 I DVR     : |Binder:3042_5|DVRService RegisterManager onCarSensorDataChanged...unknown = 557844818 
04-15 18:44:50.175169  3264 12797 E FeatureSwitchManager: changeFeatureSwitch, algType:2,bitMask:1000,enable:false
04-15 18:44:50.175320  3264 12797 E TcpLibClient: 服务端端口: 10.0.0.34:5096, 指定服务端未连接
04-15 18:44:50.175368  3264 12797 E TcpManager: 与服务器连接已断开
04-15 18:44:50.175427  3264  3264 E IntelliSenseService: connect server close-> address:10.0.0.34
04-15 18:44:50.189844  1587  1587 I CAR.VENDOR.AVM: onChange:newValue = CarPropertyValue{mPropertyId=0x21400470, mAreaId=0x0, mStatus=0, mTimestamp=6380478684381, mValue=0}
04-15 18:44:50.189963  2814  2814 I CAR.VENDOR.AVM: onChange:newValue = CarPropertyValue{mPropertyId=0x21400470, mAreaId=0x0, mStatus=0, mTimestamp=6380478684381, mValue=0}
